def extracting_features_0(df_input):
    df_output = pd.DataFrame()
    df_output['cond_1'] = ((df_input['social_connection_frequency'].str.capitalize().isin(['Daily', 'Weekly', 'Monthly', 'Never'])) & 
                           (df_input['social_battery_recharge'].isin(['None of the above', 'Alone time']))).astype(int)
    df_output['cond_2'] = df_input['gathering_size_preference'].isin(['Large events', 'Never']).astype(int)
    df_output['cond_3'] = (df_input['valued_friendship_traits'] == 'Honesty').astype(int)
    df_output['cond_4'] = df_input['conflict_resolution_style'].isin(['Avoid conflict', 'Let time fix it']).astype(int)
    df_output['cond_5'] = df_input['family_support_level'].str.capitalize().isin(['No', 'Never']).astype(int)
    df_output['cond_6'] = df_input['social_orientation_type'].isin(['Introvert', 'Not sure']).astype(int)
    df_output['cond_7'] = df_input['social_anxiety_level'].isin(['Nervous', 'Avoid it']).astype(int)
    df_output['cond_8'] = df_input['emotional_expression_method'].isin(['Stay silent', 'Other']).astype(int)
    df_output['cond_9'] = ((df_input['social_connection_frequency'].str.capitalize() == 'Daily') & 
                           (df_input['social_battery_recharge'] == 'None of the above')).astype(int)
    df_output['cond_10'] = ((df_input['social_connection_frequency'].str.capitalize() == 'Never') & 
                            (df_input['gathering_size_preference'] == 'Large events')).astype(int)
    return df_output

---DIVIDER---

def extracting_features_1(df_input):
    df_output = pd.DataFrame()
    df_output['social_connection_frequency_in_list'] = df_input['social_connection_frequency'].str.lower().isin(['daily', 'weekly', 'monthly']).astype(int)
    df_output['social_battery_recharge_in_list'] = df_input['social_battery_recharge'].str.lower().isin(['talking to someone', 'social media']).astype(int)
    df_output['gathering_size_preference_in_list'] = df_input['gathering_size_preference'].str.lower().isin(['small gatherings', 'both']).astype(int)
    df_output['valued_friendship_traits_in_list'] = df_input['valued_friendship_traits'].str.lower().isin(['support', 'loyalty', 'all', 'all the three and trust', 'understanding person']).astype(int)
    df_output['conflict_resolution_style_in_list'] = df_input['conflict_resolution_style'].str.lower().isin(['talk it out', 'apologize first']).astype(int)
    df_output['family_support_level_in_list'] = df_input['family_support_level'].str.lower().isin(['yes', 'sometimes']).astype(int)
    df_output['social_orientation_type_in_list'] = df_input['social_orientation_type'].str.lower().isin(['extrovert', 'ambivert']).astype(int)
    df_output['social_anxiety_level_in_list'] = df_input['social_anxiety_level'].str.lower().isin(['excited', 'neutral']).astype(int)
    df_output['emotional_expression_method_in_list'] = df_input['emotional_expression_method'].str.lower().isin(['talk openly', 'express emotion strongly']).astype(int)
    df_output['social_connection_and_emotion'] = ((df_input['social_connection_frequency'].str.lower().isin(['weekly', 'daily'])) & (df_input['emotional_expression_method'].str.lower() == 'talk openly')).astype(int)
    df_output['gathering_and_conflict'] = ((df_input['gathering_size_preference'].str.lower() == 'both') & (df_input['conflict_resolution_style'].str.lower() == 'apologize first')).astype(int)
    return df_output

---VERSION---



---VERSION---

def extracting_features_0(df_input):  
    df_output = pd.DataFrame()  
    df_output['social_connection_frequency'] = df_input['social_connection_frequency'].str.lower().isin(['monthly', 'never']).astype(int)  
    df_output['gathering_size_preference'] = df_input['gathering_size_preference'].str.lower().isin(['never', 'large events']).astype(int)  
    df_output['valued_friendship_traits'] = df_input['valued_friendship_traits'].str.lower().isin(['honesty']).astype(int)  
    df_output['conflict_resolution_style'] = df_input['conflict_resolution_style'].str.lower().isin(['avoid conflict', 'let time fix it']).astype(int)  
    df_output['family_support_level'] = df_input['family_support_level'].str.lower().isin(['no', 'never', 'sometimes']).astype(int)  
    df_output['social_battery_recharge'] = df_input['social_battery_recharge'].str.lower().isin(['alone time', 'none of the above']).astype(int)  
    df_output['social_orientation_type'] = df_input['social_orientation_type'].str.lower().isin(['introvert', 'not sure']).astype(int)  
    df_output['social_anxiety_level'] = df_input['social_anxiety_level'].str.lower().isin(['nervous', 'avoid it']).astype(int)  
    df_output['emotional_expression_method'] = df_input['emotional_expression_method'].str.lower().isin(['stay silent', 'other']).astype(int)  
    df_output['primary_anger_sources'] = df_input['primary_anger_sources'].str.lower().isin(['selfishness', 'unnecessary criticism']).astype(int)  
    return df_output

---DIVIDER---

def extracting_features_1(df_input):
    df_output = pd.DataFrame()
    df_output['social_connection_frequency'] = df_input['social_connection_frequency'].str.lower().isin(['daily', 'weekly']).astype(int)
    df_output['gathering_size_preference'] = df_input['gathering_size_preference'].isin(['Small gatherings', 'Both', 'Large events']).astype(int)
    df_output['valued_friendship_traits'] = df_input['valued_friendship_traits'].isin(['Support', 'Loyalty', 'All', 'All the three and trust', 'Understanding person']).astype(int)
    df_output['conflict_resolution_style'] = df_input['conflict_resolution_style'].isin(['Talk it out', 'Apologize first']).astype(int)
    df_output['family_support_level'] = df_input['family_support_level'].str.lower().isin(['yes']).astype(int)
    df_output['social_battery_recharge'] = df_input['social_battery_recharge'].isin(['Talking to someone', 'Social media']).astype(int)
    df_output['social_orientation_type'] = df_input['social_orientation_type'].isin(['Extrovert', 'Ambivert']).astype(int)
    df_output['social_anxiety_level'] = df_input['social_anxiety_level'].isin(['Excited', 'Neutral']).astype(int)
    df_output['emotional_expression_method'] = df_input['emotional_expression_method'].isin(['Talk openly', 'Express emotion strongly']).astype(int)
    df_output['primary_anger_sources'] = df_input['primary_anger_sources'].isin(['Being interrupted', 'Injustice']).astype(int)
    return df_output

---VERSION---

def extracting_features_0(df_input):
    df_output = pd.DataFrame()
    df_output['social_connection_frequency_in_Daily_Weekly_and_valued_friendship_traits_is_Loyalty'] = ((df_input['social_connection_frequency'].str.capitalize().isin(['Daily', 'Weekly'])) & (df_input['valued_friendship_traits'].str.capitalize() == 'Loyalty')).astype(int)
    df_output['gathering_size_preference_is_Large_events'] = (df_input['gathering_size_preference'].str.capitalize() == 'Large events').astype(int)
    df_output['conflict_resolution_style_is_Talk_it_out'] = (df_input['conflict_resolution_style'].str.capitalize() == 'Talk it out').astype(int)
    df_output['family_support_level_in_Yes_Never'] = (df_input['family_support_level'].str.capitalize().isin(['Yes', 'Never'])).astype(int)
    df_output['social_battery_recharge_is_Social_media'] = (df_input['social_battery_recharge'].str.capitalize() == 'Social media').astype(int)
    df_output['social_orientation_type_is_Ambivert'] = (df_input['social_orientation_type'].str.capitalize() == 'Ambivert').astype(int)
    df_output['social_anxiety_level_is_Avoid_it'] = (df_input['social_anxiety_level'].str.capitalize() == 'Avoid it').astype(int)
    df_output['emotional_expression_method_is_Other'] = (df_input['emotional_expression_method'].str.capitalize() == 'Other').astype(int)
    df_output['primary_anger_sources_is_Being_interrupted'] = (df_input['primary_anger_sources'].str.capitalize() == 'Being interrupted').astype(int)
    df_output['social_connection_frequency_is_Daily_and_emotional_expression_method_is_Stay_silent'] = ((df_input['social_connection_frequency'].str.capitalize() == 'Daily') & (df_input['emotional_expression_method'].str.capitalize() == 'Stay silent')).astype(int)
    return df_output

---DIVIDER---

def extracting_features_1(df_input):  
    df_output = pd.DataFrame()  
    df_output['social_connection_frequency_in_Daily_Weekly_Monthly_and_valued_friendship_traits_Support'] = ((df_input['social_connection_frequency'].str.lower().isin(['daily', 'weekly', 'monthly'])) & (df_input['valued_friendship_traits'].str.lower() == 'support')).astype(int)  
    df_output['gathering_size_preference_Both_or_Small_gatherings'] = (df_input['gathering_size_preference'].str.lower().isin(['both', 'small gatherings'])).astype(int)  
    df_output['conflict_resolution_style_Apologize_first'] = (df_input['conflict_resolution_style'].str.lower() == 'apologize first').astype(int)  
    df_output['family_support_level_in_Sometimes_No'] = (df_input['family_support_level'].str.lower().isin(['sometimes', 'no'])).astype(int)  
    df_output['social_battery_recharge_Talking_to_someone'] = (df_input['social_battery_recharge'].str.lower() == 'talking to someone').astype(int)  
    df_output['social_orientation_type_in_Extrovert_Ambivert'] = (df_input['social_orientation_type'].str.lower().isin(['extrovert', 'ambivert'])).astype(int)  
    df_output['social_anxiety_level_in_Excited_Neutral'] = (df_input['social_anxiety_level'].str.lower().isin(['excited', 'neutral'])).astype(int)  
    df_output['emotional_expression_method_Talk_openly_or_Express_emotion_strongly'] = (df_input['emotional_expression_method'].str.lower().isin(['talk openly', 'express emotion strongly'])).astype(int)  
    df_output['primary_anger_sources_in_Selfishness_Injustice'] = (df_input['primary_anger_sources'].str.lower().isin(['selfishness', 'injustice'])).astype(int)  
    df_output['social_connection_frequency_Weekly_or_Monthly_and_emotional_expression_method_Talk_openly'] = ((df_input['social_connection_frequency'].str.lower().isin(['weekly', 'monthly'])) & (df_input['emotional_expression_method'].str.lower() == 'talk openly')).astype(int)  
    return df_output

---VERSION---

def extracting_features_0(df_input):  
    df_output = pd.DataFrame()  
    df_output['social_connection_frequency'] = df_input['social_connection_frequency'].isin(['Daily', 'Weekly', 'Monthly', 'Never']).astype(int)  
    df_output['gathering_size_preference'] = df_input['gathering_size_preference'].isin(['Never', 'Large events']).astype(int)  
    df_output['valued_friendship_traits'] = df_input['valued_friendship_traits'].isin(['Support', 'Loyalty', 'Honesty']).astype(int)  
    df_output['conflict_resolution_style'] = df_input['conflict_resolution_style'].isin(['Avoid conflict', 'Let time fix it']).astype(int)  
    df_output['family_support_level'] = df_input['family_support_level'].isin(['Yes', 'Sometimes']).astype(int)  
    df_output['social_battery_recharge'] = df_input['social_battery_recharge'].isin(['Alone time', 'Social media']).astype(int)  
    df_output['social_orientation_type'] = df_input['social_orientation_type'].isin(['Introvert', 'Not sure']).astype(int)  
    df_output['social_anxiety_level'] = df_input['social_anxiety_level'].isin(['Nervous', 'Avoid it']).astype(int)  
    df_output['emotional_expression_method'] = df_input['emotional_expression_method'].isin(['Stay silent', 'Other']).astype(int)  
    df_output['primary_anger_sources'] = df_input['primary_anger_sources'].isin(['Selfishness', 'Being interrupted']).astype(int)  
    return df_output

---DIVIDER---

def extracting_features_1(df_input):
    df_output = pd.DataFrame()
    df_output['social_connection_frequency'] = df_input['social_connection_frequency'].isin(['Daily', 'Weekly']).astype(int)
    df_output['gathering_size_preference'] = df_input['gathering_size_preference'].isin(['Both', 'Small gatherings']).astype(int)
    df_output['valued_friendship_traits'] = df_input['valued_friendship_traits'].isin(['Support', 'Loyalty', 'All', 'All the three and trust', 'Understanding person']).astype(int)
    df_output['conflict_resolution_style'] = df_input['conflict_resolution_style'].isin(['Talk it out', 'Apologize first']).astype(int)
    df_output['family_support_level'] = df_input['family_support_level'].isin(['No', 'Sometimes']).astype(int)
    df_output['social_battery_recharge'] = df_input['social_battery_recharge'].isin(['Talking to someone']).astype(int)
    df_output['social_orientation_type'] = df_input['social_orientation_type'].isin(['Extrovert', 'Ambivert']).astype(int)
    df_output['social_anxiety_level'] = df_input['social_anxiety_level'].isin(['Excited', 'Neutral']).astype(int)
    df_output['emotional_expression_method'] = df_input['emotional_expression_method'].isin(['Talk openly', 'Express emotion strongly']).astype(int)
    df_output['primary_anger_sources'] = df_input['primary_anger_sources'].isin(['Injustice', 'Unnecessary criticism']).astype(int)
    return df_output