def extracting_features_0(df_input):
    df_output = pd.DataFrame()
    df_output['SpType_in_list'] = df_input['SpType'].isin(['G1V', 'F3V', 'G6/G8V', 'B5V', 'G2V-VI', 'F7V', 'F5V', 'K0V', 'F0V', 'G3V']).astype(int)
    df_output['Amag_ge_15'] = (df_input['Amag'] >= 15).astype(int)
    df_output['Plx_ge_4_4'] = (df_input['Plx'] >= 4.4).astype(int)
    df_output['B_V_le_0_81'] = (df_input['B-V'] <= 0.81).astype(int)
    df_output['Vmag_ge_5_7'] = (df_input['Vmag'] >= 5.7).astype(int)
    df_output['e_Plx_le_1_7'] = (df_input['e_Plx'] <= 1.7).astype(int)
    df_output['Amag_in_range'] = ((df_input['Amag'] >= 15) & (df_input['Amag'] <= 22)).astype(int)
    df_output['Plx_in_range'] = ((df_input['Plx'] >= 1.7) & (df_input['Plx'] <= 22)).astype(int)
    df_output['B_V_in_range'] = ((df_input['B-V'] >= -0.1) & (df_input['B-V'] <= 0.81)).astype(int)
    df_output['Vmag_in_range'] = ((df_input['Vmag'] >= 5.7) & (df_input['Vmag'] <= 10)).astype(int)
    return df_output

---DIVIDER---

def extracting_features_1(df_input):
    df_output = pd.DataFrame()
    df_output['SpType_in_list'] = df_input['SpType'].isin(['B8II/III', 'K2III', 'B3III', 'K3II/III', 'G8III', 'G3/G5II/III', 'K1/K2III+']).astype(int)
    df_output['Amag_lt_16'] = (df_input['Amag'] < 16).astype(int)
    df_output['Plx_le_2_8'] = (df_input['Plx'] <= 2.8).astype(int)
    df_output['B_V_ge_0_84'] = (df_input['B-V'] >= 0.84).astype(int)
    df_output['Vmag_le_9_2'] = (df_input['Vmag'] <= 9.2).astype(int)
    df_output['e_Plx_le_1_4'] = (df_input['e_Plx'] <= 1.4).astype(int)
    df_output['Amag_in_11_16'] = ((df_input['Amag'] >= 11) & (df_input['Amag'] <= 16)).astype(int)
    df_output['Plx_in_0_59_2_8'] = ((df_input['Plx'] >= 0.59) & (df_input['Plx'] <= 2.8)).astype(int)
    df_output['B_V_in_0_84_1_4'] = ((df_input['B-V'] >= 0.84) & (df_input['B-V'] <= 1.4)).astype(int)
    df_output['Vmag_in_5_7_9_2'] = ((df_input['Vmag'] >= 5.7) & (df_input['Vmag'] <= 9.2)).astype(int)
    return df_output

---VERSION---



---VERSION---

def extracting_features_0(df_input):
    df_output = pd.DataFrame()
    df_output['SpType_V_only'] = df_input['SpType'].str.contains(r'V(?!I{2,}|I?I?V)', regex=True).astype(int)
    df_output['Amag_ge_15_5'] = (df_input['Amag'] >= 15.5).astype(int)
    df_output['B_V_in_0_2_0_8'] = ((df_input['B-V'] >= 0.2) & (df_input['B-V'] <= 0.8)).astype(int)
    df_output['Plx_ge_5'] = (df_input['Plx'] >= 5).astype(int)
    df_output['Vmag_in_6_5_10'] = ((df_input['Vmag'] >= 6.5) & (df_input['Vmag'] <= 10)).astype(int)
    df_output['e_Plx_le_1_5'] = (df_input['e_Plx'] <= 1.5).astype(int)
    df_output['SpType_no_III_II_IV'] = (~df_input['SpType'].str.contains('III|II|IV')).astype(int)
    df_output['Amag_ge_15_and_Plx_ge_5'] = ((df_input['Amag'] >= 15) & (df_input['Plx'] >= 5)).astype(int)
    df_output['B_V_lt_1_0'] = (df_input['B-V'] < 1.0).astype(int)
    df_output['SpType_in_common'] = df_input['SpType'].isin(['G1V', 'F3V', 'K5V', 'F7V', 'B5V', 'F5V', 'F0V']).astype(int)
    return df_output

---DIVIDER---

def extracting_features_1(df_input):  
    df_output = pd.DataFrame()  
    df_output['SpType_contains_III_II_III/IV_II/III_III+'] = df_input['SpType'].str.contains(r'III|II|III/IV|II/III|III\+', regex=True).astype(int)  
    df_output['Amag_lt_16'] = (df_input['Amag'] < 16).astype(int)  
    df_output['B-V_ge_1.0'] = (df_input['B-V'] >= 1.0).astype(int)  
    df_output['Plx_le_3'] = (df_input['Plx'] <= 3).astype(int)  
    df_output['Vmag_between_7_9.5'] = ((df_input['Vmag'] >= 7) & (df_input['Vmag'] <= 9.5)).astype(int)  
    df_output['SpType_contains_III_II_IV'] = df_input['SpType'].str.contains(r'III|II|IV', regex=True).astype(int)  
    df_output['Amag_in_11_16'] = ((df_input['Amag'] >= 11) & (df_input['Amag'] <= 16)).astype(int)  
    df_output['B-V_gt_1.1'] = (df_input['B-V'] > 1.1).astype(int)  
    df_output['Plx_lt_5_and_Amag_lt_16'] = ((df_input['Plx'] < 5) & (df_input['Amag'] < 16)).astype(int)  
    specific_types = ['K2III', 'G8III', 'B3III', 'B8II/III', 'G3/G5II/III', 'K1/K2III+', 'K3II/III']  
    df_output['SpType_in_specific_list'] = df_input['SpType'].isin(specific_types).astype(int)  
    return df_output

---VERSION---

def extracting_features_0(df_input):
    df_output = pd.DataFrame()
    df_output['SpType_in_list'] = df_input['SpType'].isin(['G1V', 'F3V', 'G2V-VI', 'F5V', 'G3V', 'F7V', 'G6/G8V', 'B5V', 'K0V', 'F0V']).astype(int)
    df_output['Amag_gt_18'] = (df_input['Amag'] > 18).astype(int)
    df_output['B_V_lt_0_9'] = (df_input['B-V'] < 0.9).astype(int)
    df_output['Plx_gt_5'] = (df_input['Plx'] > 5).astype(int)
    df_output['Vmag_gt_6'] = (df_input['Vmag'] > 6).astype(int)
    df_output['Amag_in_15_22'] = ((df_input['Amag'] >= 15) & (df_input['Amag'] <= 22)).astype(int)
    df_output['SpType_contains_V_not_III_II'] = df_input['SpType'].apply(lambda x: int(('V' in x) and ('III' not in x) and ('II' not in x)))
    df_output['B_V_in_0_2_0_8'] = ((df_input['B-V'] >= 0.2) & (df_input['B-V'] <= 0.8)).astype(int)
    df_output['Plx_in_9_22'] = ((df_input['Plx'] >= 9) & (df_input['Plx'] <= 22)).astype(int)
    df_output['Vmag_in_5_9_9'] = ((df_input['Vmag'] >= 5) & (df_input['Vmag'] <= 9.9)).astype(int)
    return df_output

---DIVIDER---

def extracting_features_1(df_input):  
    df_output = pd.DataFrame()  
    df_output['SpType_in_list'] = df_input['SpType'].isin([  
        'B3III', 'K2III', 'K3II/III', 'K2III', 'G8III', 'B8II/III', 'K1/K2III+', 'G3/G5II/III']).astype(int)  
    df_output['Amag_lt_17'] = (df_input['Amag'] < 17).astype(int)  
    df_output['B-V_gt_1.1'] = (df_input['B-V'] > 1.1).astype(int)  
    df_output['Plx_lt_5'] = (df_input['Plx'] < 5).astype(int)  
    df_output['Vmag_lt_9.5'] = (df_input['Vmag'] < 9.5).astype(int)  
    df_output['SpType_contains_III_or_II'] = df_input['SpType'].str.contains('III|II', regex=True).astype(int)  
    df_output['B-V_in_range'] = ((df_input['B-V'] >= 0.8) & (df_input['B-V'] <= 1.5)).astype(int)  
    df_output['Plx_in_range'] = ((df_input['Plx'] >= 0.5) & (df_input['Plx'] <= 3)).astype(int)  
    df_output['Amag_in_range'] = ((df_input['Amag'] >= 11) & (df_input['Amag'] <= 17)).astype(int)  
    df_output['Vmag_in_range'] = ((df_input['Vmag'] >= 6) & (df_input['Vmag'] <= 9.2)).astype(int)  
    return df_output

---VERSION---

def extracting_features_0(df_input):
    import numpy as np
    df_output = pd.DataFrame()
    df_output['SpType_endswith_V'] = df_input['SpType'].apply(lambda x: 1 if isinstance(x, str) and x.strip().endswith('V') else 0)
    df_output['Amag_ge_18'] = (df_input['Amag'] >= 18).astype(int)
    df_output['B_V_le_0_8'] = (df_input['B-V'] <= 0.8).astype(int)
    df_output['Plx_ge_10'] = (df_input['Plx'] >= 10).astype(int)
    df_output['Vmag_ge_6_5'] = (df_input['Vmag'] >= 6.5).astype(int)
    df_output['Amag_in_18_22'] = ((df_input['Amag'] >= 18) & (df_input['Amag'] <= 22)).astype(int)
    df_output['SpType_lum_class_V_VI'] = df_input['SpType'].apply(lambda x: 1 if isinstance(x, str) and ('V' in x or 'VI' in x) else 0)
    df_output['B_V_in_range'] = ((df_input['B-V'] >= -0.1) & (df_input['B-V'] <= 0.8)).astype(int)
    df_output['Plx_in_range'] = ((df_input['Plx'] >= 10) & (df_input['Plx'] <= 25)).astype(int)
    df_output['Vmag_gt_7_5'] = (df_input['Vmag'] > 7.5).astype(int)
    return df_output

---DIVIDER---

def extracting_features_1(df_input):
    df_output = pd.DataFrame()
    df_output['SpType_III_II_II/III_III/IV'] = df_input['SpType'].str.contains(r'III|II|II/III|III/IV', regex=True).astype(int)
    df_output['Amag_lt_17'] = (df_input['Amag'] < 17).astype(int)
    df_output['B-V_ge_1.1'] = (df_input['B-V'] >= 1.1).astype(int)
    df_output['Plx_lt_5'] = (df_input['Plx'] < 5).astype(int)
    df_output['Vmag_lt_9'] = (df_input['Vmag'] < 9).astype(int)
    df_output['Amag_in_11_17'] = df_input['Amag'].between(11, 17).astype(int)
    df_output['B-V_in_1.0_1.4'] = df_input['B-V'].between(1.0, 1.4).astype(int)
    df_output['Plx_in_0.5_3'] = df_input['Plx'].between(0.5, 3).astype(int)
    df_output['SpType_III_II_II/III'] = df_input['SpType'].str.contains(r'III|II|II/III', regex=True).astype(int)
    df_output['Vmag_le_8.9'] = (df_input['Vmag'] <= 8.9).astype(int)
    return df_output