def extracting_features_0(df_input):
    df_output = pd.DataFrame()
    df_output['Debt'] = (df_input['Debt'] > 5000).astype(int)
    df_output['Overdue days'] = (df_input['Overdue days'] > 0).astype(int)
    df_output['Initial limit'] = (df_input['Initial limit'] < 2000).astype(int)
    df_output['Credit history rating'] = df_input['Credit history rating'].isin(['D1', 'D2', 'D3', 'E1', 'E2', 'E3']).astype(int)
    df_output['PDN'] = (df_input['PDN'] >= 0.35).astype(int)
    df_output['INCOME'] = (df_input['INCOME'] < 1000).astype(int)
    df_output['EDU'] = df_input['EDU'].isin(['High school', 'Incomplete']).astype(int)
    df_output['UNDERAGECHILDRENCOUNT'] = (df_input['UNDERAGECHILDRENCOUNT'] >= 2).astype(int)
    df_output['TERM'] = (df_input['TERM'] > 48).astype(int)
    df_output['FAMILYSTATUS'] = (df_input['FAMILYSTATUS'] <= 1).astype(int)
    return df_output

---DIVIDER---

def extracting_features_1(df_input):  
    df_output = pd.DataFrame()  
    df_output['Debt'] = (df_input['Debt'] <= 2000).astype(int)  
    df_output['Overdue days'] = (df_input['Overdue days'] == 0).astype(int)  
    df_output['Initial limit'] = (df_input['Initial limit'] >= 1000).astype(int)  
    df_output['Credit history rating'] = df_input['Credit history rating'].isin(['A1', 'A2', 'A3', 'B1', 'B2', 'B3', 'C1', 'C2', 'C3']).astype(int)  
    df_output['PDN'] = (df_input['PDN'] < 0.35).astype(int)  
    df_output['INCOME'] = (df_input['INCOME'] >= 1500).astype(int)  
    df_output['EDU'] = df_input['EDU'].isin(['University', 'College']).astype(int)  
    df_output['UNDERAGECHILDRENCOUNT'] = (df_input['UNDERAGECHILDRENCOUNT'] <= 1).astype(int)  
    df_output['TERM'] = (df_input['TERM'] <= 36).astype(int)  
    df_output['FAMILYSTATUS'] = (df_input['FAMILYSTATUS'] >= 2).astype(int)  
    return df_output

---VERSION---



---VERSION---

def extracting_features_0(df_input):
    df_output = pd.DataFrame()
    df_output['Debt_ge_5000'] = (df_input['Debt'] >= 5000).astype(int)
    df_output['Overdue_days_gt_0'] = (df_input['Overdue days'] > 0).astype(int)
    df_output['Initial_limit_le_1500'] = (df_input['Initial limit'] <= 1500).astype(int)
    df_output['EDU_in_Highschool_Incomplete'] = df_input['EDU'].isin(['High school', 'Incomplete']).astype(int)
    df_output['INCOME_lt_1000'] = (df_input['INCOME'] < 1000).astype(int)
    df_output['Credit_history_rating_in_C_D_E'] = df_input['Credit history rating'].isin(['C1', 'C2', 'C3', 'D1', 'D2', 'D3', 'E1', 'E2', 'E3']).astype(int)
    df_output['PDN_gt_0_35'] = (df_input['PDN'] > 0.35).astype(int)
    df_output['UNDERAGECHILDRENCOUNT_ge_2'] = (df_input['UNDERAGECHILDRENCOUNT'] >= 2).astype(int)
    df_output['FAMILYSTATUS_le_1'] = (df_input['FAMILYSTATUS'] <= 1).astype(int)
    df_output['LV_AREA_in_selected'] = df_input['LV_AREA'].str.replace("'", "").str.strip().isin(['Brestskaja oblast', "Gomel'skaja oblast", 'Vitebskaja oblast']).astype(int)
    return df_output

---DIVIDER---

def extracting_features_1(df_input):
    df_output = pd.DataFrame()
    df_output['Debt'] = (df_input['Debt'] < 2000).astype(int)
    df_output['Overdue days'] = (df_input['Overdue days'] == 0).astype(int)
    df_output['Initial limit'] = (df_input['Initial limit'] >= 10000).astype(int)
    df_output['EDU'] = df_input['EDU'].isin(['University', 'College']).astype(int)
    df_output['INCOME'] = (df_input['INCOME'] >= 1500).astype(int)
    df_output['Credit history rating'] = df_input['Credit history rating'].isin(['A1', 'A2', 'A3', 'B1', 'B2', 'B3']).astype(int)
    df_output['PDN'] = (df_input['PDN'] <= 0.30).astype(int)
    df_output['UNDERAGECHILDRENCOUNT'] = (df_input['UNDERAGECHILDRENCOUNT'] <= 1).astype(int)
    df_output['FAMILYSTATUS'] = (df_input['FAMILYSTATUS'] >= 2).astype(int)
    df_output['LV_AREA'] = df_input['LV_AREA'].str.lower().replace({
        "минскаја": "minskaja",
        "минскаја область": "minskaja oblast",
        "минскаја област": "minskaja oblast",
        "минскаја обл": "minskaja oblast",
        "минскаја обл.": "minskaja oblast",
        "минскаја обл": "minskaja oblast",
        "минскаја обл.": "minskaja oblast",
        "минскаја обл": "minskaja oblast",
        "минскаја обл.": "minskaja oblast",
        "минскаја обл": "minskaja oblast",
        "минскаја обл.": "minskaja oblast",
        "минскаја обл": "minskaja oblast",
        "минскаја обл.": "minskaja oblast",
        "минскаја обл": "minskaja oblast",
        "минскаја обл.": "minskaja oblast",
        "минскаја обл": "minskaja oblast",
        "минскаја обл.": "minskaja oblast",
        "минскаја обл": "minskaja oblast",
        "минскаја обл.": "minskaja oblast",
        "минскаја обл": "minskaja oblast",
        "минскаја обл.": "minskaja oblast",
        "минскаја обл": "minskaja oblast",
        "минскаја обл.": "minskaja oblast",
        "минскаја обл": "minskaja oblast",
        "минскаја обл.": "minskaja oblast",
        "минскаја обл": "minskaja oblast",
        "минскаја обл.": "minskaja oblast",
        "минскаја обл": "minskaja oblast",
        "минскаја обл.": "minskaja oblast",
        "минскаја обл": "minskaja oblast",
        "минскаја обл.": "minskaja oblast",
        "минскаја обл": "minskaja oblast",
        "минскаја обл.": "minskaja oblast",
        "минскаја обл": "minskaja oblast",
        "минскаја обл.": "minskaja oblast",
        "минскаја обл": "minskaja oblast",
        "минскаја обл.": "minskaja oblast",
        "минскаја обл": "minskaja oblast",
        "минскаја обл.": "minskaja oblast",
        "минскаја обл": "minskaja oblast",
        "минскаја обл.": "minskaja oblast",
        "минскаја обл": "minskaja oblast",
        "минскаја обл.": "minskaja oblast",
        "минскаја обл": "minskaja oblast",
        "минскаја обл.": "minskaja oblast",
        "минскаја обл": "minskaja oblast",
        "минскаја обл.": "minskaja oblast",
        "минскаја обл": "minskaja oblast",
        "минскаја обл.": "minskaja oblast",
        "минскаја обл": "minskaja oblast",
        "минскаја обл.": "minskaja oblast",
        "минскаја обл": "minskaja oblast",
        "минскаја обл.": "minskaja oblast",
        "минскаја обл": "minskaja oblast",
        "минскаја обл.": "minskaja oblast",
        "минскаја обл": "minskaja oblast",
        "минскаја обл.": "minskaja oblast",
        "минскаја обл": "minskaja oblast",
        "минскаја обл.": "minskaja oblast",
        "минскаја обл": "minskaja oblast",
        "минскаја обл.": "minskaja oblast",
        "минскаја обл": "minskaja oblast",
        "минскаја обл.": "minskaja oblast",
        "минскаја обл": "minskaja oblast",
        "минскаја обл.": "minskaja oblast",
        "минскаја обл": "minskaja oblast",
        "минскаја обл.": "minskaja oblast",
        "минскаја обл": "minskaja oblast",
        "минскаја обл.": "minskaja oblast",
        "минскаја обл": "minskaja oblast",
        "минскаја обл.": "minskaja oblast",
        "минскаја обл": "minskaja oblast",
        "минскаја обл.": "minskaja oblast",
        "минскаја обл": "minskaja oblast",
        "минскаја обл.": "minskaja oblast",
        "минскаја обл": "minskaja oblast",
        "минскаја обл.": "minskaja oblast",
        "минскаја обл": "minskaja oblast",
        "минскаја обл.": "minskaja oblast",
        "минскаја обл": "minskaja oblast",
        "минскаја обл.": "minskaja oblast",
        "минскаја обл": "minskaja oblast",
        "минскаја обл.": "minskaja oblast",
        "минскаја обл": "minskaja oblast",
        "минскаја обл.": "minskaja oblast",
        "минскаја обл": "minskaja oblast",
        "минскаја обл.": "minskaja oblast",
        "минскаја обл": "minskaja oblast",
        "минскаја обл.": "minskaja oblast",
        "минскаја обл": "minskaja oblast",
        "минскаја обл.": "minskaja

---VERSION---

def extracting_features_0(df_input):
    df_output = pd.DataFrame()
    df_output['Debt_gt_5000'] = (df_input['Debt'] > 5000).astype(int)
    df_output['Overdue_days_gt_0'] = (df_input['Overdue days'] > 0).astype(int)
    df_output['Initial_limit_lt_2000'] = (df_input['Initial limit'] < 2000).astype(int)
    df_output['EDU_in_Highschool_Incomplete'] = df_input['EDU'].isin(['High school', 'Incomplete']).astype(int)
    df_output['Credit_history_rating_in_D_E'] = df_input['Credit history rating'].isin(['D1', 'D2', 'D3', 'E1', 'E2', 'E3']).astype(int)
    df_output['PDN_ge_0_3'] = (df_input['PDN'] >= 0.3).astype(int)
    df_output['INCOME_lt_1000'] = (df_input['INCOME'] < 1000).astype(int)
    df_output['UNDERAGECHILDRENCOUNT_ge_2'] = (df_input['UNDERAGECHILDRENCOUNT'] >= 2).astype(int)
    df_output['TERM_gt_48'] = (df_input['TERM'] > 48).astype(int)
    df_output['SEX_is_Male'] = (df_input['SEX'] == 'Male').astype(int)
    return df_output

---DIVIDER---

def extracting_features_1(df_input):
    df_output = pd.DataFrame()
    df_output['Debt'] = (df_input['Debt'] <= 1500).astype(int)
    df_output['Overdue days'] = (df_input['Overdue days'] == 0).astype(int)
    df_output['Initial limit'] = (df_input['Initial limit'] >= 1500).astype(int)
    df_output['EDU'] = df_input['EDU'].isin(['University', 'College']).astype(int)
    df_output['Credit history rating'] = df_input['Credit history rating'].isin(['A1', 'A2', 'A3', 'B1', 'B2', 'B3', 'C1', 'C2', 'C3']).astype(int)
    df_output['PDN'] = (df_input['PDN'] < 0.3).astype(int)
    df_output['INCOME'] = (df_input['INCOME'] >= 1500).astype(int)
    df_output['UNDERAGECHILDRENCOUNT'] = (df_input['UNDERAGECHILDRENCOUNT'] <= 1).astype(int)
    df_output['TERM'] = (df_input['TERM'] <= 36).astype(int)
    df_output['FAMILYSTATUS'] = df_input['FAMILYSTATUS'].isin([2, 3]).astype(int)
    return df_output

---VERSION---

def extracting_features_0(df_input):
    df_output = pd.DataFrame()
    df_output['Debt'] = (df_input['Debt'] > 5000).astype(int)
    df_output['Overdue days'] = (df_input['Overdue days'] > 0).astype(int)
    df_output['Initial limit'] = (df_input['Initial limit'] < 2000).astype(int)
    df_output['INCOME'] = (df_input['INCOME'] < 1000).astype(int)
    df_output['Credit history rating'] = df_input['Credit history rating'].isin(['C1', 'C2', 'C3', 'D1', 'D2', 'D3', 'E1', 'E2', 'E3']).astype(int)
    df_output['PDN'] = (df_input['PDN'] > 0.3).astype(int)
    df_output['EDU'] = df_input['EDU'].isin(['High school', 'Incomplete']).astype(int)
    df_output['UNDERAGECHILDRENCOUNT'] = (df_input['UNDERAGECHILDRENCOUNT'] > 2).astype(int)
    df_output['FAMILYSTATUS'] = (df_input['FAMILYSTATUS'] <= 1).astype(int)
    df_output['INDUSTRYNAME'] = df_input['INDUSTRYNAME'].isin(['Trade', 'Agriculture', 'Retired']).astype(int)
    return df_output

---DIVIDER---

def extracting_features_1(df_input):
    df_output = pd.DataFrame()
    df_output['Debt'] = (df_input['Debt'] <= 1500).astype(int)
    df_output['Overdue days'] = (df_input['Overdue days'] == 0).astype(int)
    df_output['Initial limit'] = (df_input['Initial limit'] >= 3000).astype(int)
    df_output['INCOME'] = (df_input['INCOME'] >= 1500).astype(int)
    df_output['Credit history rating'] = df_input['Credit history rating'].isin(['A1', 'A2', 'A3', 'B1', 'B2', 'B3']).astype(int)
    df_output['PDN'] = (df_input['PDN'] <= 0.3).astype(int)
    df_output['EDU'] = df_input['EDU'].isin(['University', 'College']).astype(int)
    df_output['UNDERAGECHILDRENCOUNT'] = (df_input['UNDERAGECHILDRENCOUNT'] <= 1).astype(int)
    df_output['FAMILYSTATUS'] = (df_input['FAMILYSTATUS'] >= 2).astype(int)
    df_output['INDUSTRYNAME'] = df_input['INDUSTRYNAME'].isin(['Finance and Insurance', 'Information Technology', 'Public Administration']).astype(int)
    return df_output