def extracting_features_0(df_input):
    df_output = pd.DataFrame()
    sp_types_1 = ['G1V', 'F3V', 'F5V', 'A1V', 'G3/G5V', 'F0V', 'A9V', 'G3V', 'B1V:nn', 'F0V', 'A1V', 'G2V', 'K5V']
    sp_types_2 = ['A1V', 'F0V', 'G3V', 'K5V']
    df_output['SpType_in_list_1'] = df_input['SpType'].isin(sp_types_1).astype(int)
    df_output['Amag_ge_15_5'] = (df_input['Amag'] >= 15.5).astype(int)
    df_output['B_V_in_0_0_0_7'] = ((df_input['B-V'] >= 0.0) & (df_input['B-V'] <= 0.7)).astype(int)
    df_output['Plx_ge_3_0'] = (df_input['Plx'] >= 3.0).astype(int)
    df_output['Vmag_ge_5_5'] = (df_input['Vmag'] >= 5.5).astype(int)
    df_output['e_Plx_le_1_1'] = (df_input['e_Plx'] <= 1.1).astype(int)
    df_output['Amag_between_16_0_19_5'] = ((df_input['Amag'] >= 16.0) & (df_input['Amag'] <= 19.5)).astype(int)
    df_output['B_V_le_0_7'] = (df_input['B-V'] <= 0.7).astype(int)
    df_output['SpType_in_list_2'] = df_input['SpType'].isin(sp_types_2).astype(int)
    df_output['Plx_in_3_0_20_0'] = ((df_input['Plx'] >= 3.0) & (df_input['Plx'] <= 20.0)).astype(int)
    return df_output

---DIVIDER---

def extracting_features_1(df_input):
    df_output = pd.DataFrame()
    df_output['SpType_in_list_1'] = df_input['SpType'].isin(['K0III', 'G7III', 'A2III', 'K1III', 'G8III', 'B1Ib/II', 'K2/K3III', 'B7II', 'G5III', 'K3III']).astype(int)
    df_output['Amag_lt_16'] = (df_input['Amag'] < 16.0).astype(int)
    df_output['B-V_ge_0.9'] = (df_input['B-V'] >= 0.9).astype(int)
    df_output['Plx_le_7.5'] = (df_input['Plx'] <= 7.5).astype(int)
    df_output['Vmag_le_8.5'] = (df_input['Vmag'] <= 8.5).astype(int)
    df_output['e_Plx_le_1.2'] = (df_input['e_Plx'] <= 1.2).astype(int)
    df_output['Amag_in_range'] = ((df_input['Amag'] >= 13.0) & (df_input['Amag'] <= 16.0)).astype(int)
    df_output['B-V_in_range'] = ((df_input['B-V'] >= 0.9) & (df_input['B-V'] <= 1.3)).astype(int)
    df_output['SpType_in_list_2'] = df_input['SpType'].isin(['K0III', 'G7III', 'A2III', 'K1III', 'G8III', 'B1Ib/II', 'K2/K3III', 'B7II']).astype(int)
    df_output['Plx_in_range'] = ((df_input['Plx'] >= 0.8) & (df_input['Plx'] <= 7.5)).astype(int)
    return df_output

---VERSION---

def extracting_features_0(df_input):
    df_output = pd.DataFrame()
    df_output['SpType_endswith_V'] = df_input['SpType'].str.endswith('V').astype(int)
    df_output['Amag_gt_15'] = (df_input['Amag'] > 15).astype(int)
    df_output['Plx_gt_5'] = (df_input['Plx'] > 5).astype(int)
    df_output['B_V_lt_0_7'] = (df_input['B-V'] < 0.7).astype(int)
    df_output['Vmag_ge_5'] = (df_input['Vmag'] >= 5).astype(int)
    df_output['Amag_in_16_20'] = df_input['Amag'].between(16, 20).astype(int)
    df_output['Plx_in_5_20'] = df_input['Plx'].between(5, 20).astype(int)
    df_output['e_Plx_le_1_1'] = (df_input['e_Plx'] <= 1.1).astype(int)
    df_output['B_V_in_0_1_0_7'] = df_input['B-V'].between(0.1, 0.7).astype(int)
    exclude_classes = ['III', 'II', 'Ib', 'Ib/II', 'III/IV']
    def not_in_luminosity_classes(sptype):
        for excl in exclude_classes:
            if excl in sptype:
                return 0
        return 1
    df_output['SpType_not_in_excluded_classes'] = df_input['SpType'].apply(not_in_luminosity_classes)
    return df_output

---DIVIDER---

def extracting_features_1(df_input):  
    df_output = pd.DataFrame()  
    df_output['SpType_contains_III_II_Ib_Ib/II'] = df_input['SpType'].str.contains('III|II|Ib|Ib/II', regex=True).astype(int)  
    df_output['Amag_leq_16'] = (df_input['Amag'] <= 16).astype(int)  
    df_output['Plx_lt_5'] = (df_input['Plx'] < 5).astype(int)  
    df_output['B-V_gt_0.7'] = (df_input['B-V'] > 0.7).astype(int)  
    df_output['Vmag_lt_9'] = (df_input['Vmag'] < 9).astype(int)  
    df_output['Amag_in_13_16'] = df_input['Amag'].between(13, 16).astype(int)  
    df_output['Plx_in_0_5'] = df_input['Plx'].between(0, 5).astype(int)  
    df_output['e_Plx_leq_1.2'] = (df_input['e_Plx'] <= 1.2).astype(int)  
    df_output['B-V_in_0.8_1.3'] = df_input['B-V'].between(0.8, 1.3).astype(int)  
    df_output['SpType_not_in_V'] = (~df_input['SpType'].str.contains('V', regex=False)).astype(int)  
    return df_output

---VERSION---

def extracting_features_0(df_input):
    df_output = pd.DataFrame()
    df_output['SpType_endswith_V'] = df_input['SpType'].str.endswith('V').astype(int)
    df_output['Amag_ge_15'] = (df_input['Amag'] >= 15).astype(int)
    df_output['B_V_le_0_7'] = (df_input['B-V'] <= 0.7).astype(int)
    df_output['Vmag_ge_5_5'] = (df_input['Vmag'] >= 5.5).astype(int)
    df_output['Plx_ge_5'] = (df_input['Plx'] >= 5).astype(int)
    df_output['e_Plx_le_1_1'] = (df_input['e_Plx'] <= 1.1).astype(int)
    df_output['Amag_in_15_20'] = ((df_input['Amag'] >= 15) & (df_input['Amag'] <= 20)).astype(int)
    df_output['B_V_in_0_0_7'] = ((df_input['B-V'] >= 0.0) & (df_input['B-V'] <= 0.7)).astype(int)
    df_output['SpType_contains_V'] = df_input['SpType'].str.contains('V').astype(int)
    df_output['Plx_in_5_20'] = ((df_input['Plx'] >= 5) & (df_input['Plx'] <= 20)).astype(int)
    return df_output

---DIVIDER---

def extracting_features_1(df_input):
    df_output = pd.DataFrame()
    df_output['SpType_III_II_Ib'] = df_input['SpType'].str.contains('III|II|Ib', regex=True).astype(int)
    df_output['Amag_lt_16'] = (df_input['Amag'] < 16).astype(int)
    df_output['B_V_ge_0_8'] = (df_input['B-V'] >= 0.8).astype(int)
    df_output['Vmag_le_8_5'] = (df_input['Vmag'] <= 8.5).astype(int)
    df_output['Plx_le_8'] = (df_input['Plx'] <= 8).astype(int)
    df_output['e_Plx_le_1_2'] = (df_input['e_Plx'] <= 1.2).astype(int)
    df_output['Amag_in_13_16'] = df_input['Amag'].between(13, 16).astype(int)
    df_output['B_V_in_0_8_1_3'] = df_input['B-V'].between(0.8, 1.3).astype(int)
    df_output['SpType_III_II_Ib_2'] = df_input['SpType'].str.contains('III|II|Ib', regex=True).astype(int)
    df_output['Plx_in_0_8'] = df_input['Plx'].between(0, 8).astype(int)
    return df_output

---VERSION---

def extracting_features_0(df_input):  
    df_output = pd.DataFrame()  
    df_output['SpType_endswith_V'] = df_input['SpType'].str.endswith('V').astype(int)  
    df_output['Amag_gt_15_5'] = (df_input['Amag'] > 15.5).astype(int)  
    df_output['Plx_ge_3_0'] = (df_input['Plx'] >= 3.0).astype(int)  
    df_output['B_V_in_0_1_0_7'] = ((df_input['B-V'] >= 0.1) & (df_input['B-V'] <= 0.7)).astype(int)  
    df_output['Vmag_gt_6_0'] = (df_input['Vmag'] > 6.0).astype(int)  
    df_output['SpType_not_contains_III_II_Ib'] = (~df_input['SpType'].str.contains('III|II|Ib')).astype(int)  
    df_output['Amag_in_16_0_20_0'] = ((df_input['Amag'] >= 16.0) & (df_input['Amag'] <= 20.0)).astype(int)  
    df_output['Plx_in_7_0_20_0'] = ((df_input['Plx'] >= 7.0) & (df_input['Plx'] <= 20.0)).astype(int)  
    df_output['B_V_lt_0_8'] = (df_input['B-V'] < 0.8).astype(int)  
    df_output['Vmag_in_5_5_9_0'] = ((df_input['Vmag'] >= 5.5) & (df_input['Vmag'] <= 9.0)).astype(int)  
    return df_output

---DIVIDER---

def extracting_features_1(df_input):
    df_output = pd.DataFrame()
    df_output['SpType_in_III_II_Ib'] = df_input['SpType'].str.contains('III|II|Ib', regex=True).astype(int)
    df_output['Amag_lt_16'] = (df_input['Amag'] < 16.0).astype(int)
    df_output['Plx_le_4'] = (df_input['Plx'] <= 4.0).astype(int)
    df_output['B_V_ge_0_9'] = (df_input['B-V'] >= 0.9).astype(int)
    df_output['Vmag_le_8_5'] = (df_input['Vmag'] <= 8.5).astype(int)
    df_output['SpType_contains_III_II_Ib'] = df_input['SpType'].str.contains('III|II|Ib', regex=True).astype(int)
    df_output['Amag_in_13_16'] = ((df_input['Amag'] >= 13.0) & (df_input['Amag'] <= 16.0)).astype(int)
    df_output['Plx_in_0_8_4'] = ((df_input['Plx'] >= 0.8) & (df_input['Plx'] <= 4.0)).astype(int)
    df_output['B_V_in_0_9_1_3'] = ((df_input['B-V'] >= 0.9) & (df_input['B-V'] <= 1.3)).astype(int)
    df_output['Vmag_in_4_8_5'] = ((df_input['Vmag'] >= 4.0) & (df_input['Vmag'] <= 8.5)).astype(int)
    return df_output

---VERSION---

def extracting_features_0(df_input):
    df_output = pd.DataFrame()
    sp_types_list = ['G1V', 'F3V', 'A9V', 'G3/G5V', 'G3V', 'A1V', 'F0V', 'F5V', 'B1V:nn', 'K5V', 'F0V', 'B8/B9V']
    df_output['SpType_in_list'] = df_input['SpType'].isin(sp_types_list).astype(int)
    df_output['Amag_ge_16'] = (df_input['Amag'] >= 16.0).astype(int)
    df_output['B-V_le_0.7'] = (df_input['B-V'] <= 0.7).astype(int)
    df_output['Plx_ge_5'] = (df_input['Plx'] >= 5.0).astype(int)
    df_output['Vmag_ge_6'] = (df_input['Vmag'] >= 6.0).astype(int)
    df_output['SpType_endswith_V'] = df_input['SpType'].str.endswith('V').astype(int)
    df_output['Amag_in_range'] = ((df_input['Amag'] >= 16.0) & (df_input['Amag'] <= 20.0)).astype(int)
    df_output['B-V_in_range'] = ((df_input['B-V'] >= 0.0) & (df_input['B-V'] <= 0.7)).astype(int)
    df_output['Plx_in_range'] = ((df_input['Plx'] >= 5.0) & (df_input['Plx'] <= 20.0)).astype(int)
    df_output['Vmag_in_range'] = ((df_input['Vmag'] >= 6.0) & (df_input['Vmag'] <= 10.0)).astype(int)
    return df_output

---DIVIDER---

def extracting_features_1(df_input):
    df_output = pd.DataFrame()
    df_output['SpType_in_list'] = df_input['SpType'].isin(['K1III', 'K0III', 'B7II', 'G8III', 'B1Ib/II', 'G7III', 'K2/K3III', 'A2III']).astype(int)
    df_output['Amag_lt_16'] = (df_input['Amag'] < 16.0).astype(int)
    df_output['B-V_ge_0.9'] = (df_input['B-V'] >= 0.9).astype(int)
    df_output['Plx_lt_5'] = (df_input['Plx'] < 5.0).astype(int)
    df_output['Vmag_lt_8'] = (df_input['Vmag'] < 8.0).astype(int)
    df_output['SpType_contains_III_or_II'] = df_input['SpType'].str.contains('III|II', regex=True).astype(int)
    df_output['B-V_in_range'] = ((df_input['B-V'] >= 0.9) & (df_input['B-V'] <= 1.3)).astype(int)
    df_output['Amag_in_range'] = ((df_input['Amag'] >= 13.0) & (df_input['Amag'] <= 16.0)).astype(int)
    df_output['Plx_in_range'] = ((df_input['Plx'] >= 0.5) & (df_input['Plx'] <= 5.0)).astype(int)
    df_output['Vmag_in_range'] = ((df_input['Vmag'] >= 4.0) & (df_input['Vmag'] <= 8.0)).astype(int)
    return df_output