def extracting_features_0(df_input):
    df_output = pd.DataFrame()
    df_output['Overdue_days_gt_0'] = (df_input['Overdue days'] > 0).astype(int)
    df_output['Credit_history_rating_in_D_E'] = df_input['Credit history rating'].isin(['D1', 'D2', 'D3', 'E1', 'E2', 'E3']).astype(int)
    df_output['PDN_ge_0_3'] = (df_input['PDN'] >= 0.3).astype(int)
    df_output['Debt_in_range_and_Overdue_days_gt_0'] = ((df_input['Debt'] >= 900) & (df_input['Debt'] <= 2500) & (df_input['Overdue days'] > 0)).astype(int)
    df_output['INCOME_lt_1500'] = (df_input['INCOME'] < 1500).astype(int)
    df_output['Initial_limit_le_2500'] = (df_input['Initial limit'] <= 2500).astype(int)
    edu_cond = df_input['EDU'].isin(['High school', 'Incomplete'])
    edu_univ_low_income = (df_input['EDU'] == 'University') & (df_input['INCOME'] < 1500)
    df_output['EDU_condition'] = (edu_cond | edu_univ_low_income).astype(int)
    df_output['TERM_ge_24_and_PDN_ge_0_3'] = ((df_input['TERM'] >= 24) & (df_input['PDN'] >= 0.3)).astype(int)
    industry_cond = df_input['INDUSTRYNAME'].isin(['Trade', 'Public services', 'Agriculture'])
    df_output['INDUSTRYNAME_in_list_and_PDN_ge_0_3'] = (industry_cond & (df_input['PDN'] >= 0.3)).astype(int)
    df_output['UNDERAGECHILDRENCOUNT_ge_2_and_low_income'] = ((df_input['UNDERAGECHILDRENCOUNT'] >= 2) & (df_input['INCOME'] < 1500)).astype(int)
    return df_output

---DIVIDER---

def extracting_features_1(df_input):
    df_output = pd.DataFrame()
    df_output['Credit_history_rating_in_A_B_C1'] = df_input['Credit history rating'].isin(['A1', 'A2', 'A3', 'B1', 'B2', 'B3', 'C1']).astype(int)
    df_output['PDN_less_0_3'] = (df_input['PDN'] < 0.3).astype(int)
    df_output['Overdue_days_eq_0'] = (df_input['Overdue days'] == 0).astype(int)
    df_output['Initial_limit_ge_3500'] = (df_input['Initial limit'] >= 3500).astype(int)
    df_output['Debt_ge_3000_and_Overdue_days_eq_0'] = ((df_input['Debt'] >= 3000) & (df_input['Overdue days'] == 0)).astype(int)
    df_output['INCOME_ge_2000'] = (df_input['INCOME'] >= 2000).astype(int)
    df_output['EDU_in_College_University_and_INCOME_ge_2000'] = (df_input['EDU'].isin(['College', 'University']) & (df_input['INCOME'] >= 2000)).astype(int)
    df_output['TERM_ge_36_and_PDN_less_0_3'] = ((df_input['TERM'] >= 36) & (df_input['PDN'] < 0.3)).astype(int)
    df_output['INDUSTRYNAME_in_selected'] = df_input['INDUSTRYNAME'].isin(['Science and Education', 'Ministry of Internal Affairs/Ministry of Emergency Situations/Ministry of Defense', 'Construction', 'Production']).astype(int)
    df_output['UNDERAGECHILDRENCOUNT_le_1_and_FAMILYSTATUS_eq_1'] = ((df_input['UNDERAGECHILDRENCOUNT'] <= 1) & (df_input['FAMILYSTATUS'] == 1)).astype(int)
    return df_output

---VERSION---

def extracting_features_0(df_input):
    df_output = pd.DataFrame()
    df_output['Credit_history_rating_in_D_E'] = df_input['Credit history rating'].isin(['D1', 'D2', 'D3', 'E1', 'E2', 'E3']).astype(int)
    df_output['Overdue_days_gt_0'] = (df_input['Overdue days'] > 0).astype(int)
    df_output['PDN_ge_0_3'] = (df_input['PDN'] >= 0.3).astype(int)
    df_output['Debt_in_500_5000_and_Initial_limit_le_2500'] = ((df_input['Debt'] >= 500) & (df_input['Debt'] <= 5000) & (df_input['Initial limit'] <= 2500)).astype(int)
    df_output['INCOME_lt_1500'] = (df_input['INCOME'] < 1500).astype(int)
    df_output['EDU_in_selected'] = df_input['EDU'].isin(['High school', 'Incomplete', 'University']).astype(int)
    df_output['TERM_ge_36_and_INCOME_lt_2000'] = ((df_input['TERM'] >= 36) & (df_input['INCOME'] < 2000)).astype(int)
    df_output['UNDERAGECHILDRENCOUNT_ge_2_and_PDN_gt_0_25'] = ((df_input['UNDERAGECHILDRENCOUNT'] >= 2) & (df_input['PDN'] > 0.25)).astype(int)
    lv_area_set = ["Gomel'skaja oblast", "Mogilevskaja oblast", "Brestskaja oblast"]
    df_output['LV_AREA_in_selected_and_Credit_history_rating_in_D2_D3'] = (df_input['LV_AREA'].isin(lv_area_set) & df_input['Credit history rating'].isin(['D2', 'D3'])).astype(int)
    df_output['FAMILYSTATUS_1_or_2_and_INCOME_lt_1400_and_Debt_gt_1000'] = ((df_input['FAMILYSTATUS'].isin([1,2])) & (df_input['INCOME'] < 1400) & (df_input['Debt'] > 1000)).astype(int)
    return df_output

---DIVIDER---

def extracting_features_1(df_input):  
    df_output = pd.DataFrame()  
    df_output['Credit_history_rating'] = df_input['Credit history rating'].isin(['A1', 'A2', 'A3', 'B1', 'B2', 'B3', 'C1']).astype(int)  
    df_output['Overdue_days'] = (df_input['Overdue days'] == 0).astype(int)  
    df_output['PDN'] = (df_input['PDN'] < 0.3).astype(int)  
    df_output['Initial_limit'] = (df_input['Initial limit'] >= 3500).astype(int)  
    df_output['INCOME'] = (df_input['INCOME'] >= 2000).astype(int)  
    df_output['EDU'] = df_input['EDU'].isin(['College', 'University']).astype(int)  
    df_output['Debt'] = ((df_input['Debt'] >= 1000) & (df_input['Debt'] <= df_input['Initial limit'])).astype(int)  
    df_output['TERM_INCOME'] = ((df_input['TERM'] >= 24) & (df_input['INCOME'] >= 2000)).astype(int)  
    df_output['UNDERAGE_FAMILYSTATUS'] = ((df_input['UNDERAGECHILDRENCOUNT'] <= 1) & (df_input['FAMILYSTATUS'] == 1)).astype(int)  
    df_output['INDUSTRYNAME'] = df_input['INDUSTRYNAME'].isin(['Construction', 'Science and Education', 'Ministry of Internal Affairs/Ministry of Emergency Situations/Ministry of Defense', 'Production']).astype(int)  
    return df_output

---VERSION---

def extracting_features_0(df_input):
    df_output = pd.DataFrame()
    poor_ratings = ['D1', 'D2', 'D3', 'E1', 'E2', 'E3']
    df_output['Overdue_days_gt_0'] = (df_input['Overdue days'] > 0).astype(int)
    df_output['Credit_history_poor'] = df_input['Credit history rating'].isin(poor_ratings).astype(int)
    df_output['PDN_ge_0_3'] = (df_input['PDN'] >= 0.3).astype(int)
    df_output['Debt_in_range_and_poor_rating'] = ((df_input['Debt'].between(700, 2500)) & (df_input['Credit history rating'].isin(poor_ratings))).astype(int)
    df_output['INCOME_lt_1500'] = (df_input['INCOME'] < 1500).astype(int)
    df_output['Initial_limit_le_2500'] = (df_input['Initial limit'] <= 2500).astype(int)
    df_output['EDU_in_list'] = df_input['EDU'].isin(['High school', 'Incomplete']).astype(int)
    df_output['TERM_le_36_and_poor_rating'] = ((df_input['TERM'] <= 36) & (df_input['Credit history rating'].isin(poor_ratings))).astype(int)
    df_output['UNDERAGECHILDRENCOUNT_ge_2_and_PDN_ge_0_3'] = ((df_input['UNDERAGECHILDRENCOUNT'] >= 2) & (df_input['PDN'] >= 0.3)).astype(int)
    df_output['SEX_Male_and_D3_and_Overdue_days_gt_0'] = ((df_input['SEX'] == 'Male') & (df_input['Credit history rating'] == 'D3') & (df_input['Overdue days'] > 0)).astype(int)
    return df_output

---DIVIDER---

def extracting_features_1(df_input):
    df_output = pd.DataFrame()
    df_output['Credit_history_rating_in_A1_A2_A3_B1_B2_B3_C1'] = df_input['Credit history rating'].isin(['A1', 'A2', 'A3', 'B1', 'B2', 'B3', 'C1']).astype(int)
    df_output['PDN_less_than_0_3'] = (df_input['PDN'] < 0.3).astype(int)
    df_output['Debt_gte_3000_and_Initial_limit_gte_3500'] = ((df_input['Debt'] >= 3000) & (df_input['Initial limit'] >= 3500)).astype(int)
    df_output['INCOME_gte_2000'] = (df_input['INCOME'] >= 2000).astype(int)
    df_output['Overdue_days_eq_0'] = (df_input['Overdue days'] == 0).astype(int)
    df_output['EDU_in_University_College'] = df_input['EDU'].isin(['University', 'College']).astype(int)
    df_output['TERM_gte_36_and_Credit_history_rating_in_B1_B2_B3'] = ((df_input['TERM'] >= 36) & (df_input['Credit history rating'].isin(['B1', 'B2', 'B3']))).astype(int)
    df_output['UNDERAGECHILDRENCOUNT_lte_1_and_PDN_lt_0_2'] = ((df_input['UNDERAGECHILDRENCOUNT'] <= 1) & (df_input['PDN'] < 0.2)).astype(int)
    df_output['INDUSTRYNAME_in_selected'] = df_input['INDUSTRYNAME'].isin(['Construction', 'Ministry of Internal Affairs/Ministry of Emergency Situations/Ministry of Defense', 'Science and Education']).astype(int)
    df_output['FAMILYSTATUS_eq_1'] = (df_input['FAMILYSTATUS'] == 1).astype(int)
    return df_output

---VERSION---

def extracting_features_0(df_input):
    df_output = pd.DataFrame()
    df_output['Overdue_days_gt_0'] = (df_input['Overdue days'] > 0).astype(int)
    df_output['Credit_history_rating_in_set'] = df_input['Credit history rating'].isin(['D1', 'D2', 'D3', 'E1', 'E2', 'E3', 'C1', 'C2', 'C3']).astype(int)
    df_output['PDN_ge_0_3'] = (df_input['PDN'] >= 0.3).astype(int)
    df_output['Debt_lt_2500'] = (df_input['Debt'] < 2500).astype(int)
    df_output['Initial_limit_le_2500'] = (df_input['Initial limit'] <= 2500).astype(int)
    df_output['INCOME_lt_1500'] = (df_input['INCOME'] < 1500).astype(int)
    df_output['EDU_in_set'] = df_input['EDU'].isin(['High school', 'Incomplete']).astype(int)
    df_output['TERM_le_36'] = (df_input['TERM'] <= 36).astype(int)
    df_output['UNDERAGECHILDRENCOUNT_ge_1'] = (df_input['UNDERAGECHILDRENCOUNT'] >= 1).astype(int)
    df_output['FAMILYSTATUS_eq_2'] = (df_input['FAMILYSTATUS'] == 2).astype(int)
    return df_output

---DIVIDER---

def extracting_features_1(df_input):  
    df_output = pd.DataFrame()  
    df_output['Overdue_days_0'] = (df_input['Overdue days'] == 0).astype(int)  
    df_output['Credit_history_rating_good'] = df_input['Credit history rating'].isin(['A1', 'A2', 'A3', 'B1', 'B2', 'B3']).astype(int)  
    df_output['PDN_lt_0_3'] = (df_input['PDN'] < 0.3).astype(int)  
    df_output['Debt_ge_3000'] = (df_input['Debt'] >= 3000).astype(int)  
    df_output['Initial_limit_ge_3500'] = (df_input['Initial limit'] >= 3500).astype(int)  
    df_output['INCOME_ge_2000'] = (df_input['INCOME'] >= 2000).astype(int)  
    df_output['EDU_univ_college'] = df_input['EDU'].isin(['University', 'College']).astype(int)  
    df_output['TERM_ge_36'] = (df_input['TERM'] >= 36).astype(int)  
    df_output['UNDERAGECHILDRENCOUNT_le_1'] = (df_input['UNDERAGECHILDRENCOUNT'] <= 1).astype(int)  
    df_output['FAMILYSTATUS_eq_1'] = (df_input['FAMILYSTATUS'] == 1).astype(int)  
    return df_output

---VERSION---

def extracting_features_0(df_input):
    df_output = pd.DataFrame()
    df_output['Overdue_days_gt_0'] = (df_input['Overdue days'] > 0).astype(int)
    df_output['Credit_history_rating_in_D_E'] = df_input['Credit history rating'].isin(['D1', 'D2', 'D3', 'E1', 'E2', 'E3']).astype(int)
    df_output['PDN_ge_0_3'] = (df_input['PDN'] >= 0.3).astype(int)
    df_output['Debt_in_range_and_Overdue_days_gt_0'] = ((df_input['Debt'] >= 700) & (df_input['Debt'] <= 5000) & (df_input['Overdue days'] > 0)).astype(int)
    df_output['Initial_limit_le_2500'] = (df_input['Initial limit'] <= 2500).astype(int)
    df_output['INCOME_lt_1500'] = (df_input['INCOME'] < 1500).astype(int)
    df_output['EDU_in_Highschool_Incomplete'] = df_input['EDU'].isin(['High school', 'Incomplete']).astype(int)
    df_output['TERM_ge_36_and_Credit_history_rating_in_C2_D2_D3'] = ((df_input['TERM'] >= 36) & (df_input['Credit history rating'].isin(['C2', 'D2', 'D3']))).astype(int)
    df_output['SEX_Female_and_PDN_ge_0_3'] = ((df_input['SEX'] == 'Female') & (df_input['PDN'] >= 0.3)).astype(int)
    df_output['UNDERAGECHILDRENCOUNT_ge_2_and_PDN_ge_0_3'] = ((df_input['UNDERAGECHILDRENCOUNT'] >= 2) & (df_input['PDN'] >= 0.3)).astype(int)
    return df_output

---DIVIDER---

def extracting_features_1(df_input):
    df_output = pd.DataFrame()
    df_output['Overdue_days_0'] = (df_input['Overdue days'] == 0).astype(int)
    df_output['Credit_history_rating_in'] = df_input['Credit history rating'].isin(['A1', 'A2', 'A3', 'B1', 'B2', 'B3', 'C1']).astype(int)
    df_output['PDN_lt_0_3'] = (df_input['PDN'] < 0.3).astype(int)
    df_output['Initial_limit_gte_3500'] = (df_input['Initial limit'] >= 3500).astype(int)
    df_output['INCOME_gte_2000'] = (df_input['INCOME'] >= 2000).astype(int)
    df_output['Debt_gte_3000_and_Overdue_days_0'] = ((df_input['Debt'] >= 3000) & (df_input['Overdue days'] == 0)).astype(int)
    df_output['EDU_in'] = df_input['EDU'].isin(['University', 'College']).astype(int)
    df_output['TERM_gte_36_and_Credit_history_rating_in'] = ((df_input['TERM'] >= 36) & (df_input['Credit history rating'].isin(['B1', 'B2', 'C1']))).astype(int)
    df_output['INDUSTRYNAME_in'] = df_input['INDUSTRYNAME'].isin(['Construction', 'Science and Education', 'Ministry of Internal Affairs/Ministry of Emergency Situations/Ministry of Defense']).astype(int)
    df_output['UNDERAGECHILDRENCOUNT_lte_1_and_PDN_lt_0_2'] = ((df_input['UNDERAGECHILDRENCOUNT'] <= 1) & (df_input['PDN'] < 0.2)).astype(int)
    return df_output