def extracting_features_0(df_input):
    df_output = pd.DataFrame()
    df_output['social_connection_frequency'] = df_input['social_connection_frequency'].str.lower().isin(['monthly', 'never']).astype(int)
    df_output['gathering_size_preference'] = df_input['gathering_size_preference'].str.lower().isin(['large events', 'never']).astype(int)
    df_output['valued_friendship_traits'] = df_input['valued_friendship_traits'].str.lower().isin(['support', 'loyalty']).astype(int)
    df_output['conflict_resolution_style'] = df_input['conflict_resolution_style'].str.lower().isin(['apologize first', 'avoid conflict', 'let time fix it']).astype(int)
    df_output['family_support_level'] = df_input['family_support_level'].str.lower().isin(['sometimes', 'no', 'never']).astype(int)
    df_output['social_battery_recharge'] = df_input['social_battery_recharge'].str.lower().isin(['alone time', 'none of the above']).astype(int)
    df_output['social_orientation_type'] = df_input['social_orientation_type'].str.lower().isin(['introvert', 'not sure']).astype(int)
    df_output['social_anxiety_level'] = df_input['social_anxiety_level'].str.lower().isin(['nervous', 'avoid it']).astype(int)
    df_output['emotional_expression_method'] = df_input['emotional_expression_method'].str.lower().isin(['stay silent', 'other']).astype(int)
    df_output['primary_anger_sources'] = df_input['primary_anger_sources'].str.lower().isin(['selfishness', 'unnecessary criticism']).astype(int)
    return df_output

---DIVIDER---

def extracting_features_1(df_input):
    df_output = pd.DataFrame()
    df_output['social_connection_frequency'] = df_input['social_connection_frequency'].str.lower().isin(['daily', 'weekly']).astype(int)
    df_output['gathering_size_preference'] = df_input['gathering_size_preference'].str.lower().isin(['small gatherings', 'both']).astype(int)
    df_output['valued_friendship_traits'] = df_input['valued_friendship_traits'].str.lower().isin(['honesty', 'loyalty']).astype(int)
    df_output['conflict_resolution_style'] = df_input['conflict_resolution_style'].str.lower().isin(['talk it out', 'avoid conflict']).astype(int)
    df_output['family_support_level'] = df_input['family_support_level'].str.lower().isin(['yes', 'sometimes']).astype(int)
    df_output['social_battery_recharge'] = df_input['social_battery_recharge'].str.lower().isin(['talking to someone', 'social media']).astype(int)
    df_output['social_orientation_type'] = df_input['social_orientation_type'].str.lower().isin(['extrovert', 'ambivert']).astype(int)
    df_output['social_anxiety_level'] = df_input['social_anxiety_level'].str.lower().isin(['excited', 'neutral']).astype(int)
    df_output['emotional_expression_method'] = df_input['emotional_expression_method'].str.lower().isin(['talk openly', 'express emotion strongly']).astype(int)
    df_output['primary_anger_sources'] = df_input['primary_anger_sources'].str.lower().isin(['being interrupted', 'injustice']).astype(int)
    return df_output

---VERSION---

def extracting_features_0(df_input):  
    df_output = pd.DataFrame()  
  
    df_output['cond_1'] = ((df_input['social_connection_frequency'].str.lower().isin(['daily', 'weekly'])) &  
                           (df_input['gathering_size_preference'].str.lower().isin(['large events', 'both'])) &  
                           (df_input['social_battery_recharge'].str.lower() == 'alone time')).astype(int)  
  
    df_output['cond_2'] = ((df_input['social_connection_frequency'].str.lower().isin(['daily', 'weekly'])) &  
                           (df_input['social_orientation_type'].str.lower() == 'introvert')).astype(int)  
  
    df_output['cond_3'] = ((df_input['gathering_size_preference'].str.lower() == 'large events') &  
                           (df_input['valued_friendship_traits'].str.lower() == 'loyalty')).astype(int)  
  
    df_output['cond_4'] = ((df_input['conflict_resolution_style'].str.lower() == 'apologize first') &  
                           (df_input['family_support_level'].str.lower() == 'never')).astype(int)  
  
    df_output['cond_5'] = ((df_input['social_connection_frequency'].str.lower() == 'monthly') &  
                           (df_input['social_battery_recharge'].str.lower() == 'talking to someone') &  
                           (df_input['social_orientation_type'].str.lower() == 'extrovert') &  
                           (df_input['social_anxiety_level'].str.lower() == 'nervous')).astype(int)  
  
    df_output['cond_6'] = ((df_input['social_connection_frequency'].str.lower() == 'weekly') &  
                           (df_input['gathering_size_preference'].str.lower() == 'never') &  
                           (df_input['social_battery_recharge'].str.lower() == 'none of the above')).astype(int)  
  
    df_output['cond_7'] = ((df_input['emotional_expression_method'].str.lower() == 'talk openly') &  
                           (df_input['social_connection_frequency'].str.lower() == 'daily') &  
                           (df_input['family_support_level'].str.lower() == 'never')).astype(int)  
  
    df_output['cond_8'] = ((df_input['social_orientation_type'].str.lower() == 'introvert') &  
                           (df_input['social_connection_frequency'].str.lower() == 'daily') &  
                           (df_input['emotional_expression_method'].str.lower() == 'talk openly')).astype(int)  
  
    df_output['cond_9'] = ((df_input['social_connection_frequency'].str.lower() == 'weekly') &  
                           (df_input['conflict_resolution_style'].str.lower() == 'apologize first') &  
                           (df_input['family_support_level'].str.lower() == 'sometimes') &  
                           (df_input['social_battery_recharge'].str.lower() == 'none of the above')).astype(int)  
  
    df_output['cond_10'] = ((df_input['social_connection_frequency'].str.lower() == 'daily') &  
                            (df_input['social_anxiety_level'].str.lower() == 'nervous') &  
                            (df_input['primary_anger_sources'].str.lower() == 'unnecessary criticism')).astype(int)  
  
    return df_output

---DIVIDER---

def extracting_features_1(df_input):  
    df_output = pd.DataFrame()  
    df_output['cond_1'] = ((df_input['social_connection_frequency'].isin(['Weekly', 'Monthly'])) &  
                           (df_input['gathering_size_preference'] == 'Never') &  
                           (df_input['social_battery_recharge'] == 'Social media')).astype(int)  
  
    df_output['cond_2'] = ((df_input['social_connection_frequency'] == 'Weekly') &  
                           (df_input['gathering_size_preference'] == 'Never') &  
                           (df_input['valued_friendship_traits'] == 'Honesty')).astype(int)  
  
    df_output['cond_3'] = ((df_input['social_connection_frequency'] == 'Monthly') &  
                           (df_input['gathering_size_preference'] == 'Large events') &  
                           (df_input['social_battery_recharge'] == 'Alone time') &  
                           (df_input['social_orientation_type'] == 'Extrovert')).astype(int)  
  
    df_output['cond_4'] = ((df_input['social_connection_frequency'] == 'Weekly') &  
                           (df_input['conflict_resolution_style'] == 'Talk it out') &  
                           (df_input['family_support_level'].str.lower() == 'yes')).astype(int)  
  
    df_output['cond_5'] = ((df_input['social_connection_frequency'] == 'Monthly') &  
                           (df_input['social_orientation_type'] == 'Extrovert') &  
                           (df_input['social_battery_recharge'] == 'Alone time')).astype(int)  
  
    df_output['cond_6'] = ((df_input['social_connection_frequency'] == 'Weekly') &  
                           (df_input['emotional_expression_method'] == 'Stay silent') &  
                           (df_input['social_orientation_type'] == 'Ambivert')).astype(int)  
  
    df_output['cond_7'] = ((df_input['social_connection_frequency'] == 'Monthly') &  
                           (df_input['valued_friendship_traits'] == 'Support') &  
                           (df_input['family_support_level'].str.lower() == 'sometimes')).astype(int)  
  
    df_output['cond_8'] = ((df_input['social_connection_frequency'] == 'Monthly') &  
                           (df_input['social_battery_recharge'] == 'Social media') &  
                           (df_input['social_anxiety_level'] == 'Excited')).astype(int)  
  
    df_output['cond_9'] = ((df_input['social_connection_frequency'] == 'Weekly') &  
                           (df_input['conflict_resolution_style'] == 'Avoid conflict') &  
                           (df_input['social_orientation_type'] == 'Extrovert')).astype(int)  
  
    df_output['cond_10'] = ((df_input['social_connection_frequency'] == 'Monthly') &  
                            (df_input['emotional_expression_method'] == 'Stay silent') &  
                            (df_input['family_support_level'].str.lower() == 'sometimes')).astype(int)  
  
    return df_output

---VERSION---

def extracting_features_0(df_input):
    df_output = pd.DataFrame()
    df_output['social_connection_frequency'] = df_input['social_connection_frequency'].isin(['Daily', 'Weekly']).astype(int)
    df_output['gathering_size_preference'] = df_input['gathering_size_preference'].isin(['Large events', 'Both']).astype(int)
    df_output['valued_friendship_traits'] = (df_input['valued_friendship_traits'] == 'Loyalty').astype(int)
    df_output['conflict_resolution_style'] = (df_input['conflict_resolution_style'] == 'Apologize first').astype(int)
    df_output['family_support_level'] = (df_input['family_support_level'] == 'Never').astype(int)
    df_output['social_battery_recharge'] = (df_input['social_battery_recharge'] == 'Alone time').astype(int)
    df_output['social_orientation_type'] = (df_input['social_orientation_type'] == 'Introvert').astype(int)
    df_output['social_anxiety_level'] = (df_input['social_anxiety_level'] == 'Nervous').astype(int)
    df_output['emotional_expression_method'] = (df_input['emotional_expression_method'] == 'Talk openly').astype(int)
    df_output['primary_anger_sources'] = (df_input['primary_anger_sources'] == 'Unnecessary criticism').astype(int)
    return df_output

---DIVIDER---

def extracting_features_1(df_input):
    df_output = pd.DataFrame()
    df_output['social_connection_frequency'] = df_input['social_connection_frequency'].str.strip().str.capitalize().isin(['Weekly', 'Monthly']).astype(int)
    df_output['gathering_size_preference'] = (df_input['gathering_size_preference'].str.strip().str.capitalize() == 'Never').astype(int)
    df_output['valued_friendship_traits'] = df_input['valued_friendship_traits'].str.strip().str.capitalize().isin(['Support', 'Honesty']).astype(int)
    df_output['conflict_resolution_style'] = df_input['conflict_resolution_style'].str.strip().str.title().isin(['Talk It Out', 'Avoid Conflict']).astype(int)
    df_output['family_support_level'] = df_input['family_support_level'].str.strip().str.capitalize().isin(['Yes', 'Sometimes']).astype(int)
    df_output['social_battery_recharge'] = df_input['social_battery_recharge'].str.strip().str.title().isin(['Social Media', 'Talking To Someone']).astype(int)
    df_output['social_orientation_type'] = df_input['social_orientation_type'].str.strip().str.capitalize().isin(['Extrovert', 'Ambivert']).astype(int)
    df_output['social_anxiety_level'] = df_input['social_anxiety_level'].str.strip().str.capitalize().isin(['Excited', 'Neutral']).astype(int)
    df_output['emotional_expression_method'] = df_input['emotional_expression_method'].str.strip().str.title().isin(['Stay Silent', 'Express Emotion Strongly']).astype(int)
    df_output['primary_anger_sources'] = df_input['primary_anger_sources'].str.strip().str.title().isin(['Being Interrupted', 'Selfishness']).astype(int)
    return df_output

---VERSION---

def extracting_features_0(df_input):
    df_output = pd.DataFrame()
    df_output['social_connection_frequency'] = df_input['social_connection_frequency'].str.lower().isin(['monthly', 'never']).astype(int)
    df_output['gathering_size_preference'] = df_input['gathering_size_preference'].str.lower().isin(['never', 'small gatherings']).astype(int)
    df_output['valued_friendship_traits'] = df_input['valued_friendship_traits'].str.lower().isin(['support', 'loyalty']).astype(int)
    df_output['conflict_resolution_style'] = df_input['conflict_resolution_style'].str.lower().isin(['apologize first', 'avoid conflict']).astype(int)
    df_output['family_support_level'] = df_input['family_support_level'].str.lower().isin(['no', 'never']).astype(int)
    df_output['social_battery_recharge'] = df_input['social_battery_recharge'].str.lower().isin(['alone time', 'none of the above']).astype(int)
    df_output['social_orientation_type'] = df_input['social_orientation_type'].str.lower().isin(['introvert', 'not sure']).astype(int)
    df_output['social_anxiety_level'] = df_input['social_anxiety_level'].str.lower().isin(['nervous', 'avoid it']).astype(int)
    df_output['emotional_expression_method'] = df_input['emotional_expression_method'].str.lower().isin(['stay silent', 'other']).astype(int)
    df_output['primary_anger_sources'] = df_input['primary_anger_sources'].str.lower().isin(['unnecessary criticism', 'selfishness']).astype(int)
    return df_output

---DIVIDER---

def extracting_features_1(df_input):
    df_output = pd.DataFrame()
    df_output['social_connection_frequency'] = df_input['social_connection_frequency'].str.capitalize().isin(['Daily', 'Weekly']).astype(int)
    df_output['gathering_size_preference'] = df_input['gathering_size_preference'].str.title().isin(['Large Events', 'Both']).astype(int)
    df_output['valued_friendship_traits'] = df_input['valued_friendship_traits'].str.title().isin(['Honesty', 'All', 'All The Three And Trust', 'Understanding Person']).astype(int)
    df_output['conflict_resolution_style'] = df_input['conflict_resolution_style'].str.title().isin(['Talk It Out', 'Avoid Conflict']).astype(int)
    df_output['family_support_level'] = df_input['family_support_level'].str.capitalize().isin(['Yes', 'Sometimes']).astype(int)
    df_output['social_battery_recharge'] = df_input['social_battery_recharge'].str.title().isin(['Talking To Someone', 'Social Media']).astype(int)
    df_output['social_orientation_type'] = df_input['social_orientation_type'].str.capitalize().isin(['Extrovert', 'Ambivert']).astype(int)
    df_output['social_anxiety_level'] = df_input['social_anxiety_level'].str.capitalize().isin(['Excited', 'Neutral']).astype(int)
    df_output['emotional_expression_method'] = df_input['emotional_expression_method'].str.title().isin(['Talk Openly', 'Express Emotion Strongly']).astype(int)
    df_output['primary_anger_sources'] = df_input['primary_anger_sources'].str.title().isin(['Being Interrupted', 'Injustice']).astype(int)
    return df_output

---VERSION---

def extracting_features_0(df_input):  
    df_output = pd.DataFrame()  
    df_output['social_connection_frequency'] = df_input['social_connection_frequency'].isin(['Daily', 'Monthly']).astype(int)  
    df_output['gathering_size_preference'] = df_input['gathering_size_preference'].isin(['Large events', 'Both']).astype(int)  
    df_output['valued_friendship_traits'] = df_input['valued_friendship_traits'].isin(['Loyalty', 'Support']).astype(int)  
    df_output['conflict_resolution_style'] = df_input['conflict_resolution_style'].isin(['Apologize first', 'Avoid conflict']).astype(int)  
    df_output['family_support_level'] = df_input['family_support_level'].isin(['Never', 'No']).astype(int)  
    df_output['social_battery_recharge'] = df_input['social_battery_recharge'].isin(['Alone time', 'None of the above']).astype(int)  
    df_output['social_orientation_type'] = df_input['social_orientation_type'].isin(['Introvert', 'Not sure']).astype(int)  
    df_output['social_anxiety_level'] = df_input['social_anxiety_level'].isin(['Nervous', 'Avoid it']).astype(int)  
    df_output['emotional_expression_method'] = df_input['emotional_expression_method'].isin(['Talk openly', 'Other']).astype(int)  
    df_output['primary_anger_sources'] = df_input['primary_anger_sources'].isin(['Unnecessary criticism', 'Selfishness']).astype(int)  
    return df_output

---DIVIDER---

def extracting_features_1(df_input):
    df_output = pd.DataFrame()
    df_output['social_connection_frequency'] = df_input['social_connection_frequency'].isin(['Weekly', 'Monthly']).astype(int)
    df_output['gathering_size_preference'] = df_input['gathering_size_preference'].isin(['Never', 'Both', 'Small gatherings']).astype(int)
    df_output['valued_friendship_traits'] = df_input['valued_friendship_traits'].isin(['Honesty', 'Support', 'All']).astype(int)
    df_output['conflict_resolution_style'] = df_input['conflict_resolution_style'].isin(['Talk it out', 'Avoid conflict']).astype(int)
    df_output['family_support_level'] = df_input['family_support_level'].str.capitalize().isin(['Yes', 'Sometimes']).astype(int)
    df_output['social_battery_recharge'] = df_input['social_battery_recharge'].isin(['Talking to someone', 'Social media']).astype(int)
    df_output['social_orientation_type'] = df_input['social_orientation_type'].isin(['Extrovert', 'Ambivert']).astype(int)
    df_output['social_anxiety_level'] = df_input['social_anxiety_level'].isin(['Neutral', 'Excited']).astype(int)
    df_output['emotional_expression_method'] = df_input['emotional_expression_method'].isin(['Stay silent', 'Express emotion strongly']).astype(int)
    df_output['primary_anger_sources'] = df_input['primary_anger_sources'].isin(['Being interrupted', 'Injustice']).astype(int)
    return df_output