

---VERSION---

def extracting_features_0(df_input):
    df_output = pd.DataFrame()
    df_output['Reason_for_reading_books'] = df_input['Reason for reading books'].isin(['Entertainment Purpose', 'Keep me informative', 'To increase my English vocabulary knowledge']).astype(int)
    df_output['Department'] = df_input['Department'].isin(['BBA', 'English', 'JMC', 'NFE', 'Others']).astype(int)
    df_output['Amount_of_time_spent_reading_books_per_day'] = (df_input['Amount of time spent reading books per day'] < 1).astype(int)
    df_output['Number_of_e_books_you_read_last_two_years'] = df_input['Number of e-books you read last two years'].isin(['1-5', float('nan')]).astype(int)
    df_output['Number_of_printed_books_you_read_last_two_years'] = df_input['Number of printed books you read last two years'].isin(['1-5', float('nan')]).astype(int)
    df_output['Favorite_books_for_reading_to_spend_leisure_time'] = df_input['Favorite books for reading to spend leisure time'].isin(['Fiction', 'Politics', 'Others']).astype(int)
    df_output['What_is_the_change_that_you_fell_after_reading_books'] = df_input['What is the change that you fell after reading books'].isin(['Feel Relax', 'Increase Confidence', 'Increase Knowledge']).astype(int)
    df_output['Frequency_of_reading_books'] = df_input['Frequency of reading books'].isin(['A few times a month', 'Once a week']).astype(int)
    df_output['How_to_manage_books_for_reading'] = df_input['How to manage books for reading'].isin(['Others', 'Borrow']).astype(int)
    df_output['The_format_that_you_used_for_reading_books'] = df_input['The format that you used for reading books'].isin(['E-books', 'Printed']).astype(int)
    return df_output

---DIVIDER---

def extracting_features_1(df_input):
    df_output = pd.DataFrame()
    df_output['Reason_for_reading_books_is_Academic_Purpose'] = (df_input['Reason for reading books'] == 'Academic Purpose').astype(int)
    df_output['Amount_of_time_spent_reading_books_per_day_ge_2'] = (df_input['Amount of time spent reading books per day'] >= 2).astype(int)
    df_output['Department_in_selected'] = df_input['Department'].isin(['CSE', 'SWE', 'Pharmacy', 'EEE', 'Civil', 'Textile', 'CIS', 'MCT']).astype(int)
    df_output['Number_of_e_books_read_last_two_years_in_selected'] = df_input['Number of e-books you read last two years'].isin(['11-15', '16-20', 'More than 20']).astype(int)
    df_output['Number_of_printed_books_read_last_two_years_in_selected'] = df_input['Number of printed books you read last two years'].isin(['11-15', '16-20', 'More than 20']).astype(int)
    df_output['Favorite_books_for_leisure_in_selected'] = df_input['Favorite books for reading to spend leisure time'].isin(['Non-Fiction', 'Biography']).astype(int)
    df_output['Change_after_reading_is_Increase_Academic_Performance'] = (df_input['What is the change that you fell after reading books'] == 'Increase Academic Performance').astype(int)
    df_output['Frequency_of_reading_books_in_selected'] = df_input['Frequency of reading books'].isin(['On everyday basis', 'Several times a week']).astype(int)
    df_output['How_to_manage_books_in_selected'] = df_input['How to manage books for reading'].isin(['Buy', 'Used-all']).astype(int)
    df_output['Format_used_for_reading_books_is_Both'] = (df_input['The format that you used for reading books'] == 'Both').astype(int)
    return df_output

---VERSION---

def extracting_features_0(df_input):
    df_output = pd.DataFrame()
    df_output['Reason_for_reading_books'] = df_input['Reason for reading books'].isin(['Entertainment Purpose', 'Keep me informative', 'To increase my English vocabulary knowledge']).astype(int)
    df_output['Frequency_of_reading_books'] = df_input['Frequency of reading books'].isin(['Less than once a year', 'A few times a year']).astype(int)
    df_output['Amount_of_time_spent_reading_books_per_day'] = (df_input['Amount of time spent reading books per day'] < 1).astype(int)
    df_output['Number_of_printed_books_read_last_two_years'] = df_input['Number of printed books you read last two years'].isin(['1-5', float('nan')]).astype(int)
    df_output['Number_of_ebooks_read_last_two_years'] = df_input['Number of e-books you read last two years'].isin(['1-5', float('nan')]).astype(int)
    df_output['Favorite_books_for_leisure_time'] = df_input['Favorite books for reading to spend leisure time'].isin(['Fiction', 'Politics', 'Others']).astype(int)
    df_output['Department'] = df_input['Department'].isin(['English', 'BBA', 'JMC', 'Textile', 'Others']).astype(int)
    df_output['Where_do_you_read_printed_books'] = df_input['Where do you read printed books'].isin(['Home', 'Others']).astype(int)
    df_output['How_to_manage_books_for_reading'] = df_input['How to manage books for reading'].isin(['Others', 'Used-all']).astype(int)
    df_output['Do_you_read_Newspaper'] = (df_input['Do you read Newspaper'] == 'No').astype(int)
    return df_output

---DIVIDER---

def extracting_features_1(df_input):
    df_output = pd.DataFrame()
    df_output['Reason_for_reading_books_is_Academic_Purpose'] = (df_input['Reason for reading books'] == 'Academic Purpose').astype(int)
    freq_map = {
        'On everyday basis': 'Daily',
        'A few times a week': 'Several times a week',
        'A few times a month': 'Once a week',
        'Less than once a year': 'Less than once a year',
        'Once or twice a year': 'Once or twice a year'
    }
    freq_values = ['Daily', 'Several times a week', 'Once a week']
    freq_mapped = df_input['Frequency of reading books'].map(freq_map)
    df_output['Frequency_of_reading_books_in_selected'] = freq_mapped.isin(freq_values).astype(int)
    df_output['Amount_of_time_spent_reading_books_per_day_ge_1'] = (df_input['Amount of time spent reading books per day'] >= 1).astype(int)
    printed_books_vals = ['6-10', '11-15', '16-20', 'More than 20']
    df_output['Number_of_printed_books_read_last_two_years_in_selected'] = df_input['Number of printed books you read last two years'].isin(printed_books_vals).astype(int)
    ebooks_vals = ['6-10', '11-15', '16-20', 'More than 20']
    df_output['Number_of_ebooks_read_last_two_years_in_selected'] = df_input['Number of e-books you read last two years'].isin(ebooks_vals).astype(int)
    fav_books_vals = ['Non-Fiction', 'Biography']
    df_output['Favorite_books_for_leisure_in_selected'] = df_input['Favorite books for reading to spend leisure time'].isin(fav_books_vals).astype(int)
    dept_vals = ['CSE', 'SWE', 'Pharmacy', 'EEE', 'Civil', 'CIS', 'MCT']
    df_output['Department_in_selected'] = df_input['Department'].isin(dept_vals).astype(int)
    df_output['Change_after_reading_is_Increase_Academic_Performance'] = (df_input['What is the change that you fell after reading books'] == 'Increase Academic Performance').astype(int)
    df_output['Where_do_you_read_printed_books_is_Library'] = (df_input['Where do you read printed books'] == 'Library').astype(int)
    format_vals = ['Both', 'E-books', 'Printed']
    df_output['Format_used_for_reading_in_selected'] = df_input['The format that you used for reading books'].isin(format_vals).astype(int)
    return df_output

---VERSION---

def extracting_features_0(df_input):
    df_output = pd.DataFrame()
    df_output['Reason_for_reading_books'] = df_input['Reason for reading books'].isin(['Entertainment Purpose', 'Keep me informative']).astype(int)
    df_output['Amount_of_time_spent_reading_books_per_day'] = (df_input['Amount of time spent reading books per day'] < 1).astype(int)
    df_output['Frequency_of_reading_books'] = df_input['Frequency of reading books'].isin(['A few times a week', 'Rarely', 'Occasionally']).astype(int)
    df_output['Number_of_printed_books_read_last_two_years'] = df_input['Number of printed books you read last two years'].isin(['1-5', float('nan')]).astype(int)
    df_output['Number_of_e_books_read_last_two_years'] = df_input['Number of e-books you read last two years'].isin(['1-5', float('nan')]).astype(int)
    df_output['Favorite_books_for_leisure_time'] = df_input['Favorite books for reading to spend leisure time'].isin(['Fiction', 'Politics']).astype(int)
    df_output['What_is_the_change_felt_after_reading_books'] = df_input['What is the change that you fell after reading books'].isin(['Feel Relax', 'Increase Self-confidence']).astype(int)
    df_output['Department'] = df_input['Department'].isin(['BBA', 'English', 'JMC', 'Others']).astype(int)
    df_output['Do_you_read_Newspaper'] = (df_input['Do you read Newspaper'] == 'Yes').astype(int)
    df_output['How_to_manage_books_for_reading'] = df_input['How to manage books for reading'].isin(['Others', 'Borrow']).astype(int)
    return df_output

---DIVIDER---

def extracting_features_1(df_input):
    df_output = pd.DataFrame()
    df_output['Reason_for_reading_books_is_Academic_Purpose'] = (df_input['Reason for reading books'] == 'Academic Purpose').astype(int)
    df_output['Amount_of_time_spent_reading_books_per_day_ge_1'] = (df_input['Amount of time spent reading books per day'] >= 1).astype(int)
    df_output['Frequency_of_reading_books_is_On_everyday_basis'] = (df_input['Frequency of reading books'] == 'On everyday basis').astype(int)
    df_output['Number_of_printed_books_read_last_two_years_in_range'] = df_input['Number of printed books you read last two years'].isin(['6-10', '11-15', '16-20', 'More than 20']).astype(int)
    df_output['Number_of_ebooks_read_last_two_years_in_range'] = df_input['Number of e-books you read last two years'].isin(['6-10', '11-15', '16-20', 'More than 20']).astype(int)
    df_output['Favorite_books_for_leisure_time_in_Non_Fiction_Biography'] = df_input['Favorite books for reading to spend leisure time'].isin(['Non-Fiction', 'Biography']).astype(int)
    df_output['What_is_the_change_felt_after_reading_books_is_Increase_Academic_Performance'] = (df_input['What is the change that you fell after reading books'] == 'Increase Academic Performance').astype(int)
    df_output['Department_in_selected'] = df_input['Department'].isin(['CSE', 'SWE', 'Pharmacy', 'EEE', 'Civil', 'CIS', 'Textile']).astype(int)
    df_output['The_format_used_for_reading_books_is_Both'] = (df_input['The format that you used for reading books'] == 'Both').astype(int)
    df_output['Who_influenced_you_to_read_books_is_Self_Decision'] = (df_input['Who influenced you to read books'] == 'Self-Decision').astype(int)
    return df_output

---VERSION---



---VERSION---

def extracting_features_0(df_input):
    df_output = pd.DataFrame()
    df_output['Reason_for_reading_books'] = df_input['Reason for reading books'].isin(['Entertainment Purpose', 'Keep me informative']).astype(int)
    df_output['Department'] = df_input['Department'].isin(['BBA', 'English', 'JMC', 'Textile', 'Others']).astype(int)
    df_output['Amount_of_time_spent_reading_books_per_day'] = (df_input['Amount of time spent reading books per day'] < 1).astype(int)
    df_output['Frequency_of_reading_books'] = df_input['Frequency of reading books'].isin(['A few times a week', 'Rarely', 'Once a week']).astype(int)
    df_output['Number_of_printed_books_read_last_two_years'] = df_input['Number of printed books you read last two years'].isin(['1-5', float('nan')]).astype(int)
    df_output['Number_of_ebooks_read_last_two_years'] = df_input['Number of e-books you read last two years'].isin(['1-5', float('nan')]).astype(int)
    df_output['Favorite_books_for_leisure'] = df_input['Favorite books for reading to spend leisure time'].isin(['Fiction', 'Politics']).astype(int)
    df_output['Change_after_reading_books'] = df_input['What is the change that you fell after reading books'].isin(['Increase Creative Thinking', 'Increase Vocabulary Knowledge']).astype(int)
    df_output['Who_influenced_to_read_books'] = df_input['Who influenced you to read books'].isin(['Friends', 'Family']).astype(int)
    df_output['Format_used_for_reading_books'] = df_input['The format that you used for reading books'].isin(['E-books', 'Others']).astype(int)
    return df_output

---DIVIDER---

def extracting_features_1(df_input):
    df_output = pd.DataFrame()
    df_output['Reason_for_reading_books_is_Academic_Purpose'] = (df_input['Reason for reading books'] == 'Academic Purpose').astype(int)
    df_output['Department_in_selected'] = df_input['Department'].isin(['CSE', 'SWE', 'Pharmacy', 'EEE', 'Civil', 'CIS', 'MCT']).astype(int)
    df_output['Amount_of_time_spent_reading_books_per_day_ge_1'] = (df_input['Amount of time spent reading books per day'] >= 1).astype(int)
    df_output['Frequency_of_reading_books_in_selected'] = df_input['Frequency of reading books'].isin(['On everyday basis', 'Almost every day']).astype(int)
    df_output['Number_of_printed_books_read_last_two_years_in_selected'] = df_input['Number of printed books you read last two years'].isin(['More than 20', '16-20', '11-15']).astype(int)
    df_output['Number_of_ebooks_read_last_two_years_in_selected'] = df_input['Number of e-books you read last two years'].isin(['More than 20', '16-20', '11-15']).astype(int)
    df_output['Change_after_reading_books_is_Increase_Academic_Performance'] = (df_input['What is the change that you fell after reading books'] == 'Increase Academic Performance').astype(int)
    df_output['Who_influenced_you_to_read_books_is_Teachers'] = (df_input['Who influenced you to read books'] == 'Teachers').astype(int)
    df_output['Format_used_for_reading_books_is_Both'] = (df_input['The format that you used for reading books'] == 'Both').astype(int)
    df_output['Favorite_books_for_leisure_is_Non_Fiction'] = (df_input['Favorite books for reading to spend leisure time'] == 'Non-Fiction').astype(int)
    return df_output

---VERSION---

def extracting_features_0(df_input):
    df_output = pd.DataFrame()
    df_output['Reason_for_reading_books'] = df_input['Reason for reading books'].isin(['Entertainment Purpose', 'To increase my English vocabulary knowledge']).astype(int)
    df_output['Frequency_of_reading_books'] = df_input['Frequency of reading books'].isin(['Less than once a year', 'Once a month']).astype(int)
    df_output['Amount_of_time_spent_reading_books_per_day'] = (df_input['Amount of time spent reading books per day'] < 0.5).astype(int)
    df_output['Number_of_printed_books_read_last_two_years'] = df_input['Number of printed books you read last two years'].isin(['1-5', float('nan')]).astype(int)
    df_output['Number_of_ebooks_read_last_two_years'] = df_input['Number of e-books you read last two years'].isin([float('nan'), '1-5']).astype(int)
    df_output['Favorite_books_for_leisure'] = df_input['Favorite books for reading to spend leisure time'].isin(['Fiction', 'Biography']).astype(int)
    df_output['Where_do_you_read_printed_books'] = (df_input['Where do you read printed books'] == 'Home').astype(int)
    df_output['How_to_manage_books_for_reading'] = df_input['How to manage books for reading'].isin(['Others', 'Used-all']).astype(int)
    df_output['Department'] = df_input['Department'].isin(['English', 'BBA', 'JMC']).astype(int)
    df_output['Change_after_reading_books'] = (df_input['What is the change that you fell after reading books'] != 'Increase Academic Performance').astype(int)
    return df_output

---DIVIDER---

def extracting_features_1(df_input):
    df_output = pd.DataFrame()
    df_output['Reason_for_reading_books_is_Academic_Purpose'] = (df_input['Reason for reading books'] == 'Academic Purpose').astype(int)
    df_output['Frequency_of_reading_books_is_Daily_or_A_few_times_a_week'] = df_input['Frequency of reading books'].isin(['On everyday basis', 'A few times a week']).astype(int)
    df_output['Amount_of_time_spent_reading_books_per_day_gte_1'] = (df_input['Amount of time spent reading books per day'] >= 1).astype(int)
    df_output['Number_of_printed_books_read_last_two_years_in_More_than_20_16_20'] = df_input['Number of printed books you read last two years'].isin(['More than 20', '16-20']).astype(int)
    df_output['Number_of_e_books_read_last_two_years_in_More_than_20_16_20_11_15'] = df_input['Number of e-books you read last two years'].isin(['More than 20', '16-20', '11-15']).astype(int)
    df_output['Favorite_books_for_leisure_in_Non_Fiction_Politics'] = df_input['Favorite books for reading to spend leisure time'].isin(['Non-Fiction', 'Politics']).astype(int)
    df_output['Where_do_you_read_printed_books_is_Library'] = (df_input['Where do you read printed books'] == 'Library').astype(int)
    df_output['How_to_manage_books_for_reading_in_Buy_Borrow'] = df_input['How to manage books for reading'].isin(['Buy', 'Borrow']).astype(int)
    df_output['Department_in_CSE_SWE_Pharmacy_EEE_Civil_Textile_CIS'] = df_input['Department'].isin(['CSE', 'SWE', 'Pharmacy', 'EEE', 'Civil', 'Textile', 'CIS']).astype(int)
    df_output['What_is_the_change_after_reading_books_is_Increase_Academic_Performance'] = (df_input['What is the change that you fell after reading books'] == 'Increase Academic Performance').astype(int)
    return df_output

---VERSION---

def extracting_features_0(df_input):
    df_output = pd.DataFrame()
    df_output['Reason_for_reading_books'] = df_input['Reason for reading books'].isin(['Entertainment Purpose', 'To increase my English vocabulary knowledge', 'Keep me informative']).astype(int)
    df_output['Department'] = df_input['Department'].isin(['English', 'BBA', 'JMC', 'Textile', 'Others']).astype(int)
    df_output['Amount_of_time_spent_reading_books_per_day'] = (df_input['Amount of time spent reading books per day'] < 1).astype(int)
    df_output['Frequency_of_reading_books'] = df_input['Frequency of reading books'].isin(['A few times a month', 'Less than once a year']).astype(int)
    df_output['Number_of_e_books_you_read_last_two_years'] = df_input['Number of e-books you read last two years'].isin(['1-5', float('nan')]).astype(int)
    df_output['Number_of_printed_books_you_read_last_two_years'] = df_input['Number of printed books you read last two years'].isin(['1-5', float('nan')]).astype(int)
    df_output['Favorite_books_for_reading_to_spend_leisure_time'] = df_input['Favorite books for reading to spend leisure time'].isin(['Fiction', 'Politics', 'Others']).astype(int)
    df_output['What_is_the_change_that_you_felt_after_reading_books'] = (df_input['What is the change that you fell after reading books'] != 'Increase Academic Performance').astype(int)
    df_output['How_to_manage_books_for_reading'] = df_input['How to manage books for reading'].isin(['Borrow', 'Others']).astype(int)
    df_output['The_format_that_you_used_for_reading_books'] = df_input['The format that you used for reading books'].isin(['Printed', 'Others']).astype(int)
    return df_output

---DIVIDER---

def extracting_features_1(df_input):
    df_output = pd.DataFrame()
    df_output['Reason_for_reading_books_is_Academic_Purpose'] = (df_input['Reason for reading books'] == 'Academic Purpose').astype(int)
    df_output['Department_in_selected'] = df_input['Department'].isin(['CSE', 'SWE', 'Pharmacy', 'EEE', 'Civil', 'CIS', 'MCT']).astype(int)
    df_output['Amount_of_time_spent_reading_books_per_day_ge_1'] = (df_input['Amount of time spent reading books per day'] >= 1).astype(int)
    df_output['Frequency_of_reading_books_in_selected'] = df_input['Frequency of reading books'].isin(['On everyday basis', 'A few times a week']).astype(int)
    df_output['Number_of_e_books_read_last_two_years_in_selected'] = df_input['Number of e-books you read last two years'].isin(['6-10', '11-15', '16-20', 'More than 20']).astype(int)
    df_output['Number_of_printed_books_read_last_two_years_in_selected'] = df_input['Number of printed books you read last two years'].isin(['6-10', '11-15', '16-20', 'More than 20']).astype(int)
    df_output['Change_after_reading_books_is_Increase_Academic_Performance'] = (df_input['What is the change that you fell after reading books'] == 'Increase Academic Performance').astype(int)
    df_output['How_to_manage_books_for_reading_in_selected'] = df_input['How to manage books for reading'].isin(['E-books', 'Buy', 'Used-all']).astype(int)
    df_output['Format_used_for_reading_books_in_selected'] = df_input['The format that you used for reading books'].isin(['Both', 'E-books']).astype(int)
    df_output['Favorite_books_for_leisure_in_selected'] = df_input['Favorite books for reading to spend leisure time'].isin(['Non-Fiction', 'Biography']).astype(int)
    return df_output

---VERSION---

def extracting_features_0(df_input):
    import numpy as np
    df_output = pd.DataFrame()
    df_output['Department_in_list'] = df_input['Department'].isin(['BBA', 'English', 'JMC', 'Others', 'Textile']).astype(int)
    df_output['Reason_for_reading_in_list'] = df_input['Reason for reading books'].isin(['Entertainment Purpose', 'Keep me informative', 'To increase my English vocabulary knowledge']).astype(int)
    df_output['Amount_time_reading_lt_1'] = (df_input['Amount of time spent reading books per day'] < 1).astype(int)
    df_output['Number_ebooks_in_list'] = df_input['Number of e-books you read last two years'].isin([np.nan, '1-5']).astype(int)
    df_output['Number_printed_books_in_list'] = df_input['Number of printed books you read last two years'].isin([np.nan, '1-5']).astype(int)
    df_output['Favorite_books_in_list'] = df_input['Favorite books for reading to spend leisure time'].isin(['Fiction', 'Politics']).astype(int)
    df_output['Frequency_reading_in_list'] = df_input['Frequency of reading books'].isin(['A few times a week', 'Rarely']).astype(int)
    df_output['Change_after_reading_in_list'] = df_input['What is the change that you fell after reading books'].isin(['Increase Creative Thinking', 'Others']).astype(int)
    df_output['Manage_books_in_list'] = df_input['How to manage books for reading'].isin(['E-books', 'Others']).astype(int)
    df_output['Age_in_range'] = ((df_input['Age'] >= 17) & (df_input['Age'] <= 20)).astype(int)
    return df_output

---DIVIDER---

def extracting_features_1(df_input):
    df_output = pd.DataFrame()
    df_output['Department_in_selected'] = df_input['Department'].isin(['CSE', 'SWE', 'Pharmacy', 'EEE', 'Civil', 'CIS', 'MCT']).astype(int)
    df_output['Reason_Academic_Purpose'] = (df_input['Reason for reading books'] == 'Academic Purpose').astype(int)
    df_output['Time_spent_reading_>=1'] = (df_input['Amount of time spent reading books per day'] >= 1).astype(int)
    df_output['Ebooks_read_selected'] = df_input['Number of e-books you read last two years'].isin(['6-10', '11-15', '16-20', 'More than 20']).astype(int)
    df_output['Printed_books_read_selected'] = df_input['Number of printed books you read last two years'].isin(['6-10', '11-15', '16-20', 'More than 20']).astype(int)
    df_output['Favorite_books_selected'] = df_input['Favorite books for reading to spend leisure time'].isin(['Non-Fiction', 'Biography']).astype(int)
    df_output['Frequency_On_everyday_basis'] = (df_input['Frequency of reading books'] == 'On everyday basis').astype(int)
    df_output['Change_Increase_Academic_Performance'] = (df_input['What is the change that you fell after reading books'] == 'Increase Academic Performance').astype(int)
    df_output['Manage_books_selected'] = df_input['How to manage books for reading'].isin(['Used-all', 'Buy', 'Borrow']).astype(int)
    df_output['Age_in_range_21_25'] = df_input['Age'].between(21, 25).astype(int)
    return df_output

---VERSION---

def extracting_features_0(df_input):
    df_output = pd.DataFrame()
    df_output['Reason_for_reading_books'] = df_input['Reason for reading books'].isin(['Entertainment Purpose', 'Keep me informative', 'To increase my English vocabulary knowledge']).astype(int)
    df_output['Department'] = df_input['Department'].isin(['BBA', 'English', 'JMC', 'Others']).astype(int)
    df_output['Amount_of_time_spent_reading_books_per_day'] = (df_input['Amount of time spent reading books per day'] < 1).astype(int)
    df_output['Number_of_printed_books_last_two_years'] = df_input['Number of printed books you read last two years'].isin(['1-5', float('nan')]).astype(int)
    df_output['Number_of_ebooks_last_two_years'] = df_input['Number of e-books you read last two years'].isin(['1-5', float('nan')]).astype(int)
    df_output['Favorite_books_for_leisure'] = df_input['Favorite books for reading to spend leisure time'].isin(['Fiction', 'Politics', 'Others']).astype(int)
    df_output['Frequency_of_reading_books'] = df_input['Frequency of reading books'].isin(['Once a week', 'Occasionally', 'Rarely']).astype(int)
    df_output['Change_after_reading_books'] = df_input['What is the change that you fell after reading books'].isin(['Relax', 'No Change', 'Increase Interest in Entertainment']).astype(int)
    df_output['How_to_manage_books'] = df_input['How to manage books for reading'].isin(['Buy', 'Others']).astype(int)
    df_output['Do_you_read_Newspaper'] = (df_input['Do you read Newspaper'] == 'No').astype(int)
    return df_output

---DIVIDER---

def extracting_features_1(df_input):
    df_output = pd.DataFrame()
    df_output['Reason_for_reading_books_is_Academic_Purpose'] = (df_input['Reason for reading books'] == 'Academic Purpose').astype(int)
    df_output['Department_in_selected'] = df_input['Department'].isin(['CSE', 'SWE', 'Pharmacy', 'EEE', 'Civil', 'MCT', 'CIS']).astype(int)
    df_output['Amount_of_time_spent_reading_books_per_day_ge_1'] = (df_input['Amount of time spent reading books per day'] >= 1).astype(int)
    df_output['Number_of_printed_books_last_two_years_in_selected'] = df_input['Number of printed books you read last two years'].isin(['6-10', '11-15', '16-20', 'More than 20']).astype(int)
    df_output['Number_of_ebooks_last_two_years_in_selected'] = df_input['Number of e-books you read last two years'].isin(['6-10', '11-15', '16-20', 'More than 20']).astype(int)
    df_output['Favorite_books_for_leisure_in_selected'] = df_input['Favorite books for reading to spend leisure time'].isin(['Non-Fiction', 'Biography']).astype(int)
    df_output['Frequency_of_reading_books_is_On_everyday_basis'] = (df_input['Frequency of reading books'] == 'On everyday basis').astype(int)
    df_output['Change_after_reading_books_in_selected'] = df_input['What is the change that you fell after reading books'].isin(['Increase Academic Performance', 'Increase Creative Thinking']).astype(int)
    df_output['How_to_manage_books_in_selected'] = df_input['How to manage books for reading'].isin(['E-books', 'Borrow', 'Used-all']).astype(int)
    df_output['Format_used_for_reading_books_is_Both'] = (df_input['The format that you used for reading books'] == 'Both').astype(int)
    return df_output