def extracting_features_0(df_input):
    df_output = pd.DataFrame()
    df_output['The_reason_of_the_call_Complaints'] = (df_input['The_reason_of_the_call'] == 'Complaints').astype(int)
    df_output['Call_center_employee_communication_skills_evaluation_lt_3'] = (df_input['Call_center_employee_communication_skills_evaluation'] < 3.0).astype(int)
    df_output['Satisfaction_with_the_doctors_response_lt_3'] = (df_input['Satisfaction_with_the_doctors_response'] < 3.0).astype(int)
    df_output['How_often_do_you_receive_call_center_news_lt_3'] = (df_input['How_often_do_you_receive_call_center_news'] < 3.0).astype(int)
    df_output['Call_151_Yes'] = (df_input['Call_151'] == 'Yes').astype(int)
    df_output['Aware_151_No'] = (df_input['Aware_151'] == 'No').astype(int)
    df_output['Education_High_school_or_Less'] = df_input['Education'].isin(['High school', 'Less than high school']).astype(int)
    df_output['Age_18_24'] = (df_input['Age'] == '18-24').astype(int)
    df_output['Nationality_Other_nationality'] = (df_input['Nationality'] == 'Other nationality').astype(int)
    df_output['Governorate_AlAhmadi_or_Jahra'] = df_input['Governorate'].isin(['AlAhmadi', 'Jahra']).astype(int)
    return df_output

---DIVIDER---

def extracting_features_1(df_input):
    df_output = pd.DataFrame()
    df_output['The_reason_of_the_call'] = df_input['The_reason_of_the_call'].isin(['Medical_Consultation', 'Vaccination', 'Inquiries', 'Inquiries_COVID19']).astype(int)
    df_output['Call_center_employee_communication_skills_evaluation'] = (df_input['Call_center_employee_communication_skills_evaluation'] >= 3.0).astype(int)
    df_output['Satisfaction_with_the_doctors_response'] = (df_input['Satisfaction_with_the_doctors_response'] >= 3.0).astype(int)
    df_output['How_often_do_you_receive_call_center_news'] = (df_input['How_often_do_you_receive_call_center_news'] >= 3.0).astype(int)
    df_output['Call_151'] = df_input['Call_151'].isin(['No']).astype(int)
    df_output['Aware_151'] = df_input['Aware_151'].isin(['Yes']).astype(int)
    df_output['Education'] = df_input['Education'].isin(['Bachelor', 'Master', 'Doctor']).astype(int)
    df_output['Age'] = df_input['Age'].isin(['25-29', '30-39', '40-49', '50-59', '60 and above']).astype(int)
    df_output['Nationality'] = df_input['Nationality'].isin(['Kuwaiti']).astype(int)
    df_output['Governorate'] = df_input['Governorate'].isin(['Farwaniya', 'Capital', 'Around', 'Mubarak AlKabir']).astype(int)
    return df_output

---VERSION---

def extracting_features_0(df_input):
    df_output = pd.DataFrame()
    df_output['The_reason_of_the_call_Complaints'] = (df_input['The_reason_of_the_call'] == 'Complaints').astype(int)
    df_output['Call_center_employee_communication_skills_evaluation_le_3'] = (df_input['Call_center_employee_communication_skills_evaluation'] <= 3.0).astype(int)
    df_output['Satisfaction_with_the_doctors_response_le_3'] = (df_input['Satisfaction_with_the_doctors_response'] <= 3.0).astype(int)
    df_output['Call_151_Yes'] = (df_input['Call_151'] == 'Yes').astype(int)
    df_output['Aware_151_Yes'] = (df_input['Aware_151'] == 'Yes').astype(int)
    df_output['Gender_Male'] = (df_input['Gender'] == 'Male').astype(int)
    df_output['Age_18_24'] = (df_input['Age'] == '18-24').astype(int)
    df_output['How_often_do_you_receive_call_center_news_ge_2_5'] = (df_input['How_often_do_you_receive_call_center_news'] >= 2.5).astype(int)
    df_output['Education_High_school_or_Bachelor'] = df_input['Education'].isin(['High school', 'Bachelor']).astype(int)
    df_output['Nationality_Kuwaiti'] = (df_input['Nationality'] == 'Kuwaiti').astype(int)
    return df_output

---DIVIDER---

def extracting_features_1(df_input):
    df_output = pd.DataFrame()
    df_output['The_reason_of_the_call_condition'] = df_input['The_reason_of_the_call'].isin(['Medical_Consultation', 'Inquiries', 'Vaccination', 'Inquiries_COVID19']).astype(int)
    df_output['Call_center_employee_communication_skills_evaluation_condition'] = (df_input['Call_center_employee_communication_skills_evaluation'] >= 3.0).astype(int)
    df_output['Satisfaction_with_the_doctors_response_condition'] = (df_input['Satisfaction_with_the_doctors_response'] >= 2.8).astype(int)
    df_output['Call_151_condition'] = (df_input['Call_151'] == 'No').astype(int)
    df_output['Aware_151_condition'] = (df_input['Aware_151'] == 'No').astype(int)
    df_output['Gender_condition'] = (df_input['Gender'] == 'Female').astype(int)
    df_output['Age_condition'] = df_input['Age'].isin(['30-39', '25-29']).astype(int)
    df_output['How_often_do_you_receive_call_center_news_condition'] = (df_input['How_often_do_you_receive_call_center_news'] <= 2.5).astype(int)
    df_output['Education_condition'] = df_input['Education'].isin(['Bachelor', 'Diploma', 'Master']).astype(int)
    df_output['Marital_Status_condition'] = df_input['Marital_Status'].isin(['Widow', 'Single']).astype(int)
    return df_output

---VERSION---

def extracting_features_0(df_input):
    df_output = pd.DataFrame()
    df_output['The_reason_of_the_call_Complaints'] = (df_input['The_reason_of_the_call'] == 'Complaints').astype(int)
    df_output['Call_center_employee_communication_skills_evaluation_leq_3'] = (df_input['Call_center_employee_communication_skills_evaluation'] <= 3.0).astype(int)
    df_output['Satisfaction_with_the_doctors_response_leq_3'] = (df_input['Satisfaction_with_the_doctors_response'] <= 3.0).astype(int)
    df_output['Call_151_No'] = (df_input['Call_151'] == 'No').astype(int)
    df_output['Aware_151_Yes'] = (df_input['Aware_151'] == 'Yes').astype(int)
    df_output['Gender_Male'] = (df_input['Gender'] == 'Male').astype(int)
    df_output['Age_18_24'] = (df_input['Age'] == '18-24').astype(int)
    df_output['Education_Highschool_or_Diploma'] = df_input['Education'].isin(['High school', 'Diploma']).astype(int)
    df_output['Nationality_Kuwaiti_or_Other'] = df_input['Nationality'].isin(['Kuwaiti', 'Other nationality']).astype(int)
    df_output['How_often_do_you_receive_call_center_news_in_range'] = ((df_input['How_often_do_you_receive_call_center_news'] >= 2.0) & (df_input['How_often_do_you_receive_call_center_news'] <= 4.1)).astype(int)
    return df_output

---DIVIDER---

def extracting_features_1(df_input):
    df_output = pd.DataFrame()
    df_output['The_reason_of_the_call_condition'] = df_input['The_reason_of_the_call'].isin(['Medical_Consultation', 'Vaccination', 'Inquiries', 'Inquiries_COVID19']).astype(int)
    df_output['Call_center_employee_communication_skills_evaluation_condition'] = (df_input['Call_center_employee_communication_skills_evaluation'] >= 3.0).astype(int)
    df_output['Satisfaction_with_the_doctors_response_condition'] = (df_input['Satisfaction_with_the_doctors_response'] >= 2.857).astype(int)
    df_output['Call_151_condition'] = df_input['Call_151'].isin(['Yes', 'No']).astype(int)
    df_output['Aware_151_condition'] = df_input['Aware_151'].isin(['Yes', 'No']).astype(int)
    df_output['Gender_condition'] = (df_input['Gender'] == 'Female').astype(int)
    df_output['Age_condition'] = df_input['Age'].isin(['18-24', '30-39']).astype(int)
    df_output['Education_condition'] = df_input['Education'].isin(['Bachelor', 'Diploma', 'Master', 'Doctor']).astype(int)
    df_output['Nationality_condition'] = (df_input['Nationality'] == 'Kuwaiti').astype(int)
    df_output['How_often_do_you_receive_call_center_news_condition'] = df_input['How_often_do_you_receive_call_center_news'].between(1.6, 3.5).astype(int)
    return df_output

---VERSION---

def extracting_features_0(df_input):  
    df_output = pd.DataFrame()  
    df_output['The_reason_of_the_call_Complaints'] = (df_input['The_reason_of_the_call'] == 'Complaints').astype(int)  
    df_output['Call_center_employee_communication_skills_evaluation_le_3'] = (df_input['Call_center_employee_communication_skills_evaluation'] <= 3.0).astype(int)  
    df_output['Satisfaction_with_the_doctors_response_le_3'] = (df_input['Satisfaction_with_the_doctors_response'] <= 3.0).astype(int)  
    df_output['Gender_Male'] = (df_input['Gender'] == 'Male').astype(int)  
    df_output['Age_18_24'] = (df_input['Age'] == '18-24').astype(int)  
    df_output['Call_151_No'] = (df_input['Call_151'] == 'No').astype(int)  
    df_output['Aware_151_No'] = (df_input['Aware_151'] == 'No').astype(int)  
    df_output['How_often_do_you_receive_call_center_news_le_3'] = (df_input['How_often_do_you_receive_call_center_news'] <= 3.0).astype(int)  
    df_output['Nationality_Kuwaiti'] = (df_input['Nationality'] == 'Kuwaiti').astype(int)  
    df_output['Education_High_school'] = (df_input['Education'] == 'High school').astype(int)  
    return df_output

---DIVIDER---

def extracting_features_1(df_input):
    df_output = pd.DataFrame()
    df_output['Call_center_employee_communication_skills_evaluation_gt_3'] = (df_input['Call_center_employee_communication_skills_evaluation'] > 3.0).astype(int)
    df_output['Satisfaction_with_the_doctors_response_gt_3'] = (df_input['Satisfaction_with_the_doctors_response'] > 3.0).astype(int)
    df_output['Gender_Female'] = (df_input['Gender'] == 'Female').astype(int)
    df_output['The_reason_of_the_call_Medical_Consultation'] = (df_input['The_reason_of_the_call'] == 'Medical_Consultation').astype(int)
    df_output['Call_151_Yes'] = (df_input['Call_151'] == 'Yes').astype(int)
    df_output['Aware_151_Yes'] = (df_input['Aware_151'] == 'Yes').astype(int)
    df_output['How_often_do_you_receive_call_center_news_gt_3'] = (df_input['How_often_do_you_receive_call_center_news'] > 3.0).astype(int)
    df_output['Age_30_39'] = (df_input['Age'] == '30-39').astype(int)
    df_output['Marital_Status_Widow'] = (df_input['Marital_Status'] == 'Widow').astype(int)
    df_output['Governorate_Farwaniya'] = (df_input['Governorate'] == 'Farwaniya').astype(int)
    return df_output

---VERSION---

def extracting_features_0(df_input):
    df_output = pd.DataFrame()
    df_output['The_reason_of_the_call_Complaints'] = (df_input['The_reason_of_the_call'] == 'Complaints').astype(int)
    df_output['Call_center_employee_communication_skills_evaluation_leq_3'] = (df_input['Call_center_employee_communication_skills_evaluation'] <= 3.0).astype(int)
    df_output['Satisfaction_with_the_doctors_response_leq_3'] = (df_input['Satisfaction_with_the_doctors_response'] <= 3.0).astype(int)
    df_output['Call_151_No'] = (df_input['Call_151'] == 'No').astype(int)
    df_output['Aware_151_No'] = (df_input['Aware_151'] == 'No').astype(int)
    df_output['How_often_do_you_receive_call_center_news_lt_3'] = (df_input['How_often_do_you_receive_call_center_news'] < 3.0).astype(int)
    df_output['Age_18_24'] = (df_input['Age'] == '18-24').astype(int)
    df_output['Education_High_school_Bachelor'] = df_input['Education'].isin(['High school', 'Bachelor']).astype(int)
    df_output['Nationality_Other_nationality'] = (df_input['Nationality'] == 'Other nationality').astype(int)
    df_output['Gender_Male'] = (df_input['Gender'] == 'Male').astype(int)
    return df_output

---DIVIDER---

def extracting_features_1(df_input):  
    df_output = pd.DataFrame()  
    df_output['The_reason_of_the_call'] = df_input['The_reason_of_the_call'].isin(['Medical_Consultation', 'Inquiries', 'Vaccination', 'Inquiries_COVID19']).astype(int)  
    df_output['Call_center_employee_communication_skills_evaluation'] = (df_input['Call_center_employee_communication_skills_evaluation'] > 3.0).astype(int)  
    df_output['Satisfaction_with_the_doctors_response'] = (df_input['Satisfaction_with_the_doctors_response'] > 3.0).astype(int)  
    df_output['Call_151'] = df_input['Call_151'].isin(['Yes']).astype(int)  
    df_output['Aware_151'] = df_input['Aware_151'].isin(['Yes']).astype(int)  
    df_output['How_often_do_you_receive_call_center_news'] = (df_input['How_often_do_you_receive_call_center_news'] >= 2.0).astype(int)  
    df_output['Age'] = df_input['Age'].isin(['30-39', '40-49', '50-59']).astype(int)  
    df_output['Education'] = df_input['Education'].isin(['Diploma', 'Master', 'Doctor']).astype(int)  
    df_output['Gender'] = df_input['Gender'].isin(['Female']).astype(int)  
    df_output['Marital_Status'] = df_input['Marital_Status'].isin(['Widow', 'Married']).astype(int)  
    return df_output