def extracting_features_0(df_input):  
    df_output = pd.DataFrame()  
    df_output['social_connection_frequency'] = df_input['social_connection_frequency'].str.strip().str.capitalize().isin(['Monthly', 'Never']).astype(int)  
    df_output['gathering_size_preference'] = df_input['gathering_size_preference'].str.strip().str.title().isin(['Large Events', 'Never']).astype(int)  
    df_output['valued_friendship_traits'] = df_input['valued_friendship_traits'].str.strip().str.capitalize() == 'Loyalty'  
    df_output['valued_friendship_traits'] = df_output['valued_friendship_traits'].astype(int)  
    df_output['conflict_resolution_style'] = df_input['conflict_resolution_style'].str.strip().str.title().isin(['Avoid Conflict', 'Let Time Fix It']).astype(int)  
    df_output['family_support_level'] = df_input['family_support_level'].str.strip().str.capitalize().isin(['No', 'Never']).astype(int)  
    df_output['social_battery_recharge'] = df_input['social_battery_recharge'].str.strip().str.title() == 'Talking To Someone'  
    df_output['social_battery_recharge'] = df_output['social_battery_recharge'].astype(int)  
    df_output['social_orientation_type'] = df_input['social_orientation_type'].str.strip().str.capitalize().isin(['Not Sure', 'Introvert']).astype(int)  
    df_output['social_anxiety_level'] = df_input['social_anxiety_level'].str.strip().str.capitalize().isin(['Neutral', 'Avoid It']).astype(int)  
    df_output['emotional_expression_method'] = df_input['emotional_expression_method'].str.strip().str.title().isin(['Express Emotion Strongly', 'Stay Silent']).astype(int)  
    df_output['primary_anger_sources'] = df_input['primary_anger_sources'].str.strip().str.title() == 'Being Interrupted'  
    df_output['primary_anger_sources'] = df_output['primary_anger_sources'].astype(int)  
    return df_output

---DIVIDER---

def extracting_features_1(df_input):
    df_output = pd.DataFrame()
    df_output['social_connection_frequency'] = df_input['social_connection_frequency'].str.capitalize().isin(['Daily', 'Weekly']).astype(int)
    df_output['gathering_size_preference'] = df_input['gathering_size_preference'].str.capitalize().isin(['Small gatherings', 'Both']).astype(int)
    df_output['valued_friendship_traits'] = df_input['valued_friendship_traits'].str.capitalize().isin(['Loyalty', 'Support', 'Honesty', 'All', 'All the three and trust', 'Understanding person']).astype(int)
    df_output['conflict_resolution_style'] = df_input['conflict_resolution_style'].str.capitalize().isin(['Talk it out', 'Apologize first']).astype(int)
    df_output['family_support_level'] = df_input['family_support_level'].str.capitalize().isin(['Yes', 'Sometimes']).astype(int)
    df_output['social_battery_recharge'] = df_input['social_battery_recharge'].str.capitalize().isin(['Alone time', 'Social media']).astype(int)
    df_output['social_orientation_type'] = df_input['social_orientation_type'].str.capitalize().isin(['Extrovert', 'Ambivert']).astype(int)
    df_output['social_anxiety_level'] = df_input['social_anxiety_level'].str.capitalize().isin(['Excited', 'Neutral']).astype(int)
    df_output['emotional_expression_method'] = df_input['emotional_expression_method'].str.capitalize().isin(['Talk openly', 'Express emotion strongly']).astype(int)
    df_output['primary_anger_sources'] = df_input['primary_anger_sources'].str.capitalize().isin(['Selfishness', 'Injustice']).astype(int)
    return df_output

---VERSION---



---VERSION---

def extracting_features_0(df_input):  
    df_output = pd.DataFrame()  
    df_output['social_connection_frequency'] = df_input['social_connection_frequency'].isin(['Monthly', 'Never']).astype(int)  
    df_output['gathering_size_preference'] = df_input['gathering_size_preference'].isin(['Large events', 'Never']).astype(int)  
    df_output['valued_friendship_traits'] = ((df_input['valued_friendship_traits'] == 'Loyalty')).astype(int)  
    df_output['conflict_resolution_style'] = df_input['conflict_resolution_style'].isin(['Avoid conflict', 'Let time fix it']).astype(int)  
    df_output['family_support_level'] = df_input['family_support_level'].isin(['No', 'Never']).astype(int)  
    df_output['social_battery_recharge'] = df_input['social_battery_recharge'].isin(['Alone time', 'Social media', 'None of the above']).astype(int)  
    df_output['social_orientation_type'] = df_input['social_orientation_type'].isin(['Introvert', 'Not sure']).astype(int)  
    df_output['social_anxiety_level'] = df_input['social_anxiety_level'].isin(['Avoid it', 'Nervous']).astype(int)  
    df_output['emotional_expression_method'] = df_input['emotional_expression_method'].isin(['Stay silent', 'Other']).astype(int)  
    df_output['primary_anger_sources'] = df_input['primary_anger_sources'].isin(['Injustice', 'Being interrupted']).astype(int)  
    return df_output

---DIVIDER---

def extracting_features_1(df_input):
    df_output = pd.DataFrame()
    df_output['social_connection_frequency'] = df_input['social_connection_frequency'].isin(['Daily', 'Weekly']).astype(int)
    df_output['gathering_size_preference'] = df_input['gathering_size_preference'].isin(['Small gatherings', 'Both']).astype(int)
    df_output['valued_friendship_traits'] = df_input['valued_friendship_traits'].isin(['Support', 'Honesty', 'All', 'All the three and trust', 'Understanding person']).astype(int)
    df_output['conflict_resolution_style'] = df_input['conflict_resolution_style'].isin(['Talk it out', 'Apologize first']).astype(int)
    df_output['family_support_level'] = df_input['family_support_level'].isin(['Yes', 'Sometimes']).astype(int)
    df_output['social_battery_recharge'] = df_input['social_battery_recharge'].isin(['Talking to someone']).astype(int)
    df_output['social_orientation_type'] = df_input['social_orientation_type'].isin(['Extrovert', 'Ambivert']).astype(int)
    df_output['social_anxiety_level'] = df_input['social_anxiety_level'].isin(['Excited', 'Neutral']).astype(int)
    df_output['emotional_expression_method'] = df_input['emotional_expression_method'].isin(['Talk openly', 'Express emotion strongly']).astype(int)
    df_output['primary_anger_sources'] = df_input['primary_anger_sources'].isin(['Selfishness']).astype(int)
    return df_output

---VERSION---

def extracting_features_0(df_input):
    df_output = pd.DataFrame()
    df_output['social_connection_frequency_monthly_or_never'] = df_input['social_connection_frequency'].str.lower().isin(['monthly', 'never']).astype(int)
    df_output['gathering_size_preference_large_or_never'] = df_input['gathering_size_preference'].str.lower().isin(['large events', 'never']).astype(int)
    cond_valued_traits = df_input['valued_friendship_traits'].str.lower().isin(['loyalty', 'honesty'])
    cond_social_freq = df_input['social_connection_frequency'].str.lower().isin(['monthly', 'never'])
    df_output['valued_friendship_traits_loyalty_honesty_and_social_freq_monthly_or_less'] = (cond_valued_traits & cond_social_freq).astype(int)
    df_output['conflict_resolution_style_avoid_or_let_time'] = df_input['conflict_resolution_style'].str.lower().isin(['avoid conflict', 'let time fix it']).astype(int)
    df_output['family_support_level_no_or_never'] = df_input['family_support_level'].str.lower().isin(['no', 'never']).astype(int)
    df_output['social_battery_recharge_alone_social_none'] = df_input['social_battery_recharge'].str.lower().isin(['alone time', 'social media', 'none of the above']).astype(int)
    df_output['social_orientation_type_introvert_or_not_sure'] = df_input['social_orientation_type'].str.lower().isin(['introvert', 'not sure']).astype(int)
    df_output['social_anxiety_level_avoid_or_nervous'] = df_input['social_anxiety_level'].str.lower().isin(['avoid it', 'nervous']).astype(int)
    df_output['emotional_expression_method_silent_or_other'] = df_input['emotional_expression_method'].str.lower().isin(['stay silent', 'other']).astype(int)
    cond_social_weekly = df_input['social_connection_frequency'].str.lower() == 'weekly'
    cond_conflict_avoid = df_input['conflict_resolution_style'].str.lower() == 'avoid conflict'
    cond_family_no = df_input['family_support_level'].str.lower() == 'no'
    df_output['social_weekly_and_conflict_avoid_and_family_no'] = (cond_social_weekly & cond_conflict_avoid & cond_family_no).astype(int)
    return df_output

---DIVIDER---

def extracting_features_1(df_input):
    df_output = pd.DataFrame()
    df_output['social_connection_frequency'] = df_input['social_connection_frequency'].str.strip().str.capitalize().isin(['Daily', 'Weekly']).astype(int)
    df_output['gathering_size_preference'] = df_input['gathering_size_preference'].str.strip().str.title().isin(['Small Gatherings', 'Both']).astype(int)
    df_output['valued_friendship_traits'] = df_input['valued_friendship_traits'].str.strip().str.title().isin(['Support', 'Loyalty', 'Honesty', 'All', 'All The Three And Trust', 'Understanding Person']).astype(int)
    df_output['conflict_resolution_style'] = df_input['conflict_resolution_style'].str.strip().str.title().isin(['Talk It Out', 'Apologize First']).astype(int)
    df_output['family_support_level'] = df_input['family_support_level'].str.strip().str.capitalize().isin(['Yes', 'Sometimes']).astype(int)
    df_output['social_battery_recharge'] = (df_input['social_battery_recharge'].str.strip() == 'Talking to someone').astype(int)
    df_output['social_orientation_type'] = df_input['social_orientation_type'].str.strip().str.title().isin(['Extrovert', 'Ambivert', 'Not Sure']).astype(int)
    df_output['social_anxiety_level'] = df_input['social_anxiety_level'].str.strip().str.capitalize().isin(['Excited', 'Neutral']).astype(int)
    df_output['emotional_expression_method'] = df_input['emotional_expression_method'].str.strip().str.title().isin(['Talk Openly', 'Express Emotion Strongly']).astype(int)
    df_output['social_connection_and_emotional_expression'] = (
        df_output['social_connection_frequency'] & df_output['emotional_expression_method']
    ).astype(int)
    return df_output

---VERSION---

def extracting_features_0(df_input):
    df_output = pd.DataFrame()
    df_output['social_connection_frequency'] = df_input['social_connection_frequency'].isin(['Monthly', 'Never']).astype(int)
    df_output['gathering_size_preference'] = df_input['gathering_size_preference'].isin(['Large events', 'Never']).astype(int)
    df_output['valued_friendship_traits'] = df_input['valued_friendship_traits'].isin(['Loyalty', 'Support']).astype(int)
    df_output.loc[df_input['valued_friendship_traits'].isin(['All', 'All the three and trust']), 'valued_friendship_traits'] = 0
    df_output['conflict_resolution_style'] = df_input['conflict_resolution_style'].isin(['Avoid conflict', 'Let time fix it']).astype(int)
    df_output['family_support_level'] = df_input['family_support_level'].str.capitalize().isin(['No', 'Never']).astype(int)
    df_output['social_battery_recharge'] = df_input['social_battery_recharge'].isin(['Alone time', 'Social media', 'None of the above']).astype(int)
    df_output['social_orientation_type'] = df_input['social_orientation_type'].isin(['Introvert', 'Not sure']).astype(int)
    df_output['social_anxiety_level'] = df_input['social_anxiety_level'].isin(['Avoid it', 'Nervous']).astype(int)
    df_output['emotional_expression_method'] = df_input['emotional_expression_method'].isin(['Stay silent', 'Other']).astype(int)
    df_output['primary_anger_sources'] = df_input['primary_anger_sources'].isin(['Being interrupted', 'Selfishness']).astype(int)
    return df_output

---DIVIDER---

def extracting_features_1(df_input):
    df_output = pd.DataFrame()
    df_output['social_connection_frequency'] = df_input['social_connection_frequency'].str.strip().str.capitalize().isin(['Daily', 'Weekly']).astype(int)
    df_output['gathering_size_preference'] = df_input['gathering_size_preference'].str.strip().str.title().isin(['Small Gatherings', 'Both']).astype(int)
    df_output['valued_friendship_traits'] = df_input['valued_friendship_traits'].str.strip().isin(['All', 'All the three and trust', 'Understanding person']).astype(int)
    df_output['conflict_resolution_style'] = df_input['conflict_resolution_style'].str.strip().str.title().isin(['Talk It Out', 'Apologize First']).astype(int)
    df_output['family_support_level'] = df_input['family_support_level'].str.strip().str.capitalize().isin(['Yes', 'Sometimes']).astype(int)
    df_output['social_battery_recharge'] = df_input['social_battery_recharge'].str.strip().str.title().isin(['Talking To Someone']).astype(int)
    df_output['social_orientation_type'] = df_input['social_orientation_type'].str.strip().str.capitalize().isin(['Extrovert', 'Ambivert']).astype(int)
    df_output['social_anxiety_level'] = df_input['social_anxiety_level'].str.strip().str.capitalize().isin(['Excited', 'Neutral']).astype(int)
    df_output['emotional_expression_method'] = df_input['emotional_expression_method'].str.strip().str.title().isin(['Talk Openly', 'Express Emotion Strongly']).astype(int)
    df_output['primary_anger_sources'] = df_input['primary_anger_sources'].str.strip().str.title().isin(['Injustice', 'Unnecessary Criticism']).astype(int)
    return df_output