

---VERSION---



---VERSION---



---VERSION---



---VERSION---



---VERSION---

def extracting_features_0(df_input):
    df_output = pd.DataFrame()
    df_output['Reason_for_reading_books'] = df_input['Reason for reading books'].isin(['Entertainment Purpose', 'To increase my English vocabulary knowledge', 'Keep me informative']).astype(int)
    df_output['Department'] = df_input['Department'].isin(['BBA', 'English', 'JMC', 'Textile', 'NFE', 'Others']).astype(int)
    df_output['Amount_of_time_spent_reading_books_per_day'] = (df_input['Amount of time spent reading books per day'] < 1).astype(int)
    df_output['Frequency_of_reading_books'] = df_input['Frequency of reading books'].isin(['Once a week', 'A few times a week', 'Rarely']).astype(int)
    df_output['Favorite_books_for_reading_to_spend_leisure_time'] = df_input['Favorite books for reading to spend leisure time'].isin(['Fiction', 'Politics', 'Others']).astype(int)
    df_output['Number_of_e_books_you_read_last_two_years'] = df_input['Number of e-books you read last two years'].isin(['1-5', float('nan')]).astype(int)
    df_output['Number_of_printed_books_you_read_last_two_years'] = df_input['Number of printed books you read last two years'].isin(['1-5', float('nan')]).astype(int)
    df_output['What_is_the_change_that_you_felt_after_reading_books'] = df_input['What is the change that you fell after reading books'].isin(['Increase Creative Thinking', 'Increase Vocabulary Knowledge']).astype(int)
    df_output['How_to_manage_books_for_reading'] = df_input['How to manage books for reading'].isin(['Borrow', 'Others']).astype(int)
    df_output['The_format_that_you_used_for_reading_books'] = df_input['The format that you used for reading books'].isin(['Printed only', 'Others']).astype(int)
    return df_output

---DIVIDER---

def extracting_features_1(df_input):
    df_output = pd.DataFrame()
    df_output['Reason_Academic_Purpose'] = (df_input['Reason for reading books'] == 'Academic Purpose').astype(int)
    df_output['Time_spent_reading_>=1'] = (df_input['Amount of time spent reading books per day'] >= 1).astype(int)
    df_output['Frequency_reading_books'] = df_input['Frequency of reading books'].isin(['On everyday basis', 'A few times a week']).astype(int)
    df_output['Department_selected'] = df_input['Department'].isin(['CSE', 'SWE', 'Pharmacy', 'EEE', 'Civil', 'CIS', 'MCT']).astype(int)
    df_output['Ebooks_read_last_2yrs'] = df_input['Number of e-books you read last two years'].isin(['6-10', '11-15', '16-20', 'More than 20']).astype(int)
    df_output['Printed_books_read_last_2yrs'] = df_input['Number of printed books you read last two years'].isin(['6-10', '11-15', '16-20', 'More than 20']).astype(int)
    df_output['Change_after_reading'] = (df_input['What is the change that you fell after reading books'] == 'Increase Academic Performance').astype(int)
    df_output['Manage_books_method'] = df_input['How to manage books for reading'].isin(['E-books', 'Buy', 'Used-all']).astype(int)
    df_output['Format_used_reading'] = df_input['The format that you used for reading books'].isin(['E-books', 'Both']).astype(int)
    df_output['Influenced_by'] = df_input['Who influenced you to read books'].isin(['Self-Decision', 'Teachers', 'Parents']).astype(int)
    return df_output

---VERSION---



---VERSION---

def extracting_features_0(df_input):
    df_output = pd.DataFrame()
    df_output['Reason_for_reading_books'] = df_input['Reason for reading books'].isin(['Entertainment Purpose', 'To increase my English vocabulary knowledge', 'Keep me informative']).astype(int)
    df_output['Frequency_of_reading_books_1'] = df_input['Frequency of reading books'].isin(['A few times a month', 'Rarely', 'Once a month']).astype(int)
    df_output['Favorite_books_for_leisure'] = df_input['Favorite books for reading to spend leisure time'].isin(['Fiction', 'Politics', 'Others']).astype(int)
    df_output['Amount_of_time_spent_reading_books_per_day'] = (df_input['Amount of time spent reading books per day'] <= 1).astype(int)
    df_output['Number_of_printed_books_last_two_years'] = df_input['Number of printed books you read last two years'].isin(['1-5', float('nan')]).astype(int)
    df_output['Number_of_ebooks_last_two_years'] = df_input['Number of e-books you read last two years'].isin(['1-5', float('nan')]).astype(int)
    df_output['Department'] = df_input['Department'].isin(['BBA', 'English', 'JMC', 'Others']).astype(int)
    df_output['Change_after_reading_books'] = (df_input['What is the change that you fell after reading books'] != 'Increase Academic Performance').astype(int)
    df_output['How_to_manage_books'] = df_input['How to manage books for reading'].isin(['Borrow', 'Others']).astype(int)
    freq_map = {
        'On everyday basis': 7,
        'A few times a week': 3,
        'A few times a month': 1,
        'Less than once a year': 0,
        'Once or twice a year': 0,
        'Rarely': 0,
        'Once a month': 1
    }
    freq_values = df_input['Frequency of reading books'].map(freq_map)
    df_output['Frequency_less_than_3_times_a_week'] = (freq_values < 3).astype(int)
    return df_output

---DIVIDER---

def extracting_features_1(df_input):
    df_output = pd.DataFrame()
    df_output['Reason_for_reading_books_is_Academic_Purpose'] = (df_input['Reason for reading books'] == 'Academic Purpose').astype(int)
    df_output['Frequency_of_reading_books_in_On_everyday_basis_or_A_few_times_a_week'] = df_input['Frequency of reading books'].isin(['On everyday basis', 'A few times a week']).astype(int)
    df_output['Amount_of_time_spent_reading_books_per_day_ge_2'] = (df_input['Amount of time spent reading books per day'] >= 2).astype(int)
    df_output['Number_of_printed_books_read_last_two_years_in_6_10_11_15_16_20_More_than_20'] = df_input['Number of printed books you read last two years'].isin(['6-10', '11-15', '16-20', 'More than 20']).astype(int)
    df_output['Number_of_ebooks_read_last_two_years_in_6_10_11_15_16_20_More_than_20'] = df_input['Number of e-books you read last two years'].isin(['6-10', '11-15', '16-20', 'More than 20']).astype(int)
    df_output['Department_in_CSE_SWE_Pharmacy_EEE_Civil_MCT_Textile_CIS'] = df_input['Department'].isin(['CSE', 'SWE', 'Pharmacy', 'EEE', 'Civil', 'MCT', 'Textile', 'CIS']).astype(int)
    df_output['Change_after_reading_books_is_Increase_Academic_Performance'] = (df_input['What is the change that you fell after reading books'] == 'Increase Academic Performance').astype(int)
    df_output['How_to_manage_books_in_Buy_Used_all_E_books'] = df_input['How to manage books for reading'].isin(['Buy', 'Used-all', 'E-books']).astype(int)
    df_output['Favorite_books_in_Non_Fiction_Biography'] = df_input['Favorite books for reading to spend leisure time'].isin(['Non-Fiction', 'Biography']).astype(int)
    freq_map = {
        'On everyday basis': 7,
        'A few times a week': 3,
        'A few times a month': 0.75,
        'Less than once a year': 0,
        'Once or twice a year': 0
    }
    freq_num = df_input['Frequency of reading books'].map(freq_map).fillna(0)
    df_output['Frequency_of_reading_books_ge_3_times_a_week'] = (freq_num >= 3).astype(int)
    return df_output

---VERSION---



---VERSION---

def extracting_features_0(df_input):
    df_output = pd.DataFrame()
    df_output['Reason_for_reading_books'] = df_input['Reason for reading books'].isin(['Entertainment Purpose', 'To increase my English vocabulary knowledge']).astype(int)
    df_output['Amount_of_time_spent_reading_books_per_day'] = (df_input['Amount of time spent reading books per day'] < 1).astype(int)
    df_output['Department'] = df_input['Department'].isin(['BBA', 'JMC', 'English', 'Others']).astype(int)
    df_output['Frequency_of_reading_books'] = (df_input['Frequency of reading books'] != 'On everyday basis').astype(int)
    df_output['Number_of_e_books_read_last_two_years'] = df_input['Number of e-books you read last two years'].isin([np.nan, '1-5']).astype(int)
    df_output['Number_of_printed_books_read_last_two_years'] = df_input['Number of printed books you read last two years'].isin([np.nan, '1-5']).astype(int)
    df_output['Favorite_books_for_leisure'] = df_input['Favorite books for reading to spend leisure time'].isin(['Fiction', 'Politics']).astype(int)
    df_output['How_to_manage_books'] = df_input['How to manage books for reading'].isin(['Others', 'Used-all']).astype(int)
    df_output['Change_after_reading_books'] = (df_input['What is the change that you fell after reading books'] != 'Increase Academic Performance').astype(int)
    df_output['Format_used_for_reading_books'] = df_input['The format that you used for reading books'].isin(['E-books', 'Borrow']).astype(int)
    return df_output

---DIVIDER---

def extracting_features_1(df_input):
    df_output = pd.DataFrame()
    df_output['Reason_for_reading_books_is_Academic_Purpose'] = (df_input['Reason for reading books'] == 'Academic Purpose').astype(int)
    df_output['Amount_of_time_spent_reading_books_per_day_ge_1'] = (df_input['Amount of time spent reading books per day'] >= 1).astype(int)
    df_output['Department_in_selected'] = df_input['Department'].isin(['CSE', 'SWE', 'Pharmacy', 'EEE', 'Civil', 'Textile', 'CIS']).astype(int)
    df_output['Frequency_of_reading_books_is_On_everyday_basis'] = (df_input['Frequency of reading books'] == 'On everyday basis').astype(int)
    df_output['Number_of_e_books_read_last_two_years_in_selected'] = df_input['Number of e-books you read last two years'].isin(['6-10', '11-15', '16-20', 'More than 20']).astype(int)
    df_output['Number_of_printed_books_read_last_two_years_in_selected'] = df_input['Number of printed books you read last two years'].isin(['6-10', '11-15', '16-20', 'More than 20']).astype(int)
    df_output['Favorite_books_for_leisure_in_selected'] = df_input['Favorite books for reading to spend leisure time'].isin(['Biography', 'Non-Fiction']).astype(int)
    df_output['Change_after_reading_in_selected'] = df_input['What is the change that you fell after reading books'].isin(['Increase Academic Performance', 'Increase Creative Thinking']).astype(int)
    df_output['Format_used_for_reading_is_Both'] = (df_input['The format that you used for reading books'] == 'Both').astype(int)
    df_output['Who_influenced_you_to_read_books_is_Self_Decision'] = (df_input['Who influenced you to read books'] == 'Self-Decision').astype(int)
    return df_output