def extracting_features_0(df_input):
    df_output = pd.DataFrame()
    df_output['Debt_gt_8000'] = (df_input['Debt'] > 8000).astype(int)
    df_output['Overdue_days_gt_0'] = (df_input['Overdue days'] > 0).astype(int)
    df_output['Initial_limit_le_10000'] = (df_input['Initial limit'] <= 10000).astype(int)
    df_output['Credit_history_rating_in_list'] = df_input['Credit history rating'].isin(['C3', 'D2', 'E1', 'E2', 'D3', 'E3']).astype(int)
    df_output['PDN_ge_0_4'] = (df_input['PDN'] >= 0.4).astype(int)
    df_output['EDU_in_list'] = df_input['EDU'].isin(['High school', 'Incomplete']).astype(int)
    df_output['INCOME_lt_2000'] = (df_input['INCOME'] < 2000).astype(int)
    df_output['TERM_ge_60'] = (df_input['TERM'] >= 60).astype(int)
    df_output['UNDERAGECHILDRENCOUNT_ge_1'] = (df_input['UNDERAGECHILDRENCOUNT'] >= 1).astype(int)
    df_output['FAMILYSTATUS_le_1'] = (df_input['FAMILYSTATUS'] <= 1).astype(int)
    return df_output

---DIVIDER---

def extracting_features_1(df_input):
    df_output = pd.DataFrame()
    df_output['Debt'] = (df_input['Debt'] <= 7000).astype(int)
    df_output['Overdue days'] = (df_input['Overdue days'] == 0).astype(int)
    df_output['Initial limit'] = (df_input['Initial limit'] >= 8500).astype(int)
    df_output['Credit history rating'] = df_input['Credit history rating'].isin(['A1', 'A2', 'A3', 'B1', 'B2', 'B3']).astype(int)
    df_output['PDN'] = (df_input['PDN'] < 0.4).astype(int)
    df_output['EDU'] = df_input['EDU'].isin(['University', 'College']).astype(int)
    df_output['INCOME'] = (df_input['INCOME'] >= 1600).astype(int)
    df_output['TERM'] = (df_input['TERM'] <= 36).astype(int)
    df_output['UNDERAGECHILDRENCOUNT'] = (df_input['UNDERAGECHILDRENCOUNT'] == 0).astype(int)
    df_output['FAMILYSTATUS'] = (df_input['FAMILYSTATUS'] >= 2).astype(int)
    return df_output

---VERSION---

def extracting_features_0(df_input):
    df_output = pd.DataFrame()
    df_output['Overdue days'] = (df_input['Overdue days'] > 0).astype(int)
    df_output['Credit history rating'] = df_input['Credit history rating'].isin(['C3', 'D2', 'E1', 'E2', 'E3', 'D1', 'D3']).astype(int)
    df_output['Debt'] = (df_input['Debt'] >= 8000).astype(int)
    df_output['PDN'] = (df_input['PDN'] >= 0.4).astype(int)
    df_output['EDU'] = df_input['EDU'].isin(['High school', 'Incomplete']).astype(int)
    df_output['INCOME'] = (df_input['INCOME'] <= 1600).astype(int)
    df_output['Initial limit'] = (df_input['Initial limit'] <= 9000).astype(int)
    df_output['TERM'] = (df_input['TERM'] >= 60).astype(int)
    df_output['UNDERAGECHILDRENCOUNT'] = (df_input['UNDERAGECHILDRENCOUNT'] >= 1).astype(int)
    df_output['FAMILYSTATUS'] = (df_input['FAMILYSTATUS'] <= 1).astype(int)
    return df_output

---DIVIDER---

def extracting_features_1(df_input):
    df_output = pd.DataFrame()
    df_output['Overdue days'] = (df_input['Overdue days'] == 0).astype(int)
    df_output['Credit history rating'] = df_input['Credit history rating'].isin(['A1', 'A2', 'A3', 'B1', 'B2', 'B3']).astype(int)
    df_output['Debt'] = (df_input['Debt'] < 7000).astype(int)
    df_output['PDN'] = (df_input['PDN'] < 0.4).astype(int)
    df_output['EDU'] = df_input['EDU'].isin(['University', 'College']).astype(int)
    df_output['INCOME'] = (df_input['INCOME'] > 1600).astype(int)
    df_output['Initial limit'] = (df_input['Initial limit'] > 9000).astype(int)
    df_output['TERM'] = (df_input['TERM'] <= 36).astype(int)
    df_output['UNDERAGECHILDRENCOUNT'] = (df_input['UNDERAGECHILDRENCOUNT'] == 0).astype(int)
    df_output['FAMILYSTATUS'] = (df_input['FAMILYSTATUS'] >= 2).astype(int)
    return df_output

---VERSION---



---VERSION---

def extracting_features_0(df_input):
    df_output = pd.DataFrame()
    df_output['Debt_ge_8000'] = (df_input['Debt'] >= 8000).astype(int)
    df_output['Overdue_days_gt_0'] = (df_input['Overdue days'] > 0).astype(int)
    df_output['Credit_history_rating_in_DE'] = df_input['Credit history rating'].isin(['D1', 'D2', 'D3', 'E1', 'E2', 'E3']).astype(int)
    df_output['PDN_ge_0_4'] = (df_input['PDN'] >= 0.4).astype(int)
    df_output['EDU_in_Highschool_Incomplete'] = df_input['EDU'].isin(['High school', 'Incomplete']).astype(int)
    df_output['INCOME_le_2000'] = (df_input['INCOME'] <= 2000).astype(int)
    df_output['Initial_limit_le_9000'] = (df_input['Initial limit'] <= 9000).astype(int)
    df_output['TERM_ge_60'] = (df_input['TERM'] >= 60).astype(int)
    lv_area_list = ['Brestskaja oblast', "Gomel'skaja oblast", 'Grodnenskaja oblast']
    df_output['LV_AREA_in_selected'] = df_input['LV_AREA'].str.strip().isin(lv_area_list).astype(int)
    df_output['UNDERAGECHILDRENCOUNT_ge_1'] = (df_input['UNDERAGECHILDRENCOUNT'] >= 1).astype(int)
    return df_output

---DIVIDER---

def extracting_features_1(df_input):
    df_output = pd.DataFrame()
    df_output['Debt_lt_11000'] = (df_input['Debt'] < 11000).astype(int)
    df_output['Overdue_days_eq_0'] = (df_input['Overdue days'] == 0).astype(int)
    df_output['Credit_history_rating_in'] = df_input['Credit history rating'].isin(['A1', 'A2', 'A3', 'B1', 'B2', 'B3', 'C1', 'C2', 'C3']).astype(int)
    df_output['PDN_lt_0_4'] = (df_input['PDN'] < 0.4).astype(int)
    df_output['EDU_in'] = df_input['EDU'].isin(['University', 'College']).astype(int)
    df_output['INCOME_ge_1500'] = (df_input['INCOME'] >= 1500).astype(int)
    df_output['Initial_limit_ge_8500'] = (df_input['Initial limit'] >= 8500).astype(int)
    df_output['TERM_le_36'] = (df_input['TERM'] <= 36).astype(int)
    df_output['LV_AREA_in'] = df_input['LV_AREA'].isin(['g. Minsk', "Minskaja oblast'"]).astype(int)
    df_output['UNDERAGECHILDRENCOUNT_eq_0'] = (df_input['UNDERAGECHILDRENCOUNT'] == 0).astype(int)
    return df_output

---VERSION---

def extracting_features_0(df_input):
    df_output = pd.DataFrame()
    df_output['Overdue_days_gt_0'] = (df_input['Overdue days'] > 0).astype(int)
    df_output['Debt_gt_8000'] = (df_input['Debt'] > 8000).astype(int)
    df_output['Credit_history_rating_in'] = df_input['Credit history rating'].isin(['C3', 'D2', 'D3', 'E1', 'E2', 'E3']).astype(int)
    df_output['PDN_ge_0_4'] = (df_input['PDN'] >= 0.4).astype(int)
    df_output['INCOME_lt_1800'] = (df_input['INCOME'] < 1800).astype(int)
    df_output['EDU_in'] = df_input['EDU'].isin(['High school', 'Incomplete']).astype(int)
    df_output['Initial_limit_lt_9000'] = (df_input['Initial limit'] < 9000).astype(int)
    df_output['TERM_ge_60'] = (df_input['TERM'] >= 60).astype(int)
    df_output['UNDERAGECHILDRENCOUNT_ge_1'] = (df_input['UNDERAGECHILDRENCOUNT'] >= 1).astype(int)
    df_output['FAMILYSTATUS_le_1'] = (df_input['FAMILYSTATUS'] <= 1).astype(int)
    return df_output

---DIVIDER---

def extracting_features_1(df_input):
    df_output = pd.DataFrame()
    df_output['Overdue_days_0'] = (df_input['Overdue days'] == 0).astype(int)
    df_output['Credit_history_rating_good'] = df_input['Credit history rating'].isin(['A1', 'A2', 'A3', 'B1', 'B2', 'B3']).astype(int)
    df_output['Debt_less_7000'] = (df_input['Debt'] < 7000).astype(int)
    df_output['PDN_less_0_4'] = (df_input['PDN'] < 0.4).astype(int)
    df_output['INCOME_ge_1600'] = (df_input['INCOME'] >= 1600).astype(int)
    df_output['EDU_univ_college'] = df_input['EDU'].isin(['University', 'College']).astype(int)
    df_output['Initial_limit_ge_8500'] = (df_input['Initial limit'] >= 8500).astype(int)
    df_output['TERM_less_60'] = (df_input['TERM'] < 60).astype(int)
    df_output['UNDERAGECHILDRENCOUNT_0'] = (df_input['UNDERAGECHILDRENCOUNT'] == 0).astype(int)
    df_output['FAMILYSTATUS_ge_2'] = (df_input['FAMILYSTATUS'] >= 2).astype(int)
    return df_output