def extracting_features_0(df_input):
    df_output = pd.DataFrame()
    df_output['Reason_reading_books'] = df_input['Reason for reading books'].isin(['Keep me informative', 'Entertainment Purpose', 'To increase my English vocabulary knowledge']).astype(int)
    df_output['Frequency_reading_books'] = df_input['Frequency of reading books'].isin(['A few times a week', 'A few times a month', 'Less than once a year', 'Once or twice a year']).astype(int)
    df_output['Favorite_books_leisure'] = df_input['Favorite books for reading to spend leisure time'].isin(['Fiction', 'Biography', 'Politics']).astype(int)
    df_output['Time_spent_reading_less_3'] = (df_input['Amount of time spent reading books per day'] < 3).astype(int)
    df_output['Department_selected'] = df_input['Department'].isin(['BBA', 'English', 'JMC', 'Textile', 'Civil', 'Others', 'NFE']).astype(int)
    df_output['Printed_books_1_5_or_nan'] = df_input['Number of printed books you read last two years'].isin(['1-5', float('nan')]).astype(int)
    df_output['Ebooks_1_5_or_nan'] = df_input['Number of e-books you read last two years'].isin(['1-5', float('nan')]).astype(int)
    df_output['Format_used_ebooks'] = df_input['The format that you used for reading books'].isin(['E-books']).astype(int)
    df_output['Read_newspaper'] = df_input['Do you read Newspaper'].isin(['Yes', 'No']).astype(int)
    df_output['Influenced_by_friends_parents'] = df_input['Who influenced you to read books'].isin(['Friends', 'Parents']).astype(int)
    return df_output

---DIVIDER---

def extracting_features_1(df_input):
    df_output = pd.DataFrame()
    df_output['Reason_Academic_Purpose'] = (df_input['Reason for reading books'] == 'Academic Purpose').astype(int)
    df_output['Frequency_On_everyday_basis'] = (df_input['Frequency of reading books'] == 'On everyday basis').astype(int)
    df_output['Amount_time_reading_ge_3'] = (df_input['Amount of time spent reading books per day'] >= 3).astype(int)
    df_output['Department_in_selected'] = df_input['Department'].isin(['Pharmacy', 'CSE', 'SWE', 'CIS', 'MCT', 'EEE']).astype(int)
    df_output['Printed_books_in_selected'] = df_input['Number of printed books you read last two years'].isin(['6-10', '11-15', '16-20', 'More than 20']).astype(int)
    df_output['E_books_in_selected'] = df_input['Number of e-books you read last two years'].isin(['6-10', '11-15', '16-20', 'More than 20']).astype(int)
    df_output['Change_Increase_Academic_Performance'] = (df_input['What is the change that you fell after reading books'] == 'Increase Academic Performance').astype(int)
    df_output['Format_in_Both_Printed'] = df_input['The format that you used for reading books'].isin(['Both', 'Printed']).astype(int)
    df_output['Influenced_in_selected'] = df_input['Who influenced you to read books'].isin(['Teachers', 'Self-Decision']).astype(int)
    df_output['Favorite_books_Others'] = (df_input['Favorite books for reading to spend leisure time'] == 'Others').astype(int)
    return df_output

---VERSION---



---VERSION---



---VERSION---

def extracting_features_0(df_input):
    df_output = pd.DataFrame()
    df_output['Reason_for_reading_books_condition'] = df_input['Reason for reading books'].isin(['Keep me informative', 'Entertainment Purpose', 'To increase my English vocabulary knowledge']).astype(int)
    df_output['Frequency_of_reading_books_condition'] = df_input['Frequency of reading books'].isin(['A few times a month', 'Less than once a year', 'Once or twice a year']).astype(int)
    df_output['Favorite_books_for_leisure_condition'] = df_input['Favorite books for reading to spend leisure time'].isin(['Fiction', 'Biography', 'Politics']).astype(int)
    df_output['Amount_of_time_spent_reading_books_condition'] = (df_input['Amount of time spent reading books per day'] < 2).astype(int)
    df_output['Number_of_printed_books_condition'] = df_input['Number of printed books you read last two years'].isin(['1-5', float('nan')]).astype(int)
    df_output['Number_of_ebooks_condition'] = df_input['Number of e-books you read last two years'].isin(['1-5', float('nan')]).astype(int)
    df_output['Change_after_reading_books_condition'] = df_input['What is the change that you fell after reading books'].isin(['Feel Relax', 'Increase Creative Thinking']).astype(int)
    df_output['Department_condition'] = df_input['Department'].isin(['BBA', 'English', 'JMC', 'NFE', 'Textile', 'Civil', 'Others']).astype(int)
    df_output['Who_influenced_condition'] = df_input['Who influenced you to read books'].isin(['Friends', 'Parents']).astype(int)
    cond_freq = df_input['Frequency of reading books'].isin(['A few times a week', 'A few times a month'])
    cond_reason = df_input['Reason for reading books'] != 'Academic Purpose'
    df_output['Freq_and_Reason_condition'] = (cond_freq & cond_reason).astype(int)
    return df_output

---DIVIDER---

def extracting_features_1(df_input):
    df_output = pd.DataFrame()
    df_output['Reason_Academic_Purpose'] = (df_input['Reason for reading books'] == 'Academic Purpose').astype(int)
    df_output['Frequency_On_everyday_basis'] = (df_input['Frequency of reading books'] == 'On everyday basis').astype(int)
    df_output['Time_spent_reading_ge_2'] = (df_input['Amount of time spent reading books per day'] >= 2).astype(int)
    df_output['Change_Increase_Academic_Performance'] = (df_input['What is the change that you fell after reading books'] == 'Increase Academic Performance').astype(int)
    df_output['Department_in_list'] = df_input['Department'].isin(['Pharmacy', 'CSE', 'SWE', 'EEE', 'CIS', 'MCT']).astype(int)
    df_output['Printed_books_in_list'] = df_input['Number of printed books you read last two years'].isin(['6-10', '11-15', '16-20', 'More than 20']).astype(int)
    df_output['E_books_in_list'] = df_input['Number of e-books you read last two years'].isin(['6-10', '11-15', '16-20', 'More than 20']).astype(int)
    df_output['Influenced_in_list'] = df_input['Who influenced you to read books'].isin(['Teachers', 'Self-Decision']).astype(int)
    df_output['Format_in_list'] = df_input['The format that you used for reading books'].isin(['Printed', 'Both']).astype(int)
    df_output['Read_location_in_list'] = df_input['Where do you read printed books'].isin(['Home', 'Library']).astype(int)
    return df_output

---VERSION---



---VERSION---

def extracting_features_0(df_input):  
    df_output = pd.DataFrame()  
    df_output['Reason_reading_books_condition'] = df_input['Reason for reading books'].isin(['Keep me informative', 'Entertainment Purpose', 'To increase my English vocabulary knowledge']).astype(int)  
    df_output['Frequency_reading_books_condition'] = df_input['Frequency of reading books'].isin(['A few times a month', 'Less than once a year', 'Once or twice a year']).astype(int)  
    df_output['Amount_time_reading_books_condition'] = (df_input['Amount of time spent reading books per day'] < 3).astype(int)  
    df_output['Printed_books_condition'] = df_input['Number of printed books you read last two years'].isin(['1-5', float('nan')]).astype(int)  
    df_output['E_books_condition'] = df_input['Number of e-books you read last two years'].isin(['1-5', float('nan')]).astype(int)  
    df_output['Favorite_books_condition'] = df_input['Favorite books for reading to spend leisure time'].isin(['Fiction', 'Biography', 'Politics']).astype(int)  
    df_output['Department_reason_condition'] = ((df_input['Department'].isin(['BBA', 'CSE', 'SWE', 'English', 'JMC', 'Others'])) & (df_input['Reason for reading books'] != 'Academic Purpose')).astype(int)  
    df_output['Format_frequency_condition'] = ((df_input['The format that you used for reading books'].isin(['E-books', 'Printed'])) & (df_input['Frequency of reading books'] != 'On everyday basis')).astype(int)  
    df_output['Change_after_reading_condition'] = df_input['What is the change that you fell after reading books'].isin(['Feel Relax', 'Increase Creative Thinking']).astype(int)  
    df_output['Influence_frequency_condition'] = ((df_input['Who influenced you to read books'].isin(['Friends', 'Parents'])) & (df_input['Frequency of reading books'] != 'On everyday basis')).astype(int)  
    return df_output

---DIVIDER---

def extracting_features_1(df_input):
    df_output = pd.DataFrame()
    df_output['Reason_Academic_Purpose'] = (df_input['Reason for reading books'] == 'Academic Purpose').astype(int)
    df_output['Frequency_Reading_Books'] = df_input['Frequency of reading books'].isin(['On everyday basis', 'A few times a week']).astype(int)
    df_output['Time_Spent_Reading'] = (df_input['Amount of time spent reading books per day'] >= 3).astype(int)
    df_output['Printed_Books_Read'] = df_input['Number of printed books you read last two years'].isin(['6-10', '11-15', '16-20', 'More than 20']).astype(int)
    df_output['Ebooks_Read'] = df_input['Number of e-books you read last two years'].isin(['6-10', '11-15', '16-20', 'More than 20']).astype(int)
    df_output['Change_After_Reading'] = df_input['What is the change that you fell after reading books'].isin(['Increase Academic Performance', 'Increase Problem Solving Skill']).astype(int)
    df_output['Department_Selected'] = df_input['Department'].isin(['Pharmacy', 'EEE', 'Civil', 'Textile', 'MCT', 'CIS']).astype(int)
    df_output['Format_Both'] = (df_input['The format that you used for reading books'] == 'Both').astype(int)
    df_output['Influenced_By'] = df_input['Who influenced you to read books'].isin(['Teachers', 'Self-Decision']).astype(int)
    df_output['Language_and_Location'] = ((df_input['Which language books do you like to read'] == 'English') & (df_input['Where do you read printed books'].isin(['Library', 'Home']))).astype(int)
    return df_output

---VERSION---

def extracting_features_0(df_input):
    df_output = pd.DataFrame()
    df_output['Reason_for_reading_books_condition'] = df_input['Reason for reading books'].isin(['Keep me informative', 'Entertainment Purpose', 'To increase my English vocabulary knowledge']).astype(int)
    df_output['Frequency_of_reading_books_condition'] = df_input['Frequency of reading books'].isin(['A few times a month', 'Less than once a year', 'Once or twice a year']).astype(int)
    df_output['Favorite_books_for_leisure_condition'] = df_input['Favorite books for reading to spend leisure time'].isin(['Fiction', 'Biography', 'Politics']).astype(int)
    df_output['Amount_of_time_spent_reading_condition'] = (df_input['Amount of time spent reading books per day'] < 2).astype(int)
    df_output['Number_of_printed_books_condition'] = df_input['Number of printed books you read last two years'].isin(['1-5', float('nan')]).astype(int)
    df_output['Number_of_ebooks_condition'] = df_input['Number of e-books you read last two years'].isin(['1-5', float('nan')]).astype(int)
    df_output['Department_condition'] = df_input['Department'].isin(['BBA', 'English', 'JMC', 'Others']).astype(int)
    df_output['Change_after_reading_condition'] = df_input['What is the change that you fell after reading books'].isin(['Feel Relax', 'Increase Creative Thinking']).astype(int)
    freq_cond = (df_input['Frequency of reading books'] == 'A few times a week')
    reason_cond = (df_input['Reason for reading books'] != 'Academic Purpose')
    df_output['Freq_Afew_times_week_and_Reason_not_Academic'] = (freq_cond & reason_cond).astype(int)
    format_cond = df_input['The format that you used for reading books'].isin(['E-books', 'Printed'])
    printed_books_low = df_input['Number of printed books you read last two years'] == '1-5'
    df_output['Format_Ebooks_or_Printed_and_printed_books_low'] = (format_cond & printed_books_low).astype(int)
    return df_output

---DIVIDER---

def extracting_features_1(df_input):
    df_output = pd.DataFrame()
    df_output['Reason_for_reading_books_is_Academic_Purpose'] = (df_input['Reason for reading books'] == 'Academic Purpose').astype(int)
    df_output['Frequency_of_reading_books_is_On_everyday_basis'] = (df_input['Frequency of reading books'] == 'On everyday basis').astype(int)
    df_output['Amount_of_time_spent_reading_books_per_day_gte_2'] = (df_input['Amount of time spent reading books per day'] >= 2).astype(int)
    df_output['Department_in_selected'] = df_input['Department'].isin(['Pharmacy', 'CSE', 'SWE', 'EEE', 'CIS', 'Civil', 'Textile', 'MCT']).astype(int)
    df_output['Number_of_printed_books_last_two_years_in_selected'] = df_input['Number of printed books you read last two years'].isin(['6-10', '11-15', '16-20', 'More than 20']).astype(int)
    df_output['Number_of_ebooks_last_two_years_in_selected'] = df_input['Number of e-books you read last two years'].isin(['6-10', '11-15', '16-20', 'More than 20']).astype(int)
    df_output['Change_after_reading_books_selected'] = df_input['What is the change that you fell after reading books'].isin(['Increase Academic Performance', 'Increase Problem Solving Skill']).astype(int)
    df_output['Format_used_for_reading_books_is_Both'] = (df_input['The format that you used for reading books'] == 'Both').astype(int)
    df_output['Who_influenced_you_to_read_books_selected'] = df_input['Who influenced you to read books'].isin(['Teachers', 'Self-Decision']).astype(int)
    df_output['Where_do_you_read_printed_books_selected'] = df_input['Where do you read printed books'].isin(['Home', 'Library']).astype(int)
    return df_output

---VERSION---



---VERSION---

def extracting_features_0(df_input):
    df_output = pd.DataFrame()
    df_output['Reason_reading_books_condition'] = df_input['Reason for reading books'].isin(['Keep me informative', 'Entertainment Purpose', 'To increase my English vocabulary knowledge']).astype(int)
    df_output['Frequency_reading_books_condition'] = df_input['Frequency of reading books'].isin(['A few times a week', 'A few times a month', 'Less than once a year', 'Once or twice a year']).astype(int)
    df_output['Amount_time_reading_books_condition'] = (df_input['Amount of time spent reading books per day'] < 3).astype(int)
    df_output['Printed_books_last_two_years_condition'] = df_input['Number of printed books you read last two years'].isin(['1-5', '6-10', float('nan')]).astype(int)
    df_output['Department_and_Reason_condition'] = ((df_input['Department'].isin(['BBA', 'CSE', 'SWE', 'JMC', 'Textile', 'Civil', 'NFE', 'Others'])) & (df_input['Reason for reading books'] != 'Academic Purpose')).astype(int)
    df_output['Favorite_books_leisure_condition'] = df_input['Favorite books for reading to spend leisure time'].isin(['Fiction', 'Biography', 'Politics']).astype(int)
    df_output['Format_used_condition'] = (df_input['The format that you used for reading books'] == 'E-books').astype(int)
    df_output['Read_newspaper_and_frequency_condition'] = ((df_input['Do you read Newspaper'] == 'Yes') & (df_input['Frequency of reading books'] != 'On everyday basis')).astype(int)
    df_output['E_books_last_two_years_condition'] = df_input['Number of e-books you read last two years'].isin(['1-5', '6-10', float('nan')]).astype(int)
    df_output['Where_read_printed_books_condition'] = df_input['Where do you read printed books'].isin(['During Travel']).astype(int)
    return df_output

---DIVIDER---

def extracting_features_1(df_input):
    df_output = pd.DataFrame()
    df_output['Reason for reading books is Academic Purpose'] = (df_input['Reason for reading books'] == 'Academic Purpose').astype(int)
    df_output['Frequency of reading books is On everyday basis'] = (df_input['Frequency of reading books'] == 'On everyday basis').astype(int)
    df_output['Amount of time spent reading books per day >= 3'] = (df_input['Amount of time spent reading books per day'] >= 3).astype(int)
    df_output['Number of printed books you read last two years in [More than 20, 16-20]'] = df_input['Number of printed books you read last two years'].isin(['More than 20', '16-20']).astype(int)
    df_output['Department in [Pharmacy, CIS, MCT, EEE]'] = df_input['Department'].isin(['Pharmacy', 'CIS', 'MCT', 'EEE']).astype(int)
    df_output['What is the change that you felt after reading books in [Increase Academic Performance, Increase Problem Solving Skill]'] = df_input['What is the change that you fell after reading books'].isin(['Increase Academic Performance', 'Increase Problem Solving Skill']).astype(int)
    df_output['The format that you used for reading books in [Both, Printed]'] = df_input['The format that you used for reading books'].isin(['Both', 'Printed']).astype(int)
    df_output['Who influenced you to read books in [Teachers, Self-Decision]'] = df_input['Who influenced you to read books'].isin(['Teachers', 'Self-Decision']).astype(int)
    df_output['Number of e-books you read last two years in [11-15, 16-20, More than 20]'] = df_input['Number of e-books you read last two years'].isin(['11-15', '16-20', 'More than 20']).astype(int)
    df_output['Where do you read printed books in [Home, Library]'] = df_input['Where do you read printed books'].isin(['Home', 'Library']).astype(int)
    return df_output

---VERSION---

