def extracting_features_0(df_input):  
    df_output = pd.DataFrame()  
    df_output['Temperature_lt_80'] = (df_input['Temperature'] < 80).astype(int)  
    df_output['Vibration_40_55'] = ((df_input['Vibration'] >= 40) & (df_input['Vibration'] <= 55)).astype(int)  
    df_output['Power_Usage_lt_12'] = (df_input['Power_Usage'] < 12).astype(int)  
    df_output['Humidity_20_35'] = ((df_input['Humidity'] >= 20) & (df_input['Humidity'] <= 35)).astype(int)  
    df_output['Machine_Type_Drill'] = (df_input['Machine_Type'] == 'Drill').astype(int)  
    df_output['Machine_Type_Mill_and_Temperature_lt_80'] = ((df_input['Machine_Type'] == 'Mill') & (df_input['Temperature'] < 80)).astype(int)  
    df_output['Machine_Type_Lathe_and_Vibration_lt_50'] = ((df_input['Machine_Type'] == 'Lathe') & (df_input['Vibration'] < 50)).astype(int)  
    df_output['Temperature_lt_75_and_Power_Usage_lt_11'] = ((df_input['Temperature'] < 75) & (df_input['Power_Usage'] < 11)).astype(int)  
    df_output['Vibration_lt_50_and_Humidity_lt_35'] = ((df_input['Vibration'] < 50) & (df_input['Humidity'] < 35)).astype(int)  
    df_output['Power_Usage_7_11_and_Temperature_lt_80'] = ((df_input['Power_Usage'] >= 7) & (df_input['Power_Usage'] <= 11) & (df_input['Temperature'] < 80)).astype(int)  
    return df_output

---DIVIDER---

def extracting_features_1(df_input):  
    df_output = pd.DataFrame()  
    df_output['Temperature_ge_80'] = (df_input['Temperature'] >= 80).astype(int)  
    df_output['Vibration_in_43_51'] = ((df_input['Vibration'] >= 43) & (df_input['Vibration'] <= 51)).astype(int)  
    df_output['Power_Usage_ge_9'] = (df_input['Power_Usage'] >= 9).astype(int)  
    df_output['Humidity_in_30_42'] = ((df_input['Humidity'] >= 30) & (df_input['Humidity'] <= 42)).astype(int)  
    df_output['Machine_Type_Mill_and_Temperature_ge_80'] = ((df_input['Machine_Type'] == 'Mill') & (df_input['Temperature'] >= 80)).astype(int)  
    df_output['Machine_Type_Lathe_and_Power_Usage_ge_9'] = ((df_input['Machine_Type'] == 'Lathe') & (df_input['Power_Usage'] >= 9)).astype(int)  
    df_output['Temperature_in_60_75_and_Vibration_ge_45'] = (((df_input['Temperature'] >= 60) & (df_input['Temperature'] <= 75)) & (df_input['Vibration'] >= 45)).astype(int)  
    df_output['Power_Usage_ge_10_and_Humidity_ge_30'] = ((df_input['Power_Usage'] >= 10) & (df_input['Humidity'] >= 30)).astype(int)  
    df_output['Temperature_ge_65_and_Vibration_ge_45_and_Power_Usage_ge_9'] = ((df_input['Temperature'] >= 65) & (df_input['Vibration'] >= 45) & (df_input['Power_Usage'] >= 9)).astype(int)  
    df_output['Machine_Type_Drill_and_Power_Usage_ge_14_and_Humidity_ge_40'] = ((df_input['Machine_Type'] == 'Drill') & (df_input['Power_Usage'] >= 14) & (df_input['Humidity'] >= 40)).astype(int)  
    return df_output

---VERSION---

def extracting_features_0(df_input):
    df_output = pd.DataFrame()
    df_output['Temperature_lt_77'] = (df_input['Temperature'] < 77).astype(int)
    df_output['Vibration_44_59'] = ((df_input['Vibration'] >= 44) & (df_input['Vibration'] <= 59)).astype(int)
    df_output['Power_Usage_8_5_13_5'] = ((df_input['Power_Usage'] >= 8.5) & (df_input['Power_Usage'] <= 13.5)).astype(int)
    df_output['Humidity_lt_32'] = (df_input['Humidity'] < 32).astype(int)
    df_output['Machine_Type_in_list'] = df_input['Machine_Type'].isin(['Mill', 'Drill', 'Lathe']).astype(int)
    df_output['Temperature_le_80'] = (df_input['Temperature'] <= 80).astype(int)
    df_output['Vibration_le_50'] = (df_input['Vibration'] <= 50).astype(int)
    df_output['Power_Usage_le_14'] = (df_input['Power_Usage'] <= 14).astype(int)
    df_output['Humidity_20_32'] = ((df_input['Humidity'] >= 20) & (df_input['Humidity'] <= 32)).astype(int)
    df_output['Temperature_54_80'] = ((df_input['Temperature'] >= 54) & (df_input['Temperature'] <= 80)).astype(int)
    return df_output

---DIVIDER---

def extracting_features_1(df_input):
    df_output = pd.DataFrame()
    df_output['Temperature_ge_62'] = (df_input['Temperature'] >= 62).astype(int)
    df_output['Vibration_in_43_51'] = ((df_input['Vibration'] >= 43) & (df_input['Vibration'] <= 51)).astype(int)
    df_output['Power_Usage_ge_9'] = (df_input['Power_Usage'] >= 9).astype(int)
    df_output['Humidity_ge_30'] = (df_input['Humidity'] >= 30).astype(int)
    df_output['Machine_Type_in_list'] = df_input['Machine_Type'].isin(['Mill', 'Lathe', 'Drill']).astype(int)
    df_output['Temperature_gt_70'] = (df_input['Temperature'] > 70).astype(int)
    df_output['Vibration_ge_44'] = (df_input['Vibration'] >= 44).astype(int)
    df_output['Power_Usage_gt_10'] = (df_input['Power_Usage'] > 10).astype(int)
    df_output['Humidity_gt_30'] = (df_input['Humidity'] > 30).astype(int)
    df_output['Temperature_in_61_87'] = ((df_input['Temperature'] >= 61) & (df_input['Temperature'] <= 87)).astype(int)
    return df_output

---VERSION---

def extracting_features_0(df_input):
    df_output = pd.DataFrame()
    df_output['Temperature_in_range'] = ((df_input['Temperature'] >= 54) & (df_input['Temperature'] <= 77)).astype(int)
    df_output['Vibration_in_range'] = ((df_input['Vibration'] >= 44) & (df_input['Vibration'] <= 58)).astype(int)
    df_output['Power_Usage_in_range'] = ((df_input['Power_Usage'] >= 8.5) & (df_input['Power_Usage'] <= 13.5)).astype(int)
    df_output['Humidity_in_range'] = ((df_input['Humidity'] >= 26) & (df_input['Humidity'] <= 33)).astype(int)
    df_output['Machine_Type_in_list'] = df_input['Machine_Type'].isin(['Mill', 'Drill']).astype(int)
    df_output['Temperature_le_77'] = (df_input['Temperature'] <= 77).astype(int)
    df_output['Vibration_ge_44'] = (df_input['Vibration'] >= 44).astype(int)
    df_output['Power_Usage_between'] = ((df_input['Power_Usage'] >= 8.5) & (df_input['Power_Usage'] <= 13.5)).astype(int)
    df_output['Humidity_le_33'] = (df_input['Humidity'] <= 33).astype(int)
    df_output['Drill_and_Temperature_lt_80'] = ((df_input['Machine_Type'] == 'Drill') & (df_input['Temperature'] < 80)).astype(int)
    return df_output

---DIVIDER---

def extracting_features_1(df_input):  
    df_output = pd.DataFrame()  
    df_output['Temperature_in_range'] = ((df_input['Temperature'] >= 61) & (df_input['Temperature'] <= 87)).astype(int)  
    df_output['Vibration_in_range'] = ((df_input['Vibration'] >= 43) & (df_input['Vibration'] <= 51)).astype(int)  
    df_output['Power_Usage_in_range'] = ((df_input['Power_Usage'] >= 7) & (df_input['Power_Usage'] <= 14)).astype(int)  
    df_output['Humidity_in_range'] = ((df_input['Humidity'] >= 21) & (df_input['Humidity'] <= 42)).astype(int)  
    df_output['Machine_Type_in_list'] = df_input['Machine_Type'].isin(['Lathe', 'Mill']).astype(int)  
    df_output['Temperature_ge_67'] = (df_input['Temperature'] >= 67).astype(int)  
    df_output['Vibration_le_50'] = (df_input['Vibration'] <= 50).astype(int)  
    df_output['Power_Usage_between_9_14'] = ((df_input['Power_Usage'] >= 9) & (df_input['Power_Usage'] <= 14)).astype(int)  
    df_output['Humidity_ge_30'] = (df_input['Humidity'] >= 30).astype(int)  
    df_output['Machine_Type_Lathe_and_Humidity_gt_30'] = ((df_input['Machine_Type'] == 'Lathe') & (df_input['Humidity'] > 30)).astype(int)  
    return df_output

---VERSION---



---VERSION---

def extracting_features_0(df_input):
    df_output = pd.DataFrame()
    df_output['Temperature_lt_80'] = (df_input['Temperature'] < 80).astype(int)
    df_output['Vibration_35_50'] = ((df_input['Vibration'] >= 35) & (df_input['Vibration'] <= 50)).astype(int)
    df_output['Power_Usage_lt_12'] = (df_input['Power_Usage'] < 12).astype(int)
    df_output['Humidity_lt_35'] = (df_input['Humidity'] < 35).astype(int)
    df_output['Machine_Type_in_list'] = df_input['Machine_Type'].isin(['Mill', 'Lathe', 'Drill']).astype(int)
    df_output['Temperature_54_79'] = ((df_input['Temperature'] >= 54) & (df_input['Temperature'] <= 79)).astype(int)
    df_output['Vibration_lt_55'] = (df_input['Vibration'] < 55).astype(int)
    df_output['Power_Usage_8_5_13_5'] = ((df_input['Power_Usage'] >= 8.5) & (df_input['Power_Usage'] <= 13.5)).astype(int)
    df_output['Humidity_20_33'] = ((df_input['Humidity'] >= 20) & (df_input['Humidity'] <= 33)).astype(int)
    df_output['Temperature_lt_87_and_Power_Usage_lt_14'] = ((df_input['Temperature'] < 87) & (df_input['Power_Usage'] < 14)).astype(int)
    return df_output

---DIVIDER---

def extracting_features_1(df_input):  
    df_output = pd.DataFrame()  
    df_output['Temperature_ge_67'] = (df_input['Temperature'] >= 67).astype(int)  
    df_output['Vibration_ge_44'] = (df_input['Vibration'] >= 44).astype(int)  
    df_output['Power_Usage_ge_9'] = (df_input['Power_Usage'] >= 9).astype(int)  
    df_output['Humidity_ge_30'] = (df_input['Humidity'] >= 30).astype(int)  
    df_output['Machine_Type_in_list'] = df_input['Machine_Type'].isin(['Mill', 'Lathe', 'Drill']).astype(int)  
    df_output['Temperature_in_range'] = ((df_input['Temperature'] >= 61) & (df_input['Temperature'] <= 87)).astype(int)  
    df_output['Vibration_in_range'] = ((df_input['Vibration'] >= 44) & (df_input['Vibration'] <= 51)).astype(int)  
    df_output['Power_Usage_in_range'] = ((df_input['Power_Usage'] >= 9) & (df_input['Power_Usage'] <= 14)).astype(int)  
    df_output['Humidity_in_range'] = ((df_input['Humidity'] >= 30) & (df_input['Humidity'] <= 42)).astype(int)  
    df_output['Temp_Humidity_Vibration_all_ge'] = ((df_input['Temperature'] >= 67) & (df_input['Humidity'] >= 30) & (df_input['Vibration'] >= 44)).astype(int)  
    return df_output