def extracting_features_0(df_input):
    df_output = pd.DataFrame()
    df_output['Credit_history_rating_in_E_D'] = df_input['Credit history rating'].isin(['E1', 'D3', 'D2', 'D1', 'E2', 'E3']).astype(int)
    df_output['PDN_ge_0_3'] = (df_input['PDN'] >= 0.3).astype(int)
    df_output['Debt_in_8000_20000'] = ((df_input['Debt'] >= 8000) & (df_input['Debt'] <= 20000)).astype(int)
    df_output['Initial_limit_le_15000'] = (df_input['Initial limit'] <= 15000).astype(int)
    df_output['INCOME_le_2000'] = (df_input['INCOME'] <= 2000).astype(int)
    df_output['Overdue_days_gt_0'] = (df_input['Overdue days'] > 0).astype(int)
    df_output['EDU_in_College_Incomplete'] = df_input['EDU'].isin(['College', 'Incomplete']).astype(int)
    df_output['TERM_36_to_60'] = ((df_input['TERM'] >= 36) & (df_input['TERM'] <= 60)).astype(int)
    df_output['UNDERAGECHILDRENCOUNT_ge_1'] = (df_input['UNDERAGECHILDRENCOUNT'] >= 1).astype(int)
    df_output['FAMILYSTATUS_in_1_2'] = df_input['FAMILYSTATUS'].isin([1, 2]).astype(int)
    return df_output

---DIVIDER---

def extracting_features_1(df_input):
    df_output = pd.DataFrame()
    df_output['Credit_history_rating'] = df_input['Credit history rating'].isin(['A1', 'A2', 'A3', 'B1', 'B2', 'B3', 'C1', 'C2', 'C3']).astype(int)
    df_output['PDN'] = (df_input['PDN'] < 0.4).astype(int)
    df_output['Debt'] = df_input['Debt'].between(500, 20000).astype(int)
    df_output['Initial_limit'] = (df_input['Initial limit'] >= 4200).astype(int)
    df_output['INCOME'] = (df_input['INCOME'] >= 1700).astype(int)
    df_output['Overdue_days'] = (df_input['Overdue days'] == 0).astype(int)
    df_output['EDU'] = df_input['EDU'].isin(['University']).astype(int)
    df_output['TERM'] = (df_input['TERM'] <= 60).astype(int)
    df_output['UNDERAGECHILDRENCOUNT'] = (df_input['UNDERAGECHILDRENCOUNT'] <= 1).astype(int)
    df_output['FAMILYSTATUS'] = df_input['FAMILYSTATUS'].isin([1, 2]).astype(int)
    return df_output

---VERSION---



---VERSION---

def extracting_features_0(df_input):
    df_output = pd.DataFrame()
    df_output['credit_history_D_E'] = df_input['Credit history rating'].isin(['D1', 'D2', 'D3', 'E1', 'E2', 'E3']).astype(int)
    df_output['PDN_ge_0_3'] = (df_input['PDN'] >= 0.3).astype(int)
    df_output['initial_limit_lt_5000'] = (df_input['Initial limit'] < 5000).astype(int)
    df_output['debt_in_range_and_PDN_ge_0_25'] = ((df_input['Debt'].between(800, 15000)) & (df_input['PDN'] >= 0.25)).astype(int)
    df_output['EDU_College_University_and_credit_history_D2_D3_E1'] = ((df_input['EDU'].isin(['College', 'University'])) & (df_input['Credit history rating'].isin(['D2', 'D3', 'E1']))).astype(int)
    df_output['income_lt_2000_and_credit_history_C2_C3'] = ((df_input['INCOME'] < 2000) & (df_input['Credit history rating'].isin(['C2', 'C3']))).astype(int)
    df_output['term_ge_36_and_PDN_ge_0_25'] = ((df_input['TERM'] >= 36) & (df_input['PDN'] >= 0.25)).astype(int)
    df_output['overdue_days_gt_0'] = (df_input['Overdue days'] > 0).astype(int)
    df_output['industry_ministry_trade_and_PDN_ge_0_3'] = ((df_input['INDUSTRYNAME'].isin(['Ministry of Internal Affairs/Ministry of Emergency Situations/Ministry of Defense', 'Trade'])) & (df_input['PDN'] >= 0.3)).astype(int)
    df_output['sex_male_and_PDN_ge_0_3_and_initial_limit_lt_10000'] = ((df_input['SEX'] == 'Male') & (df_input['PDN'] >= 0.3) & (df_input['Initial limit'] < 10000)).astype(int)
    return df_output

---DIVIDER---

def extracting_features_1(df_input):
    df_output = pd.DataFrame()
    df_output['credit_history_in_A1_A2_A3_B1_B2_B3_C1_C3'] = df_input['Credit history rating'].isin(['A1', 'A2', 'A3', 'B1', 'B2', 'B3', 'C1', 'C3']).astype(int)
    df_output['PDN_lt_0.4_and_Initial_limit_ge_8000'] = ((df_input['PDN'] < 0.4) & (df_input['Initial limit'] >= 8000)).astype(int)
    df_output['INCOME_ge_2000'] = (df_input['INCOME'] >= 2000).astype(int)
    df_output['Debt_ge_8000_and_Initial_limit_ge_15000_and_PDN_lt_0.4'] = ((df_input['Debt'] >= 8000) & (df_input['Initial limit'] >= 15000) & (df_input['PDN'] < 0.4)).astype(int)
    df_output['EDU_University_and_Credit_history_in_B1_B2'] = ((df_input['EDU'] == 'University') & (df_input['Credit history rating'].isin(['B1', 'B2']))).astype(int)
    df_output['TERM_le_36_and_INCOME_ge_4000'] = ((df_input['TERM'] <= 36) & (df_input['INCOME'] >= 4000)).astype(int)
    df_output['INDUSTRYNAME_in_selected_and_PDN_lt_0.4'] = ((df_input['INDUSTRYNAME'].isin(['Finance and Insurance', 'Medicine and healthcare', 'Information Technology'])) & (df_input['PDN'] < 0.4)).astype(int)
    df_output['FAMILYSTATUS_eq_1_and_PDN_lt_0.4'] = ((df_input['FAMILYSTATUS'] == 1) & (df_input['PDN'] < 0.4)).astype(int)
    df_output['UNDERAGECHILDRENCOUNT_le_1_and_PDN_lt_0.2'] = ((df_input['UNDERAGECHILDRENCOUNT'] <= 1) & (df_input['PDN'] < 0.2)).astype(int)
    df_output['LV_AREA_in_selected_and_Credit_history_in_A1_B2_B1'] = (df_input['LV_AREA'].str.lower().isin(['g. minsk', 'minskaja oblast']) & df_input['Credit history rating'].isin(['A1', 'B2', 'B1'])).astype(int)
    return df_output

---VERSION---

def extracting_features_0(df_input):
    df_output = pd.DataFrame()
    df_output['Credit_history_rating_flag'] = df_input['Credit history rating'].isin(['E1', 'D3', 'D2', 'D1', 'E2', 'E3']).astype(int)
    df_output['PDN_flag'] = (df_input['PDN'] >= 0.27).astype(int)
    df_output['INCOME_flag'] = (df_input['INCOME'] <= 2200).astype(int)
    df_output['Initial_limit_flag'] = (df_input['Initial limit'] <= 14500).astype(int)
    df_output['Debt_flag'] = (df_input['Debt'] >= 8000).astype(int)
    df_output['Overdue_days_flag'] = (df_input['Overdue days'] > 0).astype(int)
    df_output['EDU_flag'] = df_input['EDU'].isin(['College', 'High school', 'Incomplete']).astype(int)
    df_output['TERM_flag'] = (df_input['TERM'] >= 36).astype(int)
    df_output['UNDERAGECHILDRENCOUNT_flag'] = (df_input['UNDERAGECHILDRENCOUNT'] >= 1).astype(int)
    df_output['FAMILYSTATUS_flag'] = df_input['FAMILYSTATUS'].isin([1, 2]).astype(int)
    return df_output

---DIVIDER---

def extracting_features_1(df_input):
    df_output = pd.DataFrame()
    df_output['Credit_history_rating'] = df_input['Credit history rating'].isin(['A1', 'A2', 'A3', 'B1', 'B2', 'B3', 'C1', 'C2', 'C3']).astype(int)
    df_output['PDN'] = (df_input['PDN'] <= 0.4).astype(int)
    df_output['INCOME'] = (df_input['INCOME'] >= 1700).astype(int)
    df_output['Initial_limit'] = (df_input['Initial limit'] >= 4200).astype(int)
    df_output['Debt'] = ((df_input['Debt'] >= 700) & (df_input['Debt'] <= 20000)).astype(int)
    df_output['Overdue_days'] = (df_input['Overdue days'] == 0).astype(int)
    df_output['EDU'] = (df_input['EDU'] == 'University').astype(int)
    df_output['TERM'] = (df_input['TERM'] <= 60).astype(int)
    df_output['INDUSTRYNAME'] = df_input['INDUSTRYNAME'].isin(['Finance and Insurance', 'Medicine and healthcare', 'Information Technology', 'Transport/Logistic']).astype(int)
    df_output['UNDERAGECHILDRENCOUNT'] = (df_input['UNDERAGECHILDRENCOUNT'] <= 2).astype(int)
    return df_output

---VERSION---

def extracting_features_0(df_input):
    df_output = pd.DataFrame()
    df_output['Credit history rating'] = df_input['Credit history rating'].isin(['E1', 'E2', 'E3', 'D1', 'D2', 'D3']).astype(int)
    df_output['PDN'] = (df_input['PDN'] >= 0.27).astype(int)
    df_output['INCOME'] = (df_input['INCOME'] <= 2200).astype(int)
    df_output['Initial limit'] = (df_input['Initial limit'] <= 10000).astype(int)
    df_output['Debt'] = df_input['Debt'].between(800, 10000).astype(int)
    df_output['EDU'] = df_input['EDU'].isin(['College', 'High school', 'Incomplete']).astype(int)
    df_output['TERM'] = (df_input['TERM'] >= 36).astype(int)
    df_output['SEX'] = (df_input['SEX'] == 'Male').astype(int)
    df_output['UNDERAGECHILDRENCOUNT'] = (df_input['UNDERAGECHILDRENCOUNT'] >= 1).astype(int)
    df_output['LV_AREA'] = df_input['LV_AREA'].isin(['BRESTSKAJa', 'Gomel\'skaja oblast', 'Brestskaja oblast', 'Minskaja oblast']).astype(int)
    return df_output

---DIVIDER---

def extracting_features_1(df_input):
    df_output = pd.DataFrame()
    df_output['Credit_history_rating'] = df_input['Credit history rating'].isin(['A1', 'A2', 'A3', 'B1', 'B2', 'B3', 'C1', 'C3']).astype(int)
    df_output['PDN'] = ((df_input['PDN'] <= 0.4) & (df_input['PDN'] >= 0.01)).astype(int)
    df_output['INCOME'] = (df_input['INCOME'] >= 1590).astype(int)
    df_output['Initial_limit'] = ((df_input['Initial limit'] >= 20000) | (df_input['Initial limit'] >= 4200)).astype(int)
    df_output['Debt'] = ((df_input['Debt'] >= 9000) | (df_input['Debt'] >= 2800)).astype(int)
    df_output['EDU'] = (df_input['EDU'] == 'University').astype(int)
    df_output['TERM'] = (df_input['TERM'] <= 60).astype(int)
    df_output['SEX'] = (df_input['SEX'] == 'Female').astype(int)
    df_output['INDUSTRYNAME'] = df_input['INDUSTRYNAME'].isin(['Finance and Insurance', 'Medicine and healthcare', 'Public Administration', 'Information Technology', 'Agriculture']).astype(int)
    df_output['FAMILYSTATUS'] = df_input['FAMILYSTATUS'].isin([1, 2]).astype(int)
    return df_output