def extracting_features_0(df_input):
    df_output = pd.DataFrame()
    df_output['Angry_after_latest_child_birth_No'] = (df_input['Angry after latest child birth'] == 'No').astype(int)
    df_output['Need_for_Support_No'] = (df_input['Need for Support'] == 'No').astype(int)
    df_output['Relationship_with_newborn_Good_or_Very_good'] = df_input['Relationship with the newborn'].isin(['Good', 'Very good']).astype(int)
    df_output['Relationship_between_father_and_newborn_Good_or_Very_good'] = df_input['Relationship between father and newborn'].isin(['Good', 'Very good']).astype(int)
    df_output['Age_of_newborn_in_range'] = df_input['Age of newborn'].isin(['Older than 1.5 year', '1 year to 1.5 year', '6 months to 1 year']).astype(int)
    df_output['Monthly_income_before_latest_pregnancy_in_range'] = df_input['Monthly income before latest pregnancy'].isin(['No', '10000 to 20000', '20000 to 30000', 'More than 30000']).astype(int)
    df_output['Addiction_No'] = (df_input['Addiction'] == 'No').astype(int)
    df_output['Number_of_latest_pregnancy_ge_2'] = (df_input['Number of the latest pregnancy'] >= 2).astype(int)
    df_output['Age_in_range_25_35'] = df_input['Age'].between(25, 35).astype(int)
    df_output['Mode_of_delivery_in_list'] = df_input['Mode of delivery'].isin(['Caesarean Section', 'Normal Delivery']).astype(int)
    return df_output

---DIVIDER---

def extracting_features_1(df_input):  
    df_output = pd.DataFrame()  
    df_output['Angry_after_latest_child_birth_Yes'] = (df_input['Angry after latest child birth'] == 'Yes').astype(int)  
    df_output['Need_for_Support_Low_Medium'] = df_input['Need for Support'].isin(['Low', 'Medium']).astype(int)  
    df_output['Relationship_with_newborn_Good'] = (df_input['Relationship with the newborn'] == 'Good').astype(int)  
    df_output['Relationship_father_newborn_Neutral_Good'] = df_input['Relationship between father and newborn'].isin(['Neutral', 'Good']).astype(int)  
    df_output['Age_of_newborn_0_6_6_12_months'] = df_input['Age of newborn'].isin(['0 to 6 months', '6 months to 1 year']).astype(int)  
    df_output['Monthly_income_before_pregnancy_No_Less5000_5000_10000'] = df_input['Monthly income before latest pregnancy'].isin(['No', 'Less than 5000', '5000 to 10000']).astype(int)  
    df_output['Addiction_No'] = (df_input['Addiction'] == 'No').astype(int)  
    df_output['Number_latest_pregnancy_le_2'] = (df_input['Number of the latest pregnancy'] <= 2).astype(int)  
    df_output['Age_22_30'] = df_input['Age'].between(22, 30).astype(int)  
    df_output['Mode_of_delivery_Normal_Caesarean'] = df_input['Mode of delivery'].isin(['Normal Delivery', 'Caesarean Section']).astype(int)  
    return df_output

---VERSION---

def extracting_features_0(df_input):
    df_output = pd.DataFrame()
    df_output['Relationship_with_inlaws'] = df_input['Relationship with in-laws'].isin(['Good', 'Friendly', 'Neutral']).astype(int)
    df_output['Relationship_with_husband'] = df_input['Relationship with husband'].isin(['Good', 'Friendly', 'Neutral']).astype(int)
    df_output['Relationship_with_newborn'] = df_input['Relationship with the newborn'].isin(['Good', 'Very good']).astype(int)
    df_output['Birth_compliancy'] = (df_input['Birth compliancy'] == 'No').astype(int)
    df_output['Need_for_Support'] = df_input['Need for Support'].isin(['No', 'Low']).astype(int)
    df_output['Pregnancy_plan'] = (df_input['Pregnancy plan'] == 'Yes').astype(int)
    df_output['History_of_pregnancy_loss'] = (df_input['History of pregnancy loss'] == 'No').astype(int)
    df_output['Monthly_income_before_latest_pregnancy'] = df_input['Monthly income before latest pregnancy'].isin(['More than 30000', '20000 to 30000', 'No']).astype(int)
    df_output['Current_monthly_income'] = df_input['Current monthly income'].isin(['More than 30000', '20000 to 30000', 'No']).astype(int)
    df_output['Age_of_immediate_older_children'] = df_input['Age of immediate older children'].isin(['No', '4yr to 6yr', '7yr to 12yr', '13yr or more']).astype(int)
    return df_output

---DIVIDER---

def extracting_features_1(df_input):
    df_output = pd.DataFrame()
    df_output['Relationship_with_inlaws_bad_poor'] = df_input['Relationship with in-laws'].isin(['Bad', 'Poor']).astype(int)
    df_output['Relationship_with_husband_bad_poor_neutral'] = df_input['Relationship with husband'].isin(['Bad', 'Poor', 'Neutral']).astype(int)
    df_output['Relationship_with_newborn_neutral_bad'] = df_input['Relationship with the newborn'].isin(['Neutral', 'Bad']).astype(int)
    df_output['Birth_compliancy_yes'] = (df_input['Birth compliancy'] == 'Yes').astype(int)
    df_output['Need_for_Support_medium_high'] = df_input['Need for Support'].isin(['Medium', 'High']).astype(int)
    df_output['Pregnancy_plan_no'] = (df_input['Pregnancy plan'] == 'No').astype(int)
    df_output['History_of_pregnancy_loss_miscarriage_stillborn'] = df_input['History of pregnancy loss'].isin(['Miscarriage', 'Still-born Delivery']).astype(int)
    df_output['Monthly_income_before_latest_pregnancy_low'] = df_input['Monthly income before latest pregnancy'].isin(['Less than 5000', '5000 to 10000', 'No']).astype(int)
    df_output['Current_monthly_income_low'] = df_input['Current monthly income'].isin(['Less than 5000', '5000 to 10000', 'No']).astype(int)
    df_output['Age_of_immediate_older_children_no_1to3yr'] = df_input['Age of immediate older children'].isin(['No', '1yr to 3yr']).astype(int)
    return df_output

---VERSION---

def extracting_features_0(df_input):
    df_output = pd.DataFrame()
    df_output['Relationship_with_newborn_in_Good_or_Very_good'] = df_input['Relationship with the newborn'].isin(['Good', 'Very good']).astype(int)
    df_output['Number_of_household_members_in_6_to_8_or_9_or_more'] = df_input['Number of household members'].isin(['6 to 8', '9 or more']).astype(int)
    df_output["Husband's_education_level_in_University_or_College"] = df_input["Husband's education level"].isin(['University', 'College']).astype(int)
    df_output['Angry_after_latest_child_birth_is_No'] = (df_input['Angry after latest child birth'] == 'No').astype(int)
    df_output['Major_changes_or_losses_during_pregnancy_is_Yes'] = (df_input['Major changes or losses during pregnancy'] == 'Yes').astype(int)
    df_output['Regular_checkups_is_Yes'] = (df_input['Regular checkups'] == 'Yes').astype(int)
    df_output['Age_of_newborn_in_Older_than_1.5_year_or_1_year_to_1.5_year'] = df_input['Age of newborn'].isin(['Older than 1.5 year', '1 year to 1.5 year']).astype(int)
    df_output['Fear_of_pregnancy_is_Yes'] = (df_input['Fear of pregnancy'] == 'Yes').astype(int)
    df_output['Mode_of_delivery_is_Caesarean_Section'] = (df_input['Mode of delivery'] == 'Caesarean Section').astype(int)
    df_output['Relationship_with_newborn_is_Very_good'] = (df_input['Relationship with the newborn'] == 'Very good').astype(int)
    return df_output

---DIVIDER---

def extracting_features_1(df_input):
    df_output = pd.DataFrame()
    df_output['Relationship_with_newborn_is_Good'] = (df_input['Relationship with the newborn'] == 'Good').astype(int)
    df_output['Number_of_household_members_2_to_5'] = df_input['Number of household members'].between(2,5).astype(int)
    df_output['Husband_education_University_or_College'] = df_input['Husband education level'].isin(['University', 'College']).astype(int)
    df_output['Angry_after_latest_child_birth_is_Yes'] = (df_input['Angry after latest child birth'] == 'Yes').astype(int)
    df_output['Major_changes_or_losses_during_pregnancy_is_No'] = (df_input['Major changes or losses during pregnancy'] == 'No').astype(int)
    df_output['Regular_checkups_Yes_or_No'] = df_input['Regular checkups'].isin(['Yes', 'No']).astype(int)
    df_output['Age_of_newborn_in_0_to_6_months_or_6_months_to_1_year'] = df_input['Age of newborn'].isin(['0 to 6 months', '6 months to 1 year']).astype(int)
    df_output['Fear_of_pregnancy_Yes_or_No'] = df_input['Fear of pregnancy'].isin(['Yes', 'No']).astype(int)
    df_output['Mode_of_delivery_is_Normal_Delivery'] = (df_input['Mode of delivery'] == 'Normal Delivery').astype(int)
    df_output['Relationship_Good_and_Angry_Yes'] = ((df_input['Relationship with the newborn'] == 'Good') & (df_input['Angry after latest child birth'] == 'Yes')).astype(int)
    return df_output