def extracting_features_0(df_input):
    df_output = pd.DataFrame()
    df_output['Frequency_condition'] = df_input['Frequency of reading books'].isin(['A few times a month', 'Less than once a year', 'Once or twice a year']).astype(int)
    df_output['Reason_condition'] = df_input['Reason for reading books'].isin(['Keep me informative', 'Entertainment Purpose', 'To increase my English vocabulary knowledge']).astype(int)
    df_output['Time_spent_condition'] = (df_input['Amount of time spent reading books per day'] < 2).astype(int)
    df_output['Printed_books_condition'] = df_input['Number of printed books you read last two years'].isin(['1-5', float('nan')]).astype(int)
    df_output['Ebooks_condition'] = df_input['Number of e-books you read last two years'].isin(['1-5', float('nan')]).astype(int)
    df_output['Favorite_books_condition'] = df_input['Favorite books for reading to spend leisure time'].isin(['Fiction', 'Biography', 'Politics']).astype(int)
    df_output['Department_condition'] = df_input['Department'].isin(['BBA', 'NFE', 'Others', 'JMC', 'Textile', 'Civil']).astype(int)
    df_output['Freq_Reason_condition'] = ((df_input['Frequency of reading books'] == 'A few times a week') & (df_input['Reason for reading books'] != 'Academic Purpose')).astype(int)
    df_output['Format_Freq_condition'] = ((df_input['The format that you used for reading books'].isin(['E-books', 'Printed'])) & (df_input['Frequency of reading books'] != 'On everyday basis')).astype(int)
    df_output['Influence_Reason_condition'] = ((df_input['Who influenced you to read books'].isin(['Parents', 'Friends'])) & (df_input['Reason for reading books'] != 'Academic Purpose')).astype(int)
    return df_output

---DIVIDER---

def extracting_features_1(df_input):
    df_output = pd.DataFrame()
    df_output['Reason_Academic_Purpose'] = (df_input['Reason for reading books'] == 'Academic Purpose').astype(int)
    df_output['Frequency_Often'] = df_input['Frequency of reading books'].isin(['On everyday basis', 'A few times a week']).astype(int)
    df_output['Time_spent_2_or_more'] = (df_input['Amount of time spent reading books per day'] >= 2).astype(int)
    df_output['Printed_books_many'] = df_input['Number of printed books you read last two years'].isin(['6-10', '11-15', '16-20', 'More than 20']).astype(int)
    df_output['E_books_many'] = df_input['Number of e-books you read last two years'].isin(['6-10', '11-15', '16-20', 'More than 20']).astype(int)
    df_output['Change_Increase_Academic_Performance'] = (df_input['What is the change that you fell after reading books'] == 'Increase Academic Performance').astype(int)
    df_output['Department_selected'] = df_input['Department'].isin(['Pharmacy', 'SWE', 'CSE', 'CIS']).astype(int)
    df_output['Format_and_Frequency'] = ((df_input['The format that you used for reading books'].isin(['Both', 'Printed'])) & (df_input['Frequency of reading books'] == 'On everyday basis')).astype(int)
    df_output['Influenced_and_Reason'] = ((df_input['Who influenced you to read books'].isin(['Self-Decision', 'Teachers'])) & (df_input['Reason for reading books'] == 'Academic Purpose')).astype(int)
    df_output['Read_location_Library'] = (df_input['Where do you read printed books'] == 'Library').astype(int)
    return df_output

---VERSION---

def extracting_features_0(df_input):
    df_output = pd.DataFrame()
    df_output['Reason_for_reading_books'] = df_input['Reason for reading books'].isin(['Keep me informative', 'Entertainment Purpose', 'To increase my English vocabulary knowledge']).astype(int)
    df_output['Frequency_of_reading_books'] = df_input['Frequency of reading books'].isin(['A few times a week', 'A few times a month', 'Less than once a year', 'Once or twice a year']).astype(int)
    df_output['Amount_of_time_spent_reading_books_per_day'] = (df_input['Amount of time spent reading books per day'] < 3).astype(int)
    df_output['Number_of_printed_books_read_last_two_years'] = df_input['Number of printed books you read last two years'].isin(['1-5', float('nan')]).astype(int)
    df_output['Number_of_ebooks_read_last_two_years'] = df_input['Number of e-books you read last two years'].isin(['1-5', '6-10', float('nan')]).astype(int)
    df_output['Department'] = df_input['Department'].isin(['Textile', 'NFE', 'BBA', 'Others', 'JMC', 'CIS']).astype(int)
    df_output['Favorite_books_for_reading_to_spend_leisure_time'] = df_input['Favorite books for reading to spend leisure time'].isin(['Fiction', 'Biography', 'Politics', 'Others']).astype(int)
    df_output['The_format_that_you_used_for_reading_books'] = df_input['The format that you used for reading books'].isin(['E-books']).astype(int)
    df_output['Where_do_you_read_printed_books'] = df_input['Where do you read printed books'].isin(['During Travel']).astype(int)
    df_output['Do_you_read_Newspaper'] = (df_input['Do you read Newspaper'] == 'No').astype(int)
    return df_output

---DIVIDER---

def extracting_features_1(df_input):
    df_output = pd.DataFrame()
    df_output['Reason_for_reading_books_is_Academic_Purpose'] = (df_input['Reason for reading books'] == 'Academic Purpose').astype(int)
    df_output['Frequency_of_reading_books_is_On_everyday_basis'] = (df_input['Frequency of reading books'] == 'On everyday basis').astype(int)
    df_output['Amount_of_time_spent_reading_books_per_day_gte_2'] = (df_input['Amount of time spent reading books per day'] >= 2).astype(int)
    df_output['Number_of_printed_books_read_last_two_years_in_6_10_11_15_16_20_More_than_20'] = df_input['Number of printed books you read last two years'].isin(['6-10', '11-15', '16-20', 'More than 20']).astype(int)
    df_output['Number_of_e_books_read_last_two_years_in_11_15_16_20_More_than_20'] = df_input['Number of e-books you read last two years'].isin(['11-15', '16-20', 'More than 20']).astype(int)
    df_output['Department_in_Pharmacy_SWE_CSE_Civil_MCT_EEE'] = df_input['Department'].isin(['Pharmacy', 'SWE', 'CSE', 'Civil', 'MCT', 'EEE']).astype(int)
    df_output['What_is_the_change_after_reading_books_in_Increase_Academic_Performance_Increase_Problem_Solving_Skill'] = df_input['What is the change that you fell after reading books'].isin(['Increase Academic Performance', 'Increase Problem Solving Skill']).astype(int)
    df_output['The_format_used_for_reading_books_in_Both_Printed'] = df_input['The format that you used for reading books'].isin(['Both', 'Printed']).astype(int)
    df_output['Who_influenced_you_to_read_books_in_Self_Decision_Teachers'] = df_input['Who influenced you to read books'].isin(['Self-Decision', 'Teachers']).astype(int)
    df_output['Where_do_you_read_printed_books_in_Home_Library'] = df_input['Where do you read printed books'].isin(['Home', 'Library']).astype(int)
    return df_output

---VERSION---



---VERSION---



---VERSION---



---VERSION---



---VERSION---

def extracting_features_0(df_input):
    df_output = pd.DataFrame()
    df_output['Frequency_of_reading_books'] = df_input['Frequency of reading books'].isin(['A few times a week', 'A few times a month', 'Less than once a year', 'Once or twice a year']).astype(int)
    df_output['Reason_for_reading_books'] = df_input['Reason for reading books'].isin(['Keep me informative', 'Entertainment Purpose', 'To increase my English vocabulary knowledge']).astype(int)
    df_output['Amount_of_time_spent_reading_books_per_day'] = (df_input['Amount of time spent reading books per day'] < 3).astype(int)
    df_output['Number_of_printed_books_read_last_two_years'] = df_input['Number of printed books you read last two years'].isin(['1-5', float('nan')]).astype(int)
    df_output['Number_of_e_books_read_last_two_years'] = df_input['Number of e-books you read last two years'].isin(['1-5', '6-10', float('nan')]).astype(int)
    df_output['Favorite_books_for_reading_leisure_time'] = df_input['Favorite books for reading to spend leisure time'].isin(['Fiction', 'Biography', 'Politics', 'Others']).astype(int)
    df_output['Format_used_for_reading_books'] = df_input['The format that you used for reading books'].isin(['E-books', 'Printed']).astype(int)
    df_output['Department'] = df_input['Department'].isin(['Textile', 'NFE', 'BBA', 'English', 'JMC', 'CIS', 'Others']).astype(int)
    df_output['Who_influenced_you_to_read_books'] = df_input['Who influenced you to read books'].isin(['Friends', 'Parents']).astype(int)
    df_output['Where_do_you_read_printed_books'] = df_input['Where do you read printed books'].isin(['Home', 'During Travel']).astype(int)
    return df_output

---DIVIDER---

def extracting_features_1(df_input):
    df_output = pd.DataFrame()
    df_output['Frequency_of_reading_books_On_everyday_basis'] = (df_input['Frequency of reading books'] == 'On everyday basis').astype(int)
    df_output['Reason_for_reading_books_Academic_Purpose'] = (df_input['Reason for reading books'] == 'Academic Purpose').astype(int)
    df_output['Amount_of_time_spent_reading_books_per_day_ge_3'] = (df_input['Amount of time spent reading books per day'] >= 3).astype(int)
    df_output['Number_of_printed_books_last_two_years_in_range'] = df_input['Number of printed books you read last two years'].isin(['6-10', '11-15', '16-20', 'More than 20']).astype(int)
    df_output['Number_of_ebooks_last_two_years_in_range'] = df_input['Number of e-books you read last two years'].isin(['11-15', '16-20', 'More than 20']).astype(int)
    df_output['Department_in_selected'] = df_input['Department'].isin(['Pharmacy', 'SWE', 'CSE', 'Civil', 'MCT', 'EEE']).astype(int)
    df_output['Change_after_reading_books_selected'] = df_input['What is the change that you fell after reading books'].isin(['Increase Academic Performance', 'Increase Problem Solving Skill']).astype(int)
    df_output['Format_used_for_reading_books_Both'] = (df_input['The format that you used for reading books'] == 'Both').astype(int)
    df_output['Who_influenced_to_read_books_selected'] = df_input['Who influenced you to read books'].isin(['Teachers', 'Self-Decision']).astype(int)
    df_output['Where_do_you_read_printed_books_Library'] = (df_input['Where do you read printed books'] == 'Library').astype(int)
    return df_output

---VERSION---

def extracting_features_0(df_input):
    df_output = pd.DataFrame()
    df_output['Reason_for_reading_books'] = df_input['Reason for reading books'].isin(['Keep me informative', 'Entertainment Purpose', 'To increase my English vocabulary knowledge']).astype(int)
    df_output['Frequency_of_reading_books'] = df_input['Frequency of reading books'].isin(['A few times a month', 'Less than once a year', 'Once or twice a year']).astype(int)
    df_output['Amount_of_time_spent_reading_books_per_day'] = (df_input['Amount of time spent reading books per day'] < 2).astype(int)
    df_output['Number_of_printed_books_last_two_years'] = df_input['Number of printed books you read last two years'].isin(['1-5', float('nan')]).astype(int)
    df_output['Number_of_ebooks_last_two_years'] = df_input['Number of e-books you read last two years'].isin([float('nan'), '1-5']).astype(int)
    df_output['Favorite_books_for_leisure'] = df_input['Favorite books for reading to spend leisure time'].isin(['Fiction', 'Biography', 'Others']).astype(int)
    df_output['Department'] = df_input['Department'].isin(['BBA', 'NFE', 'English', 'JMC', 'CIS', 'Others']).astype(int)
    df_output['Format_used_for_reading_books'] = df_input['The format that you used for reading books'].isin(['Printed', 'E-books']).astype(int)
    df_output['Who_influenced_you_to_read_books'] = df_input['Who influenced you to read books'].isin(['Parents', 'Friends']).astype(int)
    df_output['Where_do_you_read_printed_books'] = df_input['Where do you read printed books'].isin(['Home', 'During Travel']).astype(int)
    return df_output

---DIVIDER---

def extracting_features_1(df_input):
    df_output = pd.DataFrame()
    df_output['Reason_for_reading_books_is_Academic_Purpose'] = (df_input['Reason for reading books'] == 'Academic Purpose').astype(int)
    df_output['Frequency_of_reading_books_in_selected'] = df_input['Frequency of reading books'].isin(['On everyday basis', 'A few times a week']).astype(int)
    df_output['Amount_of_time_spent_reading_books_per_day_ge_2'] = (df_input['Amount of time spent reading books per day'] >= 2).astype(int)
    df_output['Number_of_printed_books_read_last_two_years_in_selected'] = df_input['Number of printed books you read last two years'].isin(['6-10', '11-15', '16-20', 'More than 20']).astype(int)
    df_output['Number_of_ebooks_read_last_two_years_in_selected'] = df_input['Number of e-books you read last two years'].isin(['6-10', '11-15', '16-20', 'More than 20']).astype(int)
    df_output['Department_in_selected'] = df_input['Department'].isin(['Pharmacy', 'SWE', 'CSE', 'Textile', 'Civil']).astype(int)
    df_output['Change_after_reading_books_is_Increase_Academic_Performance'] = (df_input['What is the change that you fell after reading books'] == 'Increase Academic Performance').astype(int)
    df_output['Who_influenced_you_to_read_books_in_selected'] = df_input['Who influenced you to read books'].isin(['Self-Decision', 'Teachers']).astype(int)
    df_output['Format_used_for_reading_books_is_Both'] = (df_input['The format that you used for reading books'] == 'Both').astype(int)
    df_output['Preferred_language_books_is_English'] = (df_input['Which language books do you like to read'] == 'English').astype(int)
    return df_output

---VERSION---



---VERSION---

def extracting_features_0(df_input):
    df_output = pd.DataFrame()
    df_output['Frequency_in_low'] = df_input['Frequency of reading books'].isin(['A few times a month', 'Less than once a year', 'Once or twice a year']).astype(int)
    df_output['Reason_in_selected'] = df_input['Reason for reading books'].isin(['Keep me informative', 'Entertainment Purpose', 'To increase my English vocabulary knowledge']).astype(int)
    df_output['Time_spent_lt_3'] = (df_input['Amount of time spent reading books per day'] < 3).astype(int)
    df_output['Printed_books_in_low'] = df_input['Number of printed books you read last two years'].isin(['1-5', float('nan')]).astype(int)
    df_output['Ebooks_in_low'] = df_input['Number of e-books you read last two years'].isin(['1-5', float('nan')]).astype(int)
    df_output['Department_in_selected'] = df_input['Department'].isin(['NFE', 'BBA', 'English', 'JMC', 'Others']).astype(int)
    df_output['Format_in_selected'] = df_input['The format that you used for reading books'].isin(['E-books', 'Printed']).astype(int)
    df_output['Favorite_books_in_selected'] = df_input['Favorite books for reading to spend leisure time'].isin(['Fiction', 'Politics', 'Others']).astype(int)
    df_output['Influenced_in_selected'] = df_input['Who influenced you to read books'].isin(['Parents', 'Friends']).astype(int)
    cond = (df_input['Frequency of reading books'] == 'A few times a week') & (df_input['Reason for reading books'] != 'Academic Purpose')
    df_output['Freq_week_Reason_not_academic'] = cond.astype(int)
    return df_output

---DIVIDER---

def extracting_features_1(df_input):
    df_output = pd.DataFrame()
    df_output['Frequency_of_reading_books'] = df_input['Frequency of reading books'].isin(['On everyday basis', 'A few times a week']).astype(int)
    df_output['Reason_for_reading_books'] = (df_input['Reason for reading books'] == 'Academic Purpose').astype(int)
    df_output['Amount_of_time_spent_reading_books_per_day'] = (df_input['Amount of time spent reading books per day'] >= 3).astype(int)
    df_output['Number_of_printed_books_read_last_two_years'] = df_input['Number of printed books you read last two years'].isin(['6-10', '11-15', '16-20', 'More than 20']).astype(int)
    df_output['Number_of_ebooks_read_last_two_years'] = df_input['Number of e-books you read last two years'].isin(['6-10', '11-15', '16-20', 'More than 20']).astype(int)
    df_output['Department'] = df_input['Department'].isin(['Pharmacy', 'SWE', 'CSE', 'Textile', 'CIS']).astype(int)
    df_output['Format_used_for_reading_books'] = df_input['The format that you used for reading books'].isin(['Both', 'Printed']).astype(int)
    df_output['Change_after_reading_books'] = df_input['What is the change that you fell after reading books'].isin(['Increase Academic Performance', 'Increase Problem Solving Skill']).astype(int)
    df_output['Who_influenced_to_read_books'] = df_input['Who influenced you to read books'].isin(['Self-Decision', 'Teachers']).astype(int)
    df_output['Where_do_you_read_printed_books'] = df_input['Where do you read printed books'].isin(['Home', 'Library']).astype(int)
    return df_output