def extracting_features_0(df_input):
    df_output = pd.DataFrame()
    df_output['Temperature_in_70_96'] = ((df_input['Temperature'] >= 70) & (df_input['Temperature'] <= 96)).astype(int)
    df_output['Vibration_in_47_56'] = ((df_input['Vibration'] >= 47) & (df_input['Vibration'] <= 56)).astype(int)
    df_output['Power_Usage_in_5.8_12'] = ((df_input['Power_Usage'] >= 5.8) & (df_input['Power_Usage'] <= 12)).astype(int)
    df_output['Humidity_in_22_39'] = ((df_input['Humidity'] >= 22) & (df_input['Humidity'] <= 39)).astype(int)
    df_output['Machine_Type_in_Mill_Lathe_Drill'] = df_input['Machine_Type'].isin(['Mill', 'Lathe', 'Drill']).astype(int)
    df_output['Temperature_le_80'] = (df_input['Temperature'] <= 80).astype(int)
    df_output['Vibration_ge_47_le_54'] = ((df_input['Vibration'] >= 47) & (df_input['Vibration'] <= 54)).astype(int)
    df_output['Power_Usage_le_11.8'] = (df_input['Power_Usage'] <= 11.8).astype(int)
    df_output['Humidity_le_38'] = (df_input['Humidity'] <= 38).astype(int)
    df_output['Machine_Type_in_Lathe_Drill_and_Power_Usage_le_10'] = ((df_input['Machine_Type'].isin(['Lathe', 'Drill'])) & (df_input['Power_Usage'] <= 10)).astype(int)
    return df_output

---DIVIDER---

def extracting_features_1(df_input):
    df_output = pd.DataFrame()
    df_output['Temperature_in_range'] = ((df_input['Temperature'] >= 50) & (df_input['Temperature'] <= 85)).astype(int)
    df_output['Temperature_below_79'] = (df_input['Temperature'] < 79).astype(int)
    df_output['Vibration_in_range'] = ((df_input['Vibration'] >= 42) & (df_input['Vibration'] <= 53)).astype(int)
    df_output['Power_Usage_in_range'] = ((df_input['Power_Usage'] >= 7.9) & (df_input['Power_Usage'] <= 12.4)).astype(int)
    df_output['Humidity_in_range'] = ((df_input['Humidity'] >= 24) & (df_input['Humidity'] <= 37)).astype(int)
    df_output['Machine_Type_valid'] = df_input['Machine_Type'].isin(['Mill', 'Drill', 'Lathe']).astype(int)
    df_output['Temperature_le_79'] = (df_input['Temperature'] <= 79).astype(int)
    df_output['Vibration_le_52'] = (df_input['Vibration'] <= 52).astype(int)
    df_output['Power_Usage_ge_7_9'] = (df_input['Power_Usage'] >= 7.9).astype(int)
    df_output['Humidity_ge_24'] = (df_input['Humidity'] >= 24).astype(int)
    df_output['Machine_Type_Mill_and_Power_Usage_ge_8_4'] = ((df_input['Machine_Type'] == 'Mill') & (df_input['Power_Usage'] >= 8.4)).astype(int)
    return df_output

---VERSION---

def extracting_features_0(df_input):
    df_output = pd.DataFrame()
    df_output['Temperature_in_range'] = ((df_input['Temperature'] >= 50) & (df_input['Temperature'] <= 80)).astype(int)
    df_output['Vibration_in_range'] = ((df_input['Vibration'] >= 45) & (df_input['Vibration'] <= 53)).astype(int)
    df_output['Power_Usage_in_range'] = ((df_input['Power_Usage'] >= 7) & (df_input['Power_Usage'] <= 12)).astype(int)
    df_output['Humidity_in_range'] = ((df_input['Humidity'] >= 23) & (df_input['Humidity'] <= 32)).astype(int)
    df_output['Machine_Type_is_Drill'] = (df_input['Machine_Type'] == 'Drill').astype(int)
    df_output['Machine_Type_is_Lathe_and_Temperature_lt_96'] = ((df_input['Machine_Type'] == 'Lathe') & (df_input['Temperature'] < 96)).astype(int)
    df_output['Vibration_lt_55'] = (df_input['Vibration'] < 55).astype(int)
    df_output['Power_Usage_between_8_and_12'] = ((df_input['Power_Usage'] >= 8) & (df_input['Power_Usage'] <= 12)).astype(int)
    df_output['Temperature_lt_85'] = (df_input['Temperature'] < 85).astype(int)
    df_output['Humidity_lt_39'] = (df_input['Humidity'] < 39).astype(int)
    return df_output

---DIVIDER---

def extracting_features_1(df_input):
    df_output = pd.DataFrame()
    df_output['Temperature_gt_80'] = (df_input['Temperature'] > 80).astype(int)
    df_output['Vibration_gt_53'] = (df_input['Vibration'] > 53).astype(int)
    df_output['Power_Usage_lt_7_or_gt_11'] = ((df_input['Power_Usage'] < 7) | (df_input['Power_Usage'] > 11)).astype(int)
    df_output['Humidity_gt_30'] = (df_input['Humidity'] > 30).astype(int)
    df_output['Machine_Type_is_Mill'] = (df_input['Machine_Type'] == 'Mill').astype(int)
    df_output['Machine_Type_Mill_and_Temperature_gt_70'] = ((df_input['Machine_Type'] == 'Mill') & (df_input['Temperature'] > 70)).astype(int)
    df_output['Vibration_gte_52'] = (df_input['Vibration'] >= 52).astype(int)
    df_output['Power_Usage_in_6_8'] = ((df_input['Power_Usage'] >= 6) & (df_input['Power_Usage'] <= 8)).astype(int)
    df_output['Temperature_gte_75_and_Vibration_gte_50'] = ((df_input['Temperature'] >= 75) & (df_input['Vibration'] >= 50)).astype(int)
    df_output['Humidity_gte_30'] = (df_input['Humidity'] >= 30).astype(int)
    return df_output

---VERSION---

def extracting_features_0(df_input):
    df_output = pd.DataFrame()
    df_output['Temperature_in_70_80'] = ((df_input['Temperature'] >= 70) & (df_input['Temperature'] <= 80)).astype(int)
    df_output['Vibration_in_45_55'] = ((df_input['Vibration'] >= 45) & (df_input['Vibration'] <= 55)).astype(int)
    df_output['Power_Usage_in_8_11'] = ((df_input['Power_Usage'] >= 8) & (df_input['Power_Usage'] <= 11)).astype(int)
    df_output['Humidity_in_23_35'] = ((df_input['Humidity'] >= 23) & (df_input['Humidity'] <= 35)).astype(int)
    df_output['Machine_Type_is_Drill'] = (df_input['Machine_Type'] == 'Drill').astype(int)
    df_output['Temperature_less_80'] = (df_input['Temperature'] < 80).astype(int)
    df_output['Vibration_less_55'] = (df_input['Vibration'] < 55).astype(int)
    df_output['Power_Usage_less_equal_11'] = (df_input['Power_Usage'] <= 11).astype(int)
    df_output['Humidity_less_equal_38'] = (df_input['Humidity'] <= 38).astype(int)
    df_output['Machine_Type_in_Lathe_Drill_and_Temperature_less_80'] = (((df_input['Machine_Type'].isin(['Lathe', 'Drill'])) & (df_input['Temperature'] < 80))).astype(int)
    return df_output

---DIVIDER---

def extracting_features_1(df_input):  
    df_output = pd.DataFrame()  
    df_output['Temperature_ge_78'] = (df_input['Temperature'] >= 78).astype(int)  
    df_output['Vibration_ge_49'] = (df_input['Vibration'] >= 49).astype(int)  
    df_output['Power_Usage_lt_8'] = (df_input['Power_Usage'] < 8).astype(int)  
    df_output['Humidity_ge_26'] = (df_input['Humidity'] >= 26).astype(int)  
    df_output['Machine_Type_is_Mill'] = (df_input['Machine_Type'] == 'Mill').astype(int)  
    df_output['Temperature_in_75_85'] = ((df_input['Temperature'] >= 75) & (df_input['Temperature'] <= 85)).astype(int)  
    df_output['Vibration_in_42_56'] = ((df_input['Vibration'] >= 42) & (df_input['Vibration'] <= 56)).astype(int)  
    df_output['Power_Usage_in_6_10'] = ((df_input['Power_Usage'] >= 6) & (df_input['Power_Usage'] <= 10)).astype(int)  
    df_output['Humidity_in_26_32'] = ((df_input['Humidity'] >= 26) & (df_input['Humidity'] <= 32)).astype(int)  
    df_output['Machine_Type_in_Drill_Mill_and_Vibration_ge_49'] = (((df_input['Machine_Type'].isin(['Drill', 'Mill'])) & (df_input['Vibration'] >= 49))).astype(int)  
    return df_output

---VERSION---

def extracting_features_0(df_input):
    df_output = pd.DataFrame()
    df_output['Temperature_lt_80'] = (df_input['Temperature'] < 80).astype(int)
    df_output['Vibration_47_53'] = ((df_input['Vibration'] >= 47) & (df_input['Vibration'] <= 53)).astype(int)
    df_output['Power_Usage_lt_12'] = (df_input['Power_Usage'] < 12).astype(int)
    df_output['Humidity_lt_35'] = (df_input['Humidity'] < 35).astype(int)
    df_output['Machine_Type_in_Lathe_Drill'] = df_input['Machine_Type'].isin(['Lathe', 'Drill']).astype(int)
    df_output['Temperature_55_79'] = ((df_input['Temperature'] >= 55) & (df_input['Temperature'] <= 79)).astype(int)
    df_output['Vibration_lt_55'] = (df_input['Vibration'] < 55).astype(int)
    df_output['Power_Usage_5_11'] = ((df_input['Power_Usage'] >= 5) & (df_input['Power_Usage'] <= 11)).astype(int)
    df_output['Humidity_22_38'] = ((df_input['Humidity'] >= 22) & (df_input['Humidity'] <= 38)).astype(int)
    df_output['Machine_Type_Drill_and_Temperature_lt_80'] = ((df_input['Machine_Type'] == 'Drill') & (df_input['Temperature'] < 80)).astype(int)
    return df_output

---DIVIDER---

def extracting_features_1(df_input):
    df_output = pd.DataFrame()
    df_output['Temperature_ge_78'] = (df_input['Temperature'] >= 78).astype(int)
    df_output['Vibration_lt_50'] = (df_input['Vibration'] < 50).astype(int)
    df_output['Power_Usage_ge_8'] = (df_input['Power_Usage'] >= 8).astype(int)
    df_output['Humidity_ge_24'] = (df_input['Humidity'] >= 24).astype(int)
    df_output['Machine_Type_in_list'] = df_input['Machine_Type'].isin(['Mill', 'Lathe', 'Drill']).astype(int)
    df_output['Temperature_in_range'] = ((df_input['Temperature'] >= 65) & (df_input['Temperature'] <= 85)).astype(int)
    df_output['Vibration_in_range'] = ((df_input['Vibration'] >= 42) & (df_input['Vibration'] <= 56)).astype(int)
    df_output['Power_Usage_in_range'] = ((df_input['Power_Usage'] >= 7.9) & (df_input['Power_Usage'] <= 12.2)).astype(int)
    df_output['Humidity_in_range'] = ((df_input['Humidity'] >= 24) & (df_input['Humidity'] <= 38)).astype(int)
    df_output['Machine_Type_Mill_and_Temperature_ge_78'] = ((df_input['Machine_Type'] == 'Mill') & (df_input['Temperature'] >= 78)).astype(int)
    return df_output

---VERSION---

def extracting_features_0(df_input):
    df_output = pd.DataFrame()
    df_output['Temperature_lt_80'] = (df_input['Temperature'] < 80).astype(int)
    df_output['Vibration_47_53'] = ((df_input['Vibration'] >= 47) & (df_input['Vibration'] <= 53)).astype(int)
    df_output['Power_Usage_8_12'] = ((df_input['Power_Usage'] >= 8) & (df_input['Power_Usage'] <= 12)).astype(int)
    df_output['Humidity_lt_32'] = (df_input['Humidity'] < 32).astype(int)
    df_output['Machine_Type_in_Drill_Lathe'] = df_input['Machine_Type'].isin(['Drill', 'Lathe']).astype(int)
    df_output['Temperature_55_75'] = ((df_input['Temperature'] >= 55) & (df_input['Temperature'] <= 75)).astype(int)
    df_output['Vibration_lt_55'] = (df_input['Vibration'] < 55).astype(int)
    df_output['Power_Usage_5_12'] = ((df_input['Power_Usage'] > 5) & (df_input['Power_Usage'] < 12)).astype(int)
    df_output['Humidity_23_31'] = ((df_input['Humidity'] >= 23) & (df_input['Humidity'] <= 31)).astype(int)
    df_output['Machine_Type_Drill_and_Temperature_lt_75'] = ((df_input['Machine_Type'] == 'Drill') & (df_input['Temperature'] < 75)).astype(int)
    return df_output

---DIVIDER---

def extracting_features_1(df_input):
    df_output = pd.DataFrame()
    df_output['Temperature_ge_75'] = (df_input['Temperature'] >= 75).astype(int)
    df_output['Vibration_lt_50'] = (df_input['Vibration'] < 50).astype(int)
    df_output['Power_Usage_lt_10'] = (df_input['Power_Usage'] < 10).astype(int)
    df_output['Humidity_ge_25'] = (df_input['Humidity'] >= 25).astype(int)
    df_output['Machine_Type_in_Mill_Drill'] = df_input['Machine_Type'].isin(['Mill', 'Drill']).astype(int)
    df_output['Temperature_in_65_85'] = df_input['Temperature'].between(65, 85).astype(int)
    df_output['Vibration_in_40_45'] = df_input['Vibration'].between(40, 45).astype(int)
    df_output['Power_Usage_in_6_9'] = df_input['Power_Usage'].between(6, 9).astype(int)
    df_output['Humidity_in_25_38'] = df_input['Humidity'].between(25, 38).astype(int)
    df_output['Machine_Type_Mill_and_Temperature_ge_75'] = ((df_input['Machine_Type'] == 'Mill') & (df_input['Temperature'] >= 75)).astype(int)
    return df_output