def extracting_features_0(df_input):
    df_output = pd.DataFrame()
    df_output['Debt'] = (df_input['Debt'] > 10000).astype(int)
    df_output['Overdue days'] = (df_input['Overdue days'] > 0).astype(int)
    df_output['Initial limit'] = (df_input['Initial limit'] < 5000).astype(int)
    df_output['INCOME'] = (df_input['INCOME'] < 2000).astype(int)
    df_output['Credit history rating'] = df_input['Credit history rating'].isin(['E1', 'E2', 'E3', 'D1', 'D2', 'D3']).astype(int)
    df_output['PDN'] = (df_input['PDN'] > 0.3).astype(int)
    df_output['EDU'] = (df_input['EDU'] == 'Incomplete').astype(int)
    df_output['UNDERAGECHILDRENCOUNT'] = (df_input['UNDERAGECHILDRENCOUNT'] >= 2).astype(int)
    df_output['TERM'] = (df_input['TERM'] < 36).astype(int)
    lv_area_conditions = ['Vitebskaja oblast', "Gomel'skaja oblast'", 'Brestskaja oblast']
    df_output['LV_AREA'] = df_input['LV_AREA'].isin(lv_area_conditions).astype(int)
    return df_output

---DIVIDER---

def extracting_features_1(df_input):
    df_output = pd.DataFrame()
    df_output['Debt'] = (df_input['Debt'] < 20000).astype(int)
    df_output['Overdue days'] = (df_input['Overdue days'] == 0).astype(int)
    df_output['Initial limit'] = (df_input['Initial limit'] >= 10000).astype(int)
    df_output['INCOME'] = (df_input['INCOME'] >= 2000).astype(int)
    df_output['Credit history rating'] = df_input['Credit history rating'].isin(['A1', 'A2', 'A3', 'B1', 'B2', 'B3', 'C1', 'C2', 'C3']).astype(int)
    df_output['PDN'] = (df_input['PDN'] <= 0.4).astype(int)
    df_output['EDU'] = df_input['EDU'].isin(['University', 'College', 'High school']).astype(int)
    df_output['UNDERAGECHILDRENCOUNT'] = (df_input['UNDERAGECHILDRENCOUNT'] <= 1).astype(int)
    df_output['TERM'] = (df_input['TERM'] >= 36).astype(int)
    df_output['LV_AREA'] = df_input['LV_AREA'].isin(['g. Minsk', 'Minskaja oblast\'']).astype(int)
    return df_output

---VERSION---

def extracting_features_0(df_input):  
    df_output = pd.DataFrame()  
    df_output['Credit_history_rating_in_D_E'] = df_input['Credit history rating'].isin(['D1', 'D2', 'D3', 'E1', 'E2', 'E3']).astype(int)  
    df_output['PDN_ge_0_3'] = (df_input['PDN'] >= 0.3).astype(int)  
    df_output['Overdue_days_gt_0'] = (df_input['Overdue days'] > 0).astype(int)  
    df_output['Debt_ge_10000'] = (df_input['Debt'] >= 10000).astype(int)  
    df_output['Initial_limit_le_15000'] = (df_input['Initial limit'] <= 15000).astype(int)  
    df_output['INCOME_le_2200'] = (df_input['INCOME'] <= 2200).astype(int)  
    df_output['EDU_Incomplete'] = (df_input['EDU'] == 'Incomplete').astype(int)  
    df_output['TERM_le_36'] = (df_input['TERM'] <= 36).astype(int)  
    df_output['UNDERAGECHILDRENCOUNT_ge_2'] = (df_input['UNDERAGECHILDRENCOUNT'] >= 2).astype(int)  
    df_output['FAMILYSTATUS_le_1'] = (df_input['FAMILYSTATUS'] <= 1).astype(int)  
    return df_output

---DIVIDER---

def extracting_features_1(df_input):
    df_output = pd.DataFrame()
    df_output['Credit_history_rating_condition'] = df_input['Credit history rating'].isin(['A1', 'A2', 'A3', 'B1', 'B2', 'B3', 'C1', 'C2', 'C3']).astype(int)
    df_output['PDN_condition'] = (df_input['PDN'] < 0.3).astype(int)
    df_output['Overdue_days_condition'] = (df_input['Overdue days'] == 0).astype(int)
    df_output['Debt_condition'] = (df_input['Debt'] < 10000).astype(int)
    df_output['Initial_limit_condition'] = (df_input['Initial limit'] >= 20000).astype(int)
    df_output['INCOME_condition'] = (df_input['INCOME'] > 2200).astype(int)
    df_output['EDU_condition'] = df_input['EDU'].isin(['University', 'College', 'High school']).astype(int)
    df_output['TERM_condition'] = (df_input['TERM'] >= 36).astype(int)
    df_output['UNDERAGECHILDRENCOUNT_condition'] = (df_input['UNDERAGECHILDRENCOUNT'] <= 1).astype(int)
    df_output['FAMILYSTATUS_condition'] = (df_input['FAMILYSTATUS'] >= 2).astype(int)
    return df_output

---VERSION---

def extracting_features_0(df_input):
    df_output = pd.DataFrame()
    df_output['Debt'] = (df_input['Debt'] >= 5000).astype(int)
    df_output['Overdue days'] = (df_input['Overdue days'] > 0).astype(int)
    df_output['Initial limit'] = (df_input['Initial limit'] < 5000).astype(int)
    df_output['Credit history rating'] = df_input['Credit history rating'].isin(['E1', 'E2', 'E3', 'D1', 'D2', 'D3']).astype(int)
    df_output['PDN'] = (df_input['PDN'] >= 0.3).astype(int)
    df_output['INCOME'] = (df_input['INCOME'] < 2000).astype(int)
    df_output['EDU'] = df_input['EDU'].isin(['Incomplete', 'High school']).astype(int)
    df_output['TERM'] = (df_input['TERM'] > 48).astype(int)
    df_output['UNDERAGECHILDRENCOUNT'] = (df_input['UNDERAGECHILDRENCOUNT'] >= 1).astype(int)
    df_output['LV_AREA'] = df_input['LV_AREA'].isin(['Vitebskaja oblast', "Gomel'skaja oblast'", 'Brestskaja oblast']).astype(int)
    return df_output

---DIVIDER---

def extracting_features_1(df_input):
    df_output = pd.DataFrame()
    df_output['Debt'] = (df_input['Debt'] < 5000).astype(int)
    df_output['Overdue days'] = (df_input['Overdue days'] == 0).astype(int)
    df_output['Initial limit'] = (df_input['Initial limit'] >= 10000).astype(int)
    df_output['Credit history rating'] = df_input['Credit history rating'].isin(['A1', 'A2', 'A3', 'B1', 'B2', 'B3']).astype(int)
    df_output['PDN'] = (df_input['PDN'] < 0.3).astype(int)
    df_output['INCOME'] = (df_input['INCOME'] >= 2000).astype(int)
    df_output['EDU'] = df_input['EDU'].isin(['University', 'College']).astype(int)
    df_output['TERM'] = (df_input['TERM'] <= 48).astype(int)
    df_output['UNDERAGECHILDRENCOUNT'] = (df_input['UNDERAGECHILDRENCOUNT'] == 0).astype(int)
    df_output['LV_AREA'] = df_input['LV_AREA'].isin(['g. Minsk', 'Minskaja oblast\'']).astype(int)
    return df_output

---VERSION---

def extracting_features_0(df_input):
    df_output = pd.DataFrame()
    df_output['Credit_history_rating_in_D_E'] = df_input['Credit history rating'].isin(['D1', 'D2', 'D3', 'E1', 'E2', 'E3']).astype(int)
    df_output['Overdue_days_gt_0'] = (df_input['Overdue days'] > 0).astype(int)
    df_output['PDN_ge_0_3'] = (df_input['PDN'] >= 0.3).astype(int)
    df_output['Debt_ge_10000'] = (df_input['Debt'] >= 10000).astype(int)
    df_output['INCOME_lt_2000'] = (df_input['INCOME'] < 2000).astype(int)
    df_output['Initial_limit_lt_5000'] = (df_input['Initial limit'] < 5000).astype(int)
    df_output['EDU_in_Incomplete'] = (df_input['EDU'] == 'Incomplete').astype(int)
    df_output['TERM_lt_36'] = (df_input['TERM'] < 36).astype(int)
    df_output['UNDERAGECHILDRENCOUNT_ge_2'] = (df_input['UNDERAGECHILDRENCOUNT'] >= 2).astype(int)
    df_output['FAMILYSTATUS_lt_2'] = (df_input['FAMILYSTATUS'] < 2).astype(int)
    return df_output

---DIVIDER---

def extracting_features_1(df_input):
    df_output = pd.DataFrame()
    df_output['Credit_history_rating_condition'] = df_input['Credit history rating'].isin(['A1', 'A2', 'A3', 'B1', 'B2', 'B3', 'C1', 'C2', 'C3']).astype(int)
    df_output['Overdue_days_condition'] = (df_input['Overdue days'] == 0).astype(int)
    df_output['PDN_condition'] = (df_input['PDN'] < 0.4).astype(int)
    df_output['Debt_condition'] = (df_input['Debt'] < 5000).astype(int)
    df_output['INCOME_condition'] = (df_input['INCOME'] >= 2000).astype(int)
    df_output['Initial_limit_condition'] = (df_input['Initial limit'] >= 10000).astype(int)
    df_output['EDU_condition'] = df_input['EDU'].isin(['University', 'College']).astype(int)
    df_output['TERM_condition'] = (df_input['TERM'] >= 36).astype(int)
    df_output['UNDERAGECHILDRENCOUNT_condition'] = (df_input['UNDERAGECHILDRENCOUNT'] < 2).astype(int)
    df_output['FAMILYSTATUS_condition'] = (df_input['FAMILYSTATUS'] >= 2).astype(int)
    return df_output

---VERSION---

def extracting_features_0(df_input):
    df_output = pd.DataFrame()
    df_output['Debt_ge_5000'] = (df_input['Debt'] >= 5000).astype(int)
    df_output['Overdue_days_gt_0'] = (df_input['Overdue days'] > 0).astype(int)
    df_output['Initial_limit_lt_5000'] = (df_input['Initial limit'] < 5000).astype(int)
    df_output['INCOME_lt_2000'] = (df_input['INCOME'] < 2000).astype(int)
    df_output['Credit_history_rating_in_DE'] = df_input['Credit history rating'].isin(['D1', 'D2', 'D3', 'E1', 'E2', 'E3']).astype(int)
    df_output['PDN_ge_0_3'] = (df_input['PDN'] >= 0.3).astype(int)
    df_output['EDU_in_Incomplete_High_school'] = df_input['EDU'].isin(['Incomplete', 'High school']).astype(int)
    df_output['TERM_gt_48'] = (df_input['TERM'] > 48).astype(int)
    df_output['UNDERAGECHILDRENCOUNT_ge_1'] = (df_input['UNDERAGECHILDRENCOUNT'] >= 1).astype(int)
    df_output['FAMILYSTATUS_le_2'] = (df_input['FAMILYSTATUS'] <= 2).astype(int)
    return df_output

---DIVIDER---

def extracting_features_1(df_input):
    df_output = pd.DataFrame()
    df_output['Debt_lt_5000'] = (df_input['Debt'] < 5000).astype(int)
    df_output['Overdue_days_eq_0'] = (df_input['Overdue days'] == 0).astype(int)
    df_output['Initial_limit_ge_5000'] = (df_input['Initial limit'] >= 5000).astype(int)
    df_output['INCOME_ge_2000'] = (df_input['INCOME'] >= 2000).astype(int)
    df_output['Credit_history_rating_in'] = df_input['Credit history rating'].isin(['A1', 'A2', 'A3', 'B1', 'B2', 'B3', 'C1', 'C2', 'C3']).astype(int)
    df_output['PDN_lt_0_3'] = (df_input['PDN'] < 0.3).astype(int)
    df_output['EDU_in'] = df_input['EDU'].isin(['University', 'College']).astype(int)
    df_output['TERM_le_48'] = (df_input['TERM'] <= 48).astype(int)
    df_output['UNDERAGECHILDRENCOUNT_eq_0'] = (df_input['UNDERAGECHILDRENCOUNT'] == 0).astype(int)
    df_output['FAMILYSTATUS_gt_2'] = (df_input['FAMILYSTATUS'] > 2).astype(int)
    return df_output