def extracting_features_0(df_input):
    df_output = pd.DataFrame()
    df_output['Reason_for_reading_books'] = df_input['Reason for reading books'].isin(['Entertainment Purpose', 'To increase my English vocabulary knowledge', 'Keep me informative']).astype(int)
    df_output['Favorite_books_for_leisure'] = df_input['Favorite books for reading to spend leisure time'].isin(['Fiction', 'Politics', 'Others']).astype(int)
    df_output['Amount_of_time_spent_reading_books_per_day'] = (df_input['Amount of time spent reading books per day'] < 1).astype(int)
    df_output['Number_of_e_books_read_last_two_years'] = df_input['Number of e-books you read last two years'].isin([np.nan, '1-5']).astype(int)
    df_output['Number_of_printed_books_read_last_two_years'] = df_input['Number of printed books you read last two years'].isin([np.nan, '1-5']).astype(int)
    df_output['Frequency_of_reading_books'] = (df_input['Frequency of reading books'] != 'On everyday basis').astype(int)
    df_output['Department'] = df_input['Department'].isin(['BBA', 'English', 'JMC', 'Textile', 'Civil', 'NFE', 'Others']).astype(int)
    df_output['Change_after_reading_books'] = (df_input['What is the change that you fell after reading books'] != 'Increase Academic Performance').astype(int)
    df_output['How_to_manage_books_for_reading'] = df_input['How to manage books for reading'].isin(['Borrow', 'Others']).astype(int)
    df_output['Format_used_for_reading_books'] = (df_input['The format that you used for reading books'] != 'E-books').astype(int)
    return df_output

---DIVIDER---

def extracting_features_1(df_input):
    df_output = pd.DataFrame()
    df_output['Reason_for_reading_books_is_Academic_Purpose'] = (df_input['Reason for reading books'] == 'Academic Purpose').astype(int)
    df_output['Amount_of_time_spent_reading_books_per_day_ge_1'] = (df_input['Amount of time spent reading books per day'] >= 1).astype(int)
    df_output['Department_in_selected'] = df_input['Department'].isin(['CSE', 'SWE', 'Pharmacy', 'EEE', 'CIS', 'MCT']).astype(int)
    df_output['Frequency_of_reading_books_is_On_everyday_basis'] = (df_input['Frequency of reading books'] == 'On everyday basis').astype(int)
    df_output['Number_of_e_books_read_last_two_years_in_selected'] = df_input['Number of e-books you read last two years'].isin(['6-10', '11-15', '16-20', 'More than 20']).astype(int)
    df_output['Number_of_printed_books_read_last_two_years_in_selected'] = df_input['Number of printed books you read last two years'].isin(['6-10', '11-15', '16-20', 'More than 20']).astype(int)
    df_output['What_is_the_change_after_reading_books_in_selected'] = df_input['What is the change that you fell after reading books'].isin(['Increase Academic Performance', 'Increase Creative Thinking']).astype(int)
    df_output['How_to_manage_books_for_reading_in_selected'] = df_input['How to manage books for reading'].isin(['E-books', 'Buy', 'Used-all']).astype(int)
    df_output['The_format_used_for_reading_books_in_selected'] = df_input['The format that you used for reading books'].isin(['E-books', 'Both']).astype(int)
    df_output['Who_influenced_you_to_read_books_in_selected'] = df_input['Who influenced you to read books'].isin(['Parents', 'Teachers']).astype(int)
    return df_output

---VERSION---

def extracting_features_0(df_input):
    df_output = pd.DataFrame()
    df_output['Reason_for_reading_books'] = df_input['Reason for reading books'].isin(['Entertainment Purpose', 'To increase my English vocabulary knowledge']).astype(int)
    df_output['Amount_of_time_spent_reading_books_per_day'] = (df_input['Amount of time spent reading books per day'] < 1).astype(int)
    df_output['Frequency_of_reading_books'] = df_input['Frequency of reading books'].isin(['A few times a week', 'Once a week', 'Rarely']).astype(int)
    df_output['Favorite_books_for_reading_to_spend_leisure_time'] = df_input['Favorite books for reading to spend leisure time'].isin(['Fiction', 'Others']).astype(int)
    df_output['Number_of_e_books_you_read_last_two_years'] = df_input['Number of e-books you read last two years'].isin(['1-5', float('nan')]).astype(int)
    df_output['Number_of_printed_books_you_read_last_two_years'] = df_input['Number of printed books you read last two years'].isin(['1-5', float('nan')]).astype(int)
    df_output['How_to_manage_books_for_reading'] = df_input['How to manage books for reading'].isin(['Buy', 'Others']).astype(int)
    df_output['Where_do_you_read_printed_books'] = df_input['Where do you read printed books'].isin(['Home', 'Cafe']).astype(int)
    df_output['Change_felt_after_reading_books'] = (~df_input['What is the change that you fell after reading books'].isin(['Increase Academic Performance', 'Increase Creative Thinking'])).astype(int)
    df_output['Influencer_to_read_books'] = df_input['Who influenced you to read books'].isin(['Friends', 'Family', 'None']).astype(int)
    return df_output

---DIVIDER---

def extracting_features_1(df_input):
    df_output = pd.DataFrame()
    df_output['Reason_for_reading_books_is_Academic_Purpose'] = (df_input['Reason for reading books'] == 'Academic Purpose').astype(int)
    df_output['Amount_of_time_spent_reading_books_per_day_ge_2'] = (df_input['Amount of time spent reading books per day'] >= 2).astype(int)
    df_output['Frequency_of_reading_books_in_selected'] = df_input['Frequency of reading books'].isin(['On everyday basis', 'Several times a week']).astype(int)
    df_output['Number_of_e_books_read_last_two_years_in_selected'] = df_input['Number of e-books you read last two years'].isin(['6-10', '11-15', '16-20', 'More than 20']).astype(int)
    df_output['Number_of_printed_books_read_last_two_years_in_selected'] = df_input['Number of printed books you read last two years'].isin(['6-10', '11-15', '16-20', 'More than 20']).astype(int)
    df_output['Department_in_selected'] = df_input['Department'].isin(['CSE', 'SWE', 'Pharmacy', 'EEE', 'Civil', 'CIS', 'MCT']).astype(int)
    df_output['Where_do_you_read_printed_books_is_Library'] = (df_input['Where do you read printed books'] == 'Library').astype(int)
    df_output['Change_felt_after_reading_books_in_selected'] = df_input['What is the change that you fell after reading books'].isin(['Increase Academic Performance', 'Increase Creative Thinking']).astype(int)
    df_output['Format_used_for_reading_books_in_selected'] = df_input['The format that you used for reading books'].isin(['E-books', 'Both']).astype(int)
    df_output['Influencer_to_read_books_is_Teachers'] = (df_input['Who influenced you to read books'] == 'Teachers').astype(int)
    return df_output

---VERSION---



---VERSION---

def extracting_features_0(df_input):
    df_output = pd.DataFrame()
    df_output['Department'] = df_input['Department'].isin(['English', 'BBA', 'JMC', 'Others']).astype(int)
    df_output['Reason for reading books'] = df_input['Reason for reading books'].isin(['Entertainment Purpose', 'To increase my English vocabulary knowledge']).astype(int)
    df_output['Amount of time spent reading books per day'] = (df_input['Amount of time spent reading books per day'] < 1).astype(int)
    df_output['Number of e-books you read last two years'] = df_input['Number of e-books you read last two years'].isin(['1-5', float('nan')]).astype(int)
    df_output['Number of printed books you read last two years'] = df_input['Number of printed books you read last two years'].isin(['1-5', float('nan')]).astype(int)
    df_output['Favorite books for reading to spend leisure time'] = df_input['Favorite books for reading to spend leisure time'].isin(['Fiction', 'Politics']).astype(int)
    df_output['Frequency of reading books'] = df_input['Frequency of reading books'].isin(['Once a week', 'Occasionally', 'Rarely']).astype(int)
    df_output['What is the change that you fell after reading books'] = df_input['What is the change that you fell after reading books'].isin(['Increase English Vocabulary', 'Others']).astype(int)
    df_output['How to manage books for reading'] = df_input['How to manage books for reading'].isin(['Others', 'Borrow']).astype(int)
    df_output['Who influenced you to read books'] = df_input['Who influenced you to read books'].isin(['Friends', 'Family']).astype(int)
    return df_output

---DIVIDER---

def extracting_features_1(df_input):
    df_output = pd.DataFrame()
    df_output['Department_in_selected'] = df_input['Department'].isin(['CSE', 'SWE', 'Pharmacy', 'EEE', 'Civil', 'MCT', 'CIS', 'Textile']).astype(int)
    df_output['Reason_Academic_Purpose'] = (df_input['Reason for reading books'] == 'Academic Purpose').astype(int)
    df_output['Time_spent_reading_3_or_more'] = (df_input['Amount of time spent reading books per day'] >= 3).astype(int)
    df_output['Ebooks_read_selected'] = df_input['Number of e-books you read last two years'].isin(['6-10', '11-15', '16-20', 'More than 20']).astype(int)
    df_output['Printed_books_read_selected'] = df_input['Number of printed books you read last two years'].isin(['6-10', '11-15', '16-20', 'More than 20']).astype(int)
    df_output['Favorite_books_selected'] = df_input['Favorite books for reading to spend leisure time'].isin(['Non-Fiction', 'Biography']).astype(int)
    df_output['Frequency_On_everyday_basis'] = (df_input['Frequency of reading books'] == 'On everyday basis').astype(int)
    df_output['Change_after_reading_selected'] = df_input['What is the change that you fell after reading books'].isin(['Increase Academic Performance', 'Increase Problem Solving Skill']).astype(int)
    df_output['Manage_books_selected'] = df_input['How to manage books for reading'].isin(['E-books', 'Buy', 'Used-all']).astype(int)
    df_output['Influenced_by_selected'] = df_input['Who influenced you to read books'].isin(['Self-Decision', 'Academic mentors']).astype(int)
    return df_output

---VERSION---



---VERSION---

def extracting_features_0(df_input):
    df_output = pd.DataFrame()
    df_output['Reason_for_reading_books'] = df_input['Reason for reading books'].isin(['Entertainment Purpose', 'Keep me informative', 'To increase my English vocabulary knowledge']).astype(int)
    df_output['Amount_of_time_spent_reading_books_per_day'] = (df_input['Amount of time spent reading books per day'] < 1).astype(int)
    df_output['Number_of_e_books_read_last_two_years'] = df_input['Number of e-books you read last two years'].isin(['1-5', float('nan')]).astype(int)
    df_output['Number_of_printed_books_read_last_two_years'] = df_input['Number of printed books you read last two years'].isin(['1-5', float('nan')]).astype(int)
    df_output['Frequency_of_reading_books'] = (~df_input['Frequency of reading books'].isin(['On everyday basis', 'Almost every day'])).astype(int)
    df_output['Favorite_books_for_reading_to_spend_leisure_time'] = df_input['Favorite books for reading to spend leisure time'].isin(['Fiction', 'Others']).astype(int)
    df_output['Department'] = df_input['Department'].isin(['BBA', 'English', 'JMC', 'Textile', 'NFE', 'Others']).astype(int)
    df_output['How_to_manage_books_for_reading'] = df_input['How to manage books for reading'].isin(['Borrow', 'Others']).astype(int)
    df_output['Emotional_change_after_reading_books'] = (~df_input['What is the change that you fell after reading books'].isin(['Increase Academic Performance', 'Increase Problem Solving Skill'])).astype(int)
    df_output['Who_influenced_you_to_read_books'] = df_input['Who influenced you to read books'].isin(['Friends', 'Family']).astype(int)
    return df_output

---DIVIDER---

def extracting_features_1(df_input):
    df_output = pd.DataFrame()
    df_output['Reason_for_reading_books_is_Academic_Purpose'] = (df_input['Reason for reading books'] == 'Academic Purpose').astype(int)
    df_output['Amount_of_time_spent_reading_books_per_day_ge_1'] = (df_input['Amount of time spent reading books per day'] >= 1).astype(int)
    df_output['Number_of_e_books_read_last_two_years_in_range'] = df_input['Number of e-books you read last two years'].isin(['6-10', '11-15', '16-20', 'More than 20']).astype(int)
    df_output['Number_of_printed_books_read_last_two_years_in_range'] = df_input['Number of printed books you read last two years'].isin(['6-10', '11-15', '16-20', 'More than 20']).astype(int)
    df_output['Frequency_of_reading_books_is_On_everyday_basis'] = (df_input['Frequency of reading books'] == 'On everyday basis').astype(int)
    df_output['Department_in_selected'] = df_input['Department'].isin(['CSE', 'SWE', 'Pharmacy', 'EEE', 'Civil', 'CIS', 'MCT']).astype(int)
    df_output['How_to_manage_books_for_reading_in_selected'] = df_input['How to manage books for reading'].isin(['Used-all', 'Buy', 'E-books']).astype(int)
    df_output['Emotional_or_cognitive_change_in_selected'] = df_input['What is the change that you fell after reading books'].isin(['Increase Academic Performance', 'Increase Problem Solving Skill']).astype(int)
    df_output['Who_influenced_you_to_read_books_is_Self_Decision'] = (df_input['Who influenced you to read books'] == 'Self-Decision').astype(int)
    df_output['Favorite_books_for_reading_leisure_in_selected'] = df_input['Favorite books for reading to spend leisure time'].isin(['Non-Fiction', 'Biography', 'Politics']).astype(int)
    return df_output

---VERSION---



---VERSION---



---VERSION---

def extracting_features_0(df_input):
    df_output = pd.DataFrame()
    df_output['Reason_for_reading_books'] = df_input['Reason for reading books'].isin(['Entertainment Purpose', 'To increase my English vocabulary knowledge']).astype(int)
    df_output['Amount_of_time_spent_reading_books_per_day'] = (df_input['Amount of time spent reading books per day'] < 1).astype(int)
    df_output['Frequency_of_reading_books'] = df_input['Frequency of reading books'].isin(['Rarely', 'Once a week', 'Less than once a week']).astype(int)
    df_output['Number_of_e_books_read_last_two_years'] = df_input['Number of e-books you read last two years'].isin([np.nan, '1-5']).astype(int)
    df_output['Number_of_printed_books_read_last_two_years'] = df_input['Number of printed books you read last two years'].isin([np.nan, '1-5']).astype(int)
    df_output['Favorite_books_for_leisure'] = df_input['Favorite books for reading to spend leisure time'].isin(['Fiction', 'Politics', 'Others']).astype(int)
    df_output['Change_after_reading_books'] = (~df_input['What is the change that you fell after reading books'].eq('Increase Academic Performance')).astype(int)
    df_output['Department'] = df_input['Department'].isin(['BBA', 'English', 'JMC', 'Textile', 'NFE']).astype(int)
    df_output['Who_influenced_to_read_books'] = df_input['Who influenced you to read books'].isin(['Parents', 'Friends']).astype(int)
    df_output['Format_used_for_reading_books'] = df_input['How to manage books for reading'].isin(['E-books', 'Borrow']).astype(int)
    return df_output

---DIVIDER---

def extracting_features_1(df_input):
    df_output = pd.DataFrame()
    df_output['Reason for reading books is Academic Purpose'] = (df_input['Reason for reading books'] == 'Academic Purpose').astype(int)
    df_output['Amount of time spent reading books per day >= 1'] = (df_input['Amount of time spent reading books per day'] >= 1).astype(int)
    df_output['Frequency of reading books is in [On everyday basis, A few times a week]'] = df_input['Frequency of reading books'].isin(['On everyday basis', 'A few times a week']).astype(int)
    df_output['Number of e-books you read last two years is in [6-10, 11-15, 16-20, More than 20]'] = df_input['Number of e-books you read last two years'].isin(['6-10', '11-15', '16-20', 'More than 20']).astype(int)
    df_output['Number of printed books you read last two years is in [6-10, 11-15, 16-20, More than 20]'] = df_input['Number of printed books you read last two years'].isin(['6-10', '11-15', '16-20', 'More than 20']).astype(int)
    df_output['What is the change that you fell after reading books is Increase Academic Performance'] = (df_input['What is the change that you fell after reading books'] == 'Increase Academic Performance').astype(int)
    df_output['Department is in [CSE, SWE, Pharmacy, EEE, Civil, CIS, MCT]'] = df_input['Department'].isin(['CSE', 'SWE', 'Pharmacy', 'EEE', 'Civil', 'CIS', 'MCT']).astype(int)
    df_output['Who influenced you to read books is Self-Decision'] = (df_input['Who influenced you to read books'] == 'Self-Decision').astype(int)
    df_output['The format that you used for reading books is Both'] = (df_input['The format that you used for reading books'] == 'Both').astype(int)
    df_output['Favorite books for reading to spend leisure time is in [Non-Fiction, Biography]'] = df_input['Favorite books for reading to spend leisure time'].isin(['Non-Fiction', 'Biography']).astype(int)
    return df_output

---VERSION---

