def extracting_features_0(df_input):
    df_output = pd.DataFrame()
    df_output['The_reason_of_the_call_Complaints'] = (df_input['The_reason_of_the_call'] == 'Complaints').astype(int)
    df_output['Call_center_employee_communication_skills_evaluation_le_3'] = (df_input['Call_center_employee_communication_skills_evaluation'] <= 3.0).astype(int)
    df_output['Satisfaction_with_the_doctors_response_le_3'] = (df_input['Satisfaction_with_the_doctors_response'] <= 3.0).astype(int)
    df_output['How_often_do_you_receive_call_center_news_le_2'] = (df_input['How_often_do_you_receive_call_center_news'] <= 2.0).astype(int)
    df_output['Call_151_No'] = (df_input['Call_151'] == 'No').astype(int)
    df_output['Aware_151_No'] = (df_input['Aware_151'] == 'No').astype(int)
    df_output['Age_18_24_30_39_and_Complaints'] = ((df_input['Age'].isin(['18-24', '30-39'])) & (df_input['The_reason_of_the_call'] == 'Complaints')).astype(int)
    df_output['Education_High_school_Diploma_Bachelor_and_communication_le_3'] = ((df_input['Education'].isin(['High school', 'Diploma', 'Bachelor'])) & (df_input['Call_center_employee_communication_skills_evaluation'] <= 3.0)).astype(int)
    df_output['Nationality_Kuwaiti_and_satisfaction_le_3'] = ((df_input['Nationality'] == 'Kuwaiti') & (df_input['Satisfaction_with_the_doctors_response'] <= 3.0)).astype(int)
    df_output['Marital_Status_Single_Married_and_communication_le_3'] = ((df_input['Marital_Status'].isin(['Single', 'Married'])) & (df_input['Call_center_employee_communication_skills_evaluation'] <= 3.0)).astype(int)
    return df_output

---DIVIDER---

def extracting_features_1(df_input):
    df_output = pd.DataFrame()
    df_output['Call_center_employee_communication_skills_evaluation_gt_3'] = (df_input['Call_center_employee_communication_skills_evaluation'] > 3.0).astype(int)
    df_output['Satisfaction_with_the_doctors_response_gt_3'] = (df_input['Satisfaction_with_the_doctors_response'] > 3.0).astype(int)
    df_output['How_often_do_you_receive_call_center_news_gt_2'] = (df_input['How_often_do_you_receive_call_center_news'] > 2.0).astype(int)
    df_output['The_reason_of_the_call_in_list'] = df_input['The_reason_of_the_call'].isin(['Medical_Consultation', 'Vaccination', 'Inquiries', 'Inquiries_COVID19']).astype(int)
    df_output['Call_151_yes'] = (df_input['Call_151'] == 'Yes').astype(int)
    df_output['Aware_151_yes_or_no_and_communication_skills_gt_3'] = ((df_input['Aware_151'].isin(['Yes', 'No'])) & (df_input['Call_center_employee_communication_skills_evaluation'] > 3.0)).astype(int)
    df_output['Age_18_24_and_communication_skills_gt_3'] = ((df_input['Age'] == '18-24') & (df_input['Call_center_employee_communication_skills_evaluation'] > 3.0)).astype(int)
    df_output['Education_in_list_and_satisfaction_gt_3'] = ((df_input['Education'].isin(['Bachelor', 'Master', 'Diploma'])) & (df_input['Satisfaction_with_the_doctors_response'] > 3.0)).astype(int)
    df_output['Nationality_other_and_satisfaction_gt_3'] = ((df_input['Nationality'] == 'Other nationality') & (df_input['Satisfaction_with_the_doctors_response'] > 3.0)).astype(int)
    df_output['Marital_Status_single_and_news_gt_2'] = ((df_input['Marital_Status'] == 'Single') & (df_input['How_often_do_you_receive_call_center_news'] > 2.0)).astype(int)
    return df_output

---VERSION---

def extracting_features_0(df_input):
    df_output = pd.DataFrame()
    df_output['The_reason_of_the_call_Complaints'] = (df_input['The_reason_of_the_call'] == 'Complaints').astype(int)
    df_output['Call_center_employee_communication_skills_evaluation_le_3'] = (df_input['Call_center_employee_communication_skills_evaluation'] <= 3.0).astype(int)
    df_output['Satisfaction_with_the_doctors_response_le_3'] = (df_input['Satisfaction_with_the_doctors_response'] <= 3.0).astype(int)
    df_output['How_often_do_you_receive_call_center_news_lt_3'] = (df_input['How_often_do_you_receive_call_center_news'] < 3.0).astype(int)
    df_output['Call_151_No'] = (df_input['Call_151'] == 'No').astype(int)
    df_output['Aware_151_No'] = (df_input['Aware_151'] == 'No').astype(int)
    df_output['Age_50_59_60_and_above'] = df_input['Age'].isin(['50-59', '60 and above']).astype(int)
    df_output['Gender_Male'] = (df_input['Gender'] == 'Male').astype(int)
    df_output['Education_High_school_Less_than_high_school'] = df_input['Education'].isin(['High school', 'Less than high school']).astype(int)
    df_output['Governorate_Around_Farwaniya'] = df_input['Governorate'].isin(['Around', 'Farwaniya']).astype(int)
    return df_output

---DIVIDER---

def extracting_features_1(df_input):
    df_output = pd.DataFrame()
    df_output['The_reason_of_the_call_condition'] = ((df_input['The_reason_of_the_call'].isin(['Complaints', 'Vaccination', 'Medical_Consultation', 'Inquiries'])) & 
                                                     (df_input['Satisfaction_with_the_doctors_response'] > 0)).astype(int)
    df_output['Call_center_employee_communication_skills_evaluation_condition'] = (df_input['Call_center_employee_communication_skills_evaluation'] >= 3.0).astype(int)
    df_output['Satisfaction_with_the_doctors_response_condition'] = (df_input['Satisfaction_with_the_doctors_response'] >= 3.0).astype(int)
    df_output['How_often_do_you_receive_call_center_news_condition'] = (df_input['How_often_do_you_receive_call_center_news'] >= 2.5).astype(int)
    df_output['Call_151_condition'] = ((df_input['Call_151'] == 'No') & 
                                      (df_input['How_often_do_you_receive_call_center_news'] >= 2.5) & 
                                      (df_input['Satisfaction_with_the_doctors_response'] >= 3.0)).astype(int)
    df_output['Aware_151_condition'] = ((df_input['Aware_151'] == 'No') & 
                                       (df_input['How_often_do_you_receive_call_center_news'] >= 2.5) & 
                                       (df_input['Satisfaction_with_the_doctors_response'] >= 3.0)).astype(int)
    df_output['Age_condition'] = df_input['Age'].isin(['18-24', '25-29']).astype(int)
    df_output['Gender_condition'] = (df_input['Gender'] == 'Female').astype(int)
    df_output['Education_condition'] = df_input['Education'].isin(['Bachelor', 'Master']).astype(int)
    df_output['Governorate_condition'] = df_input['Governorate'].isin(['Capital', 'Around', 'Jahra']).astype(int)
    return df_output

---VERSION---

def extracting_features_0(df_input):
    df_output = pd.DataFrame()
    df_output['The_reason_of_the_call_Complaints'] = (df_input['The_reason_of_the_call'] == 'Complaints').astype(int)
    df_output['Call_center_employee_communication_skills_evaluation_le_3'] = (df_input['Call_center_employee_communication_skills_evaluation'] <= 3.0).astype(int)
    df_output['Satisfaction_with_the_doctors_response_le_3'] = (df_input['Satisfaction_with_the_doctors_response'] <= 3.0).astype(int)
    df_output['Call_151_Yes'] = (df_input['Call_151'] == 'Yes').astype(int)
    df_output['How_often_do_you_receive_call_center_news_le_3'] = (df_input['How_often_do_you_receive_call_center_news'] <= 3.0).astype(int)
    df_output['Age_in_18_24_30_39'] = df_input['Age'].isin(['18-24', '30-39']).astype(int)
    df_output['Education_in_Bachelor_High_school'] = df_input['Education'].isin(['Bachelor', 'High school']).astype(int)
    df_output['Nationality_Kuwaiti'] = (df_input['Nationality'] == 'Kuwaiti').astype(int)
    df_output['Gender_Male'] = (df_input['Gender'] == 'Male').astype(int)
    df_output['Marital_Status_in_Single_Married'] = df_input['Marital_Status'].isin(['Single', 'Married']).astype(int)
    return df_output

---DIVIDER---

def extracting_features_1(df_input):  
    df_output = pd.DataFrame()  
    df_output['The_reason_of_the_call_Complaints'] = (df_input['The_reason_of_the_call'] == 'Complaints').astype(int)  
    df_output['Call_center_employee_communication_skills_evaluation_3.0'] = (df_input['Call_center_employee_communication_skills_evaluation'] == 3.0).astype(int)  
    df_output['Satisfaction_with_the_doctors_response_3.0'] = (df_input['Satisfaction_with_the_doctors_response'] == 3.0).astype(int)  
    df_output['Call_151_No'] = (df_input['Call_151'] == 'No').astype(int)  
    df_output['How_often_do_you_receive_call_center_news_2.2_3.2'] = ((df_input['How_often_do_you_receive_call_center_news'] >= 2.2) & (df_input['How_often_do_you_receive_call_center_news'] <= 3.2)).astype(int)  
    df_output['Age_18-24'] = (df_input['Age'] == '18-24').astype(int)  
    df_output['Education_Bachelor_High_school'] = df_input['Education'].isin(['Bachelor', 'High school']).astype(int)  
    df_output['Nationality_Kuwaiti'] = (df_input['Nationality'] == 'Kuwaiti').astype(int)  
    df_output['Gender_Female'] = (df_input['Gender'] == 'Female').astype(int)  
    df_output['Marital_Status_Single'] = (df_input['Marital_Status'] == 'Single').astype(int)  
    return df_output

---VERSION---

def extracting_features_0(df_input):
    df_output = pd.DataFrame()
    df_output['The_reason_of_the_call_Complaints'] = (df_input['The_reason_of_the_call'] == 'Complaints').astype(int)
    df_output['Call_center_employee_communication_skills_evaluation_le_3'] = (df_input['Call_center_employee_communication_skills_evaluation'] <= 3.0).astype(int)
    df_output['Satisfaction_with_the_doctors_response_le_3'] = (df_input['Satisfaction_with_the_doctors_response'] <= 3.0).astype(int)
    df_output['How_often_do_you_receive_call_center_news_lt_2_5'] = (df_input['How_often_do_you_receive_call_center_news'] < 2.5).astype(int)
    df_output['Call_151_No'] = (df_input['Call_151'] == 'No').astype(int)
    df_output['Aware_151_No'] = (df_input['Aware_151'] == 'No').astype(int)

    low_satisfaction = (df_input['Call_center_employee_communication_skills_evaluation'] <= 3.0) & (df_input['Satisfaction_with_the_doctors_response'] <= 3.0)

    df_output['Age_in_group_low_satisfaction'] = ((df_input['Age'].isin(['18-24', '30-39', '40-49'])) & low_satisfaction).astype(int)
    df_output['Education_in_group_low_satisfaction'] = ((df_input['Education'].isin(['High school', 'Diploma', 'Bachelor'])) & low_satisfaction).astype(int)
    df_output['Gender_Male_low_satisfaction'] = ((df_input['Gender'] == 'Male') & low_satisfaction).astype(int)
    df_output['Governorate_in_group_low_satisfaction'] = ((df_input['Governorate'].isin(['Farwaniya', 'Capital'])) & low_satisfaction).astype(int)

    return df_output

---DIVIDER---

def extracting_features_1(df_input):
    df_output = pd.DataFrame()
    df_output['The_reason_of_the_call'] = df_input['The_reason_of_the_call'].isin(['Vaccination', 'Medical_Consultation', 'Inquiries', 'Inquiries_COVID19']).astype(int)
    df_output['Call_center_employee_communication_skills_evaluation'] = (df_input['Call_center_employee_communication_skills_evaluation'] >= 3.0).astype(int)
    df_output['Satisfaction_with_the_doctors_response'] = (df_input['Satisfaction_with_the_doctors_response'] >= 3.0).astype(int)
    df_output['How_often_do_you_receive_call_center_news'] = (df_input['How_often_do_you_receive_call_center_news'] >= 2.5).astype(int)
    df_output['Call_151'] = (df_input['Call_151'] == 'Yes').astype(int)
    df_output['Aware_151'] = (df_input['Aware_151'] == 'Yes').astype(int)
    high_satisfaction = (df_input['Satisfaction_with_the_doctors_response'] >= 3.0) & (df_input['Call_center_employee_communication_skills_evaluation'] >= 3.0)
    df_output['Age'] = ((df_input['Age'].isin(['18-24', '25-29'])) & high_satisfaction).astype(int)
    df_output['Education'] = ((df_input['Education'].isin(['Bachelor', 'Master'])) & high_satisfaction).astype(int)
    df_output['Gender'] = ((df_input['Gender'] == 'Female') & high_satisfaction).astype(int)
    df_output['Governorate'] = ((df_input['Governorate'].isin(['Capital', 'Around', 'Jahra'])) & high_satisfaction).astype(int)
    return df_output

---VERSION---

