

---VERSION---

def extracting_features_0(df_input):
    df_output = pd.DataFrame()
    df_output['Primary Type in list'] = df_input['Primary Type'].isin(['OTHER OFFENSE', 'PUBLIC PEACE VIOLATION', 'BATTERY', 'NARCOTICS']).astype(int)
    df_output['Description in list'] = df_input['Description'].isin(['VEHICLE TITLE / REGISTRATION OFFENSE', 'HARASSMENT BY TELEPHONE', 'SIMPLE', 'TIRE DEFLATION DEVICE DEPLOYMENT']).astype(int)
    df_output['Location Description in list'] = df_input['Location Description'].isin(['STREET', 'APARTMENT', 'SIDEWALK']).astype(int)
    df_output['Domestic is 0'] = (df_input['Domestic'] == 0).astype(int)
    df_output['FBI Code in list'] = df_input['FBI Code'].isin(['24', '26', '08B']).astype(int)
    df_output['Primary Type THEFT and Description OVER $500'] = ((df_input['Primary Type'] == 'THEFT') & (df_input['Description'] == 'OVER $500')).astype(int)
    df_output['Beat in range'] = ((df_input['Beat'] >= 1200) & (df_input['Beat'] <= 1300)).astype(int)
    df_output['District in range'] = ((df_input['District'] >= 1) & (df_input['District'] <= 5)).astype(int)
    df_output['Ward in range'] = ((df_input['Ward'] >= 28) & (df_input['Ward'] <= 36)).astype(int)
    df_output['Community Area in range'] = ((df_input['Community Area'] >= 6) & (df_input['Community Area'] <= 30)).astype(int)
    return df_output

---DIVIDER---

def extracting_features_1(df_input):
    df_output = pd.DataFrame()
    df_output['Primary_Type_in_list'] = df_input['Primary Type'].isin(['WEAPONS VIOLATION', 'THEFT', 'MOTOR VEHICLE THEFT', 'CRIMINAL DAMAGE']).astype(int)
    df_output['Description_in_list'] = df_input['Description'].isin(['UNLAWFUL POSSESSION - HANDGUN', 'RETAIL THEFT', 'THEFT / RECOVERY - AUTOMOBILE', 'TO VEHICLE']).astype(int)
    df_output['Location_Description_in_list'] = df_input['Location Description'].isin(['STREET', 'APARTMENT', 'DEPARTMENT STORE']).astype(int)
    df_output['Domestic_is_1'] = (df_input['Domestic'] == 1).astype(int)
    df_output['FBI_Code_in_list'] = df_input['FBI Code'].isin(['06', '07', '14', '15']).astype(int)
    df_output['Beat_in_range'] = ((df_input['Beat'] >= 1500) & (df_input['Beat'] <= 1900)).astype(int)
    df_output['District_in_range'] = ((df_input['District'] >= 10) & (df_input['District'] <= 25)).astype(int)
    df_output['Ward_in_range'] = ((df_input['Ward'] >= 10) & (df_input['Ward'] <= 44)).astype(int)
    df_output['Community_Area_in_range'] = ((df_input['Community Area'] >= 8) & (df_input['Community Area'] <= 46)).astype(int)
    df_output['Primary_Type_THEFT_and_Description_RETAIL_THEFT'] = ((df_input['Primary Type'] == 'THEFT') & (df_input['Description'] == 'RETAIL THEFT')).astype(int)
    return df_output

---VERSION---



---VERSION---

def extracting_features_0(df_input):  
    df_output = pd.DataFrame()  
    df_output['Primary Type'] = df_input['Primary Type'].isin(['PUBLIC PEACE VIOLATION', 'OTHER OFFENSE', 'THEFT']).astype(int)  
    df_output['Description'] = df_input['Description'].isin(['HARASSMENT BY TELEPHONE', 'VEHICLE TITLE / REGISTRATION OFFENSE', 'SIMPLE']).astype(int)  
    df_output['Location Description'] = df_input['Location Description'].isin(['APARTMENT', 'STREET']).astype(int)  
    df_output['Domestic'] = (df_input['Domestic'] == 0).astype(int)  
    df_output['FBI Code'] = df_input['FBI Code'].isin(['24', '26', '06']).astype(int)  
    df_output['Beat'] = ((df_input['Beat'] >= 1000) & (df_input['Beat'] <= 2000)).astype(int)  
    df_output['District'] = df_input['District'].isin([1, 18, 19]).astype(int)  
    df_output['Ward'] = df_input['Ward'].isin([28, 36, 42, 44]).astype(int)  
    df_output['Community Area'] = df_input['Community Area'].isin([6, 8, 19, 28]).astype(int)  
    date_parsed = pd.to_datetime(df_input['Date'], format='%m/%d/%Y %I:%M:%S %p', errors='coerce')  
    start_date = pd.to_datetime('01/01/2025 12:00:00 AM', format='%m/%d/%Y %I:%M:%S %p')  
    end_date = pd.to_datetime('01/15/2025 11:59:59 PM', format='%m/%d/%Y %I:%M:%S %p')  
    df_output['Date'] = ((date_parsed >= start_date) & (date_parsed <= end_date)).astype(int)  
    return df_output

---DIVIDER---

def extracting_features_1(df_input):
    df_output = pd.DataFrame()
    df_output['Primary Type'] = df_input['Primary Type'].isin(['WEAPONS VIOLATION', 'CRIMINAL DAMAGE', 'MOTOR VEHICLE THEFT', 'THEFT']).astype(int)
    df_output['Description'] = df_input['Description'].isin(['UNLAWFUL POSSESSION - HANDGUN', 'TO VEHICLE', 'THEFT / RECOVERY - AUTOMOBILE', 'RETAIL THEFT']).astype(int)
    df_output['Location Description'] = df_input['Location Description'].isin(['STREET', 'APARTMENT', 'DEPARTMENT STORE']).astype(int)
    df_output['Domestic'] = df_input['Domestic'].isin([0,1]).astype(int)
    df_output['FBI Code'] = df_input['FBI Code'].isin(['15', '14', '07', '06']).astype(int)
    df_output['Beat'] = ((df_input['Beat'] >= 400) & (df_input['Beat'] <= 2000)).astype(int)
    df_output['District'] = df_input['District'].isin([4, 10, 15, 18]).astype(int)
    df_output['Ward'] = df_input['Ward'].isin([10, 25, 29, 42]).astype(int)
    df_output['Community Area'] = df_input['Community Area'].isin([8, 25, 29, 46]).astype(int)
    date_parsed = pd.to_datetime(df_input['Date'], format='%m/%d/%Y %I:%M:%S %p', errors='coerce')
    start_date = pd.to_datetime('01/01/2025 12:00:00 AM', format='%m/%d/%Y %I:%M:%S %p')
    end_date = pd.to_datetime('01/31/2025 11:59:59 PM', format='%m/%d/%Y %I:%M:%S %p')
    df_output['Date'] = ((date_parsed >= start_date) & (date_parsed <= end_date)).astype(int)
    return df_output

---VERSION---

def extracting_features_0(df_input):
    df_output = pd.DataFrame()
    df_output['Primary_Type_in_list'] = df_input['Primary Type'].isin(['OTHER OFFENSE', 'PUBLIC PEACE VIOLATION', 'NARCOTICS', 'LIQUOR LAW VIOLATION']).astype(int)
    df_output['Description_in_list'] = df_input['Description'].isin(['HARASSMENT BY TELEPHONE', 'VEHICLE TITLE / REGISTRATION OFFENSE', 'SIMPLE', 'TIRE DEFLATION DEVICE DEPLOYMENT']).astype(int)
    df_output['Location_Description_in_list'] = df_input['Location Description'].isin(['APARTMENT', 'STREET', 'RESIDENCE']).astype(int)
    df_output['Domestic_is_0'] = (df_input['Domestic'] == 0).astype(int)
    df_output['FBI_Code_in_list'] = df_input['FBI Code'].isin(['24', '26']).astype(int)
    df_output['Primary_Type_THEFT_and_Description_in_list'] = ((df_input['Primary Type'] == 'THEFT') & (df_input['Description'].isin(['OVER $500', '$500 AND UNDER']))).astype(int)
    df_output['Beat_in_range_and_Location_Description_DEPARTMENT_STORE'] = ((df_input['Beat'] >= 1800) & (df_input['Beat'] <= 1900) & (df_input['Location Description'] == 'DEPARTMENT STORE')).astype(int)
    df_output['District_in_list_and_Primary_Type_OTHER_OFFENSE'] = (df_input['District'].isin([18, 25]) & (df_input['Primary Type'] == 'OTHER OFFENSE')).astype(int)
    df_output['Ward_in_range_and_Description_VEHICLE_TITLE_REGISTRATION_OFFENSE'] = ((df_input['Ward'] >= 36) & (df_input['Ward'] <= 44) & (df_input['Description'] == 'VEHICLE TITLE / REGISTRATION OFFENSE')).astype(int)
    df_output['Community_Area_in_range_and_Primary_Type_THEFT'] = ((df_input['Community Area'] >= 6) & (df_input['Community Area'] <= 19) & (df_input['Primary Type'] == 'THEFT')).astype(int)
    return df_output

---DIVIDER---

def extracting_features_1(df_input):
    df_output = pd.DataFrame()
    df_output['Primary_Type_condition'] = df_input['Primary Type'].isin(['THEFT', 'MOTOR VEHICLE THEFT', 'CRIMINAL DAMAGE', 'WEAPONS VIOLATION']).astype(int)
    df_output['Description_condition'] = df_input['Description'].isin(['RETAIL THEFT', 'THEFT / RECOVERY - AUTOMOBILE', 'TO VEHICLE', 'UNLAWFUL POSSESSION - HANDGUN']).astype(int)
    df_output['Location_Description_condition'] = df_input['Location Description'].isin(['APARTMENT', 'DEPARTMENT STORE', 'STREET']).astype(int)
    df_output['Domestic_condition'] = (df_input['Domestic'] == 1).astype(int)
    df_output['FBI_Code_condition'] = df_input['FBI Code'].isin(['06', '07', '14', '15']).astype(int)
    df_output['Beat_condition'] = (((df_input['Beat'] >= 1000) & (df_input['Beat'] <= 1600)) & (df_input['Primary Type'].isin(['CRIMINAL DAMAGE', 'MOTOR VEHICLE THEFT']))).astype(int)
    df_output['District_condition'] = (df_input['District'].isin([4, 10, 15, 18]) & df_input['Primary Type'].isin(['WEAPONS VIOLATION', 'THEFT'])).astype(int)
    df_output['Ward_condition'] = ((df_input['Ward'] >= 10) & (df_input['Ward'] <= 29) & df_input['Description'].isin(['UNLAWFUL POSSESSION - HANDGUN', 'RETAIL THEFT'])).astype(int)
    df_output['Community_Area_condition'] = ((df_input['Community Area'] >= 8) & (df_input['Community Area'] <= 29) & df_input['Primary Type'].isin(['THEFT', 'CRIMINAL DAMAGE'])).astype(int)
    df_output['Year_condition'] = ((df_input['Year'] == 2025) & df_input['Primary Type'].isin(['THEFT', 'MOTOR VEHICLE THEFT', 'CRIMINAL DAMAGE', 'WEAPONS VIOLATION'])).astype(int)
    return df_output