def extracting_features_0(df_input):
    df_output = pd.DataFrame()
    df_output['Credit_history_rating_flag'] = df_input['Credit history rating'].isin(['C1', 'C2', 'C3', 'D1', 'D2', 'D3', 'E1', 'E2', 'E3']).astype(int)
    df_output['PDN_flag'] = (df_input['PDN'] >= 0.3).astype(int)
    df_output['Debt_flag'] = (df_input['Debt'] > 5000).astype(int)
    df_output['Initial_limit_flag'] = (df_input['Initial limit'] <= 5000).astype(int)
    df_output['INCOME_flag'] = (df_input['INCOME'] < 1500).astype(int)
    df_output['EDU_flag'] = df_input['EDU'].isin(['College', 'Incomplete', 'High school']).astype(int)
    df_output['TERM_flag'] = ((df_input['TERM'] >= 36) & (df_input['TERM'] <= 60)).astype(int)
    df_output['Overdue_days_flag'] = (df_input['Overdue days'] > 0).astype(int)
    df_output['UNDERAGECHILDRENCOUNT_flag'] = (df_input['UNDERAGECHILDRENCOUNT'] >= 1).astype(int)
    df_output['FAMILYSTATUS_flag'] = (df_input['FAMILYSTATUS'] == 1).astype(int)
    return df_output

---DIVIDER---

def extracting_features_1(df_input):
    df_output = pd.DataFrame()
    df_output['Credit_history_rating_in_A_B'] = df_input['Credit history rating'].isin(['A1', 'A2', 'A3', 'B1', 'B2', 'B3']).astype(int)
    df_output['PDN_lt_0_3'] = (df_input['PDN'] < 0.3).astype(int)
    df_output['Debt_le_5000'] = (df_input['Debt'] <= 5000).astype(int)
    df_output['Initial_limit_gt_5000'] = (df_input['Initial limit'] > 5000).astype(int)
    df_output['INCOME_ge_1800'] = (df_input['INCOME'] >= 1800).astype(int)
    df_output['EDU_is_University'] = (df_input['EDU'] == 'University').astype(int)
    df_output['TERM_36_to_60_high_income_low_PDN'] = (((df_input['TERM'] >= 36) & (df_input['TERM'] <= 60)) & (df_input['INCOME'] >= 1800) & (df_input['PDN'] < 0.3)).astype(int)
    df_output['SEX_is_Female'] = (df_input['SEX'] == 'Female').astype(int)
    df_output['INDUSTRYNAME_in_selected'] = df_input['INDUSTRYNAME'].isin(['Information Technology', 'Finance and Insurance', 'Medicine and healthcare']).astype(int)
    df_output['FAMILYSTATUS_eq_2'] = (df_input['FAMILYSTATUS'] == 2).astype(int)
    return df_output

---VERSION---



---VERSION---

def extracting_features_0(df_input):
    df_output = pd.DataFrame()
    df_output['Credit_history_rating_in_C3_D3_D2_D1_E3_E2_E1'] = df_input['Credit history rating'].isin(['C3', 'D3', 'D2', 'D1', 'E3', 'E2', 'E1']).astype(int)
    df_output['PDN_gte_0_35'] = (df_input['PDN'] >= 0.35).astype(int)
    df_output['Initial_limit_lt_3000'] = (df_input['Initial limit'] < 3000).astype(int)
    df_output['INCOME_lt_1500'] = (df_input['INCOME'] < 1500).astype(int)
    df_output['Debt_gt_5000'] = (df_input['Debt'] > 5000).astype(int)
    df_output['EDU_Incomplete'] = (df_input['EDU'] == 'Incomplete').astype(int)
    df_output['TERM_lte_36'] = (df_input['TERM'] <= 36).astype(int)
    df_output['Overdue_days_gt_0'] = (df_input['Overdue days'] > 0).astype(int)
    df_output['SEX_Male'] = (df_input['SEX'] == 'Male').astype(int)
    df_output['Credit_history_rating_in_C1_C2_and_PDN_gte_0_3'] = ((df_input['Credit history rating'].isin(['C1', 'C2'])) & (df_input['PDN'] >= 0.3)).astype(int)
    return df_output

---DIVIDER---

def extracting_features_1(df_input):
    df_output = pd.DataFrame()
    df_output['Credit_history_rating'] = df_input['Credit history rating'].isin(['A1', 'B1', 'B2', 'B3']).astype(int)
    df_output['PDN'] = (df_input['PDN'] < 0.35).astype(int)
    df_output['Initial_limit'] = (df_input['Initial limit'] >= 4000).astype(int)
    df_output['INCOME'] = (df_input['INCOME'] >= 1800).astype(int)
    df_output['Debt'] = (df_input['Debt'] <= df_input['Initial limit'] * 1.2).astype(int)
    df_output['EDU'] = df_input['EDU'].isin(['University', 'College']).astype(int)
    df_output['INDUSTRYNAME'] = df_input['INDUSTRYNAME'].isin(['Information Technology', 'Medicine and healthcare', 'Finance and Insurance', 'Production']).astype(int)
    df_output['SEX'] = (df_input['SEX'] == 'Female').astype(int)
    df_output['TERM'] = (df_input['TERM'] >= 60).astype(int)
    df_output['FAMILYSTATUS'] = df_input['FAMILYSTATUS'].isin([1, 2]).astype(int)
    return df_output

---VERSION---

def extracting_features_0(df_input):
    df_output = pd.DataFrame()
    df_output['Credit_history_rating'] = df_input['Credit history rating'].isin(['C1', 'C2', 'C3', 'D1', 'D2', 'D3', 'E1', 'E2', 'E3']).astype(int)
    df_output['PDN'] = (df_input['PDN'] >= 0.3).astype(int)
    df_output['Debt'] = (df_input['Debt'] >= 4000).astype(int)
    df_output['Initial_limit'] = (df_input['Initial limit'] <= 4500).astype(int)
    df_output['INCOME'] = (df_input['INCOME'] <= 2000).astype(int)
    df_output['TERM'] = (df_input['TERM'] >= 60).astype(int)
    df_output['EDU'] = df_input['EDU'].isin(['Incomplete', 'College']).astype(int)
    df_output['UNDERAGECHILDRENCOUNT'] = (df_input['UNDERAGECHILDRENCOUNT'] >= 1).astype(int)
    df_output['FAMILYSTATUS'] = (df_input['FAMILYSTATUS'] == 2).astype(int)
    df_output['Overdue_days'] = (df_input['Overdue days'] > 0).astype(int)
    return df_output

---DIVIDER---

def extracting_features_1(df_input):
    df_output = pd.DataFrame()
    df_output['Credit_history_rating'] = df_input['Credit history rating'].isin(['A1', 'A2', 'A3', 'B1', 'B2', 'B3']).astype(int)
    df_output['PDN'] = (df_input['PDN'] < 0.3).astype(int)
    df_output['Debt'] = (df_input['Debt'] <= 13000).astype(int)
    df_output['Initial_limit'] = (df_input['Initial limit'] >= 1000).astype(int)
    df_output['INCOME'] = (df_input['INCOME'] >= 1800).astype(int)
    df_output['TERM'] = (df_input['TERM'] <= 60).astype(int)
    df_output['EDU'] = df_input['EDU'].isin(['University', 'College']).astype(int)
    df_output['UNDERAGECHILDRENCOUNT'] = (df_input['UNDERAGECHILDRENCOUNT'] <= 1).astype(int)
    df_output['FAMILYSTATUS'] = (df_input['FAMILYSTATUS'] == 1).astype(int)
    df_output['SEX'] = (df_input['SEX'] == 'Female').astype(int)
    return df_output

---VERSION---

def extracting_features_0(df_input):
    df_output = pd.DataFrame()
    df_output['Credit_history_rating_in_C_D_E'] = df_input['Credit history rating'].isin(['C1', 'C2', 'C3', 'D1', 'D2', 'D3', 'E1', 'E2', 'E3']).astype(int)
    df_output['PDN_ge_0_3'] = (df_input['PDN'] >= 0.3).astype(int)
    df_output['INCOME_lt_1500'] = (df_input['INCOME'] < 1500).astype(int)
    df_output['Initial_limit_lt_5000'] = (df_input['Initial limit'] < 5000).astype(int)
    df_output['Debt_gt_4000'] = (df_input['Debt'] > 4000).astype(int)
    df_output['EDU_in_Incomplete_High_school'] = df_input['EDU'].isin(['Incomplete', 'High school']).astype(int)
    df_output['TERM_le_36'] = (df_input['TERM'] <= 36).astype(int)
    df_output['UNDERAGECHILDRENCOUNT_ge_1'] = (df_input['UNDERAGECHILDRENCOUNT'] >= 1).astype(int)
    df_output['FAMILYSTATUS_1_or_2'] = df_input['FAMILYSTATUS'].isin([1, 2]).astype(int)
    df_output['Overdue_days_gt_0'] = (df_input['Overdue days'] > 0).astype(int)
    return df_output

---DIVIDER---

def extracting_features_1(df_input):
    df_output = pd.DataFrame()
    df_output['Credit_history_rating_in_A_B'] = df_input['Credit history rating'].isin(['A1', 'A2', 'A3', 'B1', 'B2', 'B3']).astype(int)
    df_output['PDN_less_0_3'] = (df_input['PDN'] < 0.3).astype(int)
    df_output['INCOME_gte_1800'] = (df_input['INCOME'] >= 1800).astype(int)
    df_output['Initial_limit_gte_2000'] = (df_input['Initial limit'] >= 2000).astype(int)
    df_output['Debt_lte_20000'] = (df_input['Debt'] <= 20000).astype(int)
    df_output['EDU_in_University_College'] = df_input['EDU'].isin(['University', 'College']).astype(int)
    df_output['TERM_gte_36'] = (df_input['TERM'] >= 36).astype(int)
    df_output['UNDERAGECHILDRENCOUNT_eq_0'] = (df_input['UNDERAGECHILDRENCOUNT'] == 0).astype(int)
    df_output['INDUSTRYNAME_in_selected'] = df_input['INDUSTRYNAME'].isin(['Production', 'Medicine and healthcare', 'Information Technology', 'Finance and Insurance', 'Science and Education']).astype(int)
    df_output['SEX_Female'] = (df_input['SEX'] == 'Female').astype(int)
    return df_output