def extracting_features_0(df_input):
    df_output = pd.DataFrame()
    df_output['freq_reading_condition'] = df_input['Frequency of reading books'].isin(['A few times a month', 'Less than once a year', 'Once or twice a year']).astype(int)
    df_output['reason_reading_condition'] = df_input['Reason for reading books'].isin(['Entertainment Purpose', 'Keep me informative', 'To increase my English vocabulary knowledge']).astype(int)
    df_output['favorite_books_condition'] = df_input['Favorite books for reading to spend leisure time'].isin(['Fiction', 'Biography', 'Others']).astype(int)
    df_output['time_spent_reading_condition'] = (df_input['Amount of time spent reading books per day'] < 1).astype(int)
    df_output['department_condition'] = df_input['Department'].isin(['BBA', 'English', 'NFE', 'JMC', 'Textile', 'Civil', 'Others']).astype(int)
    df_output['ebooks_read_condition'] = df_input['Number of e-books you read last two years'].isin(['1-5', float('nan')]).astype(int)
    df_output['printed_books_read_condition'] = df_input['Number of printed books you read last two years'].isin(['1-5', float('nan')]).astype(int)
    df_output['change_after_reading_condition'] = df_input['What is the change that you fell after reading books'].isin(['Feel Relax', 'Increase Creative Thinking']).astype(int)
    cond_freq = df_input['Frequency of reading books'] == 'A few times a month'
    cond_reason = df_input['Reason for reading books'] != 'Academic Purpose'
    df_output['freq_reason_condition'] = (cond_freq & cond_reason).astype(int)
    freq_order = ['Less than once a year', 'Once or twice a year', 'A few times a month', 'A few times a week', 'On everyday basis']
    freq_map = {k: v for v, k in enumerate(freq_order)}
    freq_values = df_input['Frequency of reading books'].map(freq_map)
    cond_format = df_input['The format that you used for reading books'].isin(['Printed', 'Others'])
    cond_freq_less = freq_values < freq_map['A few times a week']
    df_output['format_freq_condition'] = (cond_format & cond_freq_less).astype(int)
    return df_output

---DIVIDER---

def extracting_features_1(df_input):
    df_output = pd.DataFrame()
    df_output['Frequency_of_reading_books'] = df_input['Frequency of reading books'].isin(['On everyday basis', 'A few times a week']).astype(int)
    df_output['Reason_for_reading_books'] = (df_input['Reason for reading books'] == 'Academic Purpose').astype(int)
    df_output['Amount_of_time_spent_reading_books_per_day'] = (df_input['Amount of time spent reading books per day'] >= 1).astype(int)
    df_output['Department'] = df_input['Department'].isin(['CSE', 'SWE', 'Pharmacy', 'EEE', 'MCT', 'CIS']).astype(int)
    df_output['Number_of_e_books_read_last_two_years'] = df_input['Number of e-books you read last two years'].isin(['6-10', '11-15', '16-20', 'More than 20']).astype(int)
    df_output['Number_of_printed_books_read_last_two_years'] = df_input['Number of printed books you read last two years'].isin(['6-10', '11-15', '16-20', 'More than 20']).astype(int)
    df_output['Change_after_reading_books'] = df_input['What is the change that you fell after reading books'].isin(['Increase Academic Performance', 'Increase Problem Solving Skill']).astype(int)
    df_output['Where_do_you_read_printed_books'] = (df_input['Where do you read printed books'] == 'Library').astype(int)
    df_output['Format_used_for_reading_books'] = df_input['The format that you used for reading books'].isin(['E-books', 'Both']).astype(int)
    df_output['Who_influenced_you_to_read_books'] = df_input['Who influenced you to read books'].isin(['Teachers', 'Self-Decision']).astype(int)
    return df_output

---VERSION---

def extracting_features_0(df_input):
    df_output = pd.DataFrame()
    df_output['Reason_in_selected'] = df_input['Reason for reading books'].isin(['Keep me informative', 'Entertainment Purpose', 'To increase my English vocabulary knowledge']).astype(int)
    df_output['Frequency_in_selected'] = df_input['Frequency of reading books'].isin(['A few times a month', 'Less than once a year', 'Once or twice a year']).astype(int)
    df_output['Favorite_books_in_selected'] = df_input['Favorite books for reading to spend leisure time'].isin(['Fiction', 'Politics']).astype(int)
    df_output['Amount_time_lt_1'] = (df_input['Amount of time spent reading books per day'] < 1).astype(int)
    df_output['Num_ebooks_in_selected'] = df_input['Number of e-books you read last two years'].isin(['1-5', float('nan')]).astype(int)
    df_output['Num_printed_books_in_selected'] = df_input['Number of printed books you read last two years'].isin(['1-5', float('nan')]).astype(int)
    cond_format = df_input['The format that you used for reading books'].isin(['Printed', 'E-books']) & (df_input['Frequency of reading books'] != 'On everyday basis')
    df_output['Format_selected_and_freq_not_daily'] = cond_format.astype(int)
    df_output['Who_in_selected'] = df_input['Who influenced you to read books'].isin(['Friends', 'Parents']).astype(int)
    cond_dept_reason = df_input['Department'].isin(['English', 'BBA', 'Others']) & (df_input['Reason for reading books'] != 'Academic Purpose')
    df_output['Dept_in_selected_and_reason_not_academic'] = cond_dept_reason.astype(int)
    cond_newspaper_freq = (df_input['Do you read Newspaper'] == 'No') & (df_input['Frequency of reading books'] != 'On everyday basis')
    df_output['No_newspaper_and_freq_not_daily'] = cond_newspaper_freq.astype(int)
    return df_output

---DIVIDER---

def extracting_features_1(df_input):
    df_output = pd.DataFrame()
    df_output['Reason_Academic_Purpose'] = (df_input['Reason for reading books'] == 'Academic Purpose').astype(int)
    df_output['Frequency_Often'] = df_input['Frequency of reading books'].isin(['On everyday basis', 'A few times a week']).astype(int)
    df_output['Time_Spent_Reading_1_or_more'] = (df_input['Amount of time spent reading books per day'] >= 1).astype(int)
    df_output['Ebooks_Read_Many'] = df_input['Number of e-books you read last two years'].isin(['6-10', '11-15', '16-20', 'More than 20']).astype(int)
    df_output['Printed_Read_Many'] = df_input['Number of printed books you read last two years'].isin(['6-10', '11-15', '16-20', 'More than 20']).astype(int)
    df_output['Department_Selected'] = df_input['Department'].isin(['CSE', 'SWE', 'Pharmacy', 'EEE', 'MCT', 'CIS']).astype(int)
    df_output['Change_Improved'] = df_input['What is the change that you fell after reading books'].isin(['Increase Academic Performance', 'Increase Problem Solving Skill']).astype(int)
    df_output['Format_Ebooks_Both_and_Freq_Everyday'] = ((df_input['The format that you used for reading books'].isin(['E-books', 'Both'])) & (df_input['Frequency of reading books'] == 'On everyday basis')).astype(int)
    df_output['Influenced_Teachers_Self'] = df_input['Who influenced you to read books'].isin(['Teachers', 'Self-Decision']).astype(int)
    df_output['Read_Location_Library_Home_and_Freq_Everyday'] = ((df_input['Where do you read printed books'].isin(['Library', 'Home'])) & (df_input['Frequency of reading books'] == 'On everyday basis')).astype(int)
    return df_output

---VERSION---

def extracting_features_0(df_input):
    df_output = pd.DataFrame()
    df_output['Reason_for_reading_books'] = df_input['Reason for reading books'].isin(['Keep me informative', 'Entertainment Purpose', 'To increase my English vocabulary knowledge']).astype(int)
    df_output['Frequency_of_reading_books'] = df_input['Frequency of reading books'].isin(['A few times a month', 'Less than once a year', 'Once or twice a year']).astype(int)
    df_output['Favorite_books_for_leisure'] = df_input['Favorite books for reading to spend leisure time'].isin(['Fiction', 'Biography', 'Politics', 'Others']).astype(int)
    df_output['Amount_of_time_spent_reading_books_per_day'] = (df_input['Amount of time spent reading books per day'] < 1).astype(int)
    df_output['Number_of_printed_books_last_two_years'] = df_input['Number of printed books you read last two years'].isin(['1-5', float('nan')]).astype(int)
    df_output['Number_of_ebooks_last_two_years'] = df_input['Number of e-books you read last two years'].isin(['1-5', float('nan')]).astype(int)
    df_output['Format_used_for_reading_books'] = df_input['The format that you used for reading books'].isin(['Printed']).astype(int)
    df_output['Do_you_read_Newspaper'] = (df_input['Do you read Newspaper'] == 'Yes').astype(int)
    df_output['Department'] = df_input['Department'].isin(['English', 'BBA', 'JMC', 'NFE', 'Textile', 'Others']).astype(int)
    df_output['Who_influenced_you_to_read_books'] = df_input['Who influenced you to read books'].isin(['Friends', 'Parents']).astype(int)
    return df_output

---DIVIDER---

def extracting_features_1(df_input):
    df_output = pd.DataFrame()
    df_output['Reason_for_reading_books_is_Academic_Purpose'] = (df_input['Reason for reading books'] == 'Academic Purpose').astype(int)
    df_output['Frequency_of_reading_books_in_selected'] = df_input['Frequency of reading books'].isin(['On everyday basis', 'A few times a week']).astype(int)
    df_output['Amount_of_time_spent_reading_books_per_day_ge_1'] = (df_input['Amount of time spent reading books per day'] >= 1).astype(int)
    df_output['Number_of_e_books_read_last_two_years_in_selected'] = df_input['Number of e-books you read last two years'].isin(['6-10', '11-15', '16-20', 'More than 20']).astype(int)
    df_output['Number_of_printed_books_read_last_two_years_in_selected'] = df_input['Number of printed books you read last two years'].isin(['6-10', '11-15', '16-20', 'More than 20']).astype(int)
    df_output['Department_in_selected'] = df_input['Department'].isin(['CSE', 'SWE', 'Pharmacy', 'EEE', 'Civil', 'CIS', 'MCT']).astype(int)
    df_output['Change_after_reading_books_in_selected'] = df_input['What is the change that you fell after reading books'].isin(['Increase Academic Performance', 'Increase Problem Solving Skill']).astype(int)
    df_output['Format_used_for_reading_books_in_selected'] = df_input['The format that you used for reading books'].isin(['E-books', 'Both']).astype(int)
    df_output['Language_books_like_to_read_is_English'] = (df_input['Which language books do you like to read'] == 'English').astype(int)
    df_output['Who_influenced_to_read_books_in_selected'] = df_input['Who influenced you to read books'].isin(['Teachers', 'Self-Decision']).astype(int)
    return df_output

---VERSION---

def extracting_features_0(df_input):
    df_output = pd.DataFrame()
    df_output['Reason_for_reading_books'] = df_input['Reason for reading books'].isin(['Keep me informative', 'Entertainment Purpose', 'To increase my English vocabulary knowledge']).astype(int)
    df_output['Frequency_of_reading_books'] = df_input['Frequency of reading books'].isin(['A few times a month', 'Less than once a year', 'Once or twice a year']).astype(int)
    df_output['Favorite_books_for_leisure'] = df_input['Favorite books for reading to spend leisure time'].isin(['Fiction', 'Biography', 'Politics']).astype(int)
    df_output['Amount_of_time_spent_reading_books_per_day'] = (df_input['Amount of time spent reading books per day'] <= 1).astype(int)
    df_output['Number_of_e_books_read_last_two_years'] = df_input['Number of e-books you read last two years'].isin(['1-5', float('nan')]).astype(int)
    df_output['Number_of_printed_books_read_last_two_years'] = df_input['Number of printed books you read last two years'].isin(['1-5', float('nan')]).astype(int)
    df_output['Department'] = df_input['Department'].isin(['BBA', 'English', 'JMC', 'Textile', 'NFE', 'Others']).astype(int)
    df_output['Format_used_for_reading_books'] = df_input['The format that you used for reading books'].isin(['Printed', 'Others']).astype(int)
    df_output['Do_you_read_Newspaper'] = (df_input['Do you read Newspaper'] == 'Yes').astype(int)
    df_output['Who_influenced_you_to_read_books'] = df_input['Who influenced you to read books'].isin(['Friends', 'Parents']).astype(int)
    return df_output

---DIVIDER---

def extracting_features_1(df_input):
    df_output = pd.DataFrame()
    df_output['Reason_Academic_Purpose'] = (df_input['Reason for reading books'] == 'Academic Purpose').astype(int)
    df_output['Frequency_Reading_High'] = df_input['Frequency of reading books'].isin(['On everyday basis', 'A few times a week']).astype(int)
    df_output['Time_Spent_Reading_GTE_1'] = (df_input['Amount of time spent reading books per day'] >= 1).astype(int)
    df_output['Department_Selected'] = df_input['Department'].isin(['CSE', 'SWE', 'Pharmacy', 'EEE', 'MCT', 'Civil', 'CIS']).astype(int)
    df_output['Ebooks_Read_Selected'] = df_input['Number of e-books you read last two years'].isin(['6-10', '11-15', '16-20', 'More than 20']).astype(int)
    df_output['Printed_Books_Read_Selected'] = df_input['Number of printed books you read last two years'].isin(['6-10', '11-15', '16-20', 'More than 20']).astype(int)
    df_output['Change_Increase_Academic_Performance'] = (df_input['What is the change that you fell after reading books'] == 'Increase Academic Performance').astype(int)
    df_output['Format_Used_Selected'] = df_input['The format that you used for reading books'].isin(['E-books', 'Both']).astype(int)
    df_output['Influenced_By_Selected'] = df_input['Who influenced you to read books'].isin(['Teachers', 'Self-Decision']).astype(int)
    df_output['Read_Location_Selected'] = df_input['Where do you read printed books'].isin(['Library', 'Home']).astype(int)
    return df_output

---VERSION---

def extracting_features_0(df_input):
    df_output = pd.DataFrame()
    df_output['Reason_for_reading_books'] = df_input['Reason for reading books'].isin(['Keep me informative', 'Entertainment Purpose', 'To increase my English vocabulary knowledge']).astype(int)
    df_output['Frequency_of_reading_books'] = df_input['Frequency of reading books'].isin(['A few times a month', 'Less than once a year', 'Once or twice a year']).astype(int)
    df_output['Favorite_books_for_leisure'] = df_input['Favorite books for reading to spend leisure time'].isin(['Fiction', 'Biography', 'Politics']).astype(int)
    df_output['Amount_of_time_spent_reading_books_per_day'] = (df_input['Amount of time spent reading books per day'] <= 1).astype(int)
    df_output['Number_of_printed_books_last_two_years'] = df_input['Number of printed books you read last two years'].isin(['1-5', float('nan')]).astype(int)
    df_output['Number_of_ebooks_last_two_years'] = df_input['Number of e-books you read last two years'].isin(['1-5', '6-10', float('nan')]).astype(int)
    df_output['Department'] = df_input['Department'].isin(['English', 'BBA', 'JMC', 'Others']).astype(int)
    df_output['Who_influenced_you_to_read_books'] = df_input['Who influenced you to read books'].isin(['Friends', 'Parents']).astype(int)
    df_output['Format_used_for_reading_books'] = df_input['The format that you used for reading books'].isin(['Both', 'Printed']).astype(int)
    df_output['Where_do_you_read_printed_books'] = df_input['Where do you read printed books'].isin(['Home', 'During Travel']).astype(int)
    return df_output

---DIVIDER---

def extracting_features_1(df_input):
    df_output = pd.DataFrame()
    df_output['Reason for reading books is Academic Purpose'] = (df_input['Reason for reading books'] == 'Academic Purpose').astype(int)
    df_output['Frequency of reading books is in [On everyday basis, A few times a week]'] = df_input['Frequency of reading books'].isin(['On everyday basis', 'A few times a week']).astype(int)
    df_output['Amount of time spent reading books per day >= 1'] = (df_input['Amount of time spent reading books per day'] >= 1).astype(int)
    df_output['Number of e-books you read last two years is in [More than 20, 16-20]'] = df_input['Number of e-books you read last two years'].isin(['More than 20', '16-20']).astype(int)
    df_output['Number of printed books you read last two years is in [More than 20, 16-20, 11-15]'] = df_input['Number of printed books you read last two years'].isin(['More than 20', '16-20', '11-15']).astype(int)
    df_output['Department is in [CSE, SWE, Pharmacy, EEE, Civil, MCT, CIS]'] = df_input['Department'].isin(['CSE', 'SWE', 'Pharmacy', 'EEE', 'Civil', 'MCT', 'CIS']).astype(int)
    df_output['What is the change that you fell after reading books is in [Increase Academic Performance, Increase Problem Solving Skill]'] = df_input['What is the change that you fell after reading books'].isin(['Increase Academic Performance', 'Increase Problem Solving Skill']).astype(int)
    df_output['Who influenced you to read books is in [Teachers, Self-Decision]'] = df_input['Who influenced you to read books'].isin(['Teachers', 'Self-Decision']).astype(int)
    df_output['Which language books do you like to read is English'] = (df_input['Which language books do you like to read'] == 'English').astype(int)
    df_output['Where do you read printed books is Library'] = (df_input['Where do you read printed books'] == 'Library').astype(int)
    return df_output

---VERSION---



---VERSION---

def extracting_features_0(df_input):
    df_output = pd.DataFrame()
    df_output['Frequency_of_reading_books'] = df_input['Frequency of reading books'].isin(['A few times a week', 'A few times a month', 'Less than once a year', 'Once or twice a year']).astype(int)
    df_output['Reason_for_reading_books'] = df_input['Reason for reading books'].isin(['Keep me informative', 'Entertainment Purpose', 'To increase my English vocabulary knowledge']).astype(int)
    df_output['Favorite_books_for_leisure'] = df_input['Favorite books for reading to spend leisure time'].isin(['Fiction', 'Biography', 'Politics', 'Others']).astype(int)
    df_output['Amount_of_time_spent_reading_books_per_day'] = (df_input['Amount of time spent reading books per day'] < 1).astype(int)
    df_output['Number_of_ebooks_read_last_two_years'] = df_input['Number of e-books you read last two years'].isin(['1-5', float('nan')]).astype(int)
    df_output['Number_of_printed_books_read_last_two_years'] = df_input['Number of printed books you read last two years'].isin(['1-5', float('nan')]).astype(int)
    df_output['Department'] = df_input['Department'].isin(['English', 'BBA', 'JMC', 'Textile', 'NFE', 'Others']).astype(int)
    df_output['How_to_manage_books_for_reading'] = df_input['How to manage books for reading'].isin(['Used-all', 'Others']).astype(int)
    df_output['Where_do_you_read_printed_books'] = df_input['Where do you read printed books'].isin(['Home', 'During Travel']).astype(int)
    df_output['Who_influenced_you_to_read_books'] = df_input['Who influenced you to read books'].isin(['Friends', 'Parents']).astype(int)
    return df_output

---DIVIDER---

def extracting_features_1(df_input):
    df_output = pd.DataFrame()
    df_output['Frequency_of_reading_books_On_everyday_basis'] = (df_input['Frequency of reading books'] == 'On everyday basis').astype(int)
    df_output['Reason_for_reading_books_Academic_Purpose'] = (df_input['Reason for reading books'] == 'Academic Purpose').astype(int)
    df_output['Amount_of_time_spent_reading_books_per_day_ge_1'] = (df_input['Amount of time spent reading books per day'] >= 1).astype(int)
    df_output['Department_in_selected'] = df_input['Department'].isin(['CSE', 'SWE', 'Pharmacy', 'EEE', 'Civil', 'MCT', 'CIS']).astype(int)
    df_output['Number_of_e_books_read_last_two_years_in_selected'] = df_input['Number of e-books you read last two years'].isin(['6-10', '11-15', '16-20', 'More than 20']).astype(int)
    df_output['Number_of_printed_books_read_last_two_years_in_selected'] = df_input['Number of printed books you read last two years'].isin(['6-10', '11-15', '16-20', 'More than 20']).astype(int)
    df_output['Change_after_reading_books_Increase_Academic_Performance'] = (df_input['What is the change that you fell after reading books'] == 'Increase Academic Performance').astype(int)
    df_output['How_to_manage_books_in_selected'] = df_input['How to manage books for reading'].isin(['E-books', 'Borrow', 'Buy']).astype(int)
    df_output['Where_do_you_read_printed_books_Library'] = (df_input['Where do you read printed books'] == 'Library').astype(int)
    df_output['Format_used_for_reading_books_in_selected'] = df_input['The format that you used for reading books'].isin(['E-books', 'Both']).astype(int)
    return df_output

---VERSION---

def extracting_features_0(df_input):
    df_output = pd.DataFrame()
    df_output['Reason_for_reading_books'] = df_input['Reason for reading books'].isin(['Keep me informative', 'Entertainment Purpose', 'To increase my English vocabulary knowledge']).astype(int)
    df_output['Frequency_of_reading_books'] = df_input['Frequency of reading books'].isin(['A few times a month', 'Less than once a year', 'Once or twice a year']).astype(int)
    df_output['Favorite_books_for_leisure'] = df_input['Favorite books for reading to spend leisure time'].isin(['Fiction', 'Biography', 'Politics']).astype(int)
    df_output['Amount_of_time_spent_reading_books_per_day'] = (df_input['Amount of time spent reading books per day'] < 1).astype(int)
    df_output['Number_of_printed_books_last_two_years'] = df_input['Number of printed books you read last two years'].isin(['1-5', float('nan')]).astype(int)
    df_output['Number_of_ebooks_last_two_years'] = df_input['Number of e-books you read last two years'].isin(['1-5', float('nan')]).astype(int)
    df_output['Department'] = df_input['Department'].isin(['English', 'BBA', 'JMC', 'Textile', 'Civil', 'NFE', 'Others']).astype(int)
    df_output['Format_used_for_reading_books'] = df_input['The format that you used for reading books'].isin(['Printed', 'Others']).astype(int)
    df_output['Who_influenced_you_to_read_books'] = df_input['Who influenced you to read books'].isin(['Friends', 'Parents']).astype(int)
    df_output['Do_you_read_Newspaper'] = (df_input['Do you read Newspaper'] == 'Yes').astype(int)
    return df_output

---DIVIDER---

def extracting_features_1(df_input):
    df_output = pd.DataFrame()
    df_output['Reason_for_reading_books_is_Academic_Purpose'] = (df_input['Reason for reading books'] == 'Academic Purpose').astype(int)
    df_output['Frequency_of_reading_books_in_On_everyday_basis_or_A_few_times_a_week'] = df_input['Frequency of reading books'].isin(['On everyday basis', 'A few times a week']).astype(int)
    df_output['Amount_of_time_spent_reading_books_per_day_gte_1'] = (df_input['Amount of time spent reading books per day'] >= 1).astype(int)
    df_output['Number_of_e_books_you_read_last_two_years_in_6_10_11_15_16_20_More_than_20'] = df_input['Number of e-books you read last two years'].isin(['6-10', '11-15', '16-20', 'More than 20']).astype(int)
    df_output['Number_of_printed_books_you_read_last_two_years_in_6_10_11_15_16_20_More_than_20'] = df_input['Number of printed books you read last two years'].isin(['6-10', '11-15', '16-20', 'More than 20']).astype(int)
    df_output['Department_in_CSE_SWE_Pharmacy_EEE_MCT_CIS'] = df_input['Department'].isin(['CSE', 'SWE', 'Pharmacy', 'EEE', 'MCT', 'CIS']).astype(int)
    df_output['What_is_the_change_that_you_fell_after_reading_books_is_Increase_Academic_Performance'] = (df_input['What is the change that you fell after reading books'] == 'Increase Academic Performance').astype(int)
    df_output['The_format_that_you_used_for_reading_books_in_E_books_Both'] = df_input['The format that you used for reading books'].isin(['E-books', 'Both']).astype(int)
    df_output['Who_influenced_you_to_read_books_in_Teachers_Self_Decision'] = df_input['Who influenced you to read books'].isin(['Teachers', 'Self-Decision']).astype(int)
    df_output['Which_language_books_do_you_like_to_read_is_English'] = (df_input['Which language books do you like to read'] == 'English').astype(int)
    return df_output

---VERSION---

def extracting_features_0(df_input):
    freq_order = ['Less than once a year', 'Once or twice a year', 'A few times a month', 'A few times a week', 'On everyday basis']
    def freq_leq(val, threshold):
        if val not in freq_order or threshold not in freq_order:
            return 0
        return int(freq_order.index(val) <= freq_order.index(threshold))
    df_output = pd.DataFrame()
    df_output['Reason_for_reading_books'] = df_input['Reason for reading books'].isin(['Keep me informative', 'Entertainment Purpose', 'To increase my English vocabulary knowledge']).astype(int)
    df_output['Frequency_of_reading_books'] = df_input['Frequency of reading books'].isin(['A few times a month', 'Less than once a year', 'Once or twice a year']).astype(int)
    df_output['Favorite_books_for_leisure'] = df_input['Favorite books for reading to spend leisure time'].isin(['Fiction', 'Politics', 'Others']).astype(int)
    df_output['Amount_of_time_spent_reading_books_per_day'] = (df_input['Amount of time spent reading books per day'] <= 1).astype(int)
    df_output['Department'] = df_input['Department'].isin(['English', 'BBA', 'JMC', 'Textile', 'NFE', 'Others']).astype(int)
    df_output['Number_of_ebooks_last_two_years'] = df_input['Number of e-books you read last two years'].isin(['1-5', float('nan')]).astype(int)
    df_output['Number_of_printed_books_last_two_years'] = df_input['Number of printed books you read last two years'].isin(['1-5', float('nan')]).astype(int)
    df_output['Who_influenced_you_to_read_books'] = df_input['Who influenced you to read books'].isin(['Friends', 'Parents']).astype(int)
    df_output['Frequency_of_reading_books_leq_A_few_times_a_month'] = df_input['Frequency of reading books'].apply(lambda x: freq_leq(x, 'A few times a month'))
    df_output['Format_used_for_reading_books'] = df_input['The format that you used for reading books'].isin(['E-books', 'Others']).astype(int)
    return df_output

---DIVIDER---

def extracting_features_1(df_input):
    df_output = pd.DataFrame()
    df_output['Reason_Academic_Purpose'] = (df_input['Reason for reading books'] == 'Academic Purpose').astype(int)
    df_output['Frequency_Often'] = df_input['Frequency of reading books'].isin(['On everyday basis', 'A few times a week']).astype(int)
    df_output['Department_Selected'] = df_input['Department'].isin(['CSE', 'SWE', 'Pharmacy', 'EEE', 'Civil', 'MCT', 'CIS']).astype(int)
    df_output['Time_Reading_1hr_or_more'] = (df_input['Amount of time spent reading books per day'] >= 1).astype(int)
    df_output['Ebooks_Read_Many'] = df_input['Number of e-books you read last two years'].isin(['6-10', '11-15', '16-20', 'More than 20']).astype(int)
    df_output['Printed_Read_Many'] = df_input['Number of printed books you read last two years'].isin(['6-10', '11-15', '16-20', 'More than 20']).astype(int)
    df_output['Change_Increase_Academic_Performance'] = (df_input['What is the change that you fell after reading books'] == 'Increase Academic Performance').astype(int)
    df_output['Influenced_Teachers_Self'] = df_input['Who influenced you to read books'].isin(['Teachers', 'Self-Decision']).astype(int)
    df_output['Format_Printed_Both'] = df_input['The format that you used for reading books'].isin(['Printed', 'Both']).astype(int)
    df_output['Language_English'] = (df_input['Which language books do you like to read'] == 'English').astype(int)
    return df_output

---VERSION---

