def extracting_features_0(df_input):
    conditions = {
        'social_connection_frequency': ['Never', 'Rarely', 'Monthly'],
        'gathering_size_preference': ['Never', 'Large events'],
        'valued_friendship_traits': ['Honesty'],
        'conflict_resolution_style': ['Avoid conflict', 'Let time fix it'],
        'family_support_level': ['No', 'Never'],
        'social_battery_recharge': ['Alone time', 'None of the above'],
        'social_orientation_type': ['Introvert', 'Not sure'],
        'social_anxiety_level': ['Avoid it', 'Nervous'],
        'emotional_expression_method': ['Stay silent', 'Other'],
        'primary_anger_sources': ['Unnecessary criticism']
    }
    df_output = pd.DataFrame()
    for col, valid_vals in conditions.items():
        df_output[col] = df_input[col].apply(lambda x: 1 if x in valid_vals else 0)
    return df_output

---DIVIDER---

def extracting_features_1(df_input):  
    conditions = {  
        'social_connection_frequency': ['Daily', 'Weekly'],  
        'gathering_size_preference': ['Small gatherings', 'Both'],  
        'valued_friendship_traits': ['Support', 'Loyalty', 'All', 'All the three and trust', 'Understanding person'],  
        'conflict_resolution_style': ['Talk it out', 'Apologize first'],  
        'family_support_level': ['Yes', 'Sometimes', 'yes'],  
        'social_battery_recharge': ['Talking to someone', 'Social media'],  
        'social_orientation_type': ['Extrovert', 'Ambivert'],  
        'social_anxiety_level': ['Excited', 'Neutral'],  
        'emotional_expression_method': ['Talk openly', 'Express emotion strongly'],  
        'primary_anger_sources': ['Injustice', 'Selfishness', 'Being interrupted']  
    }  
  
    df_output = pd.DataFrame()  
  
    for col, valid_vals in conditions.items():  
        df_output[col] = df_input[col].apply(lambda x: 1 if x in valid_vals else 0)  
  
    return df_output

---VERSION---

def extracting_features_0(df_input):
    df_output = pd.DataFrame()
    df_output['social_connection_frequency'] = df_input['social_connection_frequency'].isin(['Never', 'Rarely', 'Monthly']).astype(int)
    df_output['gathering_size_preference'] = df_input['gathering_size_preference'].isin(['Never', 'Large events']).astype(int)
    df_output['valued_friendship_traits'] = df_input['valued_friendship_traits'].isin(['Honesty', 'Understanding person']).astype(int)
    df_output['conflict_resolution_style'] = df_input['conflict_resolution_style'].isin(['Avoid conflict', 'Let time fix it']).astype(int)
    df_output['family_support_level'] = df_input['family_support_level'].isin(['No', 'Never']).astype(int)
    df_output['social_battery_recharge'] = df_input['social_battery_recharge'].isin(['Alone time', 'Social media', 'None of the above']).astype(int)
    df_output['social_orientation_type'] = df_input['social_orientation_type'].isin(['Introvert', 'Not sure']).astype(int)
    df_output['social_anxiety_level'] = df_input['social_anxiety_level'].isin(['Avoid it', 'Nervous']).astype(int)
    df_output['emotional_expression_method'] = df_input['emotional_expression_method'].isin(['Stay silent', 'Other']).astype(int)
    df_output['primary_anger_sources'] = df_input['primary_anger_sources'].isin(['Being interrupted', 'Unnecessary criticism']).astype(int)
    return df_output

---DIVIDER---

def extracting_features_1(df_input):
    df_output = pd.DataFrame()
    df_output['social_connection_frequency'] = df_input['social_connection_frequency'].isin(['Daily', 'Weekly', 'weekly']).astype(int)
    df_output['gathering_size_preference'] = df_input['gathering_size_preference'].isin(['Small gatherings', 'Both']).astype(int)
    df_output['valued_friendship_traits'] = df_input['valued_friendship_traits'].isin(['Support', 'Loyalty', 'All', 'All the three and trust']).astype(int)
    df_output['conflict_resolution_style'] = df_input['conflict_resolution_style'].isin(['Talk it out', 'Apologize first']).astype(int)
    df_output['family_support_level'] = df_input['family_support_level'].isin(['Yes', 'yes', 'Sometimes']).astype(int)
    df_output['social_battery_recharge'] = df_input['social_battery_recharge'].isin(['Talking to someone']).astype(int)
    df_output['social_orientation_type'] = df_input['social_orientation_type'].isin(['Extrovert', 'Ambivert']).astype(int)
    df_output['social_anxiety_level'] = df_input['social_anxiety_level'].isin(['Neutral', 'Excited']).astype(int)
    df_output['emotional_expression_method'] = df_input['emotional_expression_method'].isin(['Talk openly', 'Express emotion strongly']).astype(int)
    df_output['primary_anger_sources'] = df_input['primary_anger_sources'].isin(['Injustice', 'Selfishness']).astype(int)
    return df_output

---VERSION---

def extracting_features_0(df_input):
    df_output = pd.DataFrame()
    df_output['social_connection_frequency'] = df_input['social_connection_frequency'].isin(['Never', 'Rarely']).astype(int)
    df_output['gathering_size_preference'] = df_input['gathering_size_preference'].isin(['Never', 'Large events']).astype(int)
    df_output['valued_friendship_traits'] = df_input['valued_friendship_traits'].apply(lambda x: 1 if x == 'Humor' else 0)
    df_output['conflict_resolution_style'] = df_input['conflict_resolution_style'].isin(['Avoid conflict', 'Let time fix it']).astype(int)
    df_output['family_support_level'] = df_input['family_support_level'].isin(['No', 'Never']).astype(int)
    df_output['social_battery_recharge'] = df_input['social_battery_recharge'].isin(['Alone time', 'None of the above']).astype(int)
    df_output['social_orientation_type'] = df_input['social_orientation_type'].isin(['Introvert', 'Not sure']).astype(int)
    df_output['social_anxiety_level'] = df_input['social_anxiety_level'].isin(['Avoid it', 'Nervous']).astype(int)
    df_output['emotional_expression_method'] = df_input['emotional_expression_method'].isin(['Stay silent', 'Other']).astype(int)
    df_output['primary_anger_sources'] = df_input['primary_anger_sources'].isin(['Being interrupted', 'Unnecessary criticism']).astype(int)
    return df_output

---DIVIDER---

def extracting_features_1(df_input):
    df_output = pd.DataFrame()
    df_output['social_connection_frequency'] = df_input['social_connection_frequency'].isin(['Daily', 'Weekly', 'Monthly']).astype(int)
    df_output['gathering_size_preference'] = df_input['gathering_size_preference'].isin(['Small gatherings', 'Both']).astype(int)
    df_output['valued_friendship_traits'] = df_input['valued_friendship_traits'].isin(['Support', 'Loyalty', 'Honesty', 'All', 'All the three and trust', 'Understanding person']).astype(int)
    df_output['conflict_resolution_style'] = df_input['conflict_resolution_style'].isin(['Talk it out', 'Apologize first']).astype(int)
    df_output['family_support_level'] = df_input['family_support_level'].isin(['Yes', 'Sometimes', 'yes']).astype(int)
    df_output['social_battery_recharge'] = df_input['social_battery_recharge'].isin(['Talking to someone', 'Social media']).astype(int)
    df_output['social_orientation_type'] = df_input['social_orientation_type'].isin(['Extrovert', 'Ambivert']).astype(int)
    df_output['social_anxiety_level'] = df_input['social_anxiety_level'].isin(['Neutral', 'Excited']).astype(int)
    df_output['emotional_expression_method'] = df_input['emotional_expression_method'].isin(['Talk openly', 'Express emotion strongly']).astype(int)
    df_output['primary_anger_sources'] = df_input['primary_anger_sources'].isin(['Injustice', 'Selfishness']).astype(int)
    return df_output

---VERSION---



---VERSION---

def extracting_features_0(df_input):
    df_output = pd.DataFrame()
    df_output['social_connection_frequency'] = df_input['social_connection_frequency'].str.lower().isin(['never', 'rarely', 'monthly']).astype(int)
    df_output['gathering_size_preference'] = df_input['gathering_size_preference'].str.lower().isin(['never', 'large events']).astype(int)
    # valued_friendship_traits: Humor not listed, interpret as less serious traits or 'Other' if exists
    # Since Humor not in categories, check for 'Other' or less serious traits (assuming 'Other' means less serious)
    # If 'Other' not in categories, then all 0
    if 'Other' in df_input['valued_friendship_traits'].unique():
        df_output['valued_friendship_traits'] = (df_input['valued_friendship_traits'] == 'Other').astype(int)
    else:
        df_output['valued_friendship_traits'] = 0
    df_output['conflict_resolution_style'] = df_input['conflict_resolution_style'].str.lower().isin(['avoid conflict', 'let time fix it']).astype(int)
    df_output['family_support_level'] = df_input['family_support_level'].str.lower().isin(['no', 'never']).astype(int)
    df_output['social_battery_recharge'] = df_input['social_battery_recharge'].str.lower().isin(['alone time', 'none of the above']).astype(int)
    df_output['social_orientation_type'] = df_input['social_orientation_type'].str.lower().isin(['introvert', 'not sure']).astype(int)
    df_output['social_anxiety_level'] = df_input['social_anxiety_level'].str.lower().isin(['avoid it', 'nervous']).astype(int)
    # emotional_expression_method: [Stay silent, Other]
    # 'Other' may or may not exist, so check
    if 'Other' in df_input['emotional_expression_method'].unique():
        df_output['emotional_expression_method'] = df_input['emotional_expression_method'].apply(lambda x: 1 if x == 'Stay silent' or x == 'Other' else 0)
    else:
        df_output['emotional_expression_method'] = (df_input['emotional_expression_method'] == 'Stay silent').astype(int)
    df_output['primary_anger_sources'] = df_input['primary_anger_sources'].str.lower().isin(['being interrupted', 'unnecessary criticism']).astype(int)
    return df_output

---DIVIDER---

def extracting_features_1(df_input):
    df_output = pd.DataFrame()
    df_output['social_connection_frequency'] = df_input['social_connection_frequency'].isin(['Daily', 'Weekly', 'weekly']).astype(int)
    df_output['gathering_size_preference'] = df_input['gathering_size_preference'].isin(['Small gatherings', 'Both']).astype(int)
    df_output['valued_friendship_traits'] = df_input['valued_friendship_traits'].isin(['Support', 'Loyalty', 'Honesty', 'All', 'All the three and trust', 'Understanding person']).astype(int)
    df_output['conflict_resolution_style'] = df_input['conflict_resolution_style'].isin(['Talk it out', 'Apologize first']).astype(int)
    df_output['family_support_level'] = df_input['family_support_level'].isin(['Yes', 'Sometimes', 'yes']).astype(int)
    df_output['social_battery_recharge'] = df_input['social_battery_recharge'].isin(['Talking to someone', 'Social media']).astype(int)
    df_output['social_orientation_type'] = df_input['social_orientation_type'].isin(['Extrovert', 'Ambivert']).astype(int)
    df_output['social_anxiety_level'] = df_input['social_anxiety_level'].isin(['Excited', 'Neutral']).astype(int)
    df_output['emotional_expression_method'] = df_input['emotional_expression_method'].isin(['Talk openly', 'Express emotion strongly']).astype(int)
    df_output['primary_anger_sources'] = df_input['primary_anger_sources'].isin(['Injustice', 'Selfishness']).astype(int)
    return df_output