def extracting_features_0(df_input):
    df_output = pd.DataFrame()
    df_output['Debt'] = (df_input['Debt'] >= 900).astype(int)
    df_output['Overdue days'] = (df_input['Overdue days'] > 0).astype(int)
    df_output['Initial limit'] = (df_input['Initial limit'] <= 2000).astype(int)
    df_output['Credit history rating'] = df_input['Credit history rating'].isin(['D1', 'D2', 'E1', 'E2', 'E3']).astype(int)
    df_output['PDN'] = (df_input['PDN'] >= 0.3).astype(int)
    df_output['INCOME'] = (df_input['INCOME'] <= 2000).astype(int)
    df_output['EDU'] = df_input['EDU'].isin(['High school', 'Incomplete']).astype(int)
    df_output['INDUSTRYNAME'] = df_input['INDUSTRYNAME'].isin(['Trade', 'Public services', 'Agriculture']).astype(int)
    df_output['UNDERAGECHILDRENCOUNT'] = (df_input['UNDERAGECHILDRENCOUNT'] >= 2).astype(int)
    df_output['FAMILYSTATUS'] = df_input['FAMILYSTATUS'].isin([0, 1]).astype(int)
    return df_output

---DIVIDER---

def extracting_features_1(df_input):
    df_output = pd.DataFrame()
    df_output['Debt'] = (df_input['Debt'] <= 1000).astype(int)
    df_output['Overdue days'] = (df_input['Overdue days'] == 0).astype(int)
    df_output['Initial limit'] = (df_input['Initial limit'] >= 3000).astype(int)
    df_output['Credit history rating'] = df_input['Credit history rating'].isin(['A1', 'A2', 'A3', 'B1', 'B2', 'B3']).astype(int)
    df_output['PDN'] = (df_input['PDN'] < 0.3).astype(int)
    df_output['INCOME'] = (df_input['INCOME'] >= 1500).astype(int)
    df_output['EDU'] = df_input['EDU'].isin(['University', 'College']).astype(int)
    df_output['INDUSTRYNAME'] = df_input['INDUSTRYNAME'].isin(['Finance and Insurance', 'Construction', 'Public Administration']).astype(int)
    df_output['UNDERAGECHILDRENCOUNT'] = (df_input['UNDERAGECHILDRENCOUNT'] <= 1).astype(int)
    df_output['FAMILYSTATUS'] = (df_input['FAMILYSTATUS'] == 2).astype(int)
    return df_output

---VERSION---

def extracting_features_0(df_input):
    df_output = pd.DataFrame()
    df_output['Overdue days'] = (df_input['Overdue days'] > 0).astype(int)
    df_output['Credit history rating'] = df_input['Credit history rating'].isin(['D1', 'D2', 'D3', 'E1', 'E2', 'E3']).astype(int)
    df_output['PDN'] = (df_input['PDN'] >= 0.3).astype(int)
    df_output['Debt'] = (df_input['Debt'] >= 900).astype(int)
    df_output['Initial limit'] = (df_input['Initial limit'] <= 1000).astype(int)
    df_output['INCOME'] = (df_input['INCOME'] < 1500).astype(int)
    df_output['EDU'] = df_input['EDU'].isin(['High school', 'Incomplete']).astype(int)
    df_output['TERM'] = (df_input['TERM'] <= 36).astype(int)
    df_output['UNDERAGECHILDRENCOUNT'] = (df_input['UNDERAGECHILDRENCOUNT'] >= 2).astype(int)
    df_output['FAMILYSTATUS'] = (df_input['FAMILYSTATUS'] == 1).astype(int)
    return df_output

---DIVIDER---

def extracting_features_1(df_input):
    df_output = pd.DataFrame()
    df_output['Overdue days'] = (df_input['Overdue days'] == 0).astype(int)
    df_output['Credit history rating'] = df_input['Credit history rating'].isin(['A1', 'A2', 'A3', 'B1', 'B2', 'B3', 'C1', 'C2', 'C3']).astype(int)
    df_output['PDN'] = (df_input['PDN'] < 0.3).astype(int)
    df_output['Debt < Initial limit'] = ((df_input['Debt'] / df_input['Initial limit']) < 1).astype(int)
    df_output['Initial limit'] = (df_input['Initial limit'] >= 1500).astype(int)
    df_output['INCOME'] = (df_input['INCOME'] >= 1500).astype(int)
    df_output['EDU'] = df_input['EDU'].isin(['College', 'University']).astype(int)
    df_output['TERM'] = (df_input['TERM'] >= 36).astype(int)
    df_output['UNDERAGECHILDRENCOUNT'] = (df_input['UNDERAGECHILDRENCOUNT'] <= 1).astype(int)
    df_output['FAMILYSTATUS'] = (df_input['FAMILYSTATUS'] == 2).astype(int)
    return df_output

---VERSION---

def extracting_features_0(df_input):  
    df_output = pd.DataFrame()  
    df_output['Overdue_days_gt_0'] = (df_input['Overdue days'] > 0).astype(int)  
    df_output['Credit_history_rating_in_DE'] = df_input['Credit history rating'].isin(['D1', 'D2', 'D3', 'E1', 'E2', 'E3']).astype(int)  
    df_output['PDN_ge_0_3'] = (df_input['PDN'] >= 0.3).astype(int)  
    df_output['Debt_gt_900'] = (df_input['Debt'] > 900).astype(int)  
    df_output['Initial_limit_le_1000'] = (df_input['Initial limit'] <= 1000).astype(int)  
    df_output['INCOME_lt_1500'] = (df_input['INCOME'] < 1500).astype(int)  
    df_output['EDU_in_Highschool_Incomplete'] = df_input['EDU'].isin(['High school', 'Incomplete']).astype(int)  
    df_output['TERM_ge_60'] = (df_input['TERM'] >= 60).astype(int)  
    df_output['UNDERAGECHILDRENCOUNT_ge_2'] = (df_input['UNDERAGECHILDRENCOUNT'] >= 2).astype(int)  
    df_output['FAMILYSTATUS_le_1'] = (df_input['FAMILYSTATUS'] <= 1).astype(int)  
    return df_output

---DIVIDER---

def extracting_features_1(df_input):
    df_output = pd.DataFrame()
    df_output['Overdue_days_0'] = (df_input['Overdue days'] == 0).astype(int)
    df_output['Credit_history_rating_in'] = df_input['Credit history rating'].isin(['A1', 'A2', 'A3', 'B1', 'B2', 'B3', 'C1', 'C2', 'C3']).astype(int)
    df_output['PDN_lt_0_3'] = (df_input['PDN'] < 0.3).astype(int)
    df_output['Initial_limit_gt_1000'] = (df_input['Initial limit'] > 1000).astype(int)
    df_output['INCOME_gte_1500'] = (df_input['INCOME'] >= 1500).astype(int)
    df_output['Debt_le_Initial_limit'] = ((df_input['Debt'] / df_input['Initial limit']) <= 1).astype(int)
    df_output['EDU_in'] = df_input['EDU'].isin(['College', 'University']).astype(int)
    df_output['TERM_le_36'] = (df_input['TERM'] <= 36).astype(int)
    df_output['UNDERAGECHILDRENCOUNT_le_1'] = (df_input['UNDERAGECHILDRENCOUNT'] <= 1).astype(int)
    df_output['FAMILYSTATUS_gte_2'] = (df_input['FAMILYSTATUS'] >= 2).astype(int)
    return df_output

---VERSION---

def extracting_features_0(df_input):
    df_output = pd.DataFrame()
    df_output['Overdue_days_gt_0'] = (df_input['Overdue days'] > 0).astype(int)
    df_output['Credit_history_rating_in_C_D_E'] = df_input['Credit history rating'].isin(['C1', 'C2', 'C3', 'D1', 'D2', 'D3', 'E1', 'E2', 'E3']).astype(int)
    df_output['PDN_ge_0_3'] = (df_input['PDN'] >= 0.3).astype(int)
    df_output['Debt_gt_900'] = (df_input['Debt'] > 900).astype(int)
    df_output['Initial_limit_le_2000'] = (df_input['Initial limit'] <= 2000).astype(int)
    df_output['INCOME_lt_1500'] = (df_input['INCOME'] < 1500).astype(int)
    df_output['EDU_in_Highschool_Incomplete'] = df_input['EDU'].isin(['High school', 'Incomplete']).astype(int)
    df_output['TERM_ge_36'] = (df_input['TERM'] >= 36).astype(int)
    df_output['UNDERAGECHILDRENCOUNT_ge_2'] = (df_input['UNDERAGECHILDRENCOUNT'] >= 2).astype(int)
    df_output['FAMILYSTATUS_eq_1'] = (df_input['FAMILYSTATUS'] == 1).astype(int)
    return df_output

---DIVIDER---

def extracting_features_1(df_input):
    df_output = pd.DataFrame()
    df_output['Overdue_days_0'] = (df_input['Overdue days'] == 0).astype(int)
    df_output['Credit_history_rating_in'] = df_input['Credit history rating'].isin(['A1', 'A2', 'A3', 'B1', 'B2', 'B3', 'C3']).astype(int)
    df_output['PDN_lt_0_3'] = (df_input['PDN'] < 0.3).astype(int)
    df_output['Debt_le_2000'] = (df_input['Debt'] <= 2000).astype(int)
    df_output['Initial_limit_ge_1000'] = (df_input['Initial limit'] >= 1000).astype(int)
    df_output['INCOME_ge_1500'] = (df_input['INCOME'] >= 1500).astype(int)
    df_output['EDU_in'] = df_input['EDU'].isin(['College', 'University']).astype(int)
    df_output['TERM_le_36'] = (df_input['TERM'] <= 36).astype(int)
    df_output['UNDERAGECHILDRENCOUNT_le_1'] = (df_input['UNDERAGECHILDRENCOUNT'] <= 1).astype(int)
    df_output['FAMILYSTATUS_in'] = df_input['FAMILYSTATUS'].isin([1, 2]).astype(int)
    return df_output

---VERSION---

def extracting_features_0(df_input):
    df_output = pd.DataFrame()
    df_output['Overdue_days_gt_0'] = (df_input['Overdue days'] > 0).astype(int)
    df_output['Credit_history_rating_in_D_E'] = df_input['Credit history rating'].isin(['D1', 'D2', 'D3', 'E1', 'E2', 'E3']).astype(int)
    df_output['PDN_ge_0_3'] = (df_input['PDN'] >= 0.3).astype(int)
    df_output['Debt_ge_0_9_Initial_limit'] = (df_input['Debt'] >= df_input['Initial limit'] * 0.9).astype(int)
    df_output['EDU_in_Highschool_Incomplete'] = df_input['EDU'].isin(['High school', 'Incomplete']).astype(int)
    df_output['INCOME_lt_1500'] = (df_input['INCOME'] < 1500).astype(int)
    df_output['TERM_ge_36_and_Overdue_days_gt_0'] = ((df_input['TERM'] >= 36) & (df_input['Overdue days'] > 0)).astype(int)
    df_output['Credit_history_rating_in_C2_C3_and_PDN_ge_0_3'] = (df_input['Credit history rating'].isin(['C2', 'C3']) & (df_input['PDN'] >= 0.3)).astype(int)
    df_output['SEX_Male_and_Debt_gt_900_and_PDN_gt_0_15'] = ((df_input['SEX'] == 'Male') & (df_input['Debt'] > 900) & (df_input['PDN'] > 0.15)).astype(int)
    df_output['FAMILYSTATUS_1_and_PDN_gt_0_25'] = ((df_input['FAMILYSTATUS'] == 1) & (df_input['PDN'] > 0.25)).astype(int)
    return df_output

---DIVIDER---

def extracting_features_1(df_input):  
    df_output = pd.DataFrame()  
    df_output['Credit_history_rating_in_A_B_C1'] = df_input['Credit history rating'].isin(['A1', 'A2', 'A3', 'B1', 'B2', 'B3', 'C1']).astype(int)  
    df_output['PDN_less_0_3'] = (df_input['PDN'] < 0.3).astype(int)  
    df_output['Debt_leq_0_7_Initial_limit'] = (df_input['Debt'] <= df_input['Initial limit'] * 0.7).astype(int)  
    df_output['INCOME_geq_1500'] = (df_input['INCOME'] >= 1500).astype(int)  
    df_output['EDU_in_College_University'] = df_input['EDU'].isin(['College', 'University']).astype(int)  
    df_output['Overdue_days_eq_0'] = (df_input['Overdue days'] == 0).astype(int)  
    df_output['TERM_leq_36_and_PDN_less_0_3'] = ((df_input['TERM'] <= 36) & (df_input['PDN'] < 0.3)).astype(int)  
    df_output['INDUSTRYNAME_in_Finance_Construction_Trade_and_PDN_less_0_4'] = (df_input['INDUSTRYNAME'].isin(['Finance and Insurance', 'Construction', 'Trade']) & (df_input['PDN'] < 0.4)).astype(int)  
    df_output['UNDERAGECHILDRENCOUNT_leq_2_and_PDN_less_0_3'] = ((df_input['UNDERAGECHILDRENCOUNT'] <= 2) & (df_input['PDN'] < 0.3)).astype(int)  
    df_output['FAMILYSTATUS_in_2_3_and_PDN_less_0_35'] = (df_input['FAMILYSTATUS'].isin([2,3]) & (df_input['PDN'] < 0.35)).astype(int)  
    return df_output