def extracting_features_0(df_input):
    df_output = pd.DataFrame()
    df_output['social_connection_frequency'] = df_input['social_connection_frequency'].isin(['Daily', 'Weekly']).astype(int)
    df_output['gathering_size_preference'] = df_input['gathering_size_preference'].isin(['Large events']).astype(int)
    df_output['valued_friendship_traits'] = df_input['valued_friendship_traits'].isin(['Loyalty', 'Support']).astype(int)
    df_output['conflict_resolution_style'] = df_input['conflict_resolution_style'].isin(['Avoid conflict', 'Apologize first']).astype(int)
    df_output['family_support_level'] = df_input['family_support_level'].isin(['Yes', 'Sometimes']).astype(int)
    df_output['social_battery_recharge'] = df_input['social_battery_recharge'].isin(['Alone time']).astype(int)
    df_output['social_orientation_type'] = df_input['social_orientation_type'].isin(['Extrovert', 'Introvert']).astype(int)
    df_output['social_anxiety_level'] = df_input['social_anxiety_level'].isin(['Nervous']).astype(int)
    df_output['emotional_expression_method'] = df_input['emotional_expression_method'].isin(['Talk openly', 'Stay silent', 'Express emotion strongly']).astype(int)
    df_output['primary_anger_sources'] = df_input['primary_anger_sources'].isin(['Unnecessary criticism', 'Selfishness']).astype(int)
    return df_output

---DIVIDER---

def extracting_features_1(df_input):
    df_output = pd.DataFrame()
    df_output['social_connection_frequency'] = df_input['social_connection_frequency'].isin(['Monthly', 'Never']).astype(int)
    df_output['gathering_size_preference'] = df_input['gathering_size_preference'].isin(['Small gatherings', 'Both']).astype(int)
    df_output['valued_friendship_traits'] = df_input['valued_friendship_traits'].isin(['Honesty', 'Loyalty']).astype(int)
    df_output['conflict_resolution_style'] = df_input['conflict_resolution_style'].isin(['Talk it out', 'Let time fix it']).astype(int)
    df_output['family_support_level'] = df_input['family_support_level'].str.capitalize().isin(['No', 'Never', 'Sometimes']).astype(int)
    df_output['social_battery_recharge'] = df_input['social_battery_recharge'].isin(['Social media', 'Talking to someone']).astype(int)
    df_output['social_orientation_type'] = df_input['social_orientation_type'].isin(['Ambivert', 'Extrovert', 'Not sure']).astype(int)
    df_output['social_anxiety_level'] = df_input['social_anxiety_level'].isin(['Neutral', 'Excited', 'Avoid it']).astype(int)
    df_output['emotional_expression_method'] = df_input['emotional_expression_method'].isin(['Talk openly', 'Other']).astype(int)
    df_output['primary_anger_sources'] = df_input['primary_anger_sources'].isin(['Being interrupted', 'Unnecessary criticism']).astype(int)
    return df_output

---VERSION---

def extracting_features_0(df_input):
    df_output = pd.DataFrame()
    df_output['social_connection_frequency'] = df_input['social_connection_frequency'].isin(['Never', 'Monthly']).astype(int)
    df_output['gathering_size_preference'] = df_input['gathering_size_preference'].isin(['Large events', 'Both']).astype(int)
    df_output['valued_friendship_traits'] = df_input['valued_friendship_traits'].isin(['Loyalty', 'Support']).astype(int)
    df_output['conflict_resolution_style'] = df_input['conflict_resolution_style'].isin(['Avoid conflict', 'Let time fix it']).astype(int)
    df_output['family_support_level'] = df_input['family_support_level'].isin(['No', 'Never']).astype(int)
    df_output['social_battery_recharge'] = df_input['social_battery_recharge'].isin(['Alone time']).astype(int)
    df_output['social_orientation_type'] = df_input['social_orientation_type'].isin(['Introvert']).astype(int)
    df_output['social_anxiety_level'] = df_input['social_anxiety_level'].isin(['Nervous', 'Avoid it']).astype(int)
    df_output['emotional_expression_method'] = df_input['emotional_expression_method'].isin(['Stay silent', 'Other']).astype(int)
    df_output['primary_anger_sources'] = df_input['primary_anger_sources'].isin(['Unnecessary criticism', 'Selfishness']).astype(int)
    return df_output

---DIVIDER---

def extracting_features_1(df_input):
    df_output = pd.DataFrame()
    df_output['social_connection_frequency'] = df_input['social_connection_frequency'].isin(['Daily', 'Weekly']).astype(int)
    df_output['gathering_size_preference'] = df_input['gathering_size_preference'].isin(['Small gatherings', 'Both']).astype(int)
    df_output['valued_friendship_traits'] = df_input['valued_friendship_traits'].isin(['Honesty', 'Support', 'All', 'All the three and trust', 'Understanding person']).astype(int)
    df_output['conflict_resolution_style'] = df_input['conflict_resolution_style'].isin(['Talk it out', 'Apologize first']).astype(int)
    df_output['family_support_level'] = df_input['family_support_level'].isin(['Yes', 'Sometimes']).astype(int)
    df_output['social_battery_recharge'] = df_input['social_battery_recharge'].isin(['Talking to someone', 'Social media']).astype(int)
    df_output['social_orientation_type'] = df_input['social_orientation_type'].isin(['Extrovert', 'Ambivert']).astype(int)
    df_output['social_anxiety_level'] = df_input['social_anxiety_level'].isin(['Excited', 'Neutral']).astype(int)
    df_output['emotional_expression_method'] = df_input['emotional_expression_method'].isin(['Talk openly', 'Express emotion strongly']).astype(int)
    df_output['primary_anger_sources'] = df_input['primary_anger_sources'].isin(['Being interrupted', 'Injustice']).astype(int)
    return df_output

---VERSION---



---VERSION---

def extracting_features_0(df_input):
    df_output = pd.DataFrame()
    df_output['social_connection_frequency'] = df_input['social_connection_frequency'].str.strip().str.capitalize().isin(['Never', 'Monthly']).astype(int)
    df_output['gathering_size_preference'] = df_input['gathering_size_preference'].str.strip().str.capitalize().isin(['Large events', 'Never']).astype(int)
    df_output['valued_friendship_traits'] = df_input['valued_friendship_traits'].str.strip().str.capitalize().isin(['Loyalty', 'Support']).astype(int)
    df_output['conflict_resolution_style'] = df_input['conflict_resolution_style'].str.strip().str.capitalize().isin(['Avoid conflict', 'Let time fix it']).astype(int)
    df_output['family_support_level'] = df_input['family_support_level'].str.strip().str.capitalize().isin(['No', 'Never']).astype(int)
    df_output['social_battery_recharge'] = df_input['social_battery_recharge'].str.strip().str.capitalize().isin(['Alone time', 'None of the above']).astype(int)
    df_output['social_orientation_type'] = df_input['social_orientation_type'].str.strip().str.capitalize().isin(['Introvert', 'Not sure']).astype(int)
    df_output['social_anxiety_level'] = df_input['social_anxiety_level'].str.strip().str.capitalize().isin(['Avoid it', 'Nervous']).astype(int)
    df_output['emotional_expression_method'] = df_input['emotional_expression_method'].str.strip().str.capitalize().isin(['Stay silent', 'Other']).astype(int)
    cond = (df_input['social_connection_frequency'].str.strip().str.capitalize() == 'Weekly') & (df_input['emotional_expression_method'].str.strip().str.capitalize() == 'Express emotion strongly')
    df_output['social_connection_frequency_weekly_and_emotional_expression_strong'] = cond.astype(int)
    return df_output

---DIVIDER---

def extracting_features_1(df_input):
    df_output = pd.DataFrame()
    df_output['social_connection_frequency_in_Daily_Weekly'] = df_input['social_connection_frequency'].str.lower().isin(['daily', 'weekly']).astype(int)
    df_output['gathering_size_preference_in_Small_Both'] = df_input['gathering_size_preference'].str.lower().isin(['small gatherings', 'both']).astype(int)
    df_output['valued_friendship_traits_in_Honesty_Support'] = df_input['valued_friendship_traits'].str.lower().isin(['honesty', 'support']).astype(int)
    df_output['conflict_resolution_style_in_Talk_Apologize'] = df_input['conflict_resolution_style'].str.lower().isin(['talk it out', 'apologize first']).astype(int)
    df_output['family_support_level_in_Yes_Sometimes'] = df_input['family_support_level'].str.lower().isin(['yes', 'sometimes']).astype(int)
    df_output['social_battery_recharge_in_Talking_SocialMedia'] = df_input['social_battery_recharge'].str.lower().isin(['talking to someone', 'social media']).astype(int)
    df_output['social_orientation_type_in_Extrovert_Ambivert'] = df_input['social_orientation_type'].str.lower().isin(['extrovert', 'ambivert']).astype(int)
    df_output['social_anxiety_level_in_Neutral_Excited'] = df_input['social_anxiety_level'].str.lower().isin(['neutral', 'excited']).astype(int)
    df_output['emotional_expression_method_in_Talk_Express'] = df_input['emotional_expression_method'].str.lower().isin(['talk openly', 'express emotion strongly']).astype(int)
    cond = (df_input['social_connection_frequency'].str.lower() == 'never') & (df_input['emotional_expression_method'].str.lower() == 'stay silent') & (df_input['social_orientation_type'].str.lower() == 'ambivert')
    df_output['special_condition'] = cond.astype(int)
    return df_output

---VERSION---

def extracting_features_0(df_input):
    df_output = pd.DataFrame()
    df_output['social_connection_frequency'] = df_input['social_connection_frequency'].str.lower().isin(['monthly', 'never']).astype(int)
    df_output['gathering_size_preference'] = df_input['gathering_size_preference'].str.lower().isin(['large events', 'never']).astype(int)
    def valued_trait_check(x):
        x_lower = str(x).lower()
        if ('loyalty' in x_lower or 'support' in x_lower) and ('honesty' not in x_lower) and ('all' not in x_lower) and ('trust' not in x_lower) and ('understanding person' not in x_lower):
            return 1
        else:
            return 0
    df_output['valued_friendship_traits'] = df_input['valued_friendship_traits'].apply(valued_trait_check)
    df_output['conflict_resolution_style'] = df_input['conflict_resolution_style'].str.lower().isin(['avoid conflict', 'let time fix it']).astype(int)
    df_output['family_support_level'] = df_input['family_support_level'].str.lower().isin(['no', 'never']).astype(int)
    df_output['social_battery_recharge'] = df_input['social_battery_recharge'].str.lower().isin(['alone time', 'none of the above']).astype(int)
    df_output['social_orientation_type'] = df_input['social_orientation_type'].str.lower().isin(['introvert', 'not sure']).astype(int)
    df_output['social_anxiety_level'] = df_input['social_anxiety_level'].str.lower().isin(['avoid it', 'nervous']).astype(int)
    df_output['emotional_expression_method'] = df_input['emotional_expression_method'].str.lower().isin(['stay silent', 'other']).astype(int)
    df_output['primary_anger_sources'] = df_input['primary_anger_sources'].str.lower().isin(['unnecessary criticism', 'selfishness']).astype(int)
    return df_output

---DIVIDER---

def extracting_features_1(df_input):
    df_output = pd.DataFrame()
    df_output['social_connection_frequency'] = df_input['social_connection_frequency'].str.capitalize().isin(['Daily', 'Weekly']).astype(int)
    df_output['gathering_size_preference'] = df_input['gathering_size_preference'].str.capitalize().isin(['Small gatherings', 'Both']).astype(int)
    df_output['valued_friendship_traits'] = df_input['valued_friendship_traits'].str.capitalize().isin(['Honesty', 'All', 'All the three and trust', 'Understanding person']).astype(int)
    df_output['conflict_resolution_style'] = df_input['conflict_resolution_style'].str.capitalize().isin(['Talk it out', 'Apologize first']).astype(int)
    df_output['family_support_level'] = df_input['family_support_level'].str.capitalize().isin(['Yes', 'Sometimes']).astype(int)
    df_output['social_battery_recharge'] = df_input['social_battery_recharge'].str.capitalize().isin(['Talking to someone', 'Social media']).astype(int)
    df_output['social_orientation_type'] = df_input['social_orientation_type'].str.capitalize().isin(['Extrovert', 'Ambivert']).astype(int)
    df_output['social_anxiety_level'] = df_input['social_anxiety_level'].str.capitalize().isin(['Excited', 'Neutral']).astype(int)
    df_output['emotional_expression_method'] = df_input['emotional_expression_method'].str.capitalize().isin(['Talk openly', 'Express emotion strongly']).astype(int)
    df_output['primary_anger_sources'] = df_input['primary_anger_sources'].str.capitalize().isin(['Being interrupted', 'Injustice']).astype(int)
    return df_output