def extracting_features_0(df_input):
    primary_types = ['BATTERY', 'THEFT', 'MOTOR VEHICLE THEFT', 'CRIMINAL DAMAGE', 'ASSAULT', 'WEAPONS VIOLATION']
    descriptions = ['SIMPLE', 'TO VEHICLE', 'OVER $500', 'AGGRAVATED - HANDGUN', 'AGGRAVATED - OTHER DANGEROUS WEAPON']
    location_descriptions = ['RESIDENCE', 'STREET', 'VEHICLE - OTHER RIDE SHARE SERVICE (LYFT, UBER, ETC.)', 'VEHICLE NON-COMMERCIAL', 'NURSING / RETIREMENT HOME']
    fbi_codes = ['04B', '04A', '06', '07', '14', '15']

    df_output = pd.DataFrame()
    df_output['Primary Type'] = df_input['Primary Type'].isin(primary_types).astype(int)
    df_output['Description'] = df_input['Description'].isin(descriptions).astype(int)
    df_output['Domestic'] = (df_input['Domestic'] == 0).astype(int)
    df_output['Location Description'] = df_input['Location Description'].isin(location_descriptions).astype(int)
    df_output['FBI Code'] = df_input['FBI Code'].isin(fbi_codes).astype(int)
    df_output['Beat'] = ((df_input['Beat'] >= 700) & (df_input['Beat'] <= 900)).astype(int)
    df_output['District'] = ((df_input['District'] >= 2) & (df_input['District'] <= 8)).astype(int)
    df_output['Ward'] = ((df_input['Ward'] >= 3) & (df_input['Ward'] <= 27)).astype(int)
    df_output['Community Area'] = ((df_input['Community Area'] >= 19) & (df_input['Community Area'] <= 67)).astype(int)
    df_output['Year'] = (df_input['Year'] == 2025).astype(int)
    return df_output

---DIVIDER---

def extracting_features_1(df_input):
    df_output = pd.DataFrame()
    df_output['Primary_Type_condition'] = df_input['Primary Type'].isin(['NARCOTICS', 'CRIMINAL TRESPASS', 'BATTERY', 'CRIMINAL DAMAGE', 'THEFT', 'WEAPONS VIOLATION']).astype(int)
    df_output['Description_condition'] = df_input['Description'].isin(['POSSESS - COCAINE', 'POSSESS - PCP', 'UNLAWFUL POSSESSION - HANDGUN', 'DOMESTIC BATTERY SIMPLE', 'RETAIL THEFT', 'TO VEHICLE']).astype(int)
    df_output['Domestic_condition'] = df_input['Domestic'].isin([0,1]).astype(int)
    df_output['Location_Description_condition'] = df_input['Location Description'].isin(['STREET', 'CTA BUS', 'SMALL RETAIL STORE', 'GROCERY FOOD STORE', 'BAR OR TAVERN']).astype(int)
    df_output['FBI_Code_condition'] = df_input['FBI Code'].astype(str).isin(['18', '26', '08B', '06', '14', '15']).astype(int)
    df_output['Beat_condition'] = ((df_input['Beat'] >= 100) & (df_input['Beat'] <= 1300)).astype(int)
    df_output['District_condition'] = ((df_input['District'] >= 1) & (df_input['District'] <= 25)).astype(int)
    df_output['Ward_condition'] = ((df_input['Ward'] >= 11) & (df_input['Ward'] <= 42)).astype(int)
    df_output['Community_Area_condition'] = ((df_input['Community Area'] >= 8) & (df_input['Community Area'] <= 42)).astype(int)
    df_output['Year_condition'] = (df_input['Year'] == 2025).astype(int)
    return df_output

---VERSION---

def extracting_features_0(df_input):
    df_output = pd.DataFrame()
    df_output['Primary Type'] = df_input['Primary Type'].isin(['BATTERY', 'ASSAULT', 'THEFT', 'MOTOR VEHICLE THEFT', 'CRIMINAL DAMAGE', 'WEAPONS VIOLATION']).astype(int)
    df_output['Description'] = df_input['Description'].isin(['AGGRAVATED - HANDGUN', 'AGGRAVATED - OTHER DANGEROUS WEAPON', 'RECKLESS FIREARM DISCHARGE', '$500 AND UNDER', 'SIMPLE', 'TO VEHICLE']).astype(int)
    df_output['Domestic'] = (df_input['Domestic'] == 0).astype(int)
    df_output['Location Description'] = df_input['Location Description'].isin(['STREET', 'VEHICLE NON-COMMERCIAL', 'RESIDENCE', 'VEHICLE - OTHER RIDE SHARE SERVICE (LYFT, UBER, ETC.)']).astype(int)
    df_output['FBI Code'] = df_input['FBI Code'].isin(['04B', '04A', '06', '15', '14']).astype(int)
    df_output['Beat'] = ((df_input['Beat'] >= 200) & (df_input['Beat'] <= 400)).astype(int)
    df_output['District'] = df_input['District'].isin([2, 3, 7, 8, 12]).astype(int)
    df_output['Ward'] = ((df_input['Ward'] >= 3) & (df_input['Ward'] <= 18)).astype(int)
    df_output['Community Area'] = ((df_input['Community Area'] >= 20) & (df_input['Community Area'] <= 50)).astype(int)
    df_output['Year'] = (df_input['Year'] == 2025).astype(int)
    return df_output

---DIVIDER---

def extracting_features_1(df_input):
    df_output = pd.DataFrame()
    df_output['Primary_Type_in_list'] = df_input['Primary Type'].isin(['BATTERY', 'THEFT', 'CRIMINAL TRESPASS', 'NARCOTICS', 'CRIMINAL DAMAGE', 'WEAPONS VIOLATION']).astype(int)
    df_output['Description_in_list'] = df_input['Description'].isin(['DOMESTIC BATTERY SIMPLE', 'RETAIL THEFT', 'POSSESS - COCAINE', 'POSSESS - PCP', 'TO LAND', 'SIMPLE', 'UNLAWFUL POSSESSION - HANDGUN']).astype(int)
    df_output['Domestic_is_0_or_1'] = df_input['Domestic'].isin([0,1]).astype(int)
    return df_output

---VERSION---

def extracting_features_0(df_input):
    df_output = pd.DataFrame()
    df_output['Primary Type'] = df_input['Primary Type'].isin(['BATTERY', 'THEFT', 'ASSAULT', 'CRIMINAL DAMAGE', 'MOTOR VEHICLE THEFT', 'WEAPONS VIOLATION']).astype(int)
    df_output['Description'] = df_input['Description'].isin(['AGGRAVATED - HANDGUN', 'AGGRAVATED - OTHER DANGEROUS WEAPON', 'SIMPLE', 'TO VEHICLE', 'CYCLE', 'SCOOTER, BIKE NO VIN', 'RECKLESS FIREARM DISCHARGE']).astype(int)
    df_output['Domestic'] = (df_input['Domestic'] == 0).astype(int)
    df_output['Location Description'] = df_input['Location Description'].isin(['VEHICLE NON-COMMERCIAL', 'RESIDENCE', 'STREET', 'VEHICLE - OTHER RIDE SHARE SERVICE (LYFT, UBER, ETC.)', 'GROCERY FOOD STORE']).astype(int)
    df_output['FBI Code'] = df_input['FBI Code'].isin(['04A', '04B', '06', '07', '08B', '14', '15']).astype(int)
    df_output['Beat'] = ((df_input['Beat'] >= 200) & (df_input['Beat'] <= 900)).astype(int)
    df_output['District'] = ((df_input['District'] >= 2) & (df_input['District'] <= 12)).astype(int)
    df_output['Ward'] = ((df_input['Ward'] >= 3) & (df_input['Ward'] <= 27)).astype(int)
    df_output['Community Area'] = ((df_input['Community Area'] >= 20) & (df_input['Community Area'] <= 65)).astype(int)
    date_parsed = pd.to_datetime(df_input['Date'], format='%m/%d/%Y %I:%M:%S %p', errors='coerce')
    start_date = pd.to_datetime('01/01/2025 00:00:00 AM', format='%m/%d/%Y %I:%M:%S %p')
    end_date = pd.to_datetime('01/29/2025 11:59:59 PM', format='%m/%d/%Y %I:%M:%S %p')
    df_output['Date'] = ((date_parsed >= start_date) & (date_parsed <= end_date)).astype(int)
    return df_output

---DIVIDER---

def extracting_features_1(df_input):
    import pandas as pd
    df_output = pd.DataFrame()
    df_output['Primary Type'] = df_input['Primary Type'].isin(['CRIMINAL TRESPASS', 'NARCOTICS', 'BATTERY', 'CRIMINAL DAMAGE', 'WEAPONS VIOLATION', 'THEFT']).astype(int)
    df_output['Description'] = df_input['Description'].isin(['DOMESTIC BATTERY SIMPLE', 'POSSESS - PCP', 'POSSESS - COCAINE', 'UNLAWFUL POSSESSION - HANDGUN', 'RETAIL THEFT', 'TO VEHICLE', 'SIMPLE']).astype(int)
    df_output['Domestic'] = df_input['Domestic'].isin([0,1]).astype(int)
    df_output['Location Description'] = df_input['Location Description'].isin(['STREET', 'CTA BUS', 'BAR OR TAVERN', 'SMALL RETAIL STORE']).astype(int)
    df_output['FBI Code'] = df_input['FBI Code'].isin(['08B', '14', '15', '18', '26', '06']).astype(int)
    df_output['Beat'] = ((df_input['Beat'] >= 300) & (df_input['Beat'] <= 2600)).astype(int)
    df_output['District'] = ((df_input['District'] >= 3) & (df_input['District'] <= 25)).astype(int)
    df_output['Ward'] = ((df_input['Ward'] >= 11) & (df_input['Ward'] <= 42)).astype(int)
    df_output['Community Area'] = ((df_input['Community Area'] >= 8) & (df_input['Community Area'] <= 42)).astype(int)
    df_input['Date'] = pd.to_datetime(df_input['Date'], format='%m/%d/%Y %I:%M:%S %p', errors='coerce')
    start_date = pd.to_datetime('01/01/2025 00:00:00 AM', format='%m/%d/%Y %I:%M:%S %p')
    end_date = pd.to_datetime('01/29/2025 11:59:59 PM', format='%m/%d/%Y %I:%M:%S %p')
    df_output['Date'] = ((df_input['Date'] >= start_date) & (df_input['Date'] <= end_date)).astype(int)
    return df_output

---VERSION---

def extracting_features_0(df_input):
    df_output = pd.DataFrame()
    df_output['Primary_Type_in_list'] = df_input['Primary Type'].isin(['BATTERY', 'THEFT', 'MOTOR VEHICLE THEFT', 'CRIMINAL DAMAGE']).astype(int)
    df_output['Description_in_list'] = df_input['Description'].isin(['SIMPLE', 'OVER $500', 'TO VEHICLE']).astype(int)
    df_output['Location_Description_in_list'] = df_input['Location Description'].isin(['RESIDENCE', 'VEHICLE - OTHER RIDE SHARE SERVICE (LYFT, UBER, ETC.)', 'VEHICLE NON-COMMERCIAL']).astype(int)
    df_output['Domestic_is_0'] = (df_input['Domestic'] == 0).astype(int)
    df_output['FBI_Code_in_list'] = df_input['FBI Code'].isin(['04A', '06', '07', '08B', '14']).astype(int)
    df_output['Primary_Battery_Description_Aggravated_Handgun'] = ((df_input['Primary Type'] == 'BATTERY') & (df_input['Description'] == 'AGGRAVATED - HANDGUN')).astype(int)
    df_output['Primary_Assault_Description_Aggravated_Other_Dangerous_Weapon'] = ((df_input['Primary Type'] == 'ASSAULT') & (df_input['Description'] == 'AGGRAVATED - OTHER DANGEROUS WEAPON')).astype(int)
    df_output['Beat_in_range'] = ((df_input['Beat'] >= 700) & (df_input['Beat'] <= 900)).astype(int)
    df_output['District_in_range'] = ((df_input['District'] >= 7) & (df_input['District'] <= 8)).astype(int)
    df_output['Ward_in_range'] = ((df_input['Ward'] >= 17) & (df_input['Ward'] <= 18)).astype(int)
    return df_output

---DIVIDER---

def extracting_features_1(df_input):
    df_output = pd.DataFrame()
    df_output['Primary_Type_in_list'] = df_input['Primary Type'].isin(['NARCOTICS', 'WEAPONS VIOLATION', 'CRIMINAL TRESPASS', 'BATTERY', 'THEFT', 'CRIMINAL DAMAGE']).astype(int)
    df_output['Description_in_list'] = df_input['Description'].isin(['POSSESS - PCP', 'POSSESS - COCAINE', 'UNLAWFUL POSSESSION - HANDGUN', 'DOMESTIC BATTERY SIMPLE', 'RETAIL THEFT', 'TO LAND', 'TO VEHICLE']).astype(int)
    df_output['Location_Description_in_list'] = df_input['Location Description'].isin(['STREET', 'SMALL RETAIL STORE', 'GROCERY FOOD STORE', 'CTA BUS', 'BAR OR TAVERN']).astype(int)
    df_output['Domestic_is_1'] = (df_input['Domestic'] == 1).astype(int)
    df_output['FBI_Code_in_list'] = df_input['FBI Code'].astype(str).isin(['18', '15', '26', '08B', '06', '14']).astype(int)
    df_output['Primary_BATTERY_and_Description_DOMESTIC_BATTERY_SIMPLE'] = ((df_input['Primary Type'] == 'BATTERY') & (df_input['Description'] == 'DOMESTIC BATTERY SIMPLE')).astype(int)
    df_output['Primary_WEAPONS_VIOLATION_and_Description_UNLAWFUL_POSSESSION_HANDGUN'] = ((df_input['Primary Type'] == 'WEAPONS VIOLATION') & (df_input['Description'] == 'UNLAWFUL POSSESSION - HANDGUN')).astype(int)
    df_output['Beat_in_range'] = ((df_input['Beat'] >= 100) & (df_input['Beat'] <= 1300)).astype(int)
    df_output['District_in_range'] = ((df_input['District'] >= 1) & (df_input['District'] <= 25)).astype(int)
    df_output['Ward_in_range'] = ((df_input['Ward'] >= 20) & (df_input['Ward'] <= 42)).astype(int)
    return df_output

---VERSION---

def extracting_features_0(df_input):
    df_output = pd.DataFrame()
    df_output['Primary Type'] = df_input['Primary Type'].isin(['BATTERY', 'THEFT', 'MOTOR VEHICLE THEFT', 'CRIMINAL DAMAGE', 'ASSAULT', 'WEAPONS VIOLATION']).astype(int)
    df_output['Description'] = df_input['Description'].isin(['AGGRAVATED - HANDGUN', 'SIMPLE', 'TO VEHICLE', 'CYCLE', 'SCOOTER', 'BIKE NO VIN', 'RECKLESS FIREARM DISCHARGE', 'AGGRAVATED - OTHER DANGEROUS WEAPON']).astype(int)
    df_output['Domestic'] = (df_input['Domestic'] == 0).astype(int)
    df_output['Location Description'] = df_input['Location Description'].isin(['RESIDENCE', 'VEHICLE NON-COMMERCIAL', 'STREET']).astype(int)
    df_output['FBI Code'] = df_input['FBI Code'].isin(['04B', '06', '07', '14', '15', '08B', '04A']).astype(int)
    df_output['Beat'] = ((df_input['Beat'] >= 200) & (df_input['Beat'] <= 800)).astype(int)
    df_output['District'] = df_input['District'].isin([2, 3, 5, 7, 8]).astype(int)
    df_output['Ward'] = ((df_input['Ward'] >= 3) & (df_input['Ward'] <= 18)).astype(int)
    df_output['Community Area'] = ((df_input['Community Area'] >= 38) & (df_input['Community Area'] <= 67)).astype(int)
    df_output['Latitude'] = ((df_input['Latitude'] >= 41.70) & (df_input['Latitude'] <= 41.82)).astype(int)
    return df_output

---DIVIDER---

def extracting_features_1(df_input):
    df_output = pd.DataFrame()
    df_output['Primary Type'] = df_input['Primary Type'].isin(['BATTERY', 'THEFT', 'CRIMINAL TRESPASS', 'NARCOTICS', 'CRIMINAL DAMAGE', 'WEAPONS VIOLATION']).astype(int)
    df_output['Description'] = df_input['Description'].isin(['DOMESTIC BATTERY SIMPLE', 'POSSESS - COCAINE', 'POSSESS - PCP', 'RETAIL THEFT', 'TO VEHICLE', 'UNLAWFUL POSSESSION - HANDGUN']).astype(int)
    df_output['Domestic'] = df_input['Domestic'].isin([0,1]).astype(int)
    df_output['Location Description'] = df_input['Location Description'].isin(['STREET', 'GROCERY FOOD STORE', 'SMALL RETAIL STORE', 'CTA BUS', 'BAR OR TAVERN']).astype(int)
    df_output['FBI Code'] = df_input['FBI Code'].isin(['08B', '06', '18', '14', '15', '26']).astype(int)
    df_output['Beat'] = ((df_input['Beat'] >= 100) & (df_input['Beat'] <= 1600)).astype(int)
    df_output['District'] = df_input['District'].isin([1, 3, 9, 11, 15, 18, 25]).astype(int)
    df_output['Ward'] = ((df_input['Ward'] >= 11) & (df_input['Ward'] <= 42)).astype(int)
    df_output['Community Area'] = ((df_input['Community Area'] >= 8) & (df_input['Community Area'] <= 42)).astype(int)
    df_output['Latitude'] = ((df_input['Latitude'] >= 41.87) & (df_input['Latitude'] <= 41.93)).astype(int)
    return df_output