def extracting_features_0(df_input):
    df_output = pd.DataFrame()
    df_output['Primary_Type_in_list'] = df_input['Primary Type'].isin(['THEFT', 'MOTOR VEHICLE THEFT', 'CRIMINAL DAMAGE', 'OFFENSE INVOLVING CHILDREN']).astype(int)
    df_output['Description_in_list'] = df_input['Description'].isin(['RETAIL THEFT', 'SIMPLE', 'TO PROPERTY', 'AGGRAVATED SEXUAL ASSAULT OF CHILD BY FAMILY MEMBER']).astype(int)
    df_output['Location_Description_in_list'] = df_input['Location Description'].isin(['RESIDENCE', 'DRUG STORE', 'APARTMENT']).astype(int)
    df_output['Domestic_is_1'] = (df_input['Domestic'] == 1).astype(int)
    df_output['FBI_Code_in_list'] = df_input['FBI Code'].isin(['06', '08B', '14', '02']).astype(int)
    df_output['Primary_Type_BATTERY_and_Description_DOMESTIC_BATTERY_SIMPLE'] = ((df_input['Primary Type'] == 'BATTERY') & (df_input['Description'] == 'DOMESTIC BATTERY SIMPLE')).astype(int)
    df_output['Beat_in_range'] = ((df_input['Beat'] >= 800) & (df_input['Beat'] <= 900)).astype(int)
    df_output['District_in_range'] = ((df_input['District'] >= 8) & (df_input['District'] <= 12)).astype(int)
    df_output['Ward_in_range'] = ((df_input['Ward'] >= 23) & (df_input['Ward'] <= 27)).astype(int)
    df_output['Community_Area_in_range'] = ((df_input['Community Area'] >= 23) & (df_input['Community Area'] <= 28)).astype(int)
    return df_output

---DIVIDER---

def extracting_features_1(df_input):
    df_output = pd.DataFrame()
    df_output['Primary_Type_in_list'] = df_input['Primary Type'].isin(['WEAPONS VIOLATION', 'NARCOTICS', 'CONCEALED CARRY LICENSE VIOLATION', 'BATTERY', 'OTHER OFFENSE']).astype(int)
    df_output['Description_in_list'] = df_input['Description'].isin(['UNLAWFUL POSSESSION - HANDGUN', 'POSSESS - HEROIN (WHITE)', 'MANUFACTURE / DELIVER - COCAINE', 'PROHIBITED PLACES', 'SIMPLE']).astype(int)
    df_output['Location_Description_in_list'] = df_input['Location Description'].isin(['STREET', 'SIDEWALK', 'CTA BUS', 'AIRPORT TERMINAL UPPER LEVEL - SECURE AREA', 'SMALL RETAIL STORE']).astype(int)
    df_output['Domestic_is_0'] = (df_input['Domestic'] == 0).astype(int)
    df_output['FBI_Code_in_list'] = df_input['FBI Code'].isin(['15', '18', '03', '26', '08B']).astype(int)
    df_output['Primary_Type_BATTERY_and_Description_SIMPLE'] = ((df_input['Primary Type'] == 'BATTERY') & (df_input['Description'] == 'SIMPLE')).astype(int)
    df_output['Beat_in_range'] = ((df_input['Beat'] >= 1000) & (df_input['Beat'] <= 2000)).astype(int)
    df_output['District_in_range'] = ((df_input['District'] >= 15) & (df_input['District'] <= 25)).astype(int)
    df_output['Ward_in_range'] = ((df_input['Ward'] >= 12) & (df_input['Ward'] <= 42)).astype(int)
    df_output['Community_Area_in_range'] = ((df_input['Community Area'] >= 8) & (df_input['Community Area'] <= 76)).astype(int)
    return df_output

---VERSION---

def extracting_features_0(df_input):
    df_output = pd.DataFrame()
    df_output['Primary Type'] = df_input['Primary Type'].isin(['THEFT', 'MOTOR VEHICLE THEFT', 'ROBBERY', 'OTHER OFFENSE', 'CRIMINAL DAMAGE', 'OFFENSE INVOLVING CHILDREN', 'BATTERY']).astype(int)
    df_output['Description'] = df_input['Description'].isin(['RETAIL THEFT', 'AUTOMOBILE', 'ARMED - HANDGUN', 'VEHICLE TITLE / REGISTRATION OFFENSE', 'TO PROPERTY', 'AGGRAVATED SEXUAL ASSAULT OF CHILD BY FAMILY MEMBER', 'HARASSMENT BY ELECTRONIC MEANS', 'DOMESTIC BATTERY SIMPLE', 'TO VEHICLE']).astype(int)
    df_output['Location Description'] = df_input['Location Description'].isin(['APARTMENT', 'RESIDENCE', 'STREET', 'SIDEWALK']).astype(int)
    df_output['Domestic'] = (df_input['Domestic'] == 1).astype(int)
    df_output['FBI Code'] = df_input['FBI Code'].isin(['02', '03', '06', '07', '08B', '14', '26']).astype(int)
    df_output['Beat'] = ((df_input['Beat'] >= 400) & (df_input['Beat'] <= 700)).astype(int)
    df_output['District'] = df_input['District'].isin([4, 6, 8, 12, 15, 25]).astype(int)
    df_output['Ward'] = df_input['Ward'].isin([7, 23, 26, 27, 37, 42]).astype(int)
    df_output['Community Area'] = df_input['Community Area'].isin([23, 25, 28, 32, 43, 56]).astype(int)
    df_output['Year'] = (df_input['Year'] == 2025).astype(int)
    return df_output

---DIVIDER---

def extracting_features_1(df_input):
    df_output = pd.DataFrame()
    df_output['Primary_Type_in_list'] = df_input['Primary Type'].isin(['NARCOTICS', 'WEAPONS VIOLATION', 'CONCEALED CARRY LICENSE VIOLATION', 'BATTERY', 'OTHER OFFENSE']).astype(int)
    df_output['Description_in_list'] = df_input['Description'].isin(['POSSESS - HEROIN (WHITE)', 'MANUFACTURE / DELIVER - COCAINE', 'UNLAWFUL POSSESSION - HANDGUN', 'PROHIBITED PLACES', 'SIMPLE', 'OTHER VEHICLE OFFENSE']).astype(int)
    df_output['Location_Description_in_list'] = df_input['Location Description'].isin(['STREET', 'SIDEWALK', 'CTA BUS', 'AIRPORT TERMINAL UPPER LEVEL - SECURE AREA', 'SMALL RETAIL STORE']).astype(int)
    df_output['Domestic_is_0'] = (df_input['Domestic'] == 0).astype(int)
    df_output['FBI_Code_in_list'] = df_input['FBI Code'].astype(str).isin(['15', '18', '08B', '26']).astype(int)
    df_output['Beat_in_range'] = df_input['Beat'].between(800, 1800).astype(int)
    df_output['District_in_list'] = df_input['District'].isin([1, 3, 8, 11, 15, 16, 18, 25]).astype(int)
    df_output['Ward_in_list'] = df_input['Ward'].isin([4, 8, 12, 13, 28, 37, 38, 42]).astype(int)
    df_output['Community_Area_in_list'] = df_input['Community Area'].isin([23, 25, 27, 32, 43, 56, 58, 76]).astype(int)
    df_output['Year_is_2025'] = (df_input['Year'] == 2025).astype(int)
    return df_output

---VERSION---

