def extracting_features_0(df_input):
    df_output = pd.DataFrame()
    df_output['The_reason_of_the_call_Complaints'] = (df_input['The_reason_of_the_call'] == 'Complaints').astype(int)
    df_output['Call_center_employee_communication_skills_evaluation_le_3'] = (df_input['Call_center_employee_communication_skills_evaluation'] <= 3.0).astype(int)
    df_output['Satisfaction_with_the_doctors_response_le_3'] = (df_input['Satisfaction_with_the_doctors_response'] <= 3.0).astype(int)
    df_output['How_often_do_you_receive_call_center_news_lt_3'] = (df_input['How_often_do_you_receive_call_center_news'] < 3.0).astype(int)
    df_output['Call_151_Yes'] = (df_input['Call_151'] == 'Yes').astype(int)
    df_output['Aware_151_Yes'] = (df_input['Aware_151'] == 'Yes').astype(int)
    df_output['Gender_Male'] = (df_input['Gender'] == 'Male').astype(int)
    df_output['Age_18_24_25_29'] = df_input['Age'].isin(['18-24', '25-29']).astype(int)
    df_output['Education_Bachelor_High_school'] = df_input['Education'].isin(['Bachelor', 'High school']).astype(int)
    df_output['Nationality_Kuwaiti'] = (df_input['Nationality'] == 'Kuwaiti').astype(int)
    return df_output

---DIVIDER---

def extracting_features_1(df_input):
    df_output = pd.DataFrame()
    df_output['The_reason_of_the_call_Complaints'] = (df_input['The_reason_of_the_call'] == 'Complaints').astype(int)
    df_output['Call_center_employee_communication_skills_evaluation_3.0'] = (df_input['Call_center_employee_communication_skills_evaluation'] == 3.0).astype(int)
    df_output['Satisfaction_with_the_doctors_response_3.0'] = (df_input['Satisfaction_with_the_doctors_response'] == 3.0).astype(int)
    df_output['How_often_do_you_receive_call_center_news_ge_2.8'] = (df_input['How_often_do_you_receive_call_center_news'] >= 2.8).astype(int)
    df_output['Call_151_No'] = (df_input['Call_151'] == 'No').astype(int)
    df_output['Aware_151_No'] = (df_input['Aware_151'] == 'No').astype(int)
    df_output['Gender_Female'] = (df_input['Gender'] == 'Female').astype(int)
    df_output['Age_in_18_24_30_39_40_49'] = df_input['Age'].isin(['18-24', '30-39', '40-49']).astype(int)
    df_output['Education_in_Bachelor_Diploma'] = df_input['Education'].isin(['Bachelor', 'Diploma']).astype(int)
    df_output['Nationality_in_Kuwaiti_Other_nationality'] = df_input['Nationality'].isin(['Kuwaiti', 'Other nationality']).astype(int)
    return df_output

---VERSION---

def extracting_features_0(df_input):
    df_output = pd.DataFrame()
    df_output['The_reason_of_the_call_Complaints'] = df_input['The_reason_of_the_call'].isin(['Complaints']).astype(int)
    df_output['Call_center_employee_communication_skills_evaluation_leq_3'] = (df_input['Call_center_employee_communication_skills_evaluation'] <= 3.0).astype(int)
    df_output['Satisfaction_with_the_doctors_response_leq_3'] = (df_input['Satisfaction_with_the_doctors_response'] <= 3.0).astype(int)
    df_output['How_often_do_you_receive_call_center_news_leq_2_8'] = (df_input['How_often_do_you_receive_call_center_news'] <= 2.8).astype(int)
    df_output['Aware_151_Yes'] = df_input['Aware_151'].isin(['Yes']).astype(int)
    df_output['Call_151_Yes'] = df_input['Call_151'].isin(['Yes']).astype(int)
    df_output['Age_18_24_25_29'] = df_input['Age'].isin(['18-24', '25-29']).astype(int)
    df_output['Gender_Male'] = df_input['Gender'].isin(['Male']).astype(int)
    df_output['Education_Bachelor_High_school'] = df_input['Education'].isin(['Bachelor', 'High school']).astype(int)
    df_output['Nationality_Kuwaiti'] = df_input['Nationality'].isin(['Kuwaiti']).astype(int)
    return df_output

---DIVIDER---

def extracting_features_1(df_input):
    df_output = pd.DataFrame()
    df_output['The_reason_of_the_call_Complaints'] = (df_input['The_reason_of_the_call'] == 'Complaints').astype(int)
    df_output['Call_center_employee_communication_skills_evaluation_3.0'] = (df_input['Call_center_employee_communication_skills_evaluation'] == 3.0).astype(int)
    df_output['Satisfaction_with_the_doctors_response_3.0'] = (df_input['Satisfaction_with_the_doctors_response'] == 3.0).astype(int)
    df_output['How_often_do_you_receive_call_center_news_gt_2.8'] = (df_input['How_often_do_you_receive_call_center_news'] > 2.8).astype(int)
    df_output['Aware_151_No'] = (df_input['Aware_151'] == 'No').astype(int)
    df_output['Call_151_No'] = (df_input['Call_151'] == 'No').astype(int)
    df_output['Age_in_18_24_30_39_40_49'] = df_input['Age'].isin(['18-24', '30-39', '40-49']).astype(int)
    df_output['Gender_in_Female_Male'] = df_input['Gender'].isin(['Female', 'Male']).astype(int)
    df_output['Education_in_Bachelor_Diploma'] = df_input['Education'].isin(['Bachelor', 'Diploma']).astype(int)
    df_output['Nationality_in_Kuwaiti_Other_nationality'] = df_input['Nationality'].isin(['Kuwaiti', 'Other nationality']).astype(int)
    return df_output

---VERSION---



---VERSION---

def extracting_features_0(df_input):
    df_output = pd.DataFrame()
    df_output['The_reason_of_the_call_Complaints'] = (df_input['The_reason_of_the_call'] == 'Complaints').astype(int)
    df_output['Call_center_employee_communication_skills_evaluation_leq_3'] = (df_input['Call_center_employee_communication_skills_evaluation'] <= 3.0).astype(int)
    df_output['Satisfaction_with_the_doctors_response_leq_3'] = (df_input['Satisfaction_with_the_doctors_response'] <= 3.0).astype(int)
    df_output['How_often_do_you_receive_call_center_news_lt_3'] = (df_input['How_often_do_you_receive_call_center_news'] < 3.0).astype(int)
    df_output['Gender_Male'] = (df_input['Gender'] == 'Male').astype(int)
    df_output['Age_18_24_25_29'] = df_input['Age'].isin(['18-24', '25-29']).astype(int)
    df_output['Aware_151_No'] = (df_input['Aware_151'] == 'No').astype(int)
    df_output['Call_151_No'] = (df_input['Call_151'] == 'No').astype(int)
    df_output['Education_Bachelor_High_school'] = df_input['Education'].isin(['Bachelor', 'High school']).astype(int)
    df_output['Nationality_Kuwaiti'] = (df_input['Nationality'] == 'Kuwaiti').astype(int)
    return df_output

---DIVIDER---

def extracting_features_1(df_input):
    df_output = pd.DataFrame()
    df_output['The_reason_of_the_call_Complaints'] = (df_input['The_reason_of_the_call'] == 'Complaints').astype(int)
    df_output['Call_center_employee_communication_skills_evaluation_ge_3'] = (df_input['Call_center_employee_communication_skills_evaluation'] >= 3.0).astype(int)
    df_output['Satisfaction_with_the_doctors_response_ge_3'] = (df_input['Satisfaction_with_the_doctors_response'] >= 3.0).astype(int)
    df_output['How_often_do_you_receive_call_center_news_ge_3'] = (df_input['How_often_do_you_receive_call_center_news'] >= 3.0).astype(int)
    df_output['Gender_Female'] = (df_input['Gender'] == 'Female').astype(int)
    df_output['Age_in_range'] = df_input['Age'].isin(['18-24', '30-39', '40-49']).astype(int)
    df_output['Aware_151_Yes_or_No'] = df_input['Aware_151'].isin(['Yes', 'No']).astype(int)
    df_output['Call_151_No'] = (df_input['Call_151'] == 'No').astype(int)
    df_output['Education_in_Bachelor_Diploma'] = df_input['Education'].isin(['Bachelor', 'Diploma']).astype(int)
    df_output['Nationality_in_Kuwaiti_Other'] = df_input['Nationality'].isin(['Kuwaiti', 'Other nationality']).astype(int)
    return df_output

---VERSION---

