

---VERSION---

def extracting_features_0(df_input):
    df_output = pd.DataFrame()
    df_output['SpType_endswith_V'] = df_input['SpType'].str.endswith('V').astype(int)
    df_output['Amag_ge_15_7'] = (df_input['Amag'] >= 15.7).astype(int)
    df_output['B_V_le_0_7'] = (df_input['B-V'] <= 0.7).astype(int)
    df_output['Vmag_ge_6_5'] = (df_input['Vmag'] >= 6.5).astype(int)
    df_output['Plx_ge_7_5'] = (df_input['Plx'] >= 7.5).astype(int)
    df_output['Amag_in_15_7_20'] = ((df_input['Amag'] >= 15.7) & (df_input['Amag'] <= 20)).astype(int)
    df_output['B_V_lt_0_9'] = (df_input['B-V'] < 0.9).astype(int)
    df_output['SpType_not_contains_III_IV'] = (~df_input['SpType'].str.contains('III|IV')).astype(int)
    df_output['Plx_gt_3_0_Amag_ge_16_0'] = ((df_input['Plx'] > 3.0) & (df_input['Amag'] >= 16.0)).astype(int)
    df_output['Vmag_gt_6_0_B_V_lt_0_8'] = ((df_input['Vmag'] > 6.0) & (df_input['B-V'] < 0.8)).astype(int)
    return df_output

---DIVIDER---

def extracting_features_1(df_input):
    df_output = pd.DataFrame()
    df_output['SpType_III_or_III_IV'] = df_input['SpType'].str.contains('III') | df_input['SpType'].str.contains('III/IV')
    df_output['Amag_lt_16_5'] = (df_input['Amag'] < 16.5).astype(int)
    df_output['B_V_ge_0_9'] = (df_input['B-V'] >= 0.9).astype(int)
    df_output['Vmag_lt_7_0'] = (df_input['Vmag'] < 7.0).astype(int)
    df_output['Plx_lt_10_0'] = (df_input['Plx'] < 10.0).astype(int)
    df_output['Amag_in_14_0_16_5'] = ((df_input['Amag'] >= 14.0) & (df_input['Amag'] <= 16.5)).astype(int)
    df_output['B_V_gt_1_0'] = (df_input['B-V'] > 1.0).astype(int)
    df_output['SpType_contains_III'] = df_input['SpType'].str.contains('III').astype(int)
    df_output['Plx_le_10_and_B_V_ge_0_9'] = ((df_input['Plx'] <= 10) & (df_input['B-V'] >= 0.9)).astype(int)
    df_output['Vmag_le_7_and_Amag_lt_16_5'] = ((df_input['Vmag'] <= 7.0) & (df_input['Amag'] < 16.5)).astype(int)
    return df_output

---VERSION---

def extracting_features_0(df_input):
    giant_classes = ['III', 'IV', 'III/IV', 'II', 'Ib', 'Ia', 'Iab', 'Ib/II', 'IIb', 'IIIb']
    def is_giant(sp):
        for gc in giant_classes:
            if gc in sp:
                return True
        return False

    df_output = pd.DataFrame()
    df_output['SpType_in_list'] = df_input['SpType'].isin(['G1V', 'F3V', 'A1V', 'F5V', 'G3V', 'K5V', 'B8V', 'B9V']).astype(int)
    df_output['Amag_gt_17'] = (df_input['Amag'] > 17).astype(int)
    df_output['Plx_ge_5'] = (df_input['Plx'] >= 5).astype(int)
    df_output['Vmag_le_8'] = (df_input['Vmag'] <= 8).astype(int)
    df_output['B-V_in_range'] = ((df_input['B-V'] >= 0.0) & (df_input['B-V'] <= 0.7)).astype(int)
    df_output['e_Plx_le_1'] = (df_input['e_Plx'] <= 1.0).astype(int)
    df_output['SpType_endswith_V'] = df_input['SpType'].str.endswith('V').astype(int)
    df_output['Amag_in_range_and_not_giant'] = (((df_input['Amag'] >= 15) & (df_input['Amag'] <= 20)) & (~df_input['SpType'].apply(is_giant))).astype(int)
    df_output['Plx_in_range_and_Vmag_le_8'] = (((df_input['Plx'] >= 5) & (df_input['Plx'] <= 20)) & (df_input['Vmag'] <= 8)).astype(int)
    df_output['B-V_lt_0.7_and_not_giant'] = ((df_input['B-V'] < 0.7) & (~df_input['SpType'].apply(is_giant))).astype(int)
    return df_output

---DIVIDER---

def extracting_features_1(df_input):
    df_output = pd.DataFrame()
    df_output['SpType_in_list'] = df_input['SpType'].isin(['A2III', 'G8III', 'G7III', 'K1III', 'B9III/IV']).astype(int)
    df_output['Amag_le_16'] = (df_input['Amag'] <= 16).astype(int)
    df_output['Plx_lt_5'] = (df_input['Plx'] < 5).astype(int)
    df_output['Vmag_gt_6'] = (df_input['Vmag'] > 6).astype(int)
    df_output['B-V_in_range'] = ((df_input['B-V'] >= 0.7) & (df_input['B-V'] <= 1.3)).astype(int)
    df_output['e_Plx_gt_0.7'] = (df_input['e_Plx'] > 0.7).astype(int)
    df_output['SpType_contains_III'] = df_input['SpType'].str.contains('III|III/IV', regex=True).astype(int)
    df_output['Amag_14_16_and_giant'] = (((df_input['Amag'] >= 14) & (df_input['Amag'] <= 16)) & df_input['SpType'].str.contains('III|III/IV', regex=True)).astype(int)
    df_output['Plx_1_5_and_Vmag_gt_6'] = (((df_input['Plx'] >= 1) & (df_input['Plx'] <= 5)) & (df_input['Vmag'] > 6)).astype(int)
    df_output['B-V_gt_0.7_and_giant'] = ((df_input['B-V'] > 0.7) & df_input['SpType'].str.contains('III|III/IV', regex=True)).astype(int)
    return df_output

---VERSION---

def extracting_features_0(df_input):
    df_output = pd.DataFrame()
    df_output['SpType_in_list'] = df_input['SpType'].isin(['G1V', 'F3V', 'F0V', 'F5V', 'G3V', 'A1V', 'A2V', 'B8V', 'K5V']).astype(int)
    df_output['Amag_ge_16'] = (df_input['Amag'] >= 16).astype(int)
    df_output['B_V_lt_0_7'] = (df_input['B-V'] < 0.7).astype(int)
    df_output['Vmag_gt_6'] = (df_input['Vmag'] > 6).astype(int)
    df_output['Plx_ge_5'] = (df_input['Plx'] >= 5).astype(int)
    df_output['Amag_in_range'] = ((df_input['Amag'] >= 15.7) & (df_input['Amag'] <= 20.0)).astype(int)
    df_output['SpType_endswith_V'] = df_input['SpType'].str.endswith('V').astype(int)
    df_output['B_V_in_range'] = ((df_input['B-V'] >= 0.0) & (df_input['B-V'] <= 0.7)).astype(int)
    df_output['Plx_in_range'] = ((df_input['Plx'] >= 3.0) & (df_input['Plx'] <= 15.0)).astype(int)
    df_output['Vmag_in_range'] = ((df_input['Vmag'] >= 5.5) & (df_input['Vmag'] <= 10.0)).astype(int)
    return df_output

---DIVIDER---

def extracting_features_1(df_input):
    df_output = pd.DataFrame()
    df_output['SpType_in_list'] = df_input['SpType'].isin(['G8III', 'G7III', 'K1III', 'A2III', 'B9III/IV']).astype(int)
    df_output['Amag_lt_16'] = (df_input['Amag'] < 16).astype(int)
    df_output['B_V_ge_0_7'] = (df_input['B-V'] >= 0.7).astype(int)
    df_output['Vmag_le_8'] = (df_input['Vmag'] <= 8).astype(int)
    df_output['Plx_lt_10'] = (df_input['Plx'] < 10).astype(int)
    df_output['Amag_in_range'] = ((df_input['Amag'] >= 14.0) & (df_input['Amag'] <= 16.0)).astype(int)
    df_output['SpType_contains_III'] = df_input['SpType'].str.contains('III', na=False).astype(int)
    df_output['B_V_in_range'] = ((df_input['B-V'] >= 0.8) & (df_input['B-V'] <= 1.3)).astype(int)
    df_output['Vmag_in_range'] = ((df_input['Vmag'] >= 4.0) & (df_input['Vmag'] <= 8.0)).astype(int)
    df_output['Plx_in_range'] = ((df_input['Plx'] >= 1.5) & (df_input['Plx'] <= 8.0)).astype(int)
    return df_output

---VERSION---

