def extracting_features_0(df_input):
    df_output = pd.DataFrame()
    df_output['Primary_Type_in_list'] = df_input['Primary Type'].isin(['THEFT', 'MOTOR VEHICLE THEFT', 'ROBBERY', 'CRIMINAL DAMAGE', 'OTHER OFFENSE']).astype(int)
    df_output['Description_in_list'] = df_input['Description'].isin(['RETAIL THEFT', 'OVER $500', 'ARMED - HANDGUN', 'TO PROPERTY', 'VEHICLE TITLE / REGISTRATION OFFENSE']).astype(int)
    df_output['Location_Description_in_list'] = df_input['Location Description'].isin(['SMALL RETAIL STORE', 'DRUG STORE', 'APARTMENT', 'SIDEWALK', 'STREET']).astype(int)
    df_output['Domestic_is_0'] = (df_input['Domestic'] == 0).astype(int)
    df_output['FBI_Code_in_list'] = df_input['FBI Code'].isin(['06', '07', '03', '14', '26']).astype(int)
    df_output['Primary_Type_THEFT_and_Description_RETAIL_THEFT'] = ((df_input['Primary Type'] == 'THEFT') & (df_input['Description'] == 'RETAIL THEFT')).astype(int)
    df_output['Primary_Type_BATTERY_and_Description_AGGRAVATED_HANDGUN'] = ((df_input['Primary Type'] == 'BATTERY') & (df_input['Description'] == 'AGGRAVATED - HANDGUN')).astype(int)
    df_output['Beat_in_range'] = ((df_input['Beat'] >= 1000) & (df_input['Beat'] <= 2600)).astype(int)
    df_output['District_in_range'] = ((df_input['District'] >= 10) & (df_input['District'] <= 25)).astype(int)
    df_output['Ward_in_range'] = ((df_input['Ward'] >= 20) & (df_input['Ward'] <= 50)).astype(int)
    return df_output

---DIVIDER---

def extracting_features_1(df_input):
    df_output = pd.DataFrame()
    df_output['Primary_Type_in_list'] = df_input['Primary Type'].isin(['NARCOTICS', 'ASSAULT', 'WEAPONS VIOLATION', 'BATTERY', 'OTHER OFFENSE']).astype(int)
    df_output['Description_in_list'] = df_input['Description'].isin(['MANUFACTURE / DELIVER - COCAINE', 'SIMPLE', 'UNLAWFUL POSSESSION - HANDGUN', 'OTHER VEHICLE OFFENSE', 'AGGRAVATED P.O. - HANDS, FISTS, FEET, NO / MINOR INJURY', 'POSSESS - HEROIN (WHITE)']).astype(int)
    df_output['Location_Description_in_list'] = df_input['Location Description'].isin(['SIDEWALK', 'CHA APARTMENT', 'STREET', 'SCHOOL - PUBLIC GROUNDS', 'BAR OR TAVERN']).astype(int)
    df_output['Domestic_is_0_or_1'] = df_input['Domestic'].isin([0,1]).astype(int)
    df_output['FBI_Code_in_list'] = df_input['FBI Code'].isin(['18', '08A', '15', '08B', '26']).astype(int)
    df_output['Primary_NARCOTICS_and_Description_POSSESS_or_MANUFACTURE'] = ((df_input['Primary Type'] == 'NARCOTICS') & (df_input['Description'].str.contains('POSSESS|MANUFACTURE / DELIVER'))).astype(int)
    df_output['Primary_WEAPONS_and_Description_UNLAWFUL_POSSESSION_HANDGUN'] = ((df_input['Primary Type'] == 'WEAPONS VIOLATION') & (df_input['Description'] == 'UNLAWFUL POSSESSION - HANDGUN')).astype(int)
    df_output['Beat_in_range'] = ((df_input['Beat'] >= 100) & (df_input['Beat'] <= 2000)).astype(int)
    df_output['District_in_range'] = ((df_input['District'] >= 1) & (df_input['District'] <= 25)).astype(int)
    return df_output

---VERSION---

def extracting_features_0(df_input):  
    df_output = pd.DataFrame()  
    df_output['Primary Type'] = df_input['Primary Type'].isin(['THEFT', 'CRIMINAL DAMAGE', 'MOTOR VEHICLE THEFT', 'ROBBERY', 'OTHER OFFENSE']).astype(int)  
    df_output['Description'] = df_input['Description'].isin(['OVER $500', 'TO PROPERTY', 'RETAIL THEFT', 'ARMED - HANDGUN', 'VEHICLE TITLE / REGISTRATION OFFENSE']).astype(int)  
    df_output['Location Description'] = df_input['Location Description'].isin(['APARTMENT', 'SMALL RETAIL STORE', 'DRUG STORE', 'SIDEWALK']).astype(int)  
    df_output['Domestic'] = (df_input['Domestic'] == 0).astype(int)  
    df_output['FBI Code'] = df_input['FBI Code'].isin(['03', '06', '07', '14', '26']).astype(int)  
    df_output['Beat'] = ((df_input['Beat'] >= 1000) & (df_input['Beat'] <= 3000)).astype(int)  
    df_output['District'] = ((df_input['District'] >= 10) & (df_input['District'] <= 25)).astype(int)  
    df_output['Ward'] = ((df_input['Ward'] >= 20) & (df_input['Ward'] <= 40)).astype(int)  
    df_output['Community Area'] = ((df_input['Community Area'] >= 20) & (df_input['Community Area'] <= 45)).astype(int)  
    date_parsed = pd.to_datetime(df_input['Date'], format='%m/%d/%Y %I:%M:%S %p', errors='coerce')  
    start_date = pd.to_datetime('01/01/2025 12:00:00 AM', format='%m/%d/%Y %I:%M:%S %p')  
    end_date = pd.to_datetime('01/29/2025 11:59:59 PM', format='%m/%d/%Y %I:%M:%S %p')  
    df_output['Date'] = ((date_parsed >= start_date) & (date_parsed <= end_date)).astype(int)  
    return df_output

---DIVIDER---

def extracting_features_1(df_input):  
    df_output = pd.DataFrame()  
    df_output['Primary Type'] = df_input['Primary Type'].isin(['WEAPONS VIOLATION', 'NARCOTICS', 'BATTERY', 'ASSAULT', 'OTHER OFFENSE']).astype(int)  
    df_output['Description'] = df_input['Description'].isin(['UNLAWFUL POSSESSION - HANDGUN', 'SIMPLE', 'AGGRAVATED P.O. - HANDS, FISTS, FEET, NO / MINOR INJURY', 'MANUFACTURE / DELIVER - COCAINE', 'POSSESS - HEROIN (WHITE)', 'OTHER VEHICLE OFFENSE']).astype(int)  
    df_output['Location Description'] = df_input['Location Description'].isin(['STREET', 'BAR OR TAVERN', 'SIDEWALK', 'CHA APARTMENT', 'SCHOOL - PUBLIC GROUNDS']).astype(int)  
    df_output['Domestic'] = df_input['Domestic'].isin([0,1]).astype(int)  
    df_output['FBI Code'] = df_input['FBI Code'].isin(['08B', '08A', '15', '18', '26']).astype(int)  
    df_output['Beat'] = ((df_input['Beat'] >= 100) & (df_input['Beat'] <= 2000)).astype(int)  
    df_output['District'] = ((df_input['District'] >= 1) & (df_input['District'] <= 18)).astype(int)  
    df_output['Ward'] = ((df_input['Ward'] >= 4) & (df_input['Ward'] <= 42)).astype(int)  
    df_output['Community Area'] = ((df_input['Community Area'] >= 6) & (df_input['Community Area'] <= 76)).astype(int)  
    date_parsed = pd.to_datetime(df_input['Date'], format='%m/%d/%Y %I:%M:%S %p', errors='coerce')  
    start_date = pd.to_datetime('01/01/2025 12:00:00 AM', format='%m/%d/%Y %I:%M:%S %p')  
    end_date = pd.to_datetime('01/29/2025 11:59:59 PM', format='%m/%d/%Y %I:%M:%S %p')  
    df_output['Date'] = ((date_parsed >= start_date) & (date_parsed <= end_date)).astype(int)  
    return df_output

---VERSION---



---VERSION---

def extracting_features_0(df_input):
    df_output = pd.DataFrame()
    df_output['Primary Type'] = df_input['Primary Type'].isin(['THEFT', 'MOTOR VEHICLE THEFT', 'CRIMINAL DAMAGE', 'OTHER OFFENSE']).astype(int)
    df_output['Description'] = df_input['Description'].isin(['RETAIL THEFT', 'TO PROPERTY', 'VEHICLE TITLE / REGISTRATION OFFENSE', 'OVER $500']).astype(int)
    df_output['Location Description'] = df_input['Location Description'].isin(['APARTMENT', 'SMALL RETAIL STORE', 'DRUG STORE']).astype(int)
    df_output['Domestic'] = (df_input['Domestic'] == 0).astype(int)
    df_output['FBI Code'] = df_input['FBI Code'].isin(['06', '07', '14', '26']).astype(int)
    df_output['Beat'] = ((df_input['Beat'] >= 400) & (df_input['Beat'] <= 1800)).astype(int)
    df_output['District'] = ((df_input['District'] >= 4) & (df_input['District'] <= 17)).astype(int)
    df_output['Ward'] = ((df_input['Ward'] >= 7) & (df_input['Ward'] <= 35)).astype(int)
    df_output['Community Area'] = ((df_input['Community Area'] >= 21) & (df_input['Community Area'] <= 43)).astype(int)
    df_output['Date'] = pd.to_datetime(df_input['Date'], format='%m/%d/%Y %I:%M:%S %p', errors='coerce')
    start_date = pd.to_datetime('01/01/2025 12:00:00 AM', format='%m/%d/%Y %I:%M:%S %p')
    end_date = pd.to_datetime('01/29/2025 11:59:59 PM', format='%m/%d/%Y %I:%M:%S %p')
    df_output['Date'] = ((df_output['Date'] >= start_date) & (df_output['Date'] <= end_date)).astype(int)
    return df_output

---DIVIDER---

def extracting_features_1(df_input):
    import pandas as pd
    df_output = pd.DataFrame()
    df_output['Primary Type'] = df_input['Primary Type'].isin(['NARCOTICS', 'WEAPONS VIOLATION', 'BATTERY', 'ASSAULT']).astype(int)
    df_output['Description'] = df_input['Description'].isin(['MANUFACTURE / DELIVER - COCAINE', 'UNLAWFUL POSSESSION - HANDGUN', 'AGGRAVATED P.O. - HANDS, FISTS, FEET, NO / MINOR INJURY', 'SIMPLE', 'POSSESS - HEROIN (WHITE)']).astype(int)
    df_output['Location Description'] = df_input['Location Description'].isin(['SIDEWALK', 'STREET', 'BAR OR TAVERN', 'SCHOOL - PUBLIC GROUNDS', 'CHA APARTMENT']).astype(int)
    df_output['Domestic'] = df_input['Domestic'].isin([0,1]).astype(int)
    df_output['FBI Code'] = df_input['FBI Code'].astype(str).isin(['18', '15', '08B', '08A']).astype(int)
    df_output['Beat'] = ((df_input['Beat'] >= 100) & (df_input['Beat'] <= 1700)).astype(int)
    df_output['District'] = ((df_input['District'] >= 1) & (df_input['District'] <= 16)).astype(int)
    df_output['Ward'] = ((df_input['Ward'] >= 4) & (df_input['Ward'] <= 38)).astype(int)
    df_output['Community Area'] = ((df_input['Community Area'] >= 27) & (df_input['Community Area'] <= 76)).astype(int)
    df_input['Date'] = pd.to_datetime(df_input['Date'], format='%m/%d/%Y %I:%M:%S %p', errors='coerce')
    start_date = pd.to_datetime('01/01/2025 12:00:00 AM', format='%m/%d/%Y %I:%M:%S %p')
    end_date = pd.to_datetime('01/25/2025 11:59:59 PM', format='%m/%d/%Y %I:%M:%S %p')
    df_output['Date'] = ((df_input['Date'] >= start_date) & (df_input['Date'] <= end_date)).astype(int)
    return df_output

---VERSION---

