def extracting_features_0(df_input):
    df_output = pd.DataFrame()
    df_output['Debt'] = (df_input['Debt'] >= 900).astype(int)
    df_output['Overdue days'] = (df_input['Overdue days'] > 0).astype(int)
    df_output['Initial limit'] = (df_input['Initial limit'] < 2000).astype(int)
    df_output['INCOME'] = (df_input['INCOME'] < 2000).astype(int)
    df_output['Credit history rating'] = df_input['Credit history rating'].isin(['D1', 'D2', 'D3', 'E1', 'E2', 'E3', 'C1', 'C2', 'C3']).astype(int)
    df_output['PDN'] = (df_input['PDN'] >= 0.3).astype(int)
    df_output['EDU'] = df_input['EDU'].isin(['High school', 'Incomplete']).astype(int)
    df_output['LV_AREA'] = df_input['LV_AREA'].str.replace("'", "").str.strip().isin(['Brestskaja oblast', "Gomel'skaja oblast", 'Vitebskaja oblast', 'Mogilevskaja oblast']).astype(int)
    df_output['TERM'] = (df_input['TERM'] <= 36).astype(int)
    df_output['UNDERAGECHILDRENCOUNT'] = (df_input['UNDERAGECHILDRENCOUNT'] >= 2).astype(int)
    return df_output

---DIVIDER---

def extracting_features_1(df_input):
    df_output = pd.DataFrame()
    df_output['Debt_lt_2000'] = (df_input['Debt'] < 2000).astype(int)
    df_output['Overdue_days_eq_0'] = (df_input['Overdue days'] == 0).astype(int)
    df_output['Initial_limit_ge_1500'] = (df_input['Initial limit'] >= 1500).astype(int)
    df_output['INCOME_ge_1500'] = (df_input['INCOME'] >= 1500).astype(int)
    df_output['Credit_history_rating_in'] = df_input['Credit history rating'].isin(['A1', 'A2', 'A3', 'B1', 'B2', 'B3']).astype(int)
    df_output['PDN_lt_0_3'] = (df_input['PDN'] < 0.3).astype(int)
    df_output['EDU_in'] = df_input['EDU'].isin(['University', 'College']).astype(int)
    df_output['LV_AREA_in'] = df_input['LV_AREA'].str.lower().isin(['g. minsk', 'minskaja oblast', 'minskaja']).astype(int)
    df_output['TERM_ge_24'] = (df_input['TERM'] >= 24).astype(int)
    df_output['UNDERAGECHILDRENCOUNT_le_1'] = (df_input['UNDERAGECHILDRENCOUNT'] <= 1).astype(int)
    return df_output

---VERSION---

def extracting_features_0(df_input):
    df_output = pd.DataFrame()
    df_output['Debt'] = (df_input['Debt'] >= 900).astype(int)
    df_output['Overdue days'] = (df_input['Overdue days'] > 0).astype(int)
    df_output['Credit history rating'] = df_input['Credit history rating'].isin(['D1', 'D2', 'D3', 'E1', 'E2', 'E3']).astype(int)
    df_output['PDN'] = (df_input['PDN'] >= 0.3).astype(int)
    df_output['Initial limit'] = (df_input['Initial limit'] <= 11400).astype(int)
    df_output['INCOME'] = (df_input['INCOME'] <= 2500).astype(int)
    df_output['EDU'] = df_input['EDU'].isin(['High school', 'Incomplete']).astype(int)
    df_output['TERM'] = (df_input['TERM'] >= 36).astype(int)
    df_output['UNDERAGECHILDRENCOUNT'] = (df_input['UNDERAGECHILDRENCOUNT'] >= 2).astype(int)
    df_output['FAMILYSTATUS'] = (df_input['FAMILYSTATUS'] <= 1).astype(int)
    return df_output

---DIVIDER---

def extracting_features_1(df_input):  
    df_output = pd.DataFrame()  
    df_output['Debt'] = (df_input['Debt'] < 2000).astype(int)  
    df_output['Overdue days'] = (df_input['Overdue days'] == 0).astype(int)  
    df_output['Credit history rating'] = df_input['Credit history rating'].isin(['A1', 'A2', 'A3', 'B1', 'B2', 'B3', 'C1', 'C2', 'C3']).astype(int)  
    df_output['PDN'] = (df_input['PDN'] < 0.35).astype(int)  
    df_output['Initial limit'] = (df_input['Initial limit'] >= 1000).astype(int)  
    df_output['INCOME'] = (df_input['INCOME'] >= 1500).astype(int)  
    df_output['EDU'] = df_input['EDU'].isin(['University', 'College']).astype(int)  
    df_output['TERM'] = (df_input['TERM'] <= 60).astype(int)  
    df_output['UNDERAGECHILDRENCOUNT'] = (df_input['UNDERAGECHILDRENCOUNT'] <= 1).astype(int)  
    df_output['FAMILYSTATUS'] = (df_input['FAMILYSTATUS'] >= 1).astype(int)  
    return df_output

---VERSION---

def extracting_features_0(df_input):
    df_output = pd.DataFrame()
    df_output['Overdue_days_gt_0'] = (df_input['Overdue days'] > 0).astype(int)
    df_output['Debt_gte_900'] = (df_input['Debt'] >= 900).astype(int)
    df_output['Credit_history_rating_in_D_E'] = df_input['Credit history rating'].isin(['D2', 'D3', 'E1', 'E2', 'E3']).astype(int)
    df_output['PDN_gte_0_3'] = (df_input['PDN'] >= 0.3).astype(int)
    df_output['Initial_limit_lte_2000'] = (df_input['Initial limit'] <= 2000).astype(int)
    df_output['EDU_in_Highschool_Incomplete'] = df_input['EDU'].isin(['High school', 'Incomplete']).astype(int)
    df_output['INCOME_lte_2100'] = (df_input['INCOME'] <= 2100).astype(int)
    df_output['TERM_lte_60'] = (df_input['TERM'] <= 60).astype(int)
    df_output['SEX_is_Male'] = (df_input['SEX'] == 'Male').astype(int)
    df_output['UNDERAGECHILDRENCOUNT_gte_2'] = (df_input['UNDERAGECHILDRENCOUNT'] >= 2).astype(int)
    return df_output

---DIVIDER---

def extracting_features_1(df_input):
    df_output = pd.DataFrame()
    df_output['Overdue_days_0'] = (df_input['Overdue days'] == 0).astype(int)
    df_output['Credit_history_rating_good'] = df_input['Credit history rating'].isin(['A1', 'A2', 'A3', 'B1', 'B2', 'B3', 'C1', 'C2', 'C3']).astype(int)
    df_output['PDN_lt_035'] = (df_input['PDN'] < 0.35).astype(int)
    df_output['Initial_limit_ge_1500'] = (df_input['Initial limit'] >= 1500).astype(int)
    df_output['EDU_univ_college'] = df_input['EDU'].isin(['University', 'College']).astype(int)
    df_output['INCOME_ge_1500'] = (df_input['INCOME'] >= 1500).astype(int)
    df_output['Debt_lt_1500'] = (df_input['Debt'] < 1500).astype(int)
    df_output['TERM_ge_24'] = (df_input['TERM'] >= 24).astype(int)
    df_output['UNDERAGECHILDRENCOUNT_le_1'] = (df_input['UNDERAGECHILDRENCOUNT'] <= 1).astype(int)
    df_output['FAMILYSTATUS_1_or_2'] = df_input['FAMILYSTATUS'].isin([1, 2]).astype(int)
    return df_output

---VERSION---

def extracting_features_0(df_input):
    df_output = pd.DataFrame()
    df_output['Debt'] = (df_input['Debt'] > 9000).astype(int)
    df_output['Overdue days'] = (df_input['Overdue days'] > 0).astype(int)
    df_output['Initial limit'] = (df_input['Initial limit'] < 2000).astype(int)
    df_output['EDU'] = df_input['EDU'].isin(['High school', 'Incomplete']).astype(int)
    df_output['Credit history rating'] = df_input['Credit history rating'].isin(['D1', 'D2', 'D3', 'E1', 'E2', 'E3']).astype(int)
    df_output['PDN'] = (df_input['PDN'] >= 0.3).astype(int)
    df_output['INCOME'] = (df_input['INCOME'] < 1000).astype(int)
    df_output['TERM'] = (df_input['TERM'] >= 60).astype(int)
    df_output['UNDERAGECHILDRENCOUNT'] = (df_input['UNDERAGECHILDRENCOUNT'] >= 2).astype(int)
    df_output['FAMILYSTATUS'] = (df_input['FAMILYSTATUS'] <= 1).astype(int)
    return df_output

---DIVIDER---

def extracting_features_1(df_input):
    df_output = pd.DataFrame()
    df_output['Debt'] = (df_input['Debt'] < 2000).astype(int)
    df_output['Overdue days'] = (df_input['Overdue days'] == 0).astype(int)
    df_output['Initial limit'] = (df_input['Initial limit'] >= 1500).astype(int)
    df_output['EDU'] = df_input['EDU'].isin(['University', 'College']).astype(int)
    df_output['Credit history rating'] = df_input['Credit history rating'].isin(['A1', 'A2', 'A3', 'B1', 'B2', 'B3', 'C1', 'C2', 'C3']).astype(int)
    df_output['PDN'] = (df_input['PDN'] < 0.3).astype(int)
    df_output['INCOME'] = (df_input['INCOME'] >= 1500).astype(int)
    df_output['TERM'] = (df_input['TERM'] <= 36).astype(int)
    df_output['UNDERAGECHILDRENCOUNT'] = (df_input['UNDERAGECHILDRENCOUNT'] <= 1).astype(int)
    df_output['FAMILYSTATUS'] = (df_input['FAMILYSTATUS'] >= 2).astype(int)
    return df_output

---VERSION---

def extracting_features_0(df_input):
    df_output = pd.DataFrame()
    df_output['Debt'] = (df_input['Debt'] > 900).astype(int)
    df_output['Overdue days'] = (df_input['Overdue days'] > 0).astype(int)
    df_output['Initial limit'] = (df_input['Initial limit'] < 2000).astype(int)
    df_output['Credit history rating'] = df_input['Credit history rating'].isin(['D1', 'D2', 'D3', 'E1', 'E2', 'E3', 'C1', 'C2', 'C3']).astype(int)
    df_output['PDN'] = (df_input['PDN'] >= 0.30).astype(int)
    df_output['INCOME'] = (df_input['INCOME'] < 2000).astype(int)
    df_output['EDU'] = df_input['EDU'].isin(['High school', 'Incomplete']).astype(int)
    df_output['UNDERAGECHILDRENCOUNT'] = (df_input['UNDERAGECHILDRENCOUNT'] >= 2).astype(int)
    df_output['TERM'] = (df_input['TERM'] >= 36).astype(int)
    df_output['FAMILYSTATUS'] = (df_input['FAMILYSTATUS'] <= 1).astype(int)
    return df_output

---DIVIDER---

def extracting_features_1(df_input):
    df_output = pd.DataFrame()
    df_output['Debt'] = (df_input['Debt'] <= 2000).astype(int)
    df_output['Overdue days'] = (df_input['Overdue days'] == 0).astype(int)
    df_output['Initial limit'] = (df_input['Initial limit'] >= 1500).astype(int)
    df_output['Credit history rating'] = df_input['Credit history rating'].isin(['A1', 'A2', 'A3', 'B1', 'B2', 'B3']).astype(int)
    df_output['PDN'] = (df_input['PDN'] < 0.30).astype(int)
    df_output['INCOME'] = (df_input['INCOME'] >= 1500).astype(int)
    df_output['EDU'] = df_input['EDU'].isin(['College', 'University']).astype(int)
    df_output['UNDERAGECHILDRENCOUNT'] = (df_input['UNDERAGECHILDRENCOUNT'] <= 1).astype(int)
    df_output['TERM'] = (df_input['TERM'] <= 60).astype(int)
    df_output['FAMILYSTATUS'] = (df_input['FAMILYSTATUS'] >= 2).astype(int)
    return df_output