def extracting_features_0(df_input):
    df_output = pd.DataFrame()
    df_output['Reason_for_reading_books'] = df_input['Reason for reading books'].isin(['Entertainment Purpose', 'To increase my English vocabulary knowledge']).astype(int)
    df_output['Frequency_of_reading_books'] = df_input['Frequency of reading books'].isin(['A few times a month', 'Rarely']).astype(int)
    df_output['Amount_of_time_spent_reading_books_per_day'] = (df_input['Amount of time spent reading books per day'] < 1).astype(int)
    df_output['Number_of_printed_books_last_two_years'] = df_input['Number of printed books you read last two years'].isin(['1-5', float('nan')]).astype(int)
    df_output['Number_of_ebooks_last_two_years'] = df_input['Number of e-books you read last two years'].isin([float('nan'), '1-5']).astype(int)
    df_output['Favorite_books_for_leisure'] = df_input['Favorite books for reading to spend leisure time'].isin(['Fiction', 'Politics', 'Others']).astype(int)
    df_output['Change_after_reading_books'] = df_input['What is the change that you fell after reading books'].isin(['Feel Relax', 'Feel Happy']).astype(int)
    df_output['Department'] = df_input['Department'].isin(['BBA', 'English', 'JMC', 'Others']).astype(int)
    df_output['Who_influenced_to_read_books'] = df_input['Who influenced you to read books'].isin(['Friends', 'No one']).astype(int)
    df_output['Frequency_of_reading_books_2'] = df_input['Frequency of reading books'].isin(['A few times a month']).astype(int)
    return df_output

---DIVIDER---

def extracting_features_1(df_input):
    df_output = pd.DataFrame()
    df_output['Reason_for_reading_books_is_Academic_Purpose'] = (df_input['Reason for reading books'] == 'Academic Purpose').astype(int)
    df_output['Frequency_of_reading_books_in_On_everyday_basis_Most_days'] = df_input['Frequency of reading books'].isin(['On everyday basis', 'Most days']).astype(int)
    df_output['Amount_of_time_spent_reading_books_per_day_gte_2'] = (df_input['Amount of time spent reading books per day'] >= 2).astype(int)
    df_output['Number_of_printed_books_read_last_two_years_in_6-10_11-15_16-20_More_than_20'] = df_input['Number of printed books you read last two years'].isin(['6-10', '11-15', '16-20', 'More than 20']).astype(int)
    df_output['Number_of_ebooks_read_last_two_years_in_6-10_11-15_16-20_More_than_20'] = df_input['Number of e-books you read last two years'].isin(['6-10', '11-15', '16-20', 'More than 20']).astype(int)
    df_output['What_is_the_change_after_reading_books_in_Increase_Academic_Performance_Increase_Knowledge'] = df_input['What is the change that you fell after reading books'].isin(['Increase Academic Performance', 'Increase Knowledge']).astype(int)
    df_output['Department_in_CSE_SWE_Pharmacy_EEE_Civil_Textile_CIS_MCT'] = df_input['Department'].isin(['CSE', 'SWE', 'Pharmacy', 'EEE', 'Civil', 'Textile', 'CIS', 'MCT']).astype(int)
    df_output['Favorite_books_for_leisure_in_Non-Fiction_Biography'] = df_input['Favorite books for reading to spend leisure time'].isin(['Non-Fiction', 'Biography']).astype(int)
    df_output['Frequency_of_reading_books_is_On_everyday_basis'] = (df_input['Frequency of reading books'] == 'On everyday basis').astype(int)
    df_output['How_to_manage_books_for_reading_in_Buy_Borrow_Used-all'] = df_input['How to manage books for reading'].isin(['Buy', 'Borrow', 'Used-all']).astype(int)
    return df_output

---VERSION---

def extracting_features_0(df_input):
    df_output = pd.DataFrame()
    df_output['Reason_for_reading_books'] = df_input['Reason for reading books'].isin(['Entertainment Purpose', 'To increase my English vocabulary knowledge', 'Keep me informative']).astype(int)
    df_output['Department'] = df_input['Department'].isin(['English', 'BBA', 'JMC', 'NFE', 'Others']).astype(int)
    df_output['Amount_of_time_spent_reading_books_per_day'] = (df_input['Amount of time spent reading books per day'] < 1).astype(int)
    df_output['Number_of_printed_books_last_two_years'] = df_input['Number of printed books you read last two years'].isin(['1-5', float('nan')]).astype(int)
    df_output['Number_of_ebooks_last_two_years'] = df_input['Number of e-books you read last two years'].isin(['1-5', float('nan')]).astype(int)
    df_output['Favorite_books_for_leisure'] = df_input['Favorite books for reading to spend leisure time'].isin(['Fiction', 'Politics', 'Biography']).astype(int)
    df_output['Frequency_of_reading_books'] = df_input['Frequency of reading books'].isin(['Rarely', 'Once a week', 'Less than once a week']).astype(int)
    df_output['Change_after_reading_books'] = (~df_input['What is the change that you fell after reading books'].isin(['Increase Academic Performance', 'Increase Creative Thinking'])).astype(int)
    df_output['How_to_manage_books'] = df_input['How to manage books for reading'].isin(['Borrow', 'Others']).astype(int)
    df_output['Format_used_for_reading_books'] = df_input['The format that you used for reading books'].isin(['E-books', 'Others']).astype(int)
    return df_output

---DIVIDER---

def extracting_features_1(df_input):
    df_output = pd.DataFrame()
    df_output['Reason_for_reading_books_is_Academic_Purpose'] = (df_input['Reason for reading books'] == 'Academic Purpose').astype(int)
    df_output['Department_in_selected'] = df_input['Department'].isin(['CSE', 'SWE', 'Pharmacy', 'EEE', 'Civil', 'Textile', 'MCT', 'CIS']).astype(int)
    df_output['Amount_of_time_spent_reading_books_per_day_ge_1'] = (df_input['Amount of time spent reading books per day'] >= 1).astype(int)
    df_output['Number_of_printed_books_last_two_years_in_selected'] = df_input['Number of printed books you read last two years'].isin(['6-10', '11-15', '16-20', 'More than 20']).astype(int)
    df_output['Number_of_ebooks_last_two_years_in_selected'] = df_input['Number of e-books you read last two years'].isin(['6-10', '11-15', '16-20', 'More than 20']).astype(int)
    df_output['Favorite_books_for_leisure_Non_Fiction_or_Others'] = df_input['Favorite books for reading to spend leisure time'].isin(['Non-Fiction', 'Others']).astype(int)
    df_output['Frequency_of_reading_books_in_selected'] = df_input['Frequency of reading books'].isin(['On everyday basis', 'A few times a week']).astype(int)
    df_output['Change_after_reading_in_selected'] = df_input['What is the change that you fell after reading books'].isin(['Increase Academic Performance', 'Increase Creative Thinking']).astype(int)
    df_output['How_to_manage_books_in_selected'] = df_input['How to manage books for reading'].isin(['Buy', 'Used-all']).astype(int)
    df_output['Format_used_for_reading_books_is_Both'] = (df_input['The format that you used for reading books'] == 'Both').astype(int)
    return df_output

---VERSION---

def extracting_features_0(df_input):
    df_output = pd.DataFrame()
    df_output['Department'] = df_input['Department'].isin(['English', 'BBA', 'JMC', 'Others']).astype(int)
    df_output['Reason for reading books'] = df_input['Reason for reading books'].isin(['Entertainment Purpose', 'Keep me informative', 'To increase my English vocabulary knowledge']).astype(int)
    df_output['Amount of time spent reading books per day'] = (df_input['Amount of time spent reading books per day'] < 1).astype(int)
    df_output['Number of e-books you read last two years'] = df_input['Number of e-books you read last two years'].isin(['1-5', float('nan')]).astype(int)
    df_output['Number of printed books you read last two years'] = df_input['Number of printed books you read last two years'].isin(['1-5', float('nan')]).astype(int)
    df_output['Favorite books for reading to spend leisure time'] = df_input['Favorite books for reading to spend leisure time'].isin(['Fiction', 'Politics', 'Biography']).astype(int)
    df_output['Frequency of reading books'] = (df_input['Frequency of reading books'] != 'On everyday basis').astype(int)
    df_output['What is the change that you fell after reading books'] = (df_input['What is the change that you fell after reading books'] != 'Increase Academic Performance').astype(int)
    df_output['How to manage books for reading'] = df_input['How to manage books for reading'].isin(['Others']).astype(int)
    df_output['Age'] = df_input['Age'].between(17, 20).astype(int)
    return df_output

---DIVIDER---

def extracting_features_1(df_input):
    df_output = pd.DataFrame()
    df_output['Department_in_selected'] = df_input['Department'].isin(['CSE', 'SWE', 'Pharmacy', 'EEE', 'Civil', 'Textile', 'CIS', 'MCT']).astype(int)
    df_output['Reason_Academic_Purpose'] = (df_input['Reason for reading books'] == 'Academic Purpose').astype(int)
    df_output['Time_spent_reading_>=2'] = (df_input['Amount of time spent reading books per day'] >= 2).astype(int)
    df_output['Ebooks_read_selected'] = df_input['Number of e-books you read last two years'].isin(['6-10', '11-15', '16-20', 'More than 20']).astype(int)
    df_output['Printed_books_read_selected'] = df_input['Number of printed books you read last two years'].isin(['6-10', '11-15', '16-20', 'More than 20']).astype(int)
    df_output['Favorite_books_NonFiction_Others'] = df_input['Favorite books for reading to spend leisure time'].isin(['Non-Fiction', 'Others']).astype(int)
    df_output['Frequency_On_everyday_basis'] = (df_input['Frequency of reading books'] == 'On everyday basis').astype(int)
    df_output['Change_Increase_Academic_Performance'] = (df_input['What is the change that you fell after reading books'] == 'Increase Academic Performance').astype(int)
    df_output['Manage_books_selected'] = df_input['How to manage books for reading'].isin(['Buy', 'Borrow', 'Used-all']).astype(int)
    df_output['Age_21_to_25'] = df_input['Age'].between(21, 25).astype(int)
    return df_output

---VERSION---

def extracting_features_0(df_input):
    df_output = pd.DataFrame()
    df_output['Reason_for_reading_books'] = df_input['Reason for reading books'].isin(['Entertainment Purpose', 'Keep me informative', 'To increase my English vocabulary knowledge']).astype(int)
    df_output['Department'] = df_input['Department'].isin(['BBA', 'English', 'JMC', 'Others']).astype(int)
    df_output['Amount_of_time_spent_reading_books_per_day'] = (df_input['Amount of time spent reading books per day'] < 1).astype(int)
    df_output['Frequency_of_reading_books'] = df_input['Frequency of reading books'].isin(['Rarely', 'A few times a month']).astype(int)
    df_output['Number_of_printed_books_read_last_two_years'] = df_input['Number of printed books you read last two years'].isin(['1-5', float('nan')]).astype(int)
    df_output['Number_of_ebooks_read_last_two_years'] = df_input['Number of e-books you read last two years'].isin(['1-5', float('nan')]).astype(int)
    df_output['Favorite_books_for_leisure'] = df_input['Favorite books for reading to spend leisure time'].isin(['Fiction', 'Biography', 'Others']).astype(int)
    df_output['Change_after_reading_books'] = (~df_input['What is the change that you fell after reading books'].isin(['Increase Academic Performance', 'Increase Creative Thinking'])).astype(int)
    df_output['How_to_manage_books'] = df_input['How to manage books for reading'].isin(['Others', 'Used-all']).astype(int)
    df_output['Format_used_for_reading_books'] = df_input['The format that you used for reading books'].isin(['Printed', 'E-books']).astype(int)
    return df_output

---DIVIDER---

def extracting_features_1(df_input):
    df_output = pd.DataFrame()
    df_output['Reason_for_reading_books_is_Academic_Purpose'] = (df_input['Reason for reading books'] == 'Academic Purpose').astype(int)
    df_output['Department_in_selected'] = df_input['Department'].isin(['CSE', 'SWE', 'Pharmacy', 'EEE', 'Civil', 'MCT', 'Textile', 'CIS']).astype(int)
    df_output['Amount_of_time_spent_reading_books_per_day_ge_1'] = (df_input['Amount of time spent reading books per day'] >= 1).astype(int)
    df_output['Frequency_of_reading_books_in_selected'] = df_input['Frequency of reading books'].isin(['A few times a week', 'Daily']).astype(int)
    df_output['Number_of_printed_books_read_last_two_years_in_selected'] = df_input['Number of printed books you read last two years'].isin(['6-10', '11-15', '16-20', 'More than 20']).astype(int)
    df_output['Number_of_ebooks_read_last_two_years_in_selected'] = df_input['Number of e-books you read last two years'].isin(['6-10', '11-15', '16-20', 'More than 20']).astype(int)
    df_output['Favorite_books_for_leisure_in_selected'] = df_input['Favorite books for reading to spend leisure time'].isin(['Non-Fiction', 'Politics']).astype(int)
    df_output['Change_after_reading_in_selected'] = df_input['What is the change that you fell after reading books'].isin(['Increase Academic Performance', 'Increase Creative Thinking']).astype(int)
    df_output['How_to_manage_books_in_selected'] = df_input['How to manage books for reading'].isin(['Buy', 'Borrow']).astype(int)
    df_output['Format_used_for_reading_is_Both'] = (df_input['The format that you used for reading books'] == 'Both').astype(int)
    return df_output

---VERSION---



---VERSION---



---VERSION---



---VERSION---



---VERSION---

def extracting_features_0(df_input):
    import numpy as np
    df_output = pd.DataFrame()
    df_output['Reason_for_reading_books'] = df_input['Reason for reading books'].isin(['Entertainment Purpose', 'To increase my English vocabulary knowledge']).astype(int)
    df_output['Frequency_of_reading_books'] = df_input['Frequency of reading books'].isin(['Less than once a year', 'Once or twice a year']).astype(int)
    df_output['Amount_of_time_spent_reading_books_per_day'] = (df_input['Amount of time spent reading books per day'] < 0.5).astype(int)
    df_output['Number_of_e_books_you_read_last_two_years'] = df_input['Number of e-books you read last two years'].isin([np.nan, '1-5']).astype(int)
    df_output['Number_of_printed_books_you_read_last_two_years'] = df_input['Number of printed books you read last two years'].isin([np.nan, '1-5']).astype(int)
    df_output['Department'] = df_input['Department'].isin(['English', 'BBA', 'JMC', 'Others']).astype(int)
    df_output['Favorite_books_for_reading_to_spend_leisure_time'] = df_input['Favorite books for reading to spend leisure time'].isin(['Fiction', 'Politics']).astype(int)
    df_output['Where_do_you_read_printed_books'] = (df_input['Where do you read printed books'] == 'During Travel').astype(int)
    df_output['What_is_the_change_that_you_fell_after_reading_books'] = (df_input['What is the change that you fell after reading books'] == 'Feel Relax').astype(int)
    df_output['How_to_manage_books_for_reading'] = (df_input['How to manage books for reading'] == 'Others').astype(int)
    return df_output

---DIVIDER---

def extracting_features_1(df_input):
    df_output = pd.DataFrame()
    df_output['Reason_Academic_Purpose'] = (df_input['Reason for reading books'] == 'Academic Purpose').astype(int)
    df_output['Frequency_On_everyday_basis'] = (df_input['Frequency of reading books'] == 'On everyday basis').astype(int)
    df_output['Time_spent_reading_ge_1'] = (df_input['Amount of time spent reading books per day'] >= 1).astype(int)
    df_output['Ebooks_read_in_range'] = df_input['Number of e-books you read last two years'].isin(['11-15', '16-20', 'More than 20']).astype(int)
    df_output['Printed_books_read_in_range'] = df_input['Number of printed books you read last two years'].isin(['11-15', '16-20', 'More than 20']).astype(int)
    df_output['Department_in_list'] = df_input['Department'].isin(['CSE', 'SWE', 'Pharmacy', 'EEE', 'Civil', 'MCT', 'Textile', 'CIS']).astype(int)
    df_output['Favorite_books_in_list'] = df_input['Favorite books for reading to spend leisure time'].isin(['Non-Fiction', 'Biography']).astype(int)
    df_output['Change_Increase_Academic_Performance'] = (df_input['What is the change that you fell after reading books'] == 'Increase Academic Performance').astype(int)
    df_output['Manage_books_in_list'] = df_input['How to manage books for reading'].isin(['Borrow', 'Buy', 'Used-all', 'E-books']).astype(int)
    freq_map = {
        'On everyday basis': 7,
        'A few times a week': 3,
        'A few times a month': 1,
        'Once or twice a year': 0,
        'Less than once a year': 0
    }
    freq_values = df_input['Frequency of reading books'].map(freq_map).fillna(0)
    df_output['Frequency_at_least_once_a_week'] = (freq_values >= 1).astype(int)
    return df_output

---VERSION---

def extracting_features_0(df_input):
    df_output = pd.DataFrame()
    df_output['Reason_for_reading_books'] = df_input['Reason for reading books'].isin(['Entertainment Purpose', 'Keep me informative', 'To increase my English vocabulary knowledge']).astype(int)
    df_output['Department'] = df_input['Department'].isin(['BBA', 'English', 'JMC', 'Others']).astype(int)
    df_output['Amount_of_time_spent_reading_books_per_day'] = (df_input['Amount of time spent reading books per day'] < 1).astype(int)
    df_output['Number_of_printed_books_last_two_years'] = df_input['Number of printed books you read last two years'].isin(['1-5', float('nan')]).astype(int)
    df_output['Number_of_ebooks_last_two_years'] = df_input['Number of e-books you read last two years'].isin(['1-5', float('nan')]).astype(int)
    df_output['Favorite_books_for_leisure'] = df_input['Favorite books for reading to spend leisure time'].isin(['Fiction', 'Biography']).astype(int)
    df_output['Frequency_of_reading_books'] = df_input['Frequency of reading books'].isin(['Rarely', 'Once a week', 'A few times a month']).astype(int)
    df_output['How_to_manage_books'] = df_input['How to manage books for reading'].isin(['Others', 'Used-all']).astype(int)
    academic_improvement = ['Increase Academic Performance', 'Increase Creative Thinking', 'Increase Problem Solving Skill']
    df_output['Change_after_reading_books'] = (~df_input['What is the change that you fell after reading books'].isin(academic_improvement)).astype(int)
    df_output['Format_used_for_reading_books'] = df_input['The format that you used for reading books'].isin(['Printed', 'E-books']).astype(int)
    return df_output

---DIVIDER---

def extracting_features_1(df_input):
    df_output = pd.DataFrame()
    df_output['Reason_Academic_Purpose'] = (df_input['Reason for reading books'] == 'Academic Purpose').astype(int)
    df_output['Department_in_selected'] = df_input['Department'].isin(['CSE', 'SWE', 'Pharmacy', 'EEE', 'Civil', 'MCT', 'CIS']).astype(int)
    df_output['Time_spent_reading_>=1'] = (df_input['Amount of time spent reading books per day'] >= 1).astype(int)
    df_output['Printed_books_in_selected'] = df_input['Number of printed books you read last two years'].isin(['6-10', '11-15', '16-20', 'More than 20']).astype(int)
    df_output['E_books_in_selected'] = df_input['Number of e-books you read last two years'].isin(['6-10', '11-15', '16-20', 'More than 20']).astype(int)
    df_output['Favorite_books_in_selected'] = df_input['Favorite books for reading to spend leisure time'].isin(['Non-Fiction', 'Politics']).astype(int)
    df_output['Frequency_in_selected'] = df_input['Frequency of reading books'].isin(['On everyday basis', 'A few times a week']).astype(int)
    df_output['Manage_books_in_selected'] = df_input['How to manage books for reading'].isin(['Buy', 'Borrow']).astype(int)
    df_output['Change_after_reading_in_selected'] = df_input['What is the change that you fell after reading books'].isin(['Increase Academic Performance', 'Increase Creative Thinking']).astype(int)
    df_output['Format_used_Both'] = (df_input['The format that you used for reading books'] == 'Both').astype(int)
    return df_output