def extracting_features_0(df_input):
    df_output = pd.DataFrame()
    df_output['Reason_for_reading_books'] = df_input['Reason for reading books'].isin(['Entertainment Purpose', 'To increase my English vocabulary knowledge', 'Keep me informative']).astype(int)
    df_output['Amount_of_time_spent_reading_books_per_day'] = (df_input['Amount of time spent reading books per day'] < 1).astype(int)
    df_output['Frequency_of_reading_books'] = df_input['Frequency of reading books'].isin(['Rarely', 'Occasionally']).astype(int)
    df_output['Number_of_printed_books_read_last_two_years'] = df_input['Number of printed books you read last two years'].isin(['1-5', float('nan')]).astype(int)
    df_output['Number_of_ebooks_read_last_two_years'] = df_input['Number of e-books you read last two years'].isin(['1-5', float('nan')]).astype(int)
    df_output['Favorite_books_for_leisure_time'] = df_input['Favorite books for reading to spend leisure time'].isin(['Fiction', 'Politics', 'Others']).astype(int)
    df_output['Change_after_reading_books'] = (df_input['What is the change that you fell after reading books'] != 'Increase Academic Performance').astype(int)
    df_output['Department'] = df_input['Department'].isin(['English', 'BBA', 'JMC', 'Textile', 'NFE']).astype(int)
    df_output['How_to_manage_books'] = df_input['How to manage books for reading'].isin(['Borrow', 'Others']).astype(int)
    df_output['Format_used_for_reading_books'] = df_input['The format that you used for reading books'].isin(['Printed', 'E-books']).astype(int)
    return df_output

---DIVIDER---

def extracting_features_1(df_input):
    df_output = pd.DataFrame()
    df_output['Reason_for_reading_books_is_Academic_Purpose'] = (df_input['Reason for reading books'] == 'Academic Purpose').astype(int)
    df_output['Amount_of_time_spent_reading_books_per_day_ge_2'] = (df_input['Amount of time spent reading books per day'] >= 2).astype(int)
    df_output['Frequency_of_reading_books_is_On_everyday_basis'] = (df_input['Frequency of reading books'] == 'On everyday basis').astype(int)
    df_output['Number_of_printed_books_in_range'] = df_input['Number of printed books you read last two years'].isin(['6-10', '11-15', '16-20', 'More than 20']).astype(int)
    df_output['Number_of_ebooks_in_range'] = df_input['Number of e-books you read last two years'].isin(['6-10', '11-15', '16-20', 'More than 20']).astype(int)
    df_output['Change_after_reading_is_Increase_Academic_Performance'] = (df_input['What is the change that you fell after reading books'] == 'Increase Academic Performance').astype(int)
    df_output['Department_in_selected'] = df_input['Department'].isin(['CSE', 'SWE', 'Pharmacy', 'EEE', 'Civil', 'CIS', 'MCT']).astype(int)
    df_output['How_to_manage_books_in_selected'] = df_input['How to manage books for reading'].isin(['Used-all', 'Buy']).astype(int)
    df_output['Format_used_for_reading_is_Both'] = (df_input['The format that you used for reading books'] == 'Both').astype(int)
    df_output['Favorite_books_in_selected'] = df_input['Favorite books for reading to spend leisure time'].isin(['Non-Fiction', 'Biography']).astype(int)
    return df_output

---VERSION---

def extracting_features_0(df_input):
    df_output = pd.DataFrame()
    df_output['Reason_reading_books_condition'] = df_input['Reason for reading books'].isin(['Entertainment Purpose', 'Keep me informative', 'To increase my English vocabulary knowledge']).astype(int)
    df_output['Time_spent_reading_less_than_1'] = (df_input['Amount of time spent reading books per day'] < 1).astype(int)
    df_output['Frequency_reading_condition'] = df_input['Frequency of reading books'].isin(['Once a week', 'Rarely', 'Never']).astype(int)
    df_output['Printed_books_condition'] = df_input['Number of printed books you read last two years'].isin(['1-5', float('nan')]).astype(int)
    df_output['Ebooks_condition'] = df_input['Number of e-books you read last two years'].isin(['1-5', float('nan')]).astype(int)
    df_output['Favorite_books_condition'] = df_input['Favorite books for reading to spend leisure time'].isin(['Fiction', 'Politics']).astype(int)
    df_output['Change_after_reading_condition'] = (df_input['What is the change that you fell after reading books'] != 'Increase Academic Performance').astype(int)
    df_output['Department_and_Reason_condition'] = ((df_input['Department'].isin(['BBA', 'English', 'JMC', 'Others'])) & (df_input['Reason for reading books'] != 'Academic Purpose')).astype(int)
    df_output['Manage_books_and_Frequency_condition'] = ((df_input['How to manage books for reading'] == 'Others') & (df_input['Frequency of reading books'].isin(['Rarely', 'Once a week']))).astype(int)
    df_output['Time_spent_and_Frequency_condition'] = ((df_input['Amount of time spent reading books per day'] <= 0.5) & (df_input['Frequency of reading books'] != 'On everyday basis')).astype(int)
    return df_output

---DIVIDER---

def extracting_features_1(df_input):
    df_output = pd.DataFrame()
    df_output['Reason_Academic_Purpose'] = (df_input['Reason for reading books'] == "Academic Purpose").astype(int)
    df_output['Time_spent_reading_>=1'] = (df_input['Amount of time spent reading books per day'] >= 1).astype(int)
    df_output['Frequency_in_selected'] = df_input['Frequency of reading books'].isin(["On everyday basis", "A few times a week"]).astype(int)
    df_output['Printed_books_in_selected'] = df_input['Number of printed books you read last two years'].isin(["6-10", "11-15", "16-20", "More than 20"]).astype(int)
    df_output['Ebooks_in_selected'] = df_input['Number of e-books you read last two years'].isin(["6-10", "11-15", "16-20", "More than 20"]).astype(int)
    df_output['Change_Increase_Academic_Performance'] = (df_input['What is the change that you fell after reading books'] == "Increase Academic Performance").astype(int)
    df_output['Dept_in_selected_and_Reason_Academic'] = ((df_input['Department'].isin(["CSE", "SWE", "Pharmacy", "EEE", "Civil", "MCT", "CIS"])) & (df_input['Reason for reading books'] == "Academic Purpose")).astype(int)
    df_output['Manage_books_in_selected'] = df_input['How to manage books for reading'].isin(["E-books", "Borrow", "Buy", "Used-all"]).astype(int)
    df_output['Favorite_books_in_selected_and_Reason_Academic'] = ((df_input['Favorite books for reading to spend leisure time'].isin(["Non-Fiction", "Biography"])) & (df_input['Reason for reading books'] == "Academic Purpose")).astype(int)
    df_output['Time_>=1_and_Frequency_On_everyday'] = ((df_input['Amount of time spent reading books per day'] >= 1) & (df_input['Frequency of reading books'] == "On everyday basis")).astype(int)
    return df_output

---VERSION---



---VERSION---



---VERSION---

def extracting_features_0(df_input):
    df_output = pd.DataFrame()
    df_output['Frequency_of_reading_books'] = df_input['Frequency of reading books'].isin(['Less than once a year', 'Once or twice a year']).astype(int)
    df_output['Reason_for_reading_books'] = df_input['Reason for reading books'].isin(['Entertainment Purpose', 'To increase my English vocabulary knowledge']).astype(int)
    df_output['Amount_of_time_spent_reading_books_per_day'] = (df_input['Amount of time spent reading books per day'] <= 0.5).astype(int)
    df_output['Number_of_e_books_read_last_two_years'] = df_input['Number of e-books you read last two years'].isin(['1-5', float('nan')]).astype(int)
    df_output['Number_of_printed_books_read_last_two_years'] = df_input['Number of printed books you read last two years'].isin(['1-5', float('nan')]).astype(int)
    df_output['Favorite_books_for_reading_to_spend_leisure_time'] = df_input['Favorite books for reading to spend leisure time'].isin(['Fiction', 'Biography', 'Others']).astype(int)
    df_output['Where_do_you_read_printed_books'] = df_input['Where do you read printed books'].isin(['Home', 'Others']).astype(int)
    df_output['Department'] = df_input['Department'].isin(['BBA', 'English', 'JMC', 'NFE', 'Others']).astype(int)
    df_output['How_to_manage_books_for_reading'] = df_input['How to manage books for reading'].isin(['E-books', 'Others']).astype(int)
    return df_output

---DIVIDER---

def extracting_features_1(df_input):
    df_output = pd.DataFrame()
    df_output['Reason_Academic_Purpose'] = (df_input['Reason for reading books'] == 'Academic Purpose').astype(int)
    df_output['Frequency_Selected'] = df_input['Frequency of reading books'].isin(['On everyday basis', 'Once a week', 'Once a month']).astype(int)
    df_output['Time_spent_ge_1'] = (df_input['Amount of time spent reading books per day'] >= 1).astype(int)
    df_output['Ebooks_read_selected'] = df_input['Number of e-books you read last two years'].isin(['6-10', '11-15', '16-20', 'More than 20']).astype(int)
    df_output['Printed_books_read_selected'] = df_input['Number of printed books you read last two years'].isin(['6-10', '11-15', '16-20', 'More than 20']).astype(int)
    df_output['Department_selected'] = df_input['Department'].isin(['CSE', 'SWE', 'Pharmacy', 'EEE', 'Civil', 'Textile', 'CIS', 'MCT']).astype(int)
    df_output['Read_location_Library'] = (df_input['Where do you read printed books'] == 'Library').astype(int)
    df_output['Change_felt_selected'] = df_input['What is the change that you fell after reading books'].isin(['Increase Academic Performance', 'Increase Creative Thinking']).astype(int)
    df_output['Influenced_by_Teachers'] = (df_input['Who influenced you to read books'] == 'Teachers').astype(int)
    df_output['Format_used_selected'] = df_input['The format that you used for reading books'].isin(['Printed', 'Both']).astype(int)
    return df_output

---VERSION---



---VERSION---



---VERSION---



---VERSION---



---VERSION---

def extracting_features_0(df_input):
    df_output = pd.DataFrame()
    df_output['Frequency_Less_than_once_a_year'] = (df_input['Frequency of reading books'] == 'Less than once a year').astype(int)
    df_output['Reason_Entertainment_or_Informative'] = df_input['Reason for reading books'].isin(['Entertainment Purpose', 'Keep me informative']).astype(int)
    df_output['Time_spent_reading_less_0_5'] = (df_input['Amount of time spent reading books per day'] < 0.5).astype(int)
    df_output['Ebooks_read_1_5_or_nan'] = df_input['Number of e-books you read last two years'].isin(['1-5', float('nan')]).astype(int)
    df_output['Printed_books_read_1_5_or_nan'] = df_input['Number of printed books you read last two years'].isin(['1-5', float('nan')]).astype(int)
    df_output['Favorite_books_Fiction_Politics_Others'] = df_input['Favorite books for reading to spend leisure time'].isin(['Fiction', 'Politics', 'Others']).astype(int)
    df_output['Where_read_printed_books_Home'] = (df_input['Where do you read printed books'] == 'Home').astype(int)
    df_output['Who_influenced_Friends_or_Family'] = df_input['Who influenced you to read books'].isin(['Friends', 'Family']).astype(int)
    df_output['Department_in_list'] = df_input['Department'].isin(['BBA', 'English', 'JMC', 'Textile', 'Others']).astype(int)
    df_output['Format_used_Ebooks_or_Others'] = df_input['The format that you used for reading books'].isin(['E-books', 'Others']).astype(int)
    return df_output

---DIVIDER---

def extracting_features_1(df_input):
    df_output = pd.DataFrame()
    df_output['Reason_Academic_Purpose'] = (df_input['Reason for reading books'] == 'Academic Purpose').astype(int)
    df_output['Frequency_On_everyday_or_Weekly'] = df_input['Frequency of reading books'].isin(['On everyday basis', 'A few times a week']).astype(int)
    df_output['Time_spent_reading_ge_1'] = (df_input['Amount of time spent reading books per day'] >= 1).astype(int)
    df_output['Ebooks_read_in_range'] = df_input['Number of e-books you read last two years'].isin(['6-10', '11-15', '16-20', 'More than 20']).astype(int)
    df_output['Printed_books_read_in_range'] = df_input['Number of printed books you read last two years'].isin(['6-10', '11-15', '16-20', 'More than 20']).astype(int)
    df_output['Department_in_list'] = df_input['Department'].isin(['CSE', 'SWE', 'Pharmacy', 'EEE', 'Civil', 'CIS', 'MCT']).astype(int)
    df_output['Read_printed_books_in_Library'] = (df_input['Where do you read printed books'] == 'Library').astype(int)
    df_output['Change_after_reading_increase_academic_or_creative'] = df_input['What is the change that you fell after reading books'].isin(['Increase Academic Performance', 'Increase Creative Thinking']).astype(int)
    df_output['Format_used_Both'] = (df_input['The format that you used for reading books'] == 'Both').astype(int)
    df_output['Gender_Male_or_Female'] = df_input['Gender'].isin(['Male', 'Female']).astype(int)
    return df_output