def extracting_features_0(df_input):
    df_output = pd.DataFrame()
    df_output['Primary_Type_in_list'] = df_input['Primary Type'].isin(['THEFT', 'NARCOTICS', 'OTHER OFFENSE']).astype(int)
    df_output['Description_in_list'] = df_input['Description'].isin(['$500 AND UNDER', 'RETAIL THEFT']).astype(int)
    df_output['Location_Description_in_list'] = df_input['Location Description'].isin(['SMALL RETAIL STORE', 'RESIDENCE', 'APARTMENT']).astype(int)
    df_output['Domestic_is_0'] = (df_input['Domestic'] == 0).astype(int)
    df_output['FBI_Code_in_list'] = df_input['FBI Code'].isin(['06', '18']).astype(int)
    df_output['Primary_Type_THEFT_and_Description_RETAIL_THEFT'] = ((df_input['Primary Type'] == 'THEFT') & (df_input['Description'] == 'RETAIL THEFT')).astype(int)
    df_output['Beat_in_range_and_Primary_Type_THEFT'] = ((df_input['Beat'] >= 1400) & (df_input['Beat'] <= 1500) & (df_input['Primary Type'] == 'THEFT')).astype(int)
    df_output['Community_Area_in_range_and_Primary_Type_THEFT'] = ((df_input['Community Area'] >= 10) & (df_input['Community Area'] <= 30) & (df_input['Primary Type'] == 'THEFT')).astype(int)
    df_input['Date_parsed'] = pd.to_datetime(df_input['Date'], format='%m/%d/%Y %I:%M:%S %p', errors='coerce')
    df_output['Date_evening_and_Primary_Type_THEFT'] = ((df_input['Date_parsed'].dt.hour >= 18) & (df_input['Date_parsed'].dt.hour <= 23) & (df_input['Primary Type'] == 'THEFT')).astype(int)
    df_output['Ward_in_range_and_Primary_Type_THEFT'] = ((df_input['Ward'] >= 30) & (df_input['Ward'] <= 40) & (df_input['Primary Type'] == 'THEFT')).astype(int)
    df_output = df_output.drop(columns=[])
    return df_output

---DIVIDER---

def extracting_features_1(df_input):
    df_output = pd.DataFrame()
    df_output['Primary_Type_in_list'] = df_input['Primary Type'].isin(['BATTERY', 'ASSAULT', 'CRIM SEXUAL ASSAULT', 'ROBBERY']).astype(int)
    df_output['Description_in_list'] = df_input['Description'].isin(['SIMPLE', 'AGGRAVATED P.O. - HANDS, FISTS, FEET, SERIOUS INJURY']).astype(int)
    df_output['Domestic_is_1'] = (df_input['Domestic'] == 1).astype(int)
    df_output['Location_Description_in_list'] = df_input['Location Description'].isin(['DEPARTMENT STORE', 'STREET', 'CTA BUS STOP']).astype(int)
    df_output['FBI_Code_in_list'] = df_input['FBI Code'].isin(['08B', '03', '04']).astype(int)
    df_output['Primary_BATTERY_and_Description_SIMPLE'] = ((df_input['Primary Type'] == 'BATTERY') & (df_input['Description'] == 'SIMPLE')).astype(int)
    df_output['Beat_in_range_and_Primary_BATTERY'] = ((df_input['Beat'] >= 1800) & (df_input['Beat'] <= 1900) & (df_input['Primary Type'] == 'BATTERY')).astype(int)
    df_output['Community_Area_in_range_and_Primary_BATTERY_or_ASSAULT'] = ((df_input['Community Area'] >= 5) & (df_input['Community Area'] <= 15) & (df_input['Primary Type'].isin(['BATTERY', 'ASSAULT']))).astype(int)
    df_input['Date_parsed'] = pd.to_datetime(df_input['Date'], format='%m/%d/%Y %I:%M:%S %p', errors='coerce')
    df_output['Date_early_morning_and_Primary_BATTERY_or_ASSAULT'] = ((df_input['Date_parsed'].dt.hour >= 0) & (df_input['Date_parsed'].dt.hour < 5) & (df_input['Primary Type'].isin(['BATTERY', 'ASSAULT']))).astype(int)
    df_output['Ward_in_range_and_Primary_BATTERY_or_ROBBERY'] = ((df_input['Ward'] >= 1) & (df_input['Ward'] <= 10) & (df_input['Primary Type'].isin(['BATTERY', 'ROBBERY']))).astype(int)
    df_output.drop(columns=['Date_parsed'], inplace=True, errors='ignore')
    return df_output

---VERSION---

def extracting_features_0(df_input):
    df_output = pd.DataFrame()
    df_output['Primary Type'] = df_input['Primary Type'].isin(['THEFT', 'BURGLARY', 'NARCOTICS']).astype(int)
    df_output['Description'] = df_input['Description'].isin(['$500 AND UNDER', 'RETAIL THEFT', 'SIMPLE THEFT']).astype(int)
    df_output['Location Description'] = df_input['Location Description'].isin(['SMALL RETAIL STORE', 'GAS STATION', 'CTA BUS STOP']).astype(int)
    df_output['Domestic'] = (df_input['Domestic'] == 0).astype(int)
    df_output['FBI Code'] = df_input['FBI Code'].isin(['06', '23']).astype(int)
    df_output['Beat'] = ((df_input['Beat'] >= 1400) & (df_input['Beat'] <= 1500)).astype(int)
    df_output['District'] = ((df_input['District'] >= 14) & (df_input['District'] <= 15)).astype(int)
    df_output['Ward'] = ((df_input['Ward'] >= 20) & (df_input['Ward'] <= 35)).astype(int)
    df_output['X Coordinate'] = ((df_input['X Coordinate'] >= 1150000.0) & (df_input['X Coordinate'] <= 1170000.0)).astype(int)
    df_output['Y Coordinate'] = ((df_input['Y Coordinate'] >= 1900000.0) & (df_input['Y Coordinate'] <= 1930000.0)).astype(int)
    return df_output

---DIVIDER---

def extracting_features_1(df_input):
    df_output = pd.DataFrame()
    df_output['Primary Type'] = df_input['Primary Type'].isin(['BATTERY', 'ASSAULT', 'ROBBERY']).astype(int)
    df_output['Description'] = df_input['Description'].isin(['SIMPLE', 'AGGRAVATED P.O. - HANDS, FISTS, FEET, SERIOUS INJURY']).astype(int)
    df_output['Location Description'] = df_input['Location Description'].isin(['DEPARTMENT STORE', 'STREET', 'RESIDENCE']).astype(int)
    df_output['Domestic'] = (df_input['Domestic'] == 1).astype(int)
    df_output['FBI Code'] = df_input['FBI Code'].isin(['08B', '04', '03']).astype(int)
    df_output['Beat'] = ((df_input['Beat'] >= 1700) & (df_input['Beat'] <= 1900)).astype(int)
    df_output['District'] = ((df_input['District'] >= 17) & (df_input['District'] <= 19)).astype(int)
    df_output['Ward'] = ((df_input['Ward'] >= 30) & (df_input['Ward'] <= 45)).astype(int)
    df_output['X Coordinate'] = ((df_input['X Coordinate'] >= 1160000.0) & (df_input['X Coordinate'] <= 1180000.0)).astype(int)
    df_output['Y Coordinate'] = ((df_input['Y Coordinate'] >= 1900000.0) & (df_input['Y Coordinate'] <= 1920000.0)).astype(int)
    return df_output

---VERSION---

def extracting_features_0(df_input):  
    df_output = pd.DataFrame()  
    df_output['Primary_Type_in_list'] = df_input['Primary Type'].isin(['THEFT', 'BURGLARY', 'MOTOR VEHICLE THEFT']).astype(int)  
    df_output['Description_in_list'] = df_input['Description'].isin(['$500 AND UNDER', 'RETAIL THEFT']).astype(int)  
    df_output['Location_Description_in_list'] = df_input['Location Description'].isin(['SMALL RETAIL STORE', 'RESIDENCE', 'APARTMENT']).astype(int)  
    df_output['Domestic_is_0'] = (df_input['Domestic'] == 0).astype(int)  
    df_output['FBI_Code_in_list'] = df_input['FBI Code'].isin(['06', '07']).astype(int)  
    df_output['Beat_in_range_and_Primary_Type_THEFT'] = ((df_input['Beat'] >= 1400) & (df_input['Beat'] <= 1500) & (df_input['Primary Type'] == 'THEFT')).astype(int)  
    df_output['Ward_in_range_and_Description_RETAIL_THEFT'] = ((df_input['Ward'] >= 20) & (df_input['Ward'] <= 40) & (df_input['Description'] == 'RETAIL THEFT')).astype(int)  
    date_parsed = pd.to_datetime(df_input['Date'], format='%m/%d/%Y %I:%M:%S %p', errors='coerce')  
    start_date = pd.to_datetime('01/01/2025 06:00:00 AM', format='%m/%d/%Y %I:%M:%S %p')  
    end_date = pd.to_datetime('01/31/2025 06:00:00 PM', format='%m/%d/%Y %I:%M:%S %p')  
    df_output['Date_in_range_and_Primary_Type_THEFT'] = ((date_parsed >= start_date) & (date_parsed <= end_date) & (df_input['Primary Type'] == 'THEFT')).astype(int)  
    df_output['X_Coordinate_in_range_and_Description_500_AND_UNDER'] = ((df_input['X Coordinate'] >= 1150000) & (df_input['X Coordinate'] <= 1170000) & (df_input['Description'] == '$500 AND UNDER')).astype(int)  
    df_output['Community_Area_in_range_and_Primary_Type_THEFT'] = ((df_input['Community Area'] >= 10) & (df_input['Community Area'] <= 30) & (df_input['Primary Type'] == 'THEFT')).astype(int)  
    return df_output

---DIVIDER---

def extracting_features_1(df_input):
    df_output = pd.DataFrame()
    df_output['Primary_Type_in_list'] = df_input['Primary Type'].isin(['BATTERY', 'ASSAULT', 'CRIMINAL DAMAGE']).astype(int)
    df_output['Description_in_list'] = df_input['Description'].isin(['SIMPLE', 'AGGRAVATED P.O. - HANDS, FISTS, FEET, SERIOUS INJURY']).astype(int)
    df_output['Location_Description_in_list'] = df_input['Location Description'].isin(['DEPARTMENT STORE', 'STREET', 'PARKING LOT']).astype(int)
    df_output['Domestic_is_1'] = (df_input['Domestic'] == 1).astype(int)
    df_output['FBI_Code_in_list'] = df_input['FBI Code'].isin(['08B', '04']).astype(int)
    df_output['Beat_in_range_and_Primary_Type_BATTERY'] = (((df_input['Beat'] >= 1800) & (df_input['Beat'] <= 1900)) & (df_input['Primary Type'] == 'BATTERY')).astype(int)
    df_output['Ward_in_range_and_Description_SIMPLE'] = (((df_input['Ward'] >= 1) & (df_input['Ward'] <= 10)) & (df_input['Description'] == 'SIMPLE')).astype(int)
    df_output['Date_in_range_and_Primary_Type_BATTERY'] = (pd.to_datetime(df_input['Date'], format='%m/%d/%Y %I:%M:%S %p', errors='coerce').between(pd.to_datetime('01/01/2025 12:00:00 AM', format='%m/%d/%Y %I:%M:%S %p'), pd.to_datetime('01/31/2025 11:59:59 PM', format='%m/%d/%Y %I:%M:%S %p')) & (df_input['Primary Type'] == 'BATTERY')).astype(int)
    df_output['X_Coordinate_in_range_and_Location_Description_DEPARTMENT_STORE'] = (((df_input['X Coordinate'] >= 1170000) & (df_input['X Coordinate'] <= 1180000)) & (df_input['Location Description'] == 'DEPARTMENT STORE')).astype(int)
    df_output['Community_Area_in_range_and_Primary_Type_BATTERY'] = (((df_input['Community Area'] >= 1) & (df_input['Community Area'] <= 15)) & (df_input['Primary Type'] == 'BATTERY')).astype(int)
    return df_output

---VERSION---

def extracting_features_0(df_input):
    df_output = pd.DataFrame()
    df_output['Primary Type'] = df_input['Primary Type'].isin(['THEFT', 'BURGLARY', 'MOTOR VEHICLE THEFT']).astype(int)
    df_output['Description'] = df_input['Description'].isin(['RETAIL THEFT', '$500 AND UNDER', 'OVER $500']).astype(int)
    df_output['Location Description'] = df_input['Location Description'].isin(['SMALL RETAIL STORE', 'RESIDENCE', 'APARTMENT']).astype(int)
    df_output['Domestic'] = (df_input['Domestic'] == 0).astype(int)
    df_output['FBI Code'] = df_input['FBI Code'].isin(['06', '07']).astype(int)
    df_output['Year'] = (df_input['Year'] == 2025).astype(int)
    df_output['Beat'] = ((df_input['Beat'] >= 1400) & (df_input['Beat'] <= 1800)).astype(int)
    df_output['Ward'] = ((df_input['Ward'] >= 20) & (df_input['Ward'] <= 40)).astype(int)
    df_output['Latitude'] = ((df_input['Latitude'] >= 41.9) & (df_input['Latitude'] <= 41.97)).astype(int)
    df_output['Longitude'] = ((df_input['Longitude'] >= -87.72) & (df_input['Longitude'] <= -87.63)).astype(int)
    return df_output

---DIVIDER---

def extracting_features_1(df_input):
    df_output = pd.DataFrame()
    df_output['Primary_Type_in_list'] = df_input['Primary Type'].isin(['BATTERY', 'ASSAULT', 'CRIM SEXUAL ASSAULT', 'ROBBERY']).astype(int)
    df_output['Description_in_list'] = df_input['Description'].isin(['SIMPLE', 'AGGRAVATED P.O. - HANDS, FISTS, FEET, SERIOUS INJURY']).astype(int)
    df_output['Location_Description_in_list'] = df_input['Location Description'].isin(['DEPARTMENT STORE', 'STREET', 'CTA BUS STOP']).astype(int)
    df_output['Domestic_is_1'] = (df_input['Domestic'] == 1).astype(int)
    df_output['FBI_Code_in_list'] = df_input['FBI Code'].isin(['08B', '03', '04']).astype(int)
    df_output['Year_is_2025'] = (df_input['Year'] == 2025).astype(int)
    df_output['Beat_in_range'] = ((df_input['Beat'] >= 1800) & (df_input['Beat'] <= 1900)).astype(int)
    df_output['Ward_in_range'] = ((df_input['Ward'] >= 1) & (df_input['Ward'] <= 20)).astype(int)
    df_output['Latitude_in_range'] = ((df_input['Latitude'] >= 41.88) & (df_input['Latitude'] <= 41.91)).astype(int)
    df_output['Longitude_in_range'] = ((df_input['Longitude'] >= -87.69) & (df_input['Longitude'] <= -87.62)).astype(int)
    return df_output

---VERSION---

def extracting_features_0(df_input):
    df_output = pd.DataFrame()
    df_output['Primary Type'] = df_input['Primary Type'].isin(['THEFT', 'NARCOTICS', 'LIQUOR LAW VIOLATION']).astype(int)
    df_output['Description'] = df_input['Description'].isin(['RETAIL THEFT', '$500 AND UNDER', 'SIMPLE']).astype(int)
    df_output['Domestic'] = (df_input['Domestic'] == 0).astype(int)
    df_output['Location Description'] = df_input['Location Description'].isin(['SMALL RETAIL STORE', 'APARTMENT', 'RESIDENCE']).astype(int)
    df_output['FBI Code'] = df_input['FBI Code'].isin(['06', '18']).astype(int)
    df_output['Beat'] = ((df_input['Beat'] >= 1400) & (df_input['Beat'] <= 1500)).astype(int)
    df_output['District'] = ((df_input['District'] >= 14) & (df_input['District'] <= 15)).astype(int)
    df_output['Ward'] = ((df_input['Ward'] >= 30) & (df_input['Ward'] <= 35)).astype(int)
    df_output['Community Area'] = ((df_input['Community Area'] >= 10) & (df_input['Community Area'] <= 25)).astype(int)
    date_parsed = pd.to_datetime(df_input['Date'], format='%m/%d/%Y %I:%M:%S %p', errors='coerce')
    start_date = pd.to_datetime('01/01/2025 12:00:00 AM', format='%m/%d/%Y %I:%M:%S %p')
    end_date = pd.to_datetime('01/20/2025 11:59:59 PM', format='%m/%d/%Y %I:%M:%S %p')
    df_output['Date'] = ((date_parsed >= start_date) & (date_parsed <= end_date)).astype(int)
    return df_output

---DIVIDER---

def extracting_features_1(df_input):  
    df_output = pd.DataFrame()  
    df_output['Primary Type'] = df_input['Primary Type'].isin(['BATTERY', 'ASSAULT', 'CRIM SEXUAL ASSAULT']).astype(int)  
    df_output['Description'] = df_input['Description'].isin(['AGGRAVATED P.O. - HANDS, FISTS, FEET, SERIOUS INJURY']).astype(int)  
    df_output['Location Description'] = df_input['Location Description'].isin(['NURSING / RETIREMENT HOME', 'STREET', 'CTA BUS STOP']).astype(int)  
    df_output['Domestic'] = (df_input['Domestic'] == 1).astype(int)  
    df_output['Beat'] = (df_input['Beat'] > 200).astype(int)  
    df_output['District'] = (df_input['District'] < 10).astype(int)  
    df_output['Ward'] = (df_input['Ward'] == 25).astype(int)  
    df_output['Community Area'] = (df_input['Community Area'] == 32).astype(int)  
    df_output['FBI Code'] = df_input['FBI Code'].isin(['08B', '06', '22']).astype(int)  
    df_output['X Coordinate'] = (df_input['X Coordinate'] > 1000000).astype(int)  
    df_output['Y Coordinate'] = (df_input['Y Coordinate'] > 2000000).astype(int)  
    df_output['Year'] = (df_input['Year'] == 2025).astype(int)  
    df_output['Latitude'] = (df_input['Latitude'] > 41.8).astype(int)  
    df_output['Longitude'] = (df_input['Longitude'] < -87.6).astype(int)  
    return df_output