

---VERSION---

def extracting_features_0(df_input):
    df_output = pd.DataFrame()
    df_output['Reason_for_reading_books'] = df_input['Reason for reading books'].isin(['Entertainment Purpose', 'To increase my English vocabulary knowledge']).astype(int)
    df_output['Amount_of_time_spent_reading_books_per_day'] = (df_input['Amount of time spent reading books per day'] < 1).astype(int)
    df_output['Frequency_of_reading_books'] = df_input['Frequency of reading books'].isin(['A few times a month', 'Rarely', 'Never']).astype(int)
    df_output['Favorite_books_for_reading_to_spend_leisure_time'] = df_input['Favorite books for reading to spend leisure time'].isin(['Fiction', 'Others']).astype(int)
    df_output['Number_of_e_books_you_read_last_two_years'] = df_input['Number of e-books you read last two years'].isin(['1-5', float('nan')]).astype(int)
    df_output['Number_of_printed_books_you_read_last_two_years'] = df_input['Number of printed books you read last two years'].isin(['1-5', float('nan')]).astype(int)
    df_output['Department'] = df_input['Department'].isin(['BBA', 'English', 'JMC', 'Textile', 'NFE']).astype(int)
    df_output['What_is_the_change_that_you_felt_after_reading_books'] = (df_input['What is the change that you fell after reading books'] != 'Increase Academic Performance').astype(int)
    df_output['How_to_manage_books_for_reading'] = df_input['How to manage books for reading'].isin(['Others', 'Borrow']).astype(int)
    df_output['The_format_that_you_used_for_reading_books'] = df_input['The format that you used for reading books'].isin(['E-books', 'Others']).astype(int)
    return df_output

---DIVIDER---

def extracting_features_1(df_input):
    df_output = pd.DataFrame()
    df_output['Reason_for_reading_books_is_Academic_Purpose'] = (df_input['Reason for reading books'] == 'Academic Purpose').astype(int)
    df_output['Amount_of_time_spent_reading_books_per_day_ge_1'] = (df_input['Amount of time spent reading books per day'] >= 1).astype(int)
    df_output['Frequency_of_reading_books_in_daily_or_few_times_week'] = df_input['Frequency of reading books'].isin(['On everyday basis', 'A few times a week']).astype(int)
    df_output['Number_of_e_books_read_last_two_years_in_range'] = df_input['Number of e-books you read last two years'].isin(['6-10', '11-15', '16-20', 'More than 20']).astype(int)
    df_output['Number_of_printed_books_read_last_two_years_in_range'] = df_input['Number of printed books you read last two years'].isin(['6-10', '11-15', '16-20', 'More than 20']).astype(int)
    df_output['Department_in_selected'] = df_input['Department'].isin(['CSE', 'SWE', 'Pharmacy', 'EEE', 'Civil', 'CIS', 'MCT']).astype(int)
    df_output['Change_after_reading_is_Increase_Academic_Performance'] = (df_input['What is the change that you fell after reading books'] == 'Increase Academic Performance').astype(int)
    df_output['How_to_manage_books_in_Buy_Used_all'] = df_input['How to manage books for reading'].isin(['Buy', 'Used-all']).astype(int)
    df_output['Format_used_for_reading_is_Both'] = (df_input['The format that you used for reading books'] == 'Both').astype(int)
    df_output['Who_influenced_you_in_Self_Decision_Academic_Mentor'] = df_input['Who influenced you to read books'].isin(['Self-Decision', 'Academic Mentor']).astype(int)
    return df_output

---VERSION---



---VERSION---

def extracting_features_0(df_input):
    df_output = pd.DataFrame()
    df_output['Reason_for_reading_books'] = df_input['Reason for reading books'].isin(['Entertainment Purpose', 'Keep me informative', 'To increase my English vocabulary knowledge']).astype(int)
    df_output['Amount_of_time_spent_reading_books_per_day'] = (df_input['Amount of time spent reading books per day'] < 1).astype(int)
    df_output['Frequency_of_reading_books'] = df_input['Frequency of reading books'].isin(['Rarely', 'Once a week']).astype(int)
    df_output['Favorite_books_for_reading_to_spend_leisure_time'] = df_input['Favorite books for reading to spend leisure time'].isin(['Fiction', 'Biography', 'Politics', 'Others']).astype(int)
    df_output['Number_of_e_books_you_read_last_two_years'] = df_input['Number of e-books you read last two years'].isin(['1-5', float('nan')]).astype(int)
    df_output['Number_of_printed_books_you_read_last_two_years'] = df_input['Number of printed books you read last two years'].isin(['1-5', float('nan')]).astype(int)
    df_output['What_is_the_change_that_you_felt_after_reading_books'] = (df_input['What is the change that you fell after reading books'] != 'Increase Academic Performance').astype(int)
    df_output['Department'] = df_input['Department'].isin(['BBA', 'Textile', 'Civil', 'JMC', 'Others']).astype(int)
    df_output['How_to_manage_books_for_reading'] = df_input['How to manage books for reading'].isin(['Borrow', 'Others']).astype(int)
    df_output['Do_you_read_Newspaper'] = (df_input['Do you read Newspaper'] == 'Yes').astype(int)
    return df_output

---DIVIDER---

def extracting_features_1(df_input):
    df_output = pd.DataFrame()
    df_output['Reason_Academic_Purpose'] = (df_input['Reason for reading books'] == 'Academic Purpose').astype(int)
    df_output['Time_spent_reading_>=1'] = (df_input['Amount of time spent reading books per day'] >= 1).astype(int)
    df_output['Frequency_reading_books'] = df_input['Frequency of reading books'].isin(['A few times a week', 'On everyday basis']).astype(int)
    df_output['Ebooks_read_last_2_years'] = df_input['Number of e-books you read last two years'].isin(['6-10', '11-15', '16-20', 'More than 20']).astype(int)
    df_output['Printed_books_read_last_2_years'] = df_input['Number of printed books you read last two years'].isin(['6-10', '11-15', '16-20', 'More than 20']).astype(int)
    df_output['Change_after_reading'] = (df_input['What is the change that you fell after reading books'] == 'Increase Academic Performance').astype(int)
    df_output['Department_selected'] = df_input['Department'].isin(['English', 'CSE', 'SWE', 'Pharmacy', 'EEE', 'CIS', 'NFE', 'MCT']).astype(int)
    df_output['Influenced_by_Teachers'] = (df_input['Who influenced you to read books'] == 'Teachers').astype(int)
    df_output['Format_used'] = df_input['The format that you used for reading books'].isin(['Printed', 'E-books', 'Both']).astype(int)
    df_output['Gender_valid'] = df_input['Gender'].isin(['Male', 'Female']).astype(int)
    return df_output

---VERSION---

def extracting_features_0(df_input):
    df_output = pd.DataFrame()
    df_output['Reason_for_reading_books'] = df_input['Reason for reading books'].isin(['Entertainment Purpose', 'To increase my English vocabulary knowledge']).astype(int)
    df_output['Amount_of_time_spent_reading_books_per_day'] = (df_input['Amount of time spent reading books per day'] < 1).astype(int)
    df_output['Frequency_of_reading_books'] = df_input['Frequency of reading books'].isin(['A few times a week', 'A few times a month', 'Rarely']).astype(int)
    df_output['Department'] = df_input['Department'].isin(['BBA', 'English', 'JMC', 'Others']).astype(int)
    df_output['Number_of_printed_books_read_last_two_years'] = df_input['Number of printed books you read last two years'].isin(['1-5', float('nan')]).astype(int)
    df_output['Number_of_ebooks_read_last_two_years'] = df_input['Number of e-books you read last two years'].isin(['1-5', float('nan')]).astype(int)
    df_output['Favorite_books_for_leisure'] = df_input['Favorite books for reading to spend leisure time'].isin(['Fiction', 'Biography', 'Politics']).astype(int)
    df_output['Change_felt_after_reading_books'] = (~df_input['What is the change that you fell after reading books'].isin(['Increase Academic Performance', 'Increase Problem Solving Skill'])).astype(int)
    df_output['How_to_manage_books_for_reading'] = df_input['How to manage books for reading'].isin(['Others', 'Used-all']).astype(int)
    df_output['Do_you_read_Newspaper'] = (df_input['Do you read Newspaper'] == 'No').astype(int)
    return df_output

---DIVIDER---

def extracting_features_1(df_input):
    df_output = pd.DataFrame()
    df_output['Reason_Academic_Purpose'] = (df_input['Reason for reading books'] == 'Academic Purpose').astype(int)
    df_output['Time_spent_reading_2_or_more'] = (df_input['Amount of time spent reading books per day'] >= 2).astype(int)
    df_output['Frequency_reading_books'] = df_input['Frequency of reading books'].isin(['On everyday basis', 'Almost every day']).astype(int)
    df_output['Department_selected'] = df_input['Department'].isin(['CSE', 'SWE', 'Pharmacy', 'EEE', 'Civil', 'CIS', 'MCT', 'Textile']).astype(int)
    df_output['Printed_books_read'] = df_input['Number of printed books you read last two years'].isin(['More than 20', '16-20', '11-15']).astype(int)
    df_output['E_books_read'] = df_input['Number of e-books you read last two years'].isin(['More than 20', '16-20', '11-15', '6-10']).astype(int)
    df_output['Change_felt'] = df_input['What is the change that you fell after reading books'].isin(['Increase Academic Performance', 'Increase Problem Solving Skill']).astype(int)
    df_output['Manage_books'] = df_input['How to manage books for reading'].isin(['Buy', 'Borrow', 'E-books']).astype(int)
    df_output['Influenced_by'] = df_input['Who influenced you to read books'].isin(['Self-Decision', 'Teachers', 'Parents']).astype(int)
    df_output['Format_used'] = df_input['The format that you used for reading books'].isin(['Printed', 'E-books']).astype(int)
    return df_output

---VERSION---



---VERSION---



---VERSION---



---VERSION---



---VERSION---

