def extracting_features_0(df_input):
    df_output = pd.DataFrame()
    df_output['The_reason_of_the_call_Complaints'] = (df_input['The_reason_of_the_call'] == 'Complaints').astype(int)
    df_output['Call_center_employee_communication_skills_evaluation_le_3'] = (df_input['Call_center_employee_communication_skills_evaluation'] <= 3.0).astype(int)
    df_output['Satisfaction_with_the_doctors_response_lt_3'] = (df_input['Satisfaction_with_the_doctors_response'] < 3.0).astype(int)
    df_output['Call_151_Yes'] = (df_input['Call_151'] == 'Yes').astype(int)
    df_output['Aware_151_Yes'] = (df_input['Aware_151'] == 'Yes').astype(int)
    df_output['How_often_do_you_receive_call_center_news_lt_3'] = (df_input['How_often_do_you_receive_call_center_news'] < 3.0).astype(int)
    df_output['Age_in_selected'] = df_input['Age'].isin(['18-24', '50-59', '60 and above']).astype(int)
    df_output['Education_Doctor_Bachelor_low_satisfaction'] = ((df_input['Education'].isin(['Doctor', 'Bachelor'])) & (df_input['Satisfaction_with_the_doctors_response'] < 3.0)).astype(int)
    df_output['Nationality_Kuwaiti_Complaints'] = ((df_input['Nationality'] == 'Kuwaiti') & (df_input['The_reason_of_the_call'] == 'Complaints')).astype(int)
    df_output['Governorate_in_selected'] = df_input['Governorate'].isin(['Around', 'Mubarak AlKabir']).astype(int)
    return df_output

---DIVIDER---

def extracting_features_1(df_input):
    df_output = pd.DataFrame()
    df_output['The_reason_of_the_call_condition'] = ((df_input['The_reason_of_the_call'].isin(['Complaints', 'Inquiries', 'Medical_Consultation'])) & 
                                                     (df_input['Satisfaction_with_the_doctors_response'] >= 3.0)).astype(int)
    df_output['Call_center_employee_communication_skills_evaluation_condition'] = (df_input['Call_center_employee_communication_skills_evaluation'] >= 3.0).astype(int)
    df_output['Satisfaction_with_the_doctors_response_condition'] = (df_input['Satisfaction_with_the_doctors_response'] >= 3.0).astype(int)
    df_output['Call_151_condition'] = (df_input['Call_151'] == 'No').astype(int)
    df_output['Aware_151_condition'] = (df_input['Aware_151'] == 'No').astype(int)
    df_output['How_often_do_you_receive_call_center_news_condition'] = (df_input['How_often_do_you_receive_call_center_news'] >= 2.0).astype(int)
    df_output['Age_condition'] = df_input['Age'].isin(['18-24', '30-39']).astype(int)
    df_output['Education_condition'] = ((df_input['Education'].isin(['High school', 'Diploma', 'Bachelor'])) & 
                                       (df_input['Satisfaction_with_the_doctors_response'] >= 3.0)).astype(int)
    df_output['Nationality_condition'] = df_input['Nationality'].isin(['Other nationality', 'Unspecified']).astype(int)
    df_output['Governorate_condition'] = df_input['Governorate'].isin(['Farwaniya', 'Capital', 'AlAhmadi', 'Jahra']).astype(int)
    return df_output

---VERSION---

def extracting_features_0(df_input):
    df_output = pd.DataFrame()
    df_output['Call_center_employee_communication_skills_evaluation_le_3'] = (df_input['Call_center_employee_communication_skills_evaluation'] <= 3.0).astype(int)
    df_output['Satisfaction_with_the_doctors_response_le_3'] = (df_input['Satisfaction_with_the_doctors_response'] <= 3.0).astype(int)
    df_output['The_reason_of_the_call_in_list'] = df_input['The_reason_of_the_call'].isin(['Complaints', 'Inquiries_COVID19', 'Inquiries']).astype(int)
    df_output['Call_151_Yes'] = (df_input['Call_151'] == 'Yes').astype(int)
    df_output['Aware_151_Yes'] = (df_input['Aware_151'] == 'Yes').astype(int)
    df_output['Age_in_list'] = df_input['Age'].isin(['18-24', '30-39']).astype(int)
    df_output['Education_in_list'] = df_input['Education'].isin(['High school', 'Bachelor']).astype(int)
    df_output['Nationality_Kuwaiti'] = (df_input['Nationality'] == 'Kuwaiti').astype(int)
    df_output['How_often_do_you_receive_call_center_news_le_2_7'] = (df_input['How_often_do_you_receive_call_center_news'] <= 2.7).astype(int)
    df_output['Governorate_in_list'] = df_input['Governorate'].isin(['Farwaniya', 'Jahra', 'Mubarak AlKabir']).astype(int)
    return df_output

---DIVIDER---

def extracting_features_1(df_input):
    df_output = pd.DataFrame()
    df_output['Call_center_employee_communication_skills_evaluation'] = (df_input['Call_center_employee_communication_skills_evaluation'] >= 3.0).astype(int)
    df_output['Satisfaction_with_the_doctors_response'] = (df_input['Satisfaction_with_the_doctors_response'] >= 3.0).astype(int)
    df_output['The_reason_of_the_call'] = ((df_input['The_reason_of_the_call'].isin(['Medical_Consultation', 'Complaints'])) & (df_output['Satisfaction_with_the_doctors_response'] == 1)).astype(int)
    df_output['Call_151'] = (df_input['Call_151'] == 'No').astype(int)
    df_output['Aware_151'] = (df_input['Aware_151'] == 'No').astype(int)
    df_output['Age'] = (df_input['Age'].isin(['18-24', '30-39', '40-49'])).astype(int)
    df_output['Education'] = (df_input['Education'].isin(['Bachelor', 'Diploma', 'High school'])).astype(int)
    df_output['Nationality'] = (df_input['Nationality'].isin(['Kuwaiti', 'Other nationality', 'Unspecified'])).astype(int)
    df_output['How_often_do_you_receive_call_center_news'] = (df_input['How_often_do_you_receive_call_center_news'] >= 2.0).astype(int)
    df_output['Governorate'] = (df_input['Governorate'].isin(['AlAhmadi', 'Capital', 'Jahra'])).astype(int)
    return df_output

---VERSION---

def extracting_features_0(df_input):
    df_output = pd.DataFrame()
    df_output['The_reason_of_the_call_Complaints'] = (df_input['The_reason_of_the_call'] == 'Complaints').astype(int)
    df_output['Call_center_employee_communication_skills_evaluation_le_3'] = (df_input['Call_center_employee_communication_skills_evaluation'] <= 3.0).astype(int)
    df_output['Satisfaction_with_the_doctors_response_le_3'] = (df_input['Satisfaction_with_the_doctors_response'] <= 3.0).astype(int)
    df_output['How_often_do_you_receive_call_center_news_lt_2_5'] = (df_input['How_often_do_you_receive_call_center_news'] < 2.5).astype(int)
    df_output['Call_151_Yes'] = (df_input['Call_151'] == 'Yes').astype(int)
    df_output['Aware_151_Yes'] = (df_input['Aware_151'] == 'Yes').astype(int)
    df_output['Age_in_30_39_40_49_50_59'] = df_input['Age'].isin(['30-39', '40-49', '50-59']).astype(int)
    df_output['Education_in_Bachelor_Master_Doctor'] = df_input['Education'].isin(['Bachelor', 'Master', 'Doctor']).astype(int)
    df_output['Nationality_Kuwaiti'] = (df_input['Nationality'] == 'Kuwaiti').astype(int)
    df_output['Marital_Status_Married'] = (df_input['Marital_Status'] == 'Married').astype(int)
    return df_output

---DIVIDER---

def extracting_features_1(df_input):
    df_output = pd.DataFrame()
    df_output['The_reason_of_the_call'] = df_input['The_reason_of_the_call'].isin(['Complaints', 'Medical_Consultation', 'Inquiries', 'Inquiries_COVID19']).astype(int)
    df_output['Call_center_employee_communication_skills_evaluation'] = (df_input['Call_center_employee_communication_skills_evaluation'] >= 3.0).astype(int)
    df_output['Satisfaction_with_the_doctors_response'] = (df_input['Satisfaction_with_the_doctors_response'] >= 3.0).astype(int)
    df_output['How_often_do_you_receive_call_center_news'] = (df_input['How_often_do_you_receive_call_center_news'] >= 2.0).astype(int)
    df_output['Call_151'] = df_input['Call_151'].isin(['No']).astype(int)
    df_output['Aware_151'] = df_input['Aware_151'].isin(['No']).astype(int)
    df_output['Age'] = df_input['Age'].isin(['18-24', 'Under 18']).astype(int)
    df_output['Education'] = df_input['Education'].isin(['High school', 'Diploma']).astype(int)
    df_output['Nationality'] = df_input['Nationality'].isin(['Other nationality', 'Unspecified']).astype(int)
    df_output['Marital_Status'] = df_input['Marital_Status'].isin(['Single', 'Widow', 'Widower']).astype(int)
    return df_output

---VERSION---

def extracting_features_0(df_input):
    df_output = pd.DataFrame()
    df_output['The_reason_of_the_call_Complaints'] = (df_input['The_reason_of_the_call'] == 'Complaints').astype(int)
    df_output['Call_center_employee_communication_skills_evaluation_lt_3'] = (df_input['Call_center_employee_communication_skills_evaluation'] < 3.0).astype(int)
    df_output['Satisfaction_with_the_doctors_response_lt_3'] = (df_input['Satisfaction_with_the_doctors_response'] < 3.0).astype(int)
    df_output['Call_151_Yes'] = (df_input['Call_151'] == 'Yes').astype(int)
    df_output['Aware_151_Yes'] = (df_input['Aware_151'] == 'Yes').astype(int)
    df_output['How_often_do_you_receive_call_center_news_lt_3'] = (df_input['How_often_do_you_receive_call_center_news'] < 3.0).astype(int)
    low_satisfaction = df_input['Satisfaction_with_the_doctors_response'] < 3.0
    df_output['Age_30_39_or_50_59_low_satisfaction'] = ((df_input['Age'].isin(['30-39', '50-59'])) & low_satisfaction).astype(int)
    df_output['Education_Bachelor_or_Doctor_low_satisfaction'] = ((df_input['Education'].isin(['Bachelor', 'Doctor'])) & low_satisfaction).astype(int)
    df_output['Nationality_Kuwaiti_low_satisfaction'] = ((df_input['Nationality'] == 'Kuwaiti') & low_satisfaction).astype(int)
    df_output['Marital_Status_Married_low_satisfaction'] = ((df_input['Marital_Status'] == 'Married') & low_satisfaction).astype(int)
    return df_output

---DIVIDER---

def extracting_features_1(df_input):  
    df_output = pd.DataFrame()  
    df_output['Reason_Complaints_or_Medical_with_high_satisfaction'] = ((df_input['The_reason_of_the_call'].isin(['Complaints', 'Medical_Consultation'])) &  
                                                                      (df_input['Call_center_employee_communication_skills_evaluation'] >= 3.0) &  
                                                                      (df_input['Satisfaction_with_the_doctors_response'] >= 3.0)).astype(int)  
    df_output['Call_center_employee_communication_skills_evaluation_high'] = (df_input['Call_center_employee_communication_skills_evaluation'] >= 3.0).astype(int)  
    df_output['Satisfaction_with_the_doctors_response_high'] = (df_input['Satisfaction_with_the_doctors_response'] >= 3.0).astype(int)  
    df_output['Call_151_No'] = (df_input['Call_151'] == 'No').astype(int)  
    df_output['Aware_151_No'] = (df_input['Aware_151'] == 'No').astype(int)  
    df_output['How_often_receive_news_high'] = (df_input['How_often_do_you_receive_call_center_news'] >= 2.0).astype(int)  
    df_output['Gender_Male_or_Female_high_satisfaction'] = ((df_input['Gender'].isin(['Male', 'Female'])) &  
                                                           (df_input['Call_center_employee_communication_skills_evaluation'] >= 3.0) &  
                                                           (df_input['Satisfaction_with_the_doctors_response'] >= 3.0)).astype(int)  
    df_output['Age_18_24_or_30_39_high_satisfaction'] = ((df_input['Age'].isin(['18-24', '30-39'])) &  
                                                        (df_input['Call_center_employee_communication_skills_evaluation'] >= 3.0) &  
                                                        (df_input['Satisfaction_with_the_doctors_response'] >= 3.0)).astype(int)  
    df_output['Education_Highschool_Diploma_Bachelor_high_satisfaction'] = ((df_input['Education'].isin(['High school', 'Diploma', 'Bachelor'])) &  
                                                                           (df_input['Call_center_employee_communication_skills_evaluation'] >= 3.0) &  
                                                                           (df_input['Satisfaction_with_the_doctors_response'] >= 3.0)).astype(int)  
    df_output['Nationality_Other_Unspecified_high_satisfaction'] = ((df_input['Nationality'].isin(['Other nationality', 'Unspecified'])) &  
                                                                   (df_input['Call_center_employee_communication_skills_evaluation'] >= 3.0) &  
                                                                   (df_input['Satisfaction_with_the_doctors_response'] >= 3.0)).astype(int)  
    return df_output

---VERSION---

def extracting_features_0(df_input):
    df_output = pd.DataFrame()
    df_output['The_reason_of_the_call_Complaints'] = (df_input['The_reason_of_the_call'] == 'Complaints').astype(int)
    df_output['Call_center_employee_communication_skills_evaluation_le_3'] = (df_input['Call_center_employee_communication_skills_evaluation'] <= 3.0).astype(int)
    df_output['Satisfaction_with_the_doctors_response_le_3'] = (df_input['Satisfaction_with_the_doctors_response'] <= 3.0).astype(int)
    df_output['Call_151_Yes_and_The_reason_of_the_call_Complaints'] = ((df_input['Call_151'] == 'Yes') & (df_input['The_reason_of_the_call'] == 'Complaints')).astype(int)
    df_output['Age_in_selected_and_Satisfaction_le_3'] = ((df_input['Age'].isin(['18-24', '50-59', '60 and above'])) & (df_input['Satisfaction_with_the_doctors_response'] <= 3.0)).astype(int)
    df_output['How_often_do_you_receive_call_center_news_le_2_9'] = (df_input['How_often_do_you_receive_call_center_news'] <= 2.9).astype(int)
    df_output['Aware_151_Yes_and_Call_151_Yes_and_The_reason_of_the_call_Inquiries_COVID19'] = ((df_input['Aware_151'] == 'Yes') & (df_input['Call_151'] == 'Yes') & (df_input['The_reason_of_the_call'] == 'Inquiries_COVID19')).astype(int)
    df_output['Gender_Male_and_Education_Doctor_Bachelor_and_Satisfaction_le_3'] = ((df_input['Gender'] == 'Male') & (df_input['Education'].isin(['Doctor', 'Bachelor'])) & (df_input['Satisfaction_with_the_doctors_response'] <= 3.0)).astype(int)
    df_output['Marital_Status_Married_and_Satisfaction_le_3'] = ((df_input['Marital_Status'] == 'Married') & (df_input['Satisfaction_with_the_doctors_response'] <= 3.0)).astype(int)
    df_output['Governorate_in_selected_and_Call_center_employee_communication_skills_evaluation_le_3'] = ((df_input['Governorate'].isin(['Around', 'Farwaniya'])) & (df_input['Call_center_employee_communication_skills_evaluation'] <= 3.0)).astype(int)
    return df_output

---DIVIDER---

def extracting_features_1(df_input):
    df_output = pd.DataFrame()
    df_output['cond_1'] = ((df_input['The_reason_of_the_call'].isin(['Complaints', 'Inquiries', 'Medical_Consultation'])) & 
                           (df_input['Call_center_employee_communication_skills_evaluation'] >= 3.0) & 
                           (df_input['Satisfaction_with_the_doctors_response'] >= 3.0)).astype(int)
    df_output['cond_2'] = ((df_input['Call_center_employee_communication_skills_evaluation'] >= 3.0) & 
                           (df_input['Satisfaction_with_the_doctors_response'] >= 3.0)).astype(int)
    df_output['cond_3'] = ((df_input['How_often_do_you_receive_call_center_news'] >= 2.0) & 
                           (df_input['Satisfaction_with_the_doctors_response'] >= 3.0)).astype(int)
    df_output['cond_4'] = ((df_input['Call_151'].isin(['No'])) & 
                           (df_input['The_reason_of_the_call'].isin(['Complaints'])) & 
                           (df_input['Satisfaction_with_the_doctors_response'] >= 3.0)).astype(int)
    df_output['cond_5'] = ((df_input['Nationality'].isin(['Unspecified', 'Other nationality'])) & 
                           (df_input['Satisfaction_with_the_doctors_response'] >= 3.0)).astype(int)
    df_output['cond_6'] = ((df_input['Age'].isin(['18-24', '30-39'])) & 
                           (df_input['Satisfaction_with_the_doctors_response'] >= 3.0)).astype(int)
    df_output['cond_7'] = ((df_input['Marital_Status'].isin(['Widow', 'Widower'])) & 
                           (df_input['Satisfaction_with_the_doctors_response'] >= 3.0)).astype(int)
    df_output['cond_8'] = ((df_input['Governorate'].isin(['Jahra', 'Capital'])) & 
                           (df_input['Satisfaction_with_the_doctors_response'] >= 3.0)).astype(int)
    df_output['cond_9'] = ((df_input['Gender'].isin(['Female'])) & 
                           (df_input['Satisfaction_with_the_doctors_response'] >= 2.8)).astype(int)
    df_output['cond_10'] = ((df_input['Education'].isin(['High school', 'Diploma', 'Bachelor'])) & 
                            (df_input['Satisfaction_with_the_doctors_response'] >= 3.0)).astype(int)
    return df_output