

---VERSION---

def extracting_features_0(df_input):
    df_output = pd.DataFrame()
    df_output['social_connection_frequency'] = df_input['social_connection_frequency'].str.lower().isin(['monthly', 'never']).astype(int)
    df_output['gathering_size_preference'] = df_input['gathering_size_preference'].str.lower().isin(['never', 'large events']).astype(int)
    df_output['valued_friendship_traits'] = df_input['valued_friendship_traits'].str.lower().isin(['honesty']).astype(int)
    df_output['conflict_resolution_style'] = df_input['conflict_resolution_style'].str.lower().isin(['avoid conflict', 'let time fix it']).astype(int)
    df_output['family_support_level'] = df_input['family_support_level'].str.lower().isin(['no', 'never']).astype(int)
    df_output['social_battery_recharge'] = df_input['social_battery_recharge'].str.lower().isin(['alone time', 'none of the above']).astype(int)
    df_output['social_orientation_type'] = df_input['social_orientation_type'].str.lower().isin(['introvert', 'not sure']).astype(int)
    df_output['social_anxiety_level'] = df_input['social_anxiety_level'].str.lower().isin(['nervous', 'avoid it']).astype(int)
    df_output['emotional_expression_method'] = df_input['emotional_expression_method'].str.lower().isin(['stay silent', 'other']).astype(int)
    df_output['primary_anger_sources'] = df_input['primary_anger_sources'].str.lower().isin(['unnecessary criticism', 'injustice']).astype(int)
    return df_output

---DIVIDER---

def extracting_features_1(df_input):
    df_output = pd.DataFrame()
    df_output['social_connection_frequency'] = df_input['social_connection_frequency'].str.lower().isin(['daily', 'weekly']).astype(int)
    df_output['gathering_size_preference'] = df_input['gathering_size_preference'].str.lower().isin(['small gatherings', 'both']).astype(int)
    df_output['valued_friendship_traits'] = df_input['valued_friendship_traits'].str.lower().isin(['loyalty', 'support', 'all', 'all the three and trust', 'understanding person']).astype(int)
    df_output['conflict_resolution_style'] = df_input['conflict_resolution_style'].str.lower().isin(['talk it out', 'apologize first']).astype(int)
    df_output['family_support_level'] = df_input['family_support_level'].str.lower().isin(['yes', 'sometimes']).astype(int)
    df_output['social_battery_recharge'] = df_input['social_battery_recharge'].str.lower().isin(['talking to someone', 'social media']).astype(int)
    df_output['social_orientation_type'] = df_input['social_orientation_type'].str.lower().isin(['extrovert', 'ambivert']).astype(int)
    df_output['social_anxiety_level'] = df_input['social_anxiety_level'].str.lower().isin(['excited', 'neutral']).astype(int)
    df_output['emotional_expression_method'] = df_input['emotional_expression_method'].str.lower().isin(['talk openly', 'express emotion strongly']).astype(int)
    df_output['primary_anger_sources'] = df_input['primary_anger_sources'].str.lower().isin(['being interrupted', 'selfishness']).astype(int)
    return df_output

---VERSION---

def extracting_features_0(df_input):  
    df_output = pd.DataFrame()  
    df_output['social_connection_frequency'] = df_input['social_connection_frequency'].isin(['Monthly', 'Never']).astype(int)  
    df_output['gathering_size_preference'] = df_input['gathering_size_preference'].isin(['Large events', 'Never']).astype(int)  
    df_output['valued_friendship_traits'] = df_input['valued_friendship_traits'].isin(['Support', 'Honesty']).astype(int)  
    df_output['conflict_resolution_style'] = df_input['conflict_resolution_style'].isin(['Avoid conflict', 'Let time fix it']).astype(int)  
    df_output['family_support_level'] = df_input['family_support_level'].str.lower().isin(['no', 'never']).astype(int)  
    df_output['social_battery_recharge'] = df_input['social_battery_recharge'].isin(['Social media', 'Alone time']).astype(int)  
    df_output['social_orientation_type'] = df_input['social_orientation_type'].isin(['Introvert', 'Not sure']).astype(int)  
    df_output['social_anxiety_level'] = df_input['social_anxiety_level'].isin(['Nervous', 'Avoid it']).astype(int)  
    df_output['emotional_expression_method'] = df_input['emotional_expression_method'].isin(['Stay silent', 'Other']).astype(int)  
    df_output['primary_anger_sources'] = df_input['primary_anger_sources'].isin(['Unnecessary criticism', 'Being interrupted']).astype(int)  
    return df_output

---DIVIDER---

def extracting_features_1(df_input):
    df_output = pd.DataFrame()
    df_output['social_connection_frequency'] = df_input['social_connection_frequency'].str.capitalize().isin(['Daily', 'Weekly']).astype(int)
    df_output['gathering_size_preference'] = df_input['gathering_size_preference'].str.capitalize().isin(['Small gatherings', 'Both']).astype(int)
    df_output['valued_friendship_traits'] = df_input['valued_friendship_traits'].str.capitalize().isin(['Loyalty', 'Honesty']).astype(int)
    df_output['conflict_resolution_style'] = df_input['conflict_resolution_style'].str.capitalize().isin(['Talk it out', 'Apologize first']).astype(int)
    df_output['family_support_level'] = df_input['family_support_level'].str.capitalize().isin(['Yes', 'Sometimes']).astype(int)
    df_output['social_battery_recharge'] = df_input['social_battery_recharge'].str.capitalize().isin(['Talking to someone']).astype(int)
    df_output['social_orientation_type'] = df_input['social_orientation_type'].str.capitalize().isin(['Ambivert', 'Extrovert']).astype(int)
    df_output['social_anxiety_level'] = df_input['social_anxiety_level'].str.capitalize().isin(['Excited', 'Neutral']).astype(int)
    df_output['emotional_expression_method'] = df_input['emotional_expression_method'].str.capitalize().isin(['Talk openly', 'Express emotion strongly']).astype(int)
    df_output['primary_anger_sources'] = df_input['primary_anger_sources'].str.capitalize().isin(['Selfishness', 'Injustice']).astype(int)
    return df_output

---VERSION---

def extracting_features_0(df_input):
    df_output = pd.DataFrame()
    df_output['social_connection_frequency'] = df_input['social_connection_frequency'].isin(['Monthly', 'Never']).astype(int)
    df_output['gathering_size_preference'] = df_input['gathering_size_preference'].isin(['Large events', 'Never']).astype(int)
    df_output['valued_friendship_traits'] = df_input['valued_friendship_traits'].isin(['Support', 'Loyalty']).astype(int)
    df_output['conflict_resolution_style'] = df_input['conflict_resolution_style'].isin(['Avoid conflict', 'Let time fix it']).astype(int)
    df_output['family_support_level'] = df_input['family_support_level'].isin(['No', 'Never']).astype(int)
    df_output['social_battery_recharge'] = df_input['social_battery_recharge'].isin(['Social media', 'Alone time']).astype(int)
    df_output['social_orientation_type'] = df_input['social_orientation_type'].isin(['Introvert', 'Not sure']).astype(int)
    df_output['social_anxiety_level'] = df_input['social_anxiety_level'].isin(['Nervous', 'Avoid it']).astype(int)
    df_output['emotional_expression_method'] = df_input['emotional_expression_method'].isin(['Stay silent', 'Other']).astype(int)
    df_output['primary_anger_sources'] = df_input['primary_anger_sources'].isin(['Unnecessary criticism', 'Selfishness']).astype(int)
    return df_output

---DIVIDER---

def extracting_features_1(df_input):
    df_output = pd.DataFrame()
    df_output['social_connection_frequency'] = df_input['social_connection_frequency'].str.capitalize().isin(['Daily', 'Weekly']).astype(int)
    df_output['gathering_size_preference'] = df_input['gathering_size_preference'].str.capitalize().isin(['Small gatherings', 'Both']).astype(int)
    df_output['valued_friendship_traits'] = df_input['valued_friendship_traits'].str.capitalize().isin(['Honesty', 'Loyalty']).astype(int)
    df_output['conflict_resolution_style'] = df_input['conflict_resolution_style'].str.capitalize().isin(['Talk it out', 'Apologize first']).astype(int)
    df_output['family_support_level'] = df_input['family_support_level'].str.capitalize().isin(['Yes', 'Sometimes']).astype(int)
    df_output['social_battery_recharge'] = df_input['social_battery_recharge'].str.capitalize().isin(['Talking to someone']).astype(int)
    df_output['social_orientation_type'] = df_input['social_orientation_type'].str.capitalize().isin(['Extrovert', 'Ambivert']).astype(int)
    df_output['social_anxiety_level'] = df_input['social_anxiety_level'].str.capitalize().isin(['Excited', 'Neutral']).astype(int)
    df_output['emotional_expression_method'] = df_input['emotional_expression_method'].str.capitalize().isin(['Talk openly', 'Express emotion strongly']).astype(int)
    df_output['primary_anger_sources'] = df_input['primary_anger_sources'].str.capitalize().isin(['Being interrupted', 'Injustice']).astype(int)
    return df_output

---VERSION---

def extracting_features_0(df_input):  
    df_output = pd.DataFrame()  
    df_output['social_connection_frequency_in_Monthly_Never'] = df_input['social_connection_frequency'].str.lower().isin(['monthly', 'never']).astype(int)  
    df_output['gathering_size_preference_in_Never_Large_events'] = df_input['gathering_size_preference'].str.lower().isin(['never', 'large events']).astype(int)  
    df_output['valued_friendship_traits_in_Honesty'] = df_input['valued_friendship_traits'].str.lower().isin(['honesty']).astype(int)  
    df_output['conflict_resolution_style_in_Avoid_conflict_Let_time_fix_it'] = df_input['conflict_resolution_style'].str.lower().isin(['avoid conflict', 'let time fix it']).astype(int)  
    df_output['family_support_level_in_No_Never'] = df_input['family_support_level'].str.lower().isin(['no', 'never']).astype(int)  
    df_output['social_battery_recharge_in_Social_media_Alone_time'] = df_input['social_battery_recharge'].str.lower().isin(['social media', 'alone time']).astype(int)  
    df_output['social_orientation_type_in_Introvert'] = df_input['social_orientation_type'].str.lower().isin(['introvert']).astype(int)  
    df_output['social_anxiety_level_in_Nervous_Avoid_it'] = df_input['social_anxiety_level'].str.lower().isin(['nervous', 'avoid it']).astype(int)  
    df_output['emotional_expression_method_in_Stay_silent_Other'] = df_input['emotional_expression_method'].str.lower().isin(['stay silent', 'other']).astype(int)  
    df_output['social_connection_frequency_Monthly_and_gathering_size_preference_Never'] = ((df_input['social_connection_frequency'].str.lower() == 'monthly') & (df_input['gathering_size_preference'].str.lower() == 'never')).astype(int)  
    return df_output

---DIVIDER---

def extracting_features_1(df_input):
    df_output = pd.DataFrame()
    df_output['social_connection_frequency'] = df_input['social_connection_frequency'].str.strip().str.capitalize().isin(['Daily', 'Weekly']).astype(int)
    df_output['gathering_size_preference'] = df_input['gathering_size_preference'].str.strip().str.title().isin(['Both', 'Small Gatherings']).astype(int)
    df_output['valued_friendship_traits'] = df_input['valued_friendship_traits'].str.strip().str.title().isin(['Loyalty', 'Support', 'All', 'All The Three And Trust', 'Understanding Person']).astype(int)
    df_output['conflict_resolution_style'] = df_input['conflict_resolution_style'].str.strip().str.title().isin(['Talk It Out', 'Apologize First']).astype(int)
    df_output['family_support_level'] = df_input['family_support_level'].str.strip().str.capitalize().isin(['Yes', 'Sometimes']).astype(int)
    df_output['social_battery_recharge'] = df_input['social_battery_recharge'].str.strip().str.title().isin(['Talking To Someone']).astype(int)
    df_output['social_orientation_type'] = df_input['social_orientation_type'].str.strip().str.title().isin(['Ambivert', 'Extrovert', 'Not Sure']).astype(int)
    df_output['social_anxiety_level'] = df_input['social_anxiety_level'].str.strip().str.capitalize().isin(['Excited', 'Neutral']).astype(int)
    df_output['emotional_expression_method'] = df_input['emotional_expression_method'].str.strip().str.title().isin(['Talk Openly', 'Express Emotion Strongly']).astype(int)
    df_output['social_connection_frequency_and_family_support_level'] = ((df_input['social_connection_frequency'].str.strip().str.capitalize() == 'Weekly') & (df_input['family_support_level'].str.strip().str.capitalize() == 'Sometimes')).astype(int)
    return df_output