def extracting_features_0(df_input):
    df_output = pd.DataFrame()
    df_output['Debt'] = (df_input['Debt'] >= 2000).astype(int)
    df_output['Overdue days'] = (df_input['Overdue days'] > 0).astype(int)
    df_output['Credit history rating'] = df_input['Credit history rating'].isin(['D1', 'D2', 'D3', 'E1', 'E2', 'E3']).astype(int)
    df_output['PDN'] = (df_input['PDN'] >= 0.3).astype(int)
    df_output['EDU'] = df_input['EDU'].isin(['High school', 'Incomplete']).astype(int)
    df_output['INCOME'] = (df_input['INCOME'] < 1500).astype(int)
    df_output['Initial limit'] = (df_input['Initial limit'] <= 2600).astype(int)
    df_output['TERM'] = (df_input['TERM'] <= 60).astype(int)
    df_output['UNDERAGECHILDRENCOUNT'] = (df_input['UNDERAGECHILDRENCOUNT'] > 1).astype(int)
    df_output['INDUSTRYNAME'] = df_input['INDUSTRYNAME'].isin(['Agriculture', 'Retired', 'Public services', 'Culture and Art', 'Sports and Tourism']).astype(int)
    return df_output

---DIVIDER---

def extracting_features_1(df_input):
    df_output = pd.DataFrame()
    df_output['Debt'] = (df_input['Debt'] < 2000).astype(int)
    df_output['Overdue days'] = (df_input['Overdue days'] == 0).astype(int)
    df_output['Credit history rating'] = df_input['Credit history rating'].isin(['A1', 'A2', 'A3', 'B1', 'B2', 'B3', 'C1', 'C2', 'C3']).astype(int)
    df_output['PDN'] = (df_input['PDN'] < 0.3).astype(int)
    df_output['EDU'] = df_input['EDU'].isin(['University', 'College']).astype(int)
    df_output['INCOME'] = (df_input['INCOME'] >= 1500).astype(int)
    df_output['Initial limit'] = (df_input['Initial limit'] > 2600).astype(int)
    df_output['TERM'] = (df_input['TERM'] > 12).astype(int)
    df_output['UNDERAGECHILDRENCOUNT'] = (df_input['UNDERAGECHILDRENCOUNT'] <= 1).astype(int)
    df_output['INDUSTRYNAME'] = df_input['INDUSTRYNAME'].isin(['Finance and Insurance', 'Information Technology', 'Production', 'Medicine and healthcare', 'Science and Education', 'Trade']).astype(int)
    return df_output

---VERSION---

def extracting_features_0(df_input):
    df_output = pd.DataFrame()
    df_output['Debt'] = (df_input['Debt'] >= 1700).astype(int)
    df_output['Overdue days'] = (df_input['Overdue days'] > 0).astype(int)
    df_output['Credit history rating'] = df_input['Credit history rating'].isin(['D1', 'D2', 'D3', 'E1', 'E2', 'E3']).astype(int)
    df_output['PDN'] = (df_input['PDN'] > 0.2).astype(int)
    df_output['INCOME'] = (df_input['INCOME'] < 1500).astype(int)
    df_output['EDU'] = df_input['EDU'].isin(['High school', 'Incomplete']).astype(int)
    df_output['Initial limit'] = (df_input['Initial limit'] < 2600).astype(int)
    df_output['TERM'] = (df_input['TERM'] < 60).astype(int)
    df_output['UNDERAGECHILDRENCOUNT'] = (df_input['UNDERAGECHILDRENCOUNT'] > 0).astype(int)
    df_output['FAMILYSTATUS'] = (df_input['FAMILYSTATUS'] <= 1).astype(int)
    return df_output

---DIVIDER---

def extracting_features_1(df_input):
    df_output = pd.DataFrame()
    df_output['Debt'] = (df_input['Debt'] < 2700).astype(int)
    df_output['Overdue days'] = (df_input['Overdue days'] == 0).astype(int)
    df_output['Credit history rating'] = df_input['Credit history rating'].isin(['A1', 'A2', 'A3', 'B1', 'B2', 'B3', 'C1', 'C2', 'C3']).astype(int)
    df_output['PDN'] = (df_input['PDN'] <= 0.1).astype(int)
    df_output['INCOME'] = (df_input['INCOME'] >= 1500).astype(int)
    df_output['EDU'] = df_input['EDU'].isin(['University', 'College']).astype(int)
    df_output['Initial limit'] = (df_input['Initial limit'] >= 2600).astype(int)
    df_output['TERM'] = (df_input['TERM'] >= 60).astype(int)
    df_output['UNDERAGECHILDRENCOUNT'] = (df_input['UNDERAGECHILDRENCOUNT'] == 0).astype(int)
    df_output['FAMILYSTATUS'] = (df_input['FAMILYSTATUS'] >= 2).astype(int)
    return df_output

---VERSION---

def extracting_features_0(df_input):
    df_output = pd.DataFrame()
    df_output['Debt_gt_2000'] = (df_input['Debt'] > 2000).astype(int)
    df_output['Overdue_days_gt_0'] = (df_input['Overdue days'] > 0).astype(int)
    df_output['Initial_limit_lt_2500'] = (df_input['Initial limit'] < 2500).astype(int)
    df_output['Credit_history_rating_in_DE'] = df_input['Credit history rating'].isin(['D1', 'D2', 'E1', 'E2', 'E3']).astype(int)
    df_output['PDN_gt_0_3'] = (df_input['PDN'] > 0.3).astype(int)
    df_output['INCOME_lt_1500'] = (df_input['INCOME'] < 1500).astype(int)
    df_output['EDU_in_Highschool_Incomplete'] = df_input['EDU'].isin(['High school', 'Incomplete']).astype(int)
    df_output['TERM_lt_60'] = (df_input['TERM'] < 60).astype(int)
    df_output['UNDERAGECHILDRENCOUNT_ge_1'] = (df_input['UNDERAGECHILDRENCOUNT'] >= 1).astype(int)
    df_output['LV_AREA_in_selected'] = df_input['LV_AREA'].isin(['Mogilevskaja oblast', "Gomel'skaja oblast", 'Brestskaja oblast']).astype(int)
    return df_output

---DIVIDER---

def extracting_features_1(df_input):  
    df_output = pd.DataFrame()  
    df_output['Debt'] = (df_input['Debt'] <= 2200).astype(int)  
    df_output['Overdue days'] = (df_input['Overdue days'] == 0).astype(int)  
    df_output['Initial limit'] = (df_input['Initial limit'] >= 2500).astype(int)  
    df_output['Credit history rating'] = df_input['Credit history rating'].isin(['A1', 'A2', 'A3', 'B1', 'B2', 'B3', 'C1', 'C2', 'C3']).astype(int)  
    df_output['PDN'] = (df_input['PDN'] <= 0.25).astype(int)  
    df_output['INCOME'] = (df_input['INCOME'] >= 1600).astype(int)  
    df_output['EDU'] = df_input['EDU'].isin(['University', 'College']).astype(int)  
    df_output['TERM'] = (df_input['TERM'] == 60).astype(int)  
    df_output['UNDERAGECHILDRENCOUNT'] = (df_input['UNDERAGECHILDRENCOUNT'] == 0).astype(int)  
    df_output['LV_AREA'] = df_input['LV_AREA'].isin(['g. Minsk', 'MINSKAJa', 'VITEBSKAJa']).astype(int)  
    return df_output

---VERSION---

def extracting_features_0(df_input):  
    df_output = pd.DataFrame()  
    df_output['Overdue_days_gt_0'] = (df_input['Overdue days'] > 0).astype(int)  
    df_output['Credit_history_rating_in_D_E'] = df_input['Credit history rating'].isin(['D1', 'D2', 'D3', 'E1', 'E2', 'E3']).astype(int)  
    df_output['PDN_ge_0_3'] = (df_input['PDN'] >= 0.3).astype(int)  
    df_output['Debt_ge_2000'] = (df_input['Debt'] >= 2000).astype(int)  
    df_output['INCOME_lt_1500'] = (df_input['INCOME'] < 1500).astype(int)  
    df_output['EDU_in_Highschool_Incomplete'] = df_input['EDU'].isin(['High school', 'Incomplete']).astype(int)  
    df_output['Initial_limit_le_2500'] = (df_input['Initial limit'] <= 2500).astype(int)  
    df_output['UNDERAGECHILDRENCOUNT_ge_2'] = (df_input['UNDERAGECHILDRENCOUNT'] >= 2).astype(int)  
    df_output['TERM_le_36'] = (df_input['TERM'] <= 36).astype(int)  
    cond = (df_input['Credit history rating'].isin(['C2', 'C3'])) & (df_input['PDN'] > 0.2)  
    df_output['Credit_history_C2_C3_and_PDN_gt_0_2'] = cond.astype(int)  
    return df_output

---DIVIDER---

def extracting_features_1(df_input):  
    df_output = pd.DataFrame()  
    df_output['Overdue_days_0'] = (df_input['Overdue days'] == 0).astype(int)  
    df_output['Credit_history_rating_in'] = df_input['Credit history rating'].isin(['A1', 'A2', 'A3', 'B1', 'B2', 'B3', 'C1']).astype(int)  
    df_output['PDN_lt_0_2'] = (df_input['PDN'] < 0.2).astype(int)  
    df_output['INCOME_gte_1500'] = (df_input['INCOME'] >= 1500).astype(int)  
    df_output['Initial_limit_gte_2600'] = (df_input['Initial limit'] >= 2600).astype(int)  
    df_output['EDU_in'] = df_input['EDU'].isin(['University', 'College']).astype(int)  
    df_output['Debt_lt_2000'] = (df_input['Debt'] < 2000).astype(int)  
    df_output['UNDERAGECHILDRENCOUNT_lte_1'] = (df_input['UNDERAGECHILDRENCOUNT'] <= 1).astype(int)  
    df_output['TERM_gte_48'] = (df_input['TERM'] >= 48).astype(int)  
    df_output['FAMILYSTATUS_eq_2'] = (df_input['FAMILYSTATUS'] == 2).astype(int)  
    return df_output

---VERSION---

def extracting_features_0(df_input):
    df_output = pd.DataFrame()
    df_output['Debt_gt_2000'] = (df_input['Debt'] > 2000).astype(int)
    df_output['Overdue_days_gt_0'] = (df_input['Overdue days'] > 0).astype(int)
    df_output['Initial_limit_lt_2500'] = (df_input['Initial limit'] < 2500).astype(int)
    df_output['EDU_in_Highschool_Incomplete'] = df_input['EDU'].isin(['High school', 'Incomplete']).astype(int)
    df_output['INCOME_lt_1500'] = (df_input['INCOME'] < 1500).astype(int)
    df_output['Credit_history_rating_in_D_E'] = df_input['Credit history rating'].isin(['D1', 'D2', 'D3', 'E1', 'E2', 'E3']).astype(int)
    df_output['PDN_gt_0_3'] = (df_input['PDN'] > 0.3).astype(int)
    df_output['INDUSTRYNAME_in_Retired_Agriculture_Publicservices'] = df_input['INDUSTRYNAME'].isin(['Retired', 'Agriculture', 'Public services']).astype(int)
    df_output['UNDERAGECHILDRENCOUNT_gte_2'] = (df_input['UNDERAGECHILDRENCOUNT'] >= 2).astype(int)
    df_output['FAMILYSTATUS_lte_1'] = (df_input['FAMILYSTATUS'] <= 1).astype(int)
    return df_output

---DIVIDER---

def extracting_features_1(df_input):
    df_output = pd.DataFrame()
    df_output['Debt'] = (df_input['Debt'] <= 2700).astype(int)
    df_output['Overdue days'] = (df_input['Overdue days'] == 0).astype(int)
    df_output['Initial limit'] = (df_input['Initial limit'] >= 2600).astype(int)
    df_output['EDU'] = df_input['EDU'].isin(['University', 'College']).astype(int)
    df_output['INCOME'] = (df_input['INCOME'] >= 1600).astype(int)
    df_output['Credit history rating'] = df_input['Credit history rating'].isin(['A1', 'A2', 'A3', 'B1', 'B2', 'B3']).astype(int)
    df_output['PDN'] = (df_input['PDN'] <= 0.1).astype(int)
    df_output['INDUSTRYNAME'] = df_input['INDUSTRYNAME'].isin(['Production', 'Information Technology', 'Finance and Insurance']).astype(int)
    df_output['UNDERAGECHILDRENCOUNT'] = (df_input['UNDERAGECHILDRENCOUNT'] <= 1).astype(int)
    df_output['FAMILYSTATUS'] = (df_input['FAMILYSTATUS'] >= 2).astype(int)
    return df_output