

---VERSION---

def extracting_features_0(df_input):
    df_output = pd.DataFrame()
    df_output['Temperature_lt_80'] = (df_input['Temperature'] < 80).astype(int)
    df_output['Vibration_lt_50'] = (df_input['Vibration'] < 50).astype(int)
    df_output['Power_Usage_lt_13'] = (df_input['Power_Usage'] < 13).astype(int)
    df_output['Humidity_lt_40'] = (df_input['Humidity'] < 40).astype(int)
    df_output['Machine_Type_in_list'] = df_input['Machine_Type'].isin(['Lathe', 'Drill', 'Mill']).astype(int)
    df_output['Temperature_in_65_75'] = ((df_input['Temperature'] >= 65) & (df_input['Temperature'] <= 75)).astype(int)
    df_output['Vibration_in_40_55'] = ((df_input['Vibration'] >= 40) & (df_input['Vibration'] <= 55)).astype(int)
    df_output['Power_Usage_in_5_12'] = ((df_input['Power_Usage'] >= 5) & (df_input['Power_Usage'] <= 12)).astype(int)
    df_output['Humidity_in_24_38'] = ((df_input['Humidity'] >= 24) & (df_input['Humidity'] <= 38)).astype(int)
    df_output['Temperature_lt_85_and_Vibration_lt_52'] = ((df_input['Temperature'] < 85) & (df_input['Vibration'] < 52)).astype(int)
    return df_output

---DIVIDER---

def extracting_features_1(df_input):
    df_output = pd.DataFrame()
    df_output['Temperature_ge_80'] = (df_input['Temperature'] >= 80).astype(int)
    df_output['Vibration_ge_48'] = (df_input['Vibration'] >= 48).astype(int)
    df_output['Power_Usage_ge_8'] = (df_input['Power_Usage'] >= 8).astype(int)
    df_output['Humidity_ge_25'] = (df_input['Humidity'] >= 25).astype(int)
    df_output['Machine_Type_in_Lathe_Mill'] = df_input['Machine_Type'].isin(['Lathe', 'Mill']).astype(int)
    df_output['Temperature_in_79_95'] = ((df_input['Temperature'] >= 79) & (df_input['Temperature'] <= 95)).astype(int)
    df_output['Vibration_in_46_57'] = ((df_input['Vibration'] >= 46) & (df_input['Vibration'] <= 57)).astype(int)
    df_output['Power_Usage_in_8_15'] = ((df_input['Power_Usage'] >= 8) & (df_input['Power_Usage'] <= 15)).astype(int)
    df_output['Humidity_in_25_37'] = ((df_input['Humidity'] >= 25) & (df_input['Humidity'] <= 37)).astype(int)
    df_output['Temperature_ge_80_and_Vibration_ge_44'] = ((df_input['Temperature'] >= 80) & (df_input['Vibration'] >= 44)).astype(int)
    return df_output

---VERSION---

def extracting_features_0(df_input):  
    df_output = pd.DataFrame()  
    df_output['Temperature_lt_80'] = (df_input['Temperature'] < 80).astype(int)  
    df_output['Vibration_40_53'] = ((df_input['Vibration'] >= 40) & (df_input['Vibration'] <= 53)).astype(int)  
    df_output['Power_Usage_lt_13'] = (df_input['Power_Usage'] < 13).astype(int)  
    df_output['Humidity_24_42'] = ((df_input['Humidity'] >= 24) & (df_input['Humidity'] <= 42)).astype(int)  
    df_output['Machine_Type_in_list'] = df_input['Machine_Type'].isin(['Lathe', 'Drill', 'Mill']).astype(int)  
    df_output['Temperature_65_75'] = ((df_input['Temperature'] >= 65) & (df_input['Temperature'] <= 75)).astype(int)  
    df_output['Vibration_lt_50'] = (df_input['Vibration'] < 50).astype(int)  
    df_output['Power_Usage_5_10'] = ((df_input['Power_Usage'] >= 5) & (df_input['Power_Usage'] <= 10)).astype(int)  
    df_output['Humidity_lt_38'] = (df_input['Humidity'] < 38).astype(int)  
    df_output['Temperature_le_80_and_Vibration_le_53'] = ((df_input['Temperature'] <= 80) & (df_input['Vibration'] <= 53)).astype(int)  
    return df_output

---DIVIDER---

def extracting_features_1(df_input):  
    df_output = pd.DataFrame()  
    df_output['Temperature_ge_79'] = (df_input['Temperature'] >= 79).astype(int)  
    df_output['Vibration_ge_45'] = (df_input['Vibration'] >= 45).astype(int)  
    df_output['Power_Usage_ge_8'] = (df_input['Power_Usage'] >= 8).astype(int)  
    df_output['Humidity_in_25_37'] = ((df_input['Humidity'] >= 25) & (df_input['Humidity'] <= 37)).astype(int)  
    df_output['Machine_Type_in_list'] = df_input['Machine_Type'].isin(['Lathe', 'Mill', 'Drill']).astype(int)  
    df_output['Temp_65_95_and_Power_ge_10'] = ((df_input['Temperature'] >= 65) & (df_input['Temperature'] <= 95) & (df_input['Power_Usage'] >= 10)).astype(int)  
    df_output['Vibration_gt_50'] = (df_input['Vibration'] > 50).astype(int)  
    df_output['Temperature_gt_80'] = (df_input['Temperature'] > 80).astype(int)  
    df_output['Power_Usage_gt_12'] = (df_input['Power_Usage'] > 12).astype(int)  
    df_output['Temp_ge_70_and_Vibration_ge_45_and_Power_ge_8'] = ((df_input['Temperature'] >= 70) & (df_input['Vibration'] >= 45) & (df_input['Power_Usage'] >= 8)).astype(int)  
    return df_output

---VERSION---

def extracting_features_0(df_input):  
    df_output = pd.DataFrame()  
    df_output['Temperature_lt_75'] = (df_input['Temperature'] < 75).astype(int)  
    df_output['Vibration_40_55'] = ((df_input['Vibration'] >= 40) & (df_input['Vibration'] <= 55)).astype(int)  
    df_output['Power_Usage_lt_11'] = (df_input['Power_Usage'] < 11).astype(int)  
    df_output['Humidity_20_40'] = ((df_input['Humidity'] >= 20) & (df_input['Humidity'] <= 40)).astype(int)  
    df_output['Machine_Type_in_Drill_Mill'] = df_input['Machine_Type'].isin(['Drill', 'Mill']).astype(int)  
    df_output['Temperature_le_72'] = (df_input['Temperature'] <= 72).astype(int)  
    df_output['Vibration_le_52'] = (df_input['Vibration'] <= 52).astype(int)  
    df_output['Power_Usage_le_10'] = (df_input['Power_Usage'] <= 10).astype(int)  
    df_output['Humidity_le_35'] = (df_input['Humidity'] <= 35).astype(int)  
    df_output['Machine_Type_Lathe_and_Temperature_lt_70'] = ((df_input['Machine_Type'] == 'Lathe') & (df_input['Temperature'] < 70)).astype(int)  
    return df_output

---DIVIDER---

def extracting_features_1(df_input):  
    df_output = pd.DataFrame()  
    df_output['Temperature_ge_75'] = (df_input['Temperature'] >= 75).astype(int)  
    df_output['Vibration_gt_55'] = (df_input['Vibration'] > 55).astype(int)  
    df_output['Power_Usage_ge_11'] = (df_input['Power_Usage'] >= 11).astype(int)  
    df_output['Humidity_lt_30'] = (df_input['Humidity'] < 30).astype(int)  
    df_output['Machine_Type_is_Lathe'] = (df_input['Machine_Type'] == 'Lathe').astype(int)  
    df_output['Temperature_ge_80'] = (df_input['Temperature'] >= 80).astype(int)  
    df_output['Vibration_ge_50'] = (df_input['Vibration'] >= 50).astype(int)  
    df_output['Power_Usage_gt_12'] = (df_input['Power_Usage'] > 12).astype(int)  
    df_output['Humidity_le_25'] = (df_input['Humidity'] <= 25).astype(int)  
    df_output['Machine_Type_is_Mill_and_Power_Usage_ge_12'] = ((df_input['Machine_Type'] == 'Mill') & (df_input['Power_Usage'] >= 12)).astype(int)  
    return df_output

---VERSION---

def extracting_features_0(df_input):
    df_output = pd.DataFrame()
    df_output['Temperature_in_65_75'] = ((df_input['Temperature'] >= 65) & (df_input['Temperature'] <= 75)).astype(int)
    df_output['Vibration_in_40_50'] = ((df_input['Vibration'] >= 40) & (df_input['Vibration'] <= 50)).astype(int)
    df_output['Power_Usage_in_5_13'] = ((df_input['Power_Usage'] >= 5) & (df_input['Power_Usage'] <= 13)).astype(int)
    df_output['Humidity_in_24_40'] = ((df_input['Humidity'] >= 24) & (df_input['Humidity'] <= 40)).astype(int)
    df_output['Machine_Type_in_Lathe_Mill_Drill'] = df_input['Machine_Type'].isin(['Lathe', 'Mill', 'Drill']).astype(int)
    df_output['Temperature_less_75'] = (df_input['Temperature'] < 75).astype(int)
    df_output['Vibration_less_55'] = (df_input['Vibration'] < 55).astype(int)
    df_output['Power_Usage_less_13'] = (df_input['Power_Usage'] < 13).astype(int)
    df_output['Humidity_less_42'] = (df_input['Humidity'] < 42).astype(int)
    df_output['Machine_Type_in_Mill_Drill_and_Temperature_less_75'] = ((df_input['Machine_Type'].isin(['Mill', 'Drill'])) & (df_input['Temperature'] < 75)).astype(int)
    return df_output

---DIVIDER---

def extracting_features_1(df_input):
    df_output = pd.DataFrame()
    df_output['Temperature_gt_75'] = (df_input['Temperature'] > 75).astype(int)
    df_output['Vibration_gt_50'] = (df_input['Vibration'] > 50).astype(int)
    df_output['Power_Usage_gt_10'] = (df_input['Power_Usage'] > 10).astype(int)
    df_output['Humidity_gt_30'] = (df_input['Humidity'] > 30).astype(int)
    df_output['Machine_Type_Lathe_and_Temperature_gt_80'] = ((df_input['Machine_Type'] == 'Lathe') & (df_input['Temperature'] > 80)).astype(int)
    df_output['Machine_Type_Lathe_and_Vibration_gt_50'] = ((df_input['Machine_Type'] == 'Lathe') & (df_input['Vibration'] > 50)).astype(int)
    df_output['Temperature_gte_65_and_Vibration_gte_45_and_Power_Usage_gte_10'] = ((df_input['Temperature'] >= 65) & (df_input['Vibration'] >= 45) & (df_input['Power_Usage'] >= 10)).astype(int)
    df_output['Temperature_gt_70_and_Vibration_gt_45_and_Power_Usage_gt_8'] = ((df_input['Temperature'] > 70) & (df_input['Vibration'] > 45) & (df_input['Power_Usage'] > 8)).astype(int)
    df_output['Temperature_in_56_60_and_Vibration_gt_50'] = (((df_input['Temperature'] >= 56) & (df_input['Temperature'] <= 60)) & (df_input['Vibration'] > 50)).astype(int)
    df_output['Machine_Type_Drill_and_Temperature_gt_90'] = ((df_input['Machine_Type'] == 'Drill') & (df_input['Temperature'] > 90)).astype(int)
    return df_output