def extracting_features_0(df_input):
    df_output = pd.DataFrame()
    df_output['Primary Type'] = df_input['Primary Type'].isin(['THEFT', 'DECEPTIVE PRACTICE', 'CRIMINAL DAMAGE']).astype(int)
    df_output['Description'] = df_input['Description'].isin(['$500 AND UNDER', 'RETAIL THEFT', 'CREDIT CARD FRAUD', 'TO PROPERTY']).astype(int)
    df_output['Domestic'] = (df_input['Domestic'] == 0).astype(int)
    df_output['Location Description'] = df_input['Location Description'].isin(['SMALL RETAIL STORE', 'STREET', 'GAS STATION', 'APARTMENT', 'COMMERCIAL / BUSINESS OFFICE', 'SCHOOL - PUBLIC BUILDING', 'OTHER (SPECIFY)']).astype(int)
    df_output['FBI Code'] = df_input['FBI Code'].isin(['06', '11', '14']).astype(int)
    df_output['Beat'] = ((df_input['Beat'] >= 1400) & (df_input['Beat'] <= 1800)).astype(int)
    df_output['District'] = ((df_input['District'] >= 10) & (df_input['District'] <= 20)).astype(int)
    df_output['Ward'] = ((df_input['Ward'] >= 17) & (df_input['Ward'] <= 39)).astype(int)
    df_output['Community Area'] = ((df_input['Community Area'] >= 10) & (df_input['Community Area'] <= 33)).astype(int)
    df_output['Year'] = (df_input['Year'] == 2025).astype(int)
    return df_output

---DIVIDER---

def extracting_features_1(df_input):
    df_output = pd.DataFrame()
    df_output['Primary Type'] = df_input['Primary Type'].isin(['BATTERY', 'ASSAULT', 'WEAPONS VIOLATION', 'NARCOTICS', 'THEFT']).astype(int)
    df_output['Description'] = df_input['Description'].isin(['DOMESTIC BATTERY SIMPLE', 'AGGRAVATED - OTHER DANGEROUS WEAPON', 'UNLAWFUL POSSESSION - HANDGUN', 'POSSESS - CANNABIS 30 GRAMS OR LESS', 'MANUFACTURE / DELIVER - CANNABIS OVER 10 GRAMS', 'SIMPLE', 'RETAIL THEFT']).astype(int)
    df_output['Domestic'] = df_input['Domestic'].isin([0,1]).astype(int)
    df_output['Location Description'] = df_input['Location Description'].isin(['STREET', 'DEPARTMENT STORE', 'APARTMENT', 'TAVERN / LIQUOR STORE']).astype(int)
    df_output['FBI Code'] = df_input['FBI Code'].isin(['08A', '08B', '15', '18', '06']).astype(int)
    df_output['Beat'] = ((df_input['Beat'] >= 900) & (df_input['Beat'] <= 2600)).astype(int)
    df_output['District'] = ((df_input['District'] >= 6) & (df_input['District'] <= 25)).astype(int)
    df_output['Ward'] = ((df_input['Ward'] >= 1) & (df_input['Ward'] <= 46)).astype(int)
    df_output['Community Area'] = ((df_input['Community Area'] >= 3) & (df_input['Community Area'] <= 73)).astype(int)
    df_output['Year'] = (df_input['Year'] == 2025).astype(int)
    return df_output

---VERSION---



---VERSION---

def extracting_features_0(df_input):
    df_output = pd.DataFrame()
    df_output['Primary_Type_in_list'] = df_input['Primary Type'].isin(['THEFT', 'CRIMINAL DAMAGE', 'DECEPTIVE PRACTICE']).astype(int)
    df_output['Description_in_list'] = df_input['Description'].isin(['$500 AND UNDER', 'TO PROPERTY', 'CREDIT CARD FRAUD']).astype(int)
    df_output['Domestic_is_0'] = (df_input['Domestic'] == 0).astype(int)
    df_output['Location_Description_in_list'] = df_input['Location Description'].isin(['APARTMENT', 'GAS STATION', 'OTHER (SPECIFY)', 'SMALL RETAIL STORE', 'SCHOOL - PUBLIC BUILDING']).astype(int)
    df_output['FBI_Code_in_list'] = df_input['FBI Code'].isin(['06', '11', '14']).astype(int)
    df_output['Primary_Theft_and_Description_500_and_under'] = ((df_input['Primary Type'] == 'THEFT') & (df_input['Description'] == '$500 AND UNDER')).astype(int)
    df_output['Primary_Criminal_Damage_and_Description_to_property'] = ((df_input['Primary Type'] == 'CRIMINAL DAMAGE') & (df_input['Description'] == 'TO PROPERTY')).astype(int)
    df_output['Beat_in_range'] = ((df_input['Beat'] >= 500) & (df_input['Beat'] <= 800)).astype(int)
    df_output['District_in_range'] = ((df_input['District'] >= 5) & (df_input['District'] <= 7)).astype(int)
    df_output['Ward_in_range'] = ((df_input['Ward'] >= 9) & (df_input['Ward'] <= 17)).astype(int)
    return df_output

---DIVIDER---

def extracting_features_1(df_input):
    df_output = pd.DataFrame()
    df_output['Primary_Type_in_list'] = df_input['Primary Type'].isin(['ASSAULT', 'BATTERY', 'WEAPONS VIOLATION', 'NARCOTICS']).astype(int)
    df_output['Description_in_list'] = df_input['Description'].isin(['SIMPLE', 'AGGRAVATED - OTHER DANGEROUS WEAPON', 'DOMESTIC BATTERY SIMPLE', 'UNLAWFUL POSSESSION - HANDGUN', 'POSSESS - CANNABIS 30 GRAMS OR LESS', 'MANUFACTURE / DELIVER - CANNABIS OVER 10 GRAMS', 'RETAIL THEFT']).astype(int)
    df_output['Domestic_is_1'] = (df_input['Domestic'] == 1).astype(int)
    df_output['Location_Description_in_list'] = df_input['Location Description'].isin(['DEPARTMENT STORE', 'STREET', 'COMMERCIAL / BUSINESS OFFICE', 'APARTMENT', 'TAVERN / LIQUOR STORE']).astype(int)
    df_output['FBI_Code_in_list'] = df_input['FBI Code'].isin(['04A', '06', '08A', '08B', '15', '18']).astype(int)
    df_output['Primary_Type_THEFT_and_Description_RETAIL_THEFT'] = ((df_input['Primary Type'] == 'THEFT') & (df_input['Description'] == 'RETAIL THEFT')).astype(int)
    df_output['Primary_Type_ASSAULT_and_Description_SIMPLE_or_AGGRAVATED'] = ((df_input['Primary Type'] == 'ASSAULT') & (df_input['Description'].isin(['SIMPLE', 'AGGRAVATED - OTHER DANGEROUS WEAPON']))).astype(int)
    df_output['Beat_in_range'] = ((df_input['Beat'] >= 900) & (df_input['Beat'] <= 2600)).astype(int)
    df_output['District_in_range'] = ((df_input['District'] >= 9) & (df_input['District'] <= 25)).astype(int)
    df_output['Ward_in_range'] = ((df_input['Ward'] >= 15) & (df_input['Ward'] <= 46)).astype(int)
    return df_output

---VERSION---

def extracting_features_0(df_input):
    df_output = pd.DataFrame()
    df_output['Primary_Type_in_list'] = df_input['Primary Type'].isin(['THEFT', 'DECEPTIVE PRACTICE', 'CRIMINAL DAMAGE']).astype(int)
    df_output['Description_in_list'] = df_input['Description'].isin(['SIMPLE', '$500 AND UNDER', 'RETAIL THEFT', 'CREDIT CARD FRAUD', 'TO PROPERTY']).astype(int)
    df_output['Location_Description_in_list'] = df_input['Location Description'].isin(['GAS STATION', 'SMALL RETAIL STORE', 'STREET', 'APARTMENT', 'OTHER (SPECIFY)', 'SCHOOL - PUBLIC BUILDING']).astype(int)
    df_output['Domestic_is_0'] = (df_input['Domestic'] == 0).astype(int)
    df_output['FBI_Code_in_list'] = df_input['FBI Code'].isin(['06', '08B', '11', '14']).astype(int)
    df_output['Primary_Type_THEFT_and_Description_500_AND_UNDER'] = ((df_input['Primary Type'] == 'THEFT') & (df_input['Description'] == '$500 AND UNDER')).astype(int)
    df_output['Primary_Type_BATTERY_and_Description_SIMPLE_and_Domestic_0'] = ((df_input['Primary Type'] == 'BATTERY') & (df_input['Description'] == 'SIMPLE') & (df_input['Domestic'] == 0)).astype(int)
    df_output['District_in_range_5_22_and_Primary_Type_THEFT'] = ((df_input['District'] >= 5) & (df_input['District'] <= 22) & (df_input['Primary Type'] == 'THEFT')).astype(int)
    df_output['Beat_in_range_1000_2300_and_Primary_Type_CRIMINAL_DAMAGE'] = ((df_input['Beat'] >= 1000) & (df_input['Beat'] <= 2300) & (df_input['Primary Type'] == 'CRIMINAL DAMAGE')).astype(int)
    df_output['Community_Area_in_range_10_75_and_Primary_Type_DECEPTIVE_PRACTICE'] = ((df_input['Community Area'] >= 10) & (df_input['Community Area'] <= 75) & (df_input['Primary Type'] == 'DECEPTIVE PRACTICE')).astype(int)
    return df_output

---DIVIDER---

def extracting_features_1(df_input):
    df_output = pd.DataFrame()
    df_output['Primary_Type_in_list'] = df_input['Primary Type'].isin(['ASSAULT', 'BATTERY', 'NARCOTICS', 'WEAPONS VIOLATION', 'THEFT']).astype(int)
    df_output['Description_in_list'] = df_input['Description'].isin(['AGGRAVATED - OTHER DANGEROUS WEAPON', 'DOMESTIC BATTERY SIMPLE', 'UNLAWFUL POSSESSION - HANDGUN', 'MANUFACTURE / DELIVER - CANNABIS OVER 10 GRAMS', 'POSSESS - CANNABIS 30 GRAMS OR LESS', 'RETAIL THEFT', 'SIMPLE']).astype(int)
    df_output['Location_Description_in_list'] = df_input['Location Description'].isin(['DEPARTMENT STORE', 'STREET', 'APARTMENT', 'TAVERN / LIQUOR STORE', 'COMMERCIAL / BUSINESS OFFICE']).astype(int)
    df_output['Domestic_is_0_or_1'] = df_input['Domestic'].isin([0,1]).astype(int)
    df_output['FBI_Code_in_list'] = df_input['FBI Code'].isin(['04A', '06', '08A', '08B', '15', '18']).astype(int)
    df_output['Primary_Assault_Description_Simple'] = ((df_input['Primary Type'] == 'ASSAULT') & (df_input['Description'] == 'SIMPLE')).astype(int)
    df_output['Primary_Battery_Description_Simple_Domestic_1'] = ((df_input['Primary Type'] == 'BATTERY') & (df_input['Description'] == 'SIMPLE') & (df_input['Domestic'] == 1)).astype(int)
    narcotics_desc = ['POSSESS - CANNABIS 30 GRAMS OR LESS', 'MANUFACTURE / DELIVER - CANNABIS OVER 10 GRAMS']
    df_output['Primary_Narcotics_Description_in_list'] = ((df_input['Primary Type'] == 'NARCOTICS') & (df_input['Description'].isin(narcotics_desc))).astype(int)
    df_output['District_in_range_Battery_or_Assault'] = ((df_input['District'].between(1,25)) & (df_input['Primary Type'].isin(['BATTERY', 'ASSAULT']))).astype(int)
    df_output['Beat_in_range_Weapons_or_Narcotics'] = ((df_input['Beat'].between(600,1900)) & (df_input['Primary Type'].isin(['WEAPONS VIOLATION', 'NARCOTICS']))).astype(int)
    return df_output

---VERSION---

