

---VERSION---



---VERSION---

def extracting_features_0(df_input):
    df_output = pd.DataFrame()
    df_output['Reason_for_reading_books'] = df_input['Reason for reading books'].isin(['Entertainment Purpose', 'To increase my English vocabulary knowledge', 'Keep me informative']).astype(int)
    df_output['Department'] = df_input['Department'].isin(['BBA', 'English', 'JMC', 'Others', 'NFE']).astype(int)
    df_output['Amount_of_time_spent_reading_books_per_day'] = (df_input['Amount of time spent reading books per day'] < 1).astype(int)
    df_output['Frequency_of_reading_books'] = df_input['Frequency of reading books'].isin(['A few times a week', 'Occasionally', 'Rarely']).astype(int)
    df_output['Number_of_e_books_you_read_last_two_years'] = df_input['Number of e-books you read last two years'].isin(['1-5', float('nan')]).astype(int)
    df_output['Number_of_printed_books_you_read_last_two_years'] = df_input['Number of printed books you read last two years'].isin(['1-5', float('nan')]).astype(int)
    df_output['Favorite_books_for_reading_to_spend_leisure_time'] = df_input['Favorite books for reading to spend leisure time'].isin(['Fiction', 'Politics', 'Others']).astype(int)
    df_output['What_is_the_change_that_you_felt_after_reading_books'] = (df_input['What is the change that you fell after reading books'] != 'Increase Academic Performance').astype(int)
    df_output['How_to_manage_books_for_reading'] = df_input['How to manage books for reading'].isin(['Borrow', 'Others']).astype(int)
    df_output['Format_that_you_used_for_reading_books'] = df_input['The format that you used for reading books'].isin(['E-books', 'Used-all']).astype(int)
    return df_output

---DIVIDER---

def extracting_features_1(df_input):
    df_output = pd.DataFrame()
    df_output['Reason for reading books is Academic Purpose'] = (df_input['Reason for reading books'] == 'Academic Purpose').astype(int)
    df_output['Department is in selected list'] = df_input['Department'].isin(['CSE', 'SWE', 'Pharmacy', 'EEE', 'Civil', 'Textile', 'MCT', 'CIS']).astype(int)
    df_output['Amount of time spent reading books per day >= 1'] = (df_input['Amount of time spent reading books per day'] >= 1).astype(int)
    df_output['Frequency of reading books is in selected list'] = df_input['Frequency of reading books'].isin(['On everyday basis', 'Daily']).astype(int)
    df_output['Number of e-books you read last two years is in selected list'] = df_input['Number of e-books you read last two years'].isin(['6-10', '11-15', '16-20', 'More than 20']).astype(int)
    df_output['Number of printed books you read last two years is in selected list'] = df_input['Number of printed books you read last two years'].isin(['6-10', '11-15', '16-20', 'More than 20']).astype(int)
    df_output['Favorite books for reading to spend leisure time is Non-Fiction or Biography'] = df_input['Favorite books for reading to spend leisure time'].isin(['Non-Fiction', 'Biography']).astype(int)
    df_output['What is the change that you felt after reading books is Increase Academic Performance'] = (df_input['What is the change that you fell after reading books'] == 'Increase Academic Performance').astype(int)
    df_output['How to manage books for reading is in selected list'] = df_input['How to manage books for reading'].isin(['Buy', 'Used-all']).astype(int)
    df_output['Format that you used for reading books is Both'] = (df_input['The format that you used for reading books'] == 'Both').astype(int)
    return df_output

---VERSION---



---VERSION---

def extracting_features_0(df_input):
    df_output = pd.DataFrame()
    df_output['Reason_for_reading_books'] = df_input['Reason for reading books'].isin(['Entertainment Purpose', 'Keep me informative', 'To increase my English vocabulary knowledge']).astype(int)
    df_output['Amount_of_time_spent_reading_books_per_day'] = (df_input['Amount of time spent reading books per day'] < 1).astype(int)
    df_output['Frequency_of_reading_books'] = df_input['Frequency of reading books'].isin(['A few times a month', 'Rarely', 'Never']).astype(int)
    df_output['Number_of_e_books_you_read_last_two_years'] = df_input['Number of e-books you read last two years'].isin([np.nan, '1-5']).astype(int)
    df_output['Number_of_printed_books_you_read_last_two_years'] = df_input['Number of printed books you read last two years'].isin([np.nan, '1-5']).astype(int)
    df_output['Favorite_books_for_reading_to_spend_leisure_time'] = df_input['Favorite books for reading to spend leisure time'].isin(['Fiction', 'Politics', 'Others']).astype(int)
    df_output['What_is_the_change_that_you_felt_after_reading_books'] = (df_input['What is the change that you fell after reading books'] != 'Increase Academic Performance').astype(int)
    df_output['Who_influenced_you_to_read_books'] = df_input['Who influenced you to read books'].isin(['Friends', 'Self', 'Others']).astype(int)
    df_output['Department'] = df_input['Department'].isin(['BBA', 'JMC', 'Textile', 'NFE', 'Others']).astype(int)
    df_output['Do_you_read_Newspaper'] = (df_input['Do you read Newspaper'] == 'Yes').astype(int)
    return df_output

---DIVIDER---

def extracting_features_1(df_input):
    df_output = pd.DataFrame()
    df_output['Reason_for_reading_books_is_Academic_Purpose'] = (df_input['Reason for reading books'] == 'Academic Purpose').astype(int)
    df_output['Amount_of_time_spent_reading_books_per_day_ge_1'] = (df_input['Amount of time spent reading books per day'] >= 1).astype(int)
    df_output['Frequency_of_reading_books_in_Daily_Several_times_a_week'] = df_input['Frequency of reading books'].isin(['On everyday basis', 'A few times a week']).astype(int)
    df_output['Number_of_e_books_read_last_two_years_in_6_10_11_15_16_20_More_than_20'] = df_input['Number of e-books you read last two years'].isin(['6-10', '11-15', '16-20', 'More than 20']).astype(int)
    df_output['Number_of_printed_books_read_last_two_years_in_6_10_11_15_16_20_More_than_20'] = df_input['Number of printed books you read last two years'].isin(['6-10', '11-15', '16-20', 'More than 20']).astype(int)
    df_output['Favorite_books_for_reading_leisure_in_Non_Fiction_Biography'] = df_input['Favorite books for reading to spend leisure time'].isin(['Non-Fiction', 'Biography']).astype(int)
    df_output['Change_after_reading_books_is_Increase_Academic_Performance'] = (df_input['What is the change that you fell after reading books'] == 'Increase Academic Performance').astype(int)
    df_output['Who_influenced_you_to_read_books_in_Teachers_Parents'] = df_input['Who influenced you to read books'].isin(['Teachers', 'Parents']).astype(int)
    df_output['Department_in_CSE_SWE_Pharmacy_EEE_Civil_CIS_MCT'] = df_input['Department'].isin(['CSE', 'SWE', 'Pharmacy', 'EEE', 'Civil', 'CIS', 'MCT']).astype(int)
    df_output['Format_used_for_reading_books_in_E_books_Buy_Used_all'] = df_input['The format that you used for reading books'].isin(['E-books', 'Buy', 'Used-all']).astype(int)
    return df_output

---VERSION---



---VERSION---



---VERSION---

def extracting_features_0(df_input):
    df_output = pd.DataFrame()
    df_output['time_spent_reading_lt_0_5'] = (df_input['Amount of time spent reading books per day'] < 0.5).astype(int)
    df_output['reason_reading_in_list'] = df_input['Reason for reading books'].isin(['Entertainment Purpose', 'To increase my English vocabulary knowledge', 'Keep me informative']).astype(int)
    df_output['frequency_reading_in_list'] = df_input['Frequency of reading books'].isin(['Less than once a year', 'Once or twice a year']).astype(int)
    df_output['ebooks_read_in_list'] = df_input['Number of e-books you read last two years'].isin(['1-5', float('nan')]).astype(int)
    df_output['printed_books_read_in_list'] = df_input['Number of printed books you read last two years'].isin(['1-5', float('nan')]).astype(int)
    df_output['favorite_books_in_list'] = df_input['Favorite books for reading to spend leisure time'].isin(['Fiction', 'Politics', 'Others']).astype(int)
    df_output['department_in_list'] = df_input['Department'].isin(['BBA', 'English', 'JMC', 'NFE', 'Others']).astype(int)
    df_output['change_not_in_list'] = (~df_input['What is the change that you fell after reading books'].isin(['Increase Academic Performance', 'Increase Problem Solving Skill'])).astype(int)
    df_output['manage_books_in_list'] = df_input['How to manage books for reading'].isin(['Borrow', 'Others']).astype(int)
    freq_map = {
        'On everyday basis': 30,
        'A few times a week': 12,
        'A few times a month': 3,
        'Once or twice a year': 0.17,
        'Less than once a year': 0.05
    }
    freq_num = df_input['Frequency of reading books'].map(freq_map)
    df_output['frequency_reading_le_1_per_month'] = (freq_num <= 1).astype(int)
    return df_output

---DIVIDER---

def extracting_features_1(df_input):
    df_output = pd.DataFrame()
    df_output['Amount_of_time_spent_reading_books_per_day'] = (df_input['Amount of time spent reading books per day'] >= 1).astype(int)
    df_output['Reason_for_reading_books'] = (df_input['Reason for reading books'] == 'Academic Purpose').astype(int)
    freq_condition_1 = df_input['Frequency of reading books'].isin(['On everyday basis', 'Several times a week'])
    df_output['Frequency_of_reading_books_1'] = freq_condition_1.astype(int)
    ebooks_condition = df_input['Number of e-books you read last two years'].isin(['6-10', '11-15', '16-20', 'More than 20'])
    df_output['Number_of_e_books_read_last_two_years'] = ebooks_condition.astype(int)
    printed_condition = df_input['Number of printed books you read last two years'].isin(['6-10', '11-15', '16-20', 'More than 20'])
    df_output['Number_of_printed_books_read_last_two_years'] = printed_condition.astype(int)
    fav_books_condition = df_input['Favorite books for reading to spend leisure time'].isin(['Non-Fiction', 'Biography'])
    df_output['Favorite_books_for_leisure'] = fav_books_condition.astype(int)
    dept_condition = df_input['Department'].isin(['CSE', 'SWE', 'Pharmacy', 'EEE', 'Civil', 'MCT', 'Textile', 'CIS'])
    df_output['Department'] = dept_condition.astype(int)
    change_condition = df_input['What is the change that you fell after reading books'].isin(['Increase Academic Performance', 'Increase Problem Solving Skill'])
    df_output['Change_after_reading_books'] = change_condition.astype(int)
    manage_books_condition = df_input['How to manage books for reading'].isin(['E-books', 'Buy', 'Used-all'])
    df_output['How_to_manage_books'] = manage_books_condition.astype(int)
    freq_condition_2 = df_input['Frequency of reading books'].isin(['Several times a week', 'On everyday basis'])
    df_output['Frequency_of_reading_books_2'] = freq_condition_2.astype(int)
    return df_output

---VERSION---



---VERSION---

def extracting_features_0(df_input):
    df_output = pd.DataFrame()
    df_output['Reason_for_reading_books'] = df_input['Reason for reading books'].isin(['Entertainment Purpose', 'To increase my English vocabulary knowledge', 'Keep me informative']).astype(int)
    df_output['Department'] = df_input['Department'].isin(['English', 'BBA', 'JMC', 'Others']).astype(int)
    df_output['Favorite_books_for_leisure'] = df_input['Favorite books for reading to spend leisure time'].isin(['Fiction', 'Biography', 'Others']).astype(int)
    freq_values = ['A few times a month', 'Rarely', 'Once a week']
    df_output['Frequency_of_reading_books'] = df_input['Frequency of reading books'].isin(freq_values).astype(int)
    df_output['Amount_of_time_spent_reading_books_per_day'] = (df_input['Amount of time spent reading books per day'] < 1).astype(int)
    ebooks_values = [float('nan'), '1-5']
    df_output['Number_of_e_books_read_last_two_years'] = df_input['Number of e-books you read last two years'].apply(lambda x: 1 if (pd.isna(x) or x == '1-5') else 0)
    pbooks_values = [float('nan'), '1-5']
    df_output['Number_of_printed_books_read_last_two_years'] = df_input['Number of printed books you read last two years'].apply(lambda x: 1 if (pd.isna(x) or x == '1-5') else 0)
    df_output['Change_after_reading_books'] = (df_input['What is the change that you fell after reading books'] != 'Increase Academic Performance').astype(int)
    df_output['Who_influenced_you_to_read_books'] = df_input['Who influenced you to read books'].isin(['Friends', 'Family', 'Self-motivation']).astype(int)
    df_output['How_to_manage_books_for_reading'] = df_input['How to manage books for reading'].isin(['Buy', 'Used-all', 'Others']).astype(int)
    return df_output

---DIVIDER---

def extracting_features_1(df_input):
    df_output = pd.DataFrame()
    df_output['Reason_Academic_Purpose'] = (df_input['Reason for reading books'] == 'Academic Purpose').astype(int)
    df_output['Department_in_selected'] = df_input['Department'].isin(['CSE', 'SWE', 'Pharmacy', 'EEE', 'Civil', 'Textile', 'CIS', 'MCT']).astype(int)
    df_output['Frequency_reading_selected'] = df_input['Frequency of reading books'].isin(['On everyday basis', 'Almost every day']).astype(int)
    df_output['Time_spent_reading_ge_1'] = (df_input['Amount of time spent reading books per day'] >= 1).astype(int)
    df_output['Ebooks_read_selected'] = df_input['Number of e-books you read last two years'].isin(['6-10', '11-15', '16-20', 'More than 20']).astype(int)
    df_output['Printed_books_read_selected'] = df_input['Number of printed books you read last two years'].isin(['6-10', '11-15', '16-20', 'More than 20']).astype(int)
    df_output['Change_after_reading_Academic_Performance'] = (df_input['What is the change that you fell after reading books'] == 'Increase Academic Performance').astype(int)
    df_output['Influenced_by_Teachers'] = (df_input['Who influenced you to read books'] == 'Teachers').astype(int)
    df_output['Format_used_Ebooks'] = (df_input['The format that you used for reading books'] == 'E-books').astype(int)
    df_output['Language_books_selected'] = df_input['Which language books do you like to read'].isin(['English', 'Bangla']).astype(int)
    return df_output