

---VERSION---



---VERSION---

def extracting_features_0(df_input):
    df_output = pd.DataFrame()
    df_output['Reason_for_reading_books'] = df_input['Reason for reading books'].isin(['Keep me informative', 'Entertainment Purpose', 'To increase my English vocabulary knowledge']).astype(int)
    df_output['Frequency_of_reading_books'] = df_input['Frequency of reading books'].isin(['A few times a month', 'Less than once a year', 'Once or twice a year']).astype(int)
    df_output['Amount_of_time_spent_reading_books_per_day'] = (df_input['Amount of time spent reading books per day'] < 2).astype(int)
    df_output['Favorite_books_for_reading_to_spend_leisure_time'] = df_input['Favorite books for reading to spend leisure time'].isin(['Fiction', 'Politics']).astype(int)
    df_output['What_is_the_change_that_you_fell_after_reading_books'] = df_input['What is the change that you fell after reading books'].isin(['Feel Relax', 'Increase Creative Thinking']).astype(int)
    df_output['Department'] = df_input['Department'].isin(['BBA', 'English', 'JMC', 'Others']).astype(int)
    df_output['The_format_that_you_used_for_reading_books'] = df_input['The format that you used for reading books'].isin(['E-books']).astype(int)
    df_output['Number_of_printed_books_you_read_last_two_years'] = df_input['Number of printed books you read last two years'].isin(['1-5', float('nan')]).astype(int)
    df_output['Number_of_e_books_you_read_last_two_years'] = df_input['Number of e-books you read last two years'].isin(['1-5', '6-10']).astype(int)
    df_output['Where_do_you_read_printed_books'] = df_input['Where do you read printed books'].isin(['Home', 'During Travel']).astype(int)
    return df_output

---DIVIDER---

def extracting_features_1(df_input):
    df_output = pd.DataFrame()
    df_output['Reason for reading books is Academic Purpose'] = (df_input['Reason for reading books'] == 'Academic Purpose').astype(int)
    df_output['Frequency of reading books is in [On everyday basis, A few times a week]'] = df_input['Frequency of reading books'].isin(['On everyday basis', 'A few times a week']).astype(int)
    df_output['Amount of time spent reading books per day >= 2'] = (df_input['Amount of time spent reading books per day'] >= 2).astype(int)
    df_output['What is the change that you felt after reading books is in [Increase Academic Performance, Increase Problem Solving Skill]'] = df_input['What is the change that you fell after reading books'].isin(['Increase Academic Performance', 'Increase Problem Solving Skill']).astype(int)
    df_output['Department is in [CSE, SWE, Pharmacy, Civil, EEE]'] = df_input['Department'].isin(['CSE', 'SWE', 'Pharmacy', 'Civil', 'EEE']).astype(int)
    df_output['Number of e-books you read last two years is in [More than 20, 16-20]'] = df_input['Number of e-books you read last two years'].isin(['More than 20', '16-20']).astype(int)
    df_output['Number of printed books you read last two years is in [More than 20, 16-20, 11-15, 6-10]'] = df_input['Number of printed books you read last two years'].isin(['More than 20', '16-20', '11-15', '6-10']).astype(int)
    df_output['The format that you used for reading books is in [Both, Printed]'] = df_input['The format that you used for reading books'].isin(['Both', 'Printed']).astype(int)
    df_output['Who influenced you to read books is in [Teachers, Self-Decision]'] = df_input['Who influenced you to read books'].isin(['Teachers', 'Self-Decision']).astype(int)
    df_output['Which language books you like to read is English'] = (df_input['Which language books do you like to read'] == 'English').astype(int)
    return df_output

---VERSION---



---VERSION---



---VERSION---

def extracting_features_0(df_input):
    df_output = pd.DataFrame()
    df_output['Reason_for_reading_books'] = df_input['Reason for reading books'].isin(['Keep me informative', 'Entertainment Purpose', 'To increase my English vocabulary knowledge']).astype(int)
    df_output['Frequency_of_reading_books'] = df_input['Frequency of reading books'].isin(['A few times a month', 'A few times a week', 'Less than once a year', 'Once or twice a year']).astype(int)
    df_output['Amount_of_time_spent_reading_books_per_day'] = (df_input['Amount of time spent reading books per day'] <= 2).astype(int)
    df_output['Favorite_books_for_reading_to_spend_leisure_time'] = df_input['Favorite books for reading to spend leisure time'].isin(['Fiction', 'Biography', 'Politics', 'Others']).astype(int)
    df_output['Number_of_printed_books_you_read_last_two_years'] = df_input['Number of printed books you read last two years'].isin(['1-5', float('nan')]).astype(int)
    df_output['Number_of_e_books_you_read_last_two_years'] = df_input['Number of e-books you read last two years'].isin(['1-5', float('nan')]).astype(int)
    df_output['The_format_that_you_used_for_reading_books'] = df_input['The format that you used for reading books'].isin(['Printed', 'E-books']).astype(int)
    df_output['Where_do_you_read_printed_books'] = df_input['Where do you read printed books'].isin(['Home', 'During Travel']).astype(int)
    df_output['What_is_the_change_that_you_felt_after_reading_books'] = df_input['What is the change that you fell after reading books'].isin(['Feel Relax', 'Increase Creative Thinking']).astype(int)
    df_output['Who_influenced_you_to_read_books'] = df_input['Who influenced you to read books'].isin(['Friends', 'Parents']).astype(int)
    return df_output

---DIVIDER---

def extracting_features_1(df_input):
    df_output = pd.DataFrame()
    df_output['Reason_Academic_Purpose'] = (df_input['Reason for reading books'] == 'Academic Purpose').astype(int)
    df_output['Frequency_Reading_High'] = df_input['Frequency of reading books'].isin(['On everyday basis', 'A few times a week']).astype(int)
    df_output['Time_Spent_Reading_GTE_2'] = (df_input['Amount of time spent reading books per day'] >= 2).astype(int)
    df_output['Ebooks_Read_High'] = df_input['Number of e-books you read last two years'].isin(['6-10', '11-15', '16-20', 'More than 20']).astype(int)
    df_output['Printed_Books_Read_High'] = df_input['Number of printed books you read last two years'].isin(['6-10', '11-15', '16-20', 'More than 20']).astype(int)
    df_output['Change_Academic_ProblemSolving'] = df_input['What is the change that you fell after reading books'].isin(['Increase Academic Performance', 'Increase Problem Solving Skill']).astype(int)
    df_output['Format_Both_Ebooks'] = df_input['The format that you used for reading books'].isin(['Both', 'E-books']).astype(int)
    df_output['Department_Tech_Academic'] = df_input['Department'].isin(['CSE', 'SWE', 'EEE', 'Others']).astype(int)
    df_output['Influenced_Teachers_Self'] = df_input['Who influenced you to read books'].isin(['Teachers', 'Self-Decision']).astype(int)
    df_output['Language_English'] = (df_input['Which language books do you like to read'] == 'English').astype(int)
    return df_output

---VERSION---



---VERSION---

def extracting_features_0(df_input):
    df_output = pd.DataFrame()
    df_output['Reason_for_reading_books'] = df_input['Reason for reading books'].isin(['Keep me informative', 'Entertainment Purpose', 'To increase my English vocabulary knowledge']).astype(int)
    df_output['Frequency_of_reading_books'] = df_input['Frequency of reading books'].isin(['A few times a month', 'Less than once a year', 'Once or twice a year']).astype(int)
    df_output['Favorite_books_for_leisure'] = df_input['Favorite books for reading to spend leisure time'].isin(['Fiction', 'Politics', 'Biography']).astype(int)
    df_output['Amount_of_time_spent_reading_books_per_day'] = (df_input['Amount of time spent reading books per day'] <= 2).astype(int)
    df_output['Number_of_ebooks_read_last_two_years'] = df_input['Number of e-books you read last two years'].isin(['1-5', '6-10', float('nan')]).astype(int)
    df_output['Number_of_printed_books_read_last_two_years'] = df_input['Number of printed books you read last two years'].isin(['1-5', '6-10', float('nan')]).astype(int)
    df_output['Department'] = df_input['Department'].isin(['English', 'BBA', 'JMC', 'NFE', 'Others']).astype(int)
    df_output['Format_used_for_reading_books'] = df_input['The format that you used for reading books'].isin(['Printed', 'E-books']).astype(int)
    df_output['Change_after_reading_books'] = df_input['What is the change that you fell after reading books'].isin(['Feel Relax', 'Increase Creative Thinking']).astype(int)
    df_output['Frequency_of_reading_books_not_everyday'] = (df_input['Frequency of reading books'] != 'On everyday basis').astype(int)
    return df_output

---DIVIDER---

def extracting_features_1(df_input):
    df_output = pd.DataFrame()
    df_output['Reason_for_reading_books_is_Academic_Purpose'] = (df_input['Reason for reading books'] == 'Academic Purpose').astype(int)
    df_output['Frequency_of_reading_books_in_On_everyday_basis_or_A_few_times_a_week'] = df_input['Frequency of reading books'].isin(['On everyday basis', 'A few times a week']).astype(int)
    df_output['Amount_of_time_spent_reading_books_per_day_gte_2'] = (df_input['Amount of time spent reading books per day'] >= 2).astype(int)
    df_output['Number_of_e_books_you_read_last_two_years_in_More_than_20_or_16_20'] = df_input['Number of e-books you read last two years'].isin(['More than 20', '16-20']).astype(int)
    df_output['Number_of_printed_books_you_read_last_two_years_in_More_than_20_or_16_20'] = df_input['Number of printed books you read last two years'].isin(['More than 20', '16-20']).astype(int)
    df_output['What_is_the_change_that_you_fell_after_reading_books_in_Increase_Academic_Performance_or_Increase_Problem_Solving_Skill'] = df_input['What is the change that you fell after reading books'].isin(['Increase Academic Performance', 'Increase Problem Solving Skill']).astype(int)
    df_output['Department_in_CSE_SWE_EEE_Pharmacy_Civil_MCT_CIS_Textile'] = df_input['Department'].isin(['CSE', 'SWE', 'EEE', 'Pharmacy', 'Civil', 'MCT', 'CIS', 'Textile']).astype(int)
    df_output['The_format_that_you_used_for_reading_books_in_Both_E_books'] = df_input['The format that you used for reading books'].isin(['Both', 'E-books']).astype(int)
    df_output['Who_influenced_you_to_read_books_in_Teachers_Self_Decision'] = df_input['Who influenced you to read books'].isin(['Teachers', 'Self-Decision']).astype(int)
    df_output['Which_language_books_do_you_like_to_read_is_English'] = (df_input['Which language books do you like to read'] == 'English').astype(int)
    return df_output

---VERSION---



---VERSION---

def extracting_features_0(df_input):
    df_output = pd.DataFrame()
    df_output['Reason_for_reading_books'] = df_input['Reason for reading books'].isin(['Entertainment Purpose', 'Keep me informative', 'To increase my English vocabulary knowledge']).astype(int)
    df_output['Favorite_books_for_leisure'] = df_input['Favorite books for reading to spend leisure time'].isin(['Fiction', 'Biography', 'Politics', 'Others']).astype(int)
    df_output['Frequency_of_reading_books'] = df_input['Frequency of reading books'].isin(['A few times a month', 'Less than once a year', 'Once or twice a year']).astype(int)
    df_output['Amount_of_time_spent_reading_books_per_day'] = (df_input['Amount of time spent reading books per day'] < 2).astype(int)
    df_output['Number_of_ebooks_read_last_two_years'] = df_input['Number of e-books you read last two years'].isin(['1-5', '6-10', np.nan]).astype(int)
    df_output['Number_of_printed_books_read_last_two_years'] = df_input['Number of printed books you read last two years'].isin(['1-5', '6-10', np.nan]).astype(int)
    df_output['Format_used_for_reading_books'] = df_input['The format that you used for reading books'].isin(['E-books']).astype(int)
    df_output['Change_after_reading_books'] = df_input['What is the change that you fell after reading books'].isin(['Feel Relax', 'Increase Creative Thinking']).astype(int)
    df_output['Department'] = df_input['Department'].isin(['English', 'BBA', 'JMC', 'Textile', 'NFE', 'Others']).astype(int)
    df_output['Frequency_of_reading_books_not_everyday'] = (df_input['Frequency of reading books'] != 'On everyday basis').astype(int)
    return df_output

---DIVIDER---

def extracting_features_1(df_input):
    df_output = pd.DataFrame()
    df_output['Reason_for_reading_books_is_Academic_Purpose'] = (df_input['Reason for reading books'] == 'Academic Purpose').astype(int)
    df_output['Frequency_of_reading_books_in_selected'] = df_input['Frequency of reading books'].isin(['On everyday basis', 'A few times a week']).astype(int)
    df_output['Amount_of_time_spent_reading_books_per_day_ge_1'] = (df_input['Amount of time spent reading books per day'] >= 1).astype(int)
    df_output['What_is_the_change_after_reading_books_in_selected'] = df_input['What is the change that you fell after reading books'].isin(['Increase Academic Performance', 'Increase Problem Solving Skill']).astype(int)
    df_output['Number_of_printed_books_read_last_two_years_in_selected'] = df_input['Number of printed books you read last two years'].isin(['More than 20', '16-20', '11-15']).astype(int)
    df_output['Number_of_ebooks_read_last_two_years_in_selected'] = df_input['Number of e-books you read last two years'].isin(['More than 20', '16-20', '11-15']).astype(int)
    df_output['Department_in_selected'] = df_input['Department'].isin(['CSE', 'SWE', 'Civil', 'Pharmacy', 'EEE', 'MCT', 'CIS']).astype(int)
    df_output['Format_used_for_reading_books_in_selected'] = df_input['The format that you used for reading books'].isin(['Both', 'Printed']).astype(int)
    df_output['Where_do_you_read_printed_books_in_selected'] = df_input['Where do you read printed books'].isin(['Library', 'Home']).astype(int)
    df_output['Who_influenced_you_to_read_books_in_selected'] = df_input['Who influenced you to read books'].isin(['Teachers', 'Self-Decision']).astype(int)
    return df_output