def extracting_features_0(df_input):
    df_output = pd.DataFrame()
    df_output['Temperature_in_65_73'] = ((df_input['Temperature'] >= 65) & (df_input['Temperature'] <= 73)).astype(int)
    df_output['Vibration_in_40_55'] = ((df_input['Vibration'] >= 40) & (df_input['Vibration'] <= 55)).astype(int)
    df_output['Power_Usage_in_9_13'] = ((df_input['Power_Usage'] >= 9) & (df_input['Power_Usage'] <= 13)).astype(int)
    df_output['Humidity_in_25_35'] = ((df_input['Humidity'] >= 25) & (df_input['Humidity'] <= 35)).astype(int)
    df_output['Machine_Type_is_Mill'] = (df_input['Machine_Type'] == 'Mill').astype(int)
    df_output['Temperature_le_72'] = (df_input['Temperature'] <= 72).astype(int)
    df_output['Vibration_le_54'] = (df_input['Vibration'] <= 54).astype(int)
    df_output['Power_Usage_ge_9'] = (df_input['Power_Usage'] >= 9).astype(int)
    df_output['Humidity_le_33'] = (df_input['Humidity'] <= 33).astype(int)
    df_output['Machine_Type_is_Lathe_and_Temperature_lt_70'] = ((df_input['Machine_Type'] == 'Lathe') & (df_input['Temperature'] < 70)).astype(int)
    return df_output

---DIVIDER---

def extracting_features_1(df_input):  
    df_output = pd.DataFrame()  
    df_output['Temperature_80'] = (df_input['Temperature'] >= 80).astype(int)  
    df_output['Vibration_53'] = (df_input['Vibration'] >= 53).astype(int)  
    df_output['Power_Usage_8'] = (df_input['Power_Usage'] <= 8).astype(int)  
    df_output['Humidity_35'] = (df_input['Humidity'] >= 35).astype(int)  
    df_output['Machine_Type_Lathe_and_Vibration_53'] = ((df_input['Machine_Type'] == 'Lathe') & (df_input['Vibration'] >= 53)).astype(int)  
    df_output['Temperature_85'] = (df_input['Temperature'] >= 85).astype(int)  
    df_output['Vibration_55'] = (df_input['Vibration'] >= 55).astype(int)  
    df_output['Power_Usage_7_9'] = (df_input['Power_Usage'] <= 7.9).astype(int)  
    df_output['Humidity_36'] = (df_input['Humidity'] >= 36).astype(int)  
    df_output['Machine_Type_Lathe_and_Temperature_80'] = ((df_input['Machine_Type'] == 'Lathe') & (df_input['Temperature'] >= 80)).astype(int)  
    return df_output

---VERSION---



---VERSION---

def extracting_features_0(df_input):
    df_output = pd.DataFrame()
    df_output['Temperature_lt_75'] = (df_input['Temperature'] < 75).astype(int)
    df_output['Vibration_lt_50'] = (df_input['Vibration'] < 50).astype(int)
    df_output['Power_Usage_ge_10'] = (df_input['Power_Usage'] >= 10).astype(int)
    df_output['Humidity_lt_30'] = (df_input['Humidity'] < 30).astype(int)
    df_output['Machine_Type_in_Mill_Drill'] = df_input['Machine_Type'].isin(['Mill', 'Drill']).astype(int)
    df_output['Temperature_in_65_73'] = ((df_input['Temperature'] >= 65) & (df_input['Temperature'] <= 73)).astype(int)
    df_output['Vibration_in_40_50'] = ((df_input['Vibration'] >= 40) & (df_input['Vibration'] <= 50)).astype(int)
    df_output['Power_Usage_in_10_13'] = ((df_input['Power_Usage'] >= 10) & (df_input['Power_Usage'] <= 13)).astype(int)
    df_output['Humidity_in_25_30'] = ((df_input['Humidity'] >= 25) & (df_input['Humidity'] <= 30)).astype(int)
    df_output['Machine_Type_Lathe_and_Temperature_lt_75'] = ((df_input['Machine_Type'] == 'Lathe') & (df_input['Temperature'] < 75)).astype(int)
    return df_output

---DIVIDER---

def extracting_features_1(df_input):
    df_output = pd.DataFrame()
    df_output['Temperature_ge_75'] = (df_input['Temperature'] >= 75).astype(int)
    df_output['Vibration_ge_50'] = (df_input['Vibration'] >= 50).astype(int)
    df_output['Power_Usage_lt_10'] = (df_input['Power_Usage'] < 10).astype(int)
    df_output['Humidity_ge_35'] = (df_input['Humidity'] >= 35).astype(int)
    df_output['Machine_Type_is_Lathe'] = (df_input['Machine_Type'] == 'Lathe').astype(int)
    df_output['Temperature_in_80_90'] = ((df_input['Temperature'] >= 80) & (df_input['Temperature'] <= 90)).astype(int)
    df_output['Vibration_in_53_57'] = ((df_input['Vibration'] >= 53) & (df_input['Vibration'] <= 57)).astype(int)
    df_output['Power_Usage_in_7_11'] = ((df_input['Power_Usage'] >= 7) & (df_input['Power_Usage'] <= 11)).astype(int)
    df_output['Humidity_in_35_38'] = ((df_input['Humidity'] >= 35) & (df_input['Humidity'] <= 38)).astype(int)
    df_output['Machine_Type_Lathe_and_Vibration_ge_50'] = ((df_input['Machine_Type'] == 'Lathe') & (df_input['Vibration'] >= 50)).astype(int)
    return df_output

---VERSION---

def extracting_features_0(df_input):
    df_output = pd.DataFrame()
    df_output['Temperature_le_72'] = (df_input['Temperature'] <= 72).astype(int)
    df_output['Vibration_40_55'] = ((df_input['Vibration'] >= 40) & (df_input['Vibration'] <= 55)).astype(int)
    df_output['Power_Usage_le_13'] = (df_input['Power_Usage'] <= 13).astype(int)
    df_output['Humidity_25_40'] = ((df_input['Humidity'] >= 25) & (df_input['Humidity'] <= 40)).astype(int)
    df_output['Machine_Type_in_Lathe_Mill'] = df_input['Machine_Type'].isin(['Lathe', 'Mill']).astype(int)
    df_output['Temperature_65_72'] = ((df_input['Temperature'] >= 65) & (df_input['Temperature'] <= 72)).astype(int)
    df_output['Vibration_le_54'] = (df_input['Vibration'] <= 54).astype(int)
    df_output['Power_Usage_5_11'] = ((df_input['Power_Usage'] >= 5) & (df_input['Power_Usage'] <= 11)).astype(int)
    df_output['Humidity_ge_25'] = (df_input['Humidity'] >= 25).astype(int)
    df_output['Temperature_lt_70'] = (df_input['Temperature'] < 70).astype(int)
    return df_output

---DIVIDER---

def extracting_features_1(df_input):
    df_output = pd.DataFrame()
    df_output['Temperature_gt_80'] = (df_input['Temperature'] > 80).astype(int)
    df_output['Vibration_gt_54'] = (df_input['Vibration'] > 54).astype(int)
    df_output['Power_Usage_gt_11'] = (df_input['Power_Usage'] > 11).astype(int)
    df_output['Humidity_lt_30'] = (df_input['Humidity'] < 30).astype(int)
    df_output['Machine_Type_is_Lathe'] = (df_input['Machine_Type'] == 'Lathe').astype(int)
    df_output['Temperature_ge_81'] = (df_input['Temperature'] >= 81).astype(int)
    df_output['Vibration_ge_55'] = (df_input['Vibration'] >= 55).astype(int)
    df_output['Power_Usage_ge_10'] = (df_input['Power_Usage'] >= 10).astype(int)
    df_output['Humidity_in_20_36'] = ((df_input['Humidity'] >= 20) & (df_input['Humidity'] <= 36)).astype(int)
    df_output['Temperature_gt_85'] = (df_input['Temperature'] > 85).astype(int)
    return df_output

---VERSION---

def extracting_features_0(df_input):
    df_output = pd.DataFrame()
    df_output['Temperature_lt_75'] = (df_input['Temperature'] < 75).astype(int)
    df_output['Vibration_lt_50'] = (df_input['Vibration'] < 50).astype(int)
    df_output['Power_Usage_lt_11'] = (df_input['Power_Usage'] < 11).astype(int)
    df_output['Humidity_lt_35'] = (df_input['Humidity'] < 35).astype(int)
    df_output['Machine_Type_in_Lathe_Mill'] = df_input['Machine_Type'].isin(['Lathe', 'Mill']).astype(int)
    df_output['Temperature_in_65_74'] = ((df_input['Temperature'] >= 65) & (df_input['Temperature'] <= 74)).astype(int)
    df_output['Vibration_in_40_49'] = ((df_input['Vibration'] >= 40) & (df_input['Vibration'] <= 49)).astype(int)
    df_output['Power_Usage_in_5_10'] = ((df_input['Power_Usage'] >= 5) & (df_input['Power_Usage'] <= 10)).astype(int)
    df_output['Humidity_in_20_34'] = ((df_input['Humidity'] >= 20) & (df_input['Humidity'] <= 34)).astype(int)
    df_output['Machine_Type_Mill_and_Temperature_lt_73'] = ((df_input['Machine_Type'] == 'Mill') & (df_input['Temperature'] < 73)).astype(int)
    return df_output

---DIVIDER---

def extracting_features_1(df_input):  
    df_output = pd.DataFrame()  
    df_output['Temperature_ge_80'] = (df_input['Temperature'] >= 80).astype(int)  
    df_output['Vibration_ge_53'] = (df_input['Vibration'] >= 53).astype(int)  
    df_output['Power_Usage_ge_8'] = (df_input['Power_Usage'] >= 8).astype(int)  
    df_output['Humidity_ge_35'] = (df_input['Humidity'] >= 35).astype(int)  
    df_output['Machine_Type_is_Lathe'] = (df_input['Machine_Type'] == 'Lathe').astype(int)  
    df_output['Temperature_in_80_90'] = ((df_input['Temperature'] >= 80) & (df_input['Temperature'] <= 90)).astype(int)  
    df_output['Vibration_in_53_57'] = ((df_input['Vibration'] >= 53) & (df_input['Vibration'] <= 57)).astype(int)  
    df_output['Power_Usage_in_8_12'] = ((df_input['Power_Usage'] >= 8) & (df_input['Power_Usage'] <= 12)).astype(int)  
    df_output['Humidity_in_35_40'] = ((df_input['Humidity'] >= 35) & (df_input['Humidity'] <= 40)).astype(int)  
    df_output['Machine_Type_Lathe_and_Temperature_ge_80'] = ((df_input['Machine_Type'] == 'Lathe') & (df_input['Temperature'] >= 80)).astype(int)  
    return df_output