Answer:  
Step 1. The relationship between each feature and the task description:

- Date: The date and time itself may not directly influence arrest likelihood, but crimes reported at certain times (e.g., late night) might differ in arrest rates.
- Primary Type: Different crime types have different arrest probabilities; violent crimes like BATTERY often have arrests, while minor offenses or regulatory violations might not.
- Description: More severe or specific descriptions (e.g., AGGRAVATED) typically increase arrest chances.
- Location Description: Crimes in public places (STREET, SIDEWALK) might have higher arrest rates due to witnesses; private locations (RESIDENCE) may have different arrest likelihood.
- Domestic: Domestic violence cases might have distinct arrest patterns; often arrests are made due to mandated policies.
- Beat, District, Ward, Community Area: Geographic location might correlate with policing intensity and arrest rates.
- FBI Code: Certain FBI crime codes correspond to more serious offenses with higher arrest likelihood.
- X Coordinate, Y Coordinate, Latitude, Longitude: These are spatial proxies for location; similar to geographic features above.
- Year: The year might reflect changes in policy or enforcement but is constant in examples.
  
Step 2. Based on Step 1 and given examples, here are 10 conditions per class:

10 different conditions for class "0" (No arrest made):
- Primary Type is in [OTHER OFFENSE, OFFENSE INVOLVING CHILDREN, LIQUOR LAW VIOLATION, NON-CRIMINAL, MOTOR VEHICLE THEFT]
- Description is in [VEHICLE TITLE / REGISTRATION OFFENSE, SIMPLE, UNLAWFUL ENTRY, LOST PROPERTY]
- Location Description is in [STREET, RESIDENCE, APARTMENT, SIDEWALK]
- Domestic is 0
- FBI Code is in [26, 35, 10, 22]
- Date is within range of [01/01/2025 12:00:00 AM, 01/10/2025 11:59:59 PM]
- Beat is within range of [1500, 1600]
- District is in [15, 8]
- Ward is in [23, 37]
- Community Area is within range of [20, 30]

10 different conditions for class "1" (Arrest made):
- Primary Type is in [BATTERY, NARCOTICS, ASSAULT, CRIM SEXUAL ASSAULT, ROBBERY]
- Description is in [SIMPLE, AGGRAVATED, POSSESS - HEROIN (WHITE), AGGRAVATED P.O. - HANDS, FISTS, FEET, SERIOUS INJURY]
- Location Description is in [SMALL RETAIL STORE, SIDEWALK, STREET, CTA BUS STOP]
- Domestic is 0 or 1 (both possible but often 0)
- FBI Code is in [08B, 18, 03, 04]
- Date is within range of [01/11/2025 12:00:00 AM, 01/29/2025 11:59:59 PM]
- Beat is within range of [800, 1200]
- District is in [8, 11]
- Ward is in [12, 28]
- Community Area is within range of [25, 60]

These conditions reflect typical patterns of arrest likelihood given crime type, location, and description as seen in the examples and general knowledge.

---DIVIDER---

Answer:  
Step 1. The relationship between each feature and the task description:

- Date: The time or date itself likely has little direct effect on whether an arrest was made, but certain times (e.g., late night) might correlate with types of crimes more likely to lead to arrest.  
- Primary Type: Different crime types have different arrest likelihoods; e.g., narcotics offenses often lead to arrests, while some regulatory or minor offenses may not.  
- Description: More specific crime descriptions can indicate severity or nature, which affects arrest probability (e.g., aggravated assaults more likely to have arrests than minor offenses).  
- Location Description: Certain locations (e.g., street, residence, retail store) might influence police presence or arrest likelihood.  
- Domestic: Domestic crimes might have different arrest protocols or likelihoods; domestic violence cases may have higher arrest rates.  
- Beat, District, Ward, Community Area: Geographic areas may have different policing intensity or policies affecting arrest rates.  
- FBI Code: FBI crime classification codes represent crime severity/type and can correlate strongly with arrest likelihood.  
- X Coordinate, Y Coordinate, Latitude, Longitude: Geographic coordinates relate to location, similar to Beat/District, but less interpretable alone.  
- Year: Since all examples are from 2025, year is unlikely to influence arrest status in this dataset.

Step 2. Based on the above and examples, infer conditions:

10 different conditions for class "0" (No arrest made):  
- Primary Type is in [OTHER OFFENSE, OFFENSE INVOLVING CHILDREN]  
- Description is in [VEHICLE TITLE / REGISTRATION OFFENSE, AGGRAVATED SEXUAL ASSAULT OF CHILD BY FAMILY MEMBER]  
- Location Description is in [STREET, RESIDENCE]  
- Domestic is 0  
- FBI Code is in [26, 02]  
- Beat is within range of [1500, 1600]  
- District is in [15, 8]  
- Ward is in [23, 37]  
- Community Area is in [25, 56]  
- Year is 2025  

10 different conditions for class "1" (Arrest made):  
- Primary Type is in [NARCOTICS, BATTERY]  
- Description is in [POSSESS - HEROIN (WHITE), SIMPLE]  
- Location Description is in [SIDEWALK, SMALL RETAIL STORE]  
- Domestic is 0 or 1 (both can apply, but examples show 0)  
- FBI Code is in [18, 08B]  
- Beat is within range of [800, 1200]  
- District is in [8, 11]  
- Ward is in [12, 28]  
- Community Area is in [27, 58]  
- Year is 2025

---DIVIDER---

Answer:  
Step 1. The relationship between each feature and the task description:

- Date: The time of the report might correlate with arrest likelihood (e.g., arrests might be less likely late at night or on certain days), but this is weak and indirect.
- Primary Type: Certain crime types (e.g., violent crimes like BATTERY) are more likely to result in arrests than non-violent or regulatory offenses (e.g., NARCOTICS possession might have high arrest rates, while OTHER OFFENSE might not).
- Description: More severe or specific descriptions (e.g., AGGRAVATED, SIMPLE) can indicate the seriousness and thus likelihood of arrest.
- Location Description: Some locations (e.g., STREET, SIDEWALK, SMALL RETAIL STORE) might have higher police presence and arrest likelihood than private or less accessible places.
- Domestic: Domestic crimes (Domestic=1) may have different arrest likelihoods, sometimes higher due to mandated reporting.
- Beat, District, Ward, Community Area: Certain geographical areas might have different arrest rates due to policing policies or crime prevalence.
- FBI Code: Different FBI codes correspond to different crime categories; some codes may be more associated with arrests.
- Coordinates (X, Y, Latitude, Longitude): These relate to location and might indirectly reflect arrest likelihood through area crime and policing patterns.
- Year: Year may not vary much here (all 2025), so less relevant.
  
Step 2. Based on the above and examples, 10 different conditions per answer class:

10 different conditions for class "0":  
- Primary Type is in [OFFENSE INVOLVING CHILDREN, OTHER OFFENSE, LIQUOR LAW VIOLATION, NON-CRIMINAL, PUBLIC PEACE VIOLATION]  
- Description is in [AGGRAVATED SEXUAL ASSAULT OF CHILD BY FAMILY MEMBER, VEHICLE TITLE / REGISTRATION OFFENSE, LICENSE PLATE - LOST/STOLEN, SIMPLE, UNLAWFUL ENTRY]  
- Location Description is in [RESIDENCE, APARTMENT, SCHOOL, CHURCH, HOSPITAL]  
- Domestic = 1 and Primary Type is in [OFFENSE INVOLVING CHILDREN, DOMESTIC BATTERY SIMPLE]  
- FBI Code is in [02, 26, 35, 90]  
- Beat is within range of [100, 200] and Primary Type is OTHER OFFENSE  
- District is within range of [1, 3] and Primary Type is in [LIQUOR LAW VIOLATION, PUBLIC PEACE VIOLATION]  
- Ward is within range of [40, 50] and Primary Type is NON-CRIMINAL  
- Community Area is within range of [50, 70] and Primary Type is OFFENSE INVOLVING CHILDREN  
- Date is within range of [01/01/2025 12:00:00 AM, 01/10/2025 11:59:59 PM] and Primary Type is in [OTHER OFFENSE, OFFENSE INVOLVING CHILDREN]

10 different conditions for class "1":  
- Primary Type is in [BATTERY, NARCOTICS, ASSAULT, THEFT, ROBBERY]  
- Description is in [SIMPLE, POSSESS - HEROIN (WHITE), AGGRAVATED P.O. - HANDS, FISTS, FEET, SERIOUS INJURY, OVER $500]  
- Location Description is in [SMALL RETAIL STORE, SIDEWALK, STREET, CTA BUS STOP, ALLEY]  
- Domestic = 0 and Primary Type is in [BATTERY, NARCOTICS]  
- FBI Code is in [08B, 18, 06, 09]  
- Beat is within range of [800, 900] and Primary Type is BATTERY  
- District is within range of [7, 11] and Primary Type is in [BATTERY, NARCOTICS]  
- Ward is within range of [10, 30] and Primary Type is THEFT  
- Community Area is within range of [20, 40] and Primary Type is NARCOTICS  
- Date is within range of [01/11/2025 12:00:00 AM, 01/29/2025 11:59:59 PM] and Primary Type is in [BATTERY, NARCOTICS]

These conditions align with the examples and general knowledge about crime and arrest likelihood.

---DIVIDER---

Answer:  
Step 1. The relationship between each feature and the task description:

- Date: The date/time itself likely has minimal causal effect on whether an arrest was made, but certain times (e.g., late night) might correlate with types of crimes more likely to have arrests.  
- Primary Type: Different crime types have different arrest likelihoods. For example, narcotics offenses often lead to arrests, while some administrative or minor offenses may not.  
- Description: More serious or specific descriptions (e.g., aggravated assault) might have higher arrest rates.  
- Location Description: Certain locations (e.g., street, retail store) might have higher arrest rates due to police presence or type of crime.  
- Domestic: Domestic violence crimes may have different arrest patterns, sometimes higher due to mandatory arrest policies.  
- Beat, District, Ward, Community Area: Geographic police jurisdictions might have varying arrest rates due to policing strategies or crime prevalence.  
- FBI Code: Different FBI crime codes represent different crime categories with varying arrest likelihoods.  
- X Coordinate, Y Coordinate, Latitude, Longitude: Spatial coordinates relate to location and thus indirectly to arrest likelihood through geography.  
- Year: Arrest patterns might change over years, but here only 2025 is shown, so minimal effect.  

In summary, the strongest predictors are likely Primary Type, Description, Domestic flag, Location Description, and FBI Code, with some geographic influence from District or Community Area.

---

Step 2. Based on the above and the examples, infer 10 different conditions per answer:

10 different conditions for class "0" (no arrest made):  
- Primary Type is in [OFFENSE INVOLVING CHILDREN, OTHER OFFENSE, LIQUOR LAW VIOLATION]  
- Description is in [VEHICLE TITLE / REGISTRATION OFFENSE, SIMPLE] (when paired with certain Primary Types)  
- Domestic is 0 and Primary Type is in [OTHER OFFENSE, NON-CRIMINAL]  
- FBI Code is in [26, 35] (codes often related to minor or administrative offenses)  
- Location Description is in [STREET, CTA BUS STOP] and Primary Type is in [THEFT] but no arrest made (based on examples)  
- Beat is within range of [1500, 1600] and Primary Type is OTHER OFFENSE  
- District is in [15, 25] and Primary Type is OFFENSE INVOLVING CHILDREN with Domestic 1 but no arrest  
- Ward is within range of [20, 30] and Primary Type is OFFENSE INVOLVING CHILDREN with Domestic 1  
- Community Area is within range of [50, 60] and Description is AGGRAVATED SEXUAL ASSAULT OF CHILD BY FAMILY MEMBER with Domestic 1  
- Date is within range of [01/01/2025 00:00:00 AM, 01/10/2025 11:59:59 PM] and Primary Type is in [OTHER OFFENSE, OFFENSE INVOLVING CHILDREN]

10 different conditions for class "1" (arrest made):  
- Primary Type is in [NARCOTICS, BATTERY, ASSAULT]  
- Description is in [POSSESS - HEROIN (WHITE), SIMPLE, AGGRAVATED P.O. - HANDS, FISTS, FEET, SERIOUS INJURY]  
- Domestic is 0 and Primary Type is NARCOTICS  
- FBI Code is in [18, 08B] (codes related to narcotics and battery)  
- Location Description is in [SIDEWALK, SMALL RETAIL STORE, STREET] and Primary Type is BATTERY or NARCOTICS  
- Beat is within range of [800, 900] and Primary Type is BATTERY or ASSAULT  
- District is in [8, 11] and Primary Type is in [BATTERY, NARCOTICS]  
- Ward is within range of [10, 15] and Primary Type is BATTERY with Description SIMPLE  
- Community Area is within range of [25, 30] and Primary Type is NARCOTICS  
- Date is within range of [01/11/2025 00:00:00 AM, 01/30/2025 11:59:59 PM] and Primary Type is in [BATTERY, NARCOTICS]

---

Summary: Arrests are more likely for narcotics and battery crimes, often occurring in certain districts and locations, while no arrest is more common for other offenses, offenses involving children (even severe ones), and minor administrative crimes.

---DIVIDER---

Step 1. The relationship between each feature and the task description:

- Date: The date/time itself likely has minimal direct causal impact on whether an arrest was made, but certain times (e.g., late night) might correlate with more arrests due to police activity patterns.
- Primary Type: The crime type strongly influences arrest likelihood. Violent or drug-related crimes tend to have higher arrest rates than minor or regulatory offenses.
- Description: More specific crime descriptions can indicate severity or evidence strength, affecting arrest probability.
- Location Description: Certain locations (e.g., streets, retail stores) might have more active policing and thus higher arrest rates than private residences or nursing homes.
- Domestic: Domestic crimes might have different arrest rates due to sensitivity or evidence challenges.
- Beat, District, Ward, Community Area: Geographic policing units can influence arrest likelihood due to resource allocation or crime patterns.
- FBI Code: Categorizes crimes by severity/type, influencing arrest likelihood.
- X Coordinate, Y Coordinate, Latitude, Longitude: Geographic location proxies; may correlate with arrest rates due to neighborhood crime rates or policing intensity.
- Year: Since all examples are from 2025, little variance here.
  
Step 2. Conditions for each answer class based on analysis and examples:

10 different conditions for class "0" (No arrest made):
- Primary Type is in [OFFENSE INVOLVING CHILDREN, OTHER OFFENSE, LIQUOR LAW VIOLATION]
- Description is in [AGGRAVATED SEXUAL ASSAULT OF CHILD BY FAMILY MEMBER, VEHICLE TITLE / REGISTRATION OFFENSE]
- Location Description is in [RESIDENCE, NURSING / RETIREMENT HOME]
- Domestic is 1
- FBI Code is in [02, 26]
- Beat is within range [800, 820] and Primary Type is OFFENSE INVOLVING CHILDREN
- Year is 2025 and Primary Type is OTHER OFFENSE
- Ward is in [23, 37]
- Community Area is in [25, 56]
- Date is in [01/04/2025 12:00:00 AM to 01/05/2025 12:00:00 AM] and Primary Type is OFFENSE INVOLVING CHILDREN

10 different conditions for class "1" (Arrest made):
- Primary Type is in [NARCOTICS, BATTERY, ASSAULT, THEFT]
- Description is in [POSSESS - HEROIN (WHITE), SIMPLE, OVER $500]
- Location Description is in [STREET, SIDEWALK, SMALL RETAIL STORE]
- Domestic is 0
- FBI Code is in [08B, 18]
- Beat is within range [1100, 1150] and Primary Type is NARCOTICS
- District is in [8, 11]
- Ward is in [12, 28]
- Community Area is in [27, 58]
- Date is in [01/15/2025 05:00:00 PM to 01/16/2025 06:00:00 PM] and Primary Type is BATTERY

These conditions reflect common sense and example data: more serious or drug-related crimes in public locations with certain FBI codes and no domestic flag tend to have arrests; whereas sensitive crimes involving children or regulatory offenses in private homes tend not to have arrests.