Answer:  
Step 1. The relationship between each feature and the task description:

- Debt: Higher debt generally indicates higher risk and lower credit scoring; lower debt is favorable for high credit scoring.  
- Overdue days: More overdue days suggest poor payment behavior, leading to lower credit scoring.  
- Initial limit: A higher initial credit limit might indicate better trust from the bank and potentially higher credit scoring.  
- BIRTHDATE: Older clients might have more stable financial history; younger clients might have less credit history.  
- SEX: Gender may have some correlation depending on demographic trends but generally less direct impact.  
- EDU (Education level): Higher education levels (University, College) often correlate with higher income and better credit scoring.  
- INCOME: Higher income usually correlates with higher credit scoring.  
- TERM: Longer credit terms might indicate more trust or a larger credit facility, but also more risk.  
- Credit history rating: Better ratings (A1, A2, A3) indicate better creditworthiness; worse ratings (E1, E2, E3, D1, D2, D3) indicate poor creditworthiness.  
- LV_AREA: Some regions may have higher default rates; clients from economically stronger areas might have higher credit scoring.  
- LV_SETTLEMENTNAME: Similar to LV_AREA but more granular; larger cities might have more stable clients.  
- INDUSTRYNAME: Some industries (Finance and Insurance, IT) might be more stable and have higher credit scoring; others (Agriculture, Construction) might be riskier.  
- PDN (probability of default number): Higher PDN means higher risk and lower credit scoring.  
- UNDERAGECHILDRENCOUNT: More dependents might reduce disposable income, lowering credit scoring.  
- FAMILYSTATUS: Married or stable family status might correlate with better credit scoring; single or unstable might correlate with lower scoring.  

---

Step 2. Based on the above and typical credit scoring logic, here are 10 different conditions per class:

10 different conditions for class "0" (No - client does NOT have high credit scoring):  
- Debt > 5000  
- Overdue days > 30  
- Initial limit < 1000  
- INCOME < 1000  
- Credit history rating is in [D1, D2, D3, E1, E2, E3]  
- PDN > 0.5  
- EDU is in [Incomplete, High school]  
- UNDERAGECHILDRENCOUNT >= 3  
- FAMILYSTATUS is in [Single, Divorced]  
- INDUSTRYNAME is in [Agriculture, Construction, Transport/Logistic]  

10 different conditions for class "1" (Yes - client has high credit scoring):  
- Debt <= 1000  
- Overdue days = 0  
- Initial limit >= 5000  
- INCOME >= 3000  
- Credit history rating is in [A1, A2, A3, B1, B2, B3]  
- PDN < 0.1  
- EDU is in [University, College]  
- UNDERAGECHILDRENCOUNT = 0  
- FAMILYSTATUS is in [Married, Widowed]  
- INDUSTRYNAME is in [Finance and Insurance, Information Technology, Medicine and healthcare]

---DIVIDER---

Answer:  
Step 1. The relationship between each feature and the task description:

- Debt: Higher debt generally lowers credit scoring; lower debt is better.  
- Overdue days: More overdue days indicate worse credit behavior, lowering credit score.  
- Initial limit: Higher initial credit limit may indicate better creditworthiness.  
- BIRTHDATE: Older clients might have more stable credit history; younger clients might have less established credit.  
- SEX: Gender typically has less direct impact, but some subtle demographic trends might exist.  
- EDU (Education level): Higher education (University, College) tends to correlate with better credit scores.  
- INCOME: Higher income usually correlates with better credit scoring.  
- TERM: Longer credit terms might indicate larger loans and possibly higher risk, but not always.  
- Credit history rating: Better ratings (e.g., A1, A2, A3) strongly correlate with better credit scores; worse ratings (D, E) correlate with lower scores.  
- LV_AREA: Some regions might have better economic conditions and thus better credit scoring on average.  
- LV_SETTLEMENTNAME: Larger cities might have clients with better credit scoring due to economic factors.  
- INDUSTRYNAME: Some industries (Finance, IT) might have more stable income and better credit scores.  
- PDN (Probability of Default Number): Lower PDN indicates better credit scoring.  
- UNDERAGECHILDRENCOUNT: More dependents might reduce disposable income and creditworthiness.  
- FAMILYSTATUS: Married clients might have more financial stability and better credit scores.  

---

Step 2. 10 different conditions for class "0" (No high credit scoring):  
- Debt > 5000  
- Overdue days >= 30  
- Credit history rating is in [D3, D2, D1, E1, E2, E3]  
- PDN > 0.5  
- INCOME < 1000  
- EDU is in [Incomplete, High school]  
- TERM > 36  
- UNDERAGECHILDRENCOUNT >= 3  
- FAMILYSTATUS <= 1 (e.g., single or divorced)  
- Initial limit < 1000  

10 different conditions for class "1" (Yes high credit scoring):  
- Debt <= 1000  
- Overdue days = 0  
- Credit history rating is in [A1, A2, A3, B1, B2, B3]  
- PDN < 0.1  
- INCOME >= 3000  
- EDU is in [University, College]  
- TERM <= 24  
- UNDERAGECHILDRENCOUNT = 0  
- FAMILYSTATUS >= 2 (e.g., married)  
- Initial limit >= 5000

---DIVIDER---

Answer:  
Step 1. The relationship between each feature and the task description:

- Debt: Higher debt generally lowers credit scoring, as it indicates more liabilities.  
- Overdue days: More overdue days strongly indicate poor payment behavior, lowering credit scoring.  
- Initial limit: A higher initial credit limit may indicate better creditworthiness, thus higher scoring.  
- BIRTHDATE: Age (derived from birthdate) affects credit scoring; typically, middle-aged clients have more stable credit profiles. Very young or very old clients may have lower scores.  
- SEX: Gender may have minor or no direct effect, but sometimes males or females show different credit risk patterns due to socio-economic factors.  
- EDU (Education): Higher education levels often correlate with better income and financial literacy, leading to higher credit scoring.  
- INCOME: Higher income usually correlates with higher credit scoring due to better repayment ability.  
- TERM: Longer credit terms may increase risk, potentially lowering credit scoring, but this depends on other factors.  
- Credit history rating: This is a direct indicator of creditworthiness; better ratings (e.g., A1, A2, A3) correspond to higher credit scoring.  
- LV_AREA: Some regions may have higher default rates; clients from economically stronger regions may have higher scores.  
- LV_SETTLEMENTNAME: Similar to LV_AREA, clients in major cities or economically active settlements may have better scores.  
- INDUSTRYNAME: Employment in stable or high-income sectors (Finance, IT) may correlate with higher credit scoring. Retired clients may have lower scores due to fixed income.  
- PDN (probability of default number): Higher PDN indicates higher risk, so lower credit scoring.  
- UNDERAGECHILDRENCOUNT: More dependents might increase financial burden, potentially lowering credit scoring.  
- FAMILYSTATUS: Married or stable family status may correlate with better credit scoring due to perceived stability.

---

Step 2. Based on the above analysis, here are 10 different conditions per answer class:

10 different conditions for class "0" (No, client does NOT have high credit scoring):  
- Debt > 5000  
- Overdue days > 30  
- Credit history rating is in [D1, D2, D3, E1, E2, E3]  
- PDN >= 0.5  
- INCOME < 1000  
- Initial limit < 2000  
- EDU is in [Incomplete, High school]  
- INDUSTRYNAME is in [Retired, Agriculture, Public services]  
- FAMILYSTATUS <= 1 (e.g., single or unstable family status)  
- UNDERAGECHILDRENCOUNT > 3  

10 different conditions for class "1" (Yes, client HAS high credit scoring):  
- Debt <= 1000  
- Overdue days = 0  
- Credit history rating is in [A1, A2, A3, B1, B2, B3]  
- PDN < 0.1  
- INCOME >= 3000  
- Initial limit >= 5000  
- EDU is in [University, College]  
- INDUSTRYNAME is in [Finance and Insurance, Information Technology, Science and Education]  
- FAMILYSTATUS >= 2 (e.g., married or stable family status)  
- UNDERAGECHILDRENCOUNT <= 1  

---

These conditions reflect typical patterns of creditworthiness and risk, combining financial, demographic, and behavioral factors.

---DIVIDER---

Answer:  
Step 1. The relationship between each feature and the task description:

- Debt: Generally, a higher amount of debt may indicate higher credit risk, so higher debt tends to correlate with lower credit scoring (No). Lower debt suggests better credit scoring (Yes).  
- Overdue days: More overdue days usually imply poor payment behavior, leading to lower credit scoring (No). Few or zero overdue days indicate good credit scoring (Yes).  
- Initial limit: A higher initial credit limit may be granted to clients with higher credit scoring (Yes). Lower initial limits may be associated with lower credit scoring (No).  
- BIRTHDATE: Older clients (born earlier) might have longer credit history and possibly better credit scoring, but this is not always definitive. Younger clients may have less credit history.  
- SEX: Gender itself typically does not directly affect credit scoring, but possible slight statistical differences may exist.  
- EDU (education level): Higher education levels (University, College) often correlate with better income and financial literacy, hence potentially higher credit scoring (Yes). Lower or incomplete education may correlate with lower credit scoring (No).  
- INCOME: Higher income generally supports better credit scoring (Yes). Lower income may suggest higher credit risk (No).  
- TERM: Longer credit terms might be riskier, but it depends on context; shorter terms may indicate safer loans and better credit scoring.  
- Credit history rating: This is a key feature. Ratings like A1, A2, A3 indicate good credit history and thus high credit scoring (Yes). Ratings like D, E, or C categories may indicate poorer credit history (No).  
- LV_AREA & LV_SETTLEMENTNAME: Clients from economically stronger or urban areas may have better credit scoring; rural or less developed areas may have lower credit scoring.  
- INDUSTRYNAME: Employment in stable or high-income industries (Finance and Insurance, IT, Public Administration) may correlate with better credit scoring (Yes). Retired or unstable sectors may correlate with lower credit scoring (No).  
- PDN (probability of default number): Higher PDN indicates higher risk and lower credit scoring (No). Lower PDN indicates safer clients with higher credit scoring (Yes).  
- UNDERAGECHILDRENCOUNT: Having more dependents may increase financial burden, potentially lowering credit scoring (No). No or fewer children may be neutral or positive.  
- FAMILYSTATUS: Married or stable family status may correlate with better credit scoring (Yes). Single or unstable family status may be neutral or negative.

---

Step 2. Based on the above analysis, here are 10 different conditions per class:

10 different conditions for class "0" (No, client does NOT have high credit scoring):  
- Debt > 5000  
- Overdue days > 30  
- Initial limit < 1000  
- EDU is in [Incomplete, High school]  
- INCOME < 1000  
- Credit history rating is in [D1, D2, D3, E1, E2, E3]  
- PDN > 0.5  
- INDUSTRYNAME is in [Retired, Agriculture, Construction]  
- UNDERAGECHILDRENCOUNT > 3  
- FAMILYSTATUS < 2  (assuming lower values indicate single/unmarried)

10 different conditions for class "1" (Yes, client HAS high credit scoring):  
- Debt <= 1000  
- Overdue days = 0  
- Initial limit >= 3000  
- EDU is in [University, College]  
- INCOME > 3000  
- Credit history rating is in [A1, A2, A3, B1, B2, B3]  
- PDN < 0.1  
- INDUSTRYNAME is in [Finance and Insurance, Information Technology, Public Administration]  
- UNDERAGECHILDRENCOUNT <= 1  
- FAMILYSTATUS >= 3  (assuming higher values indicate married/stable family)

---

These conditions reflect typical patterns expected for high vs low credit scoring clients and can be used as rules or heuristics for classification.

---DIVIDER---

Answer:  
Step 1. The relationship between each feature and the task description:

- Debt: Higher debt generally correlates with lower credit scoring because it indicates higher financial burden and risk.  
- Overdue days: More overdue days imply poor payment behavior, lowering credit scoring.  
- Initial limit: A higher initial credit limit might indicate better creditworthiness, thus higher credit scoring.  
- BIRTHDATE: Younger clients might have less credit history, potentially lower credit scoring; older clients may have more stable credit history.  
- SEX: Gender may have minimal direct effect, but demographic trends might influence scoring slightly.  
- EDU (education level): Higher education levels (University, College) often correlate with higher income and better credit scoring.  
- INCOME: Higher income generally correlates with higher credit scoring due to better repayment capacity.  
- TERM: Longer credit terms might be riskier, potentially lowering credit scoring.  
- Credit history rating: This is a primary indicator; ratings like A1, A2, A3 indicate better credit history and higher credit scoring, while D, E categories indicate poor credit history.  
- LV_AREA: Some regions might have different economic conditions affecting credit risk.  
- LV_SETTLEMENTNAME: Similar to LV_AREA, certain settlements might have better economic profiles.  
- INDUSTRYNAME: Stable or high-paying industries (Finance, IT, Medicine) might correlate with better credit scoring; retired or unstable sectors might correlate with lower scoring.  
- PDN (probability of default number): Higher PDN indicates higher risk and lower credit scoring.  
- UNDERAGECHILDRENCOUNT: More dependents might reduce disposable income, possibly lowering credit scoring.  
- FAMILYSTATUS: Marital status can affect financial stability; married clients may have better credit scoring.

---

Step 2. Based on the above and examples, infer 10 different conditions per answer class.

10 different conditions for class "0" (No high credit scoring):  
- Debt > 5000  
- Overdue days >= 30  
- Initial limit < 2000  
- INCOME < 1000  
- Credit history rating is in [D1, D2, D3, E1, E2, E3]  
- PDN >= 0.5  
- EDU is in [Incomplete, High school]  
- TERM > 36  
- UNDERAGECHILDRENCOUNT >= 3  
- INDUSTRYNAME is in [Retired, Agriculture, Construction]  

10 different conditions for class "1" (Yes high credit scoring):  
- Debt <= 1000  
- Overdue days = 0  
- Initial limit >= 5000  
- INCOME >= 3000  
- Credit history rating is in [A1, A2, A3, B1, B2, B3]  
- PDN < 0.1  
- EDU is in [University, College]  
- TERM <= 24  
- UNDERAGECHILDRENCOUNT <= 1  
- INDUSTRYNAME is in [Finance and Insurance, Information Technology, Medicine and healthcare]  

---

These conditions are based on typical credit scoring logic and the provided feature descriptions.