Answer:  
Step 1. The relationship between each feature and the task description:

- Date: The exact date/time likely does not directly cause an arrest, but certain times (e.g., night vs. day) might correlate with crime severity or police response.
- Primary Type: Certain crime types (e.g., violent crimes like assault, battery, weapons violations) are more likely to result in an arrest than minor crimes (e.g., theft under $500).
- Description: More severe or specific descriptions (e.g., aggravated assault, domestic battery) tend to have higher arrest likelihood.
- Location Description: Some locations (e.g., department stores, streets) might have higher arrest rates due to public presence or surveillance.
- Domestic: Domestic-related crimes might have a higher arrest rate due to their nature and police protocols.
- Beat, District, Ward, Community Area: These geographical identifiers might influence arrest likelihood due to local policing policies or crime rates.
- FBI Code: Codes related to violent or serious crimes likely correspond to higher arrest rates.
- X Coordinate, Y Coordinate, Latitude, Longitude: These spatial features indirectly relate to location and might reflect areas with higher arrest rates.
- Year: All examples are from the same year (2025), so no variance here to infer.
  
Step 2.  
10 different conditions for class "0" (No arrest made):  
- Primary Type is in [THEFT, DECEPTIVE PRACTICE, CRIMINAL DAMAGE]  
- Description is in [$500 AND UNDER, RETAIL THEFT, CREDIT CARD FRAUD, TO PROPERTY]  
- Domestic is 0  
- Location Description is in [SMALL RETAIL STORE, STREET, GAS STATION, APARTMENT, COMMERCIAL / BUSINESS OFFICE, SCHOOL - PUBLIC BUILDING, OTHER (SPECIFY)]  
- FBI Code is in [06, 11, 14]  
- Beat is within range of [1400, 1800]  
- District is within range of [10, 20]  
- Ward is within range of [17, 39]  
- Community Area is within range of [10, 33]  
- Year is 2025  

10 different conditions for class "1" (Arrest made):  
- Primary Type is in [BATTERY, ASSAULT, WEAPONS VIOLATION, NARCOTICS, THEFT]  
- Description is in [DOMESTIC BATTERY SIMPLE, AGGRAVATED - OTHER DANGEROUS WEAPON, UNLAWFUL POSSESSION - HANDGUN, POSSESS - CANNABIS 30 GRAMS OR LESS, MANUFACTURE / DELIVER - CANNABIS OVER 10 GRAMS, SIMPLE, RETAIL THEFT]  
- Domestic is 1 or 0 (both appear, so not a strict condition)  
- Location Description is in [STREET, DEPARTMENT STORE, APARTMENT, TAVERN / LIQUOR STORE]  
- FBI Code is in [08A, 08B, 15, 18, 06]  
- Beat is within range of [900, 2600]  
- District is within range of [6, 25]  
- Ward is within range of [1, 46]  
- Community Area is within range of [3, 73]  
- Year is 2025

---DIVIDER---

Answer:  
Step 1. The relationship between each feature and the task description:

- Date: The exact date/time itself likely has no direct causal relationship with whether an arrest is made, but some times of day or days might correlate with arrests due to police activity patterns or crime types.
- Primary Type: Different crime types have different probabilities of arrest. Violent crimes (Assault, Battery, Weapons Violation) and drug-related crimes (Narcotics) are more likely to result in arrests than property crimes (Theft, Criminal Damage).
- Description: More severe or specific descriptions (e.g., Aggravated Assault, Domestic Battery) might increase arrest likelihood.
- Location Description: Some locations (e.g., Department Store, Street, Apartment) might be associated with higher arrest rates due to visibility or police presence.
- Domestic: Domestic violence crimes (Domestic=1) may have higher arrest rates.
- Beat, District, Ward, Community Area: These geographic identifiers may correlate with arrest likelihood due to policing intensity or crime rates but are less interpretable without domain knowledge.
- FBI Code: Different FBI codes correspond to crime severity and type, influencing arrest likelihood.
- X Coordinate, Y Coordinate, Latitude, Longitude: Geographic coordinates may correlate with arrest likelihood similarly to Beat or District.
- Year: All data is from 2025, so no variance here.

Step 2. 10 different conditions for class "0" (No arrest):

- Primary Type is in [THEFT, CRIMINAL DAMAGE, DECEPTIVE PRACTICE, LIQUOR LAW VIOLATION]
- Description is in [TO PROPERTY, CREDIT CARD FRAUD, $500 AND UNDER, RETAIL THEFT]
- Domestic is 0
- Location Description is in [GAS STATION, SCHOOL - PUBLIC BUILDING, SMALL RETAIL STORE, APARTMENT, OTHER (SPECIFY)]
- FBI Code is in [06, 11, 14]
- Primary Type is THEFT and Description is $500 AND UNDER
- Primary Type is BATTERY and Description is SIMPLE and Domestic is 0
- Location Description is STREET and Primary Type is THEFT and Domestic is 0
- Beat is within range [1000, 1800] and Primary Type is THEFT
- District is within range [10, 18] and Primary Type is BATTERY and Domestic is 0

10 different conditions for class "1" (Arrest made):

- Primary Type is in [ASSAULT, BATTERY, NARCOTICS, WEAPONS VIOLATION]
- Description is in [DOMESTIC BATTERY SIMPLE, AGGRAVATED - OTHER DANGEROUS WEAPON, POSSESS - CANNABIS 30 GRAMS OR LESS, UNLAWFUL POSSESSION - HANDGUN, RETAIL THEFT]
- Domestic is 1
- Location Description is in [DEPARTMENT STORE, STREET, APARTMENT, TAVERN / LIQUOR STORE, COMMERCIAL / BUSINESS OFFICE]
- FBI Code is in [08A, 08B, 04A, 15, 18, 06]
- Primary Type is NARCOTICS and Description is MANUFACTURE / DELIVER - CANNABIS OVER 10 GRAMS
- Primary Type is BATTERY and Location Description is DEPARTMENT STORE
- District is within range [6, 25] and Primary Type is ASSAULT
- Beat is within range [1000, 2600] and Primary Type is BATTERY and Domestic is 1
- Year is 2025 and Primary Type is WEAPONS VIOLATION and Description is UNLAWFUL POSSESSION - HANDGUN

---DIVIDER---

Answer:  
Step 1. The relationship between each feature and the task description:

- Date: The specific date/time may not directly influence arrest, but crimes reported at certain times (e.g., night) might have different arrest likelihood.
- Primary Type: Certain crime types (e.g., ASSAULT, BATTERY, NARCOTICS, WEAPONS VIOLATION) are more likely to result in arrests than others (e.g., THEFT under $500).
- Description: More severe or specific descriptions (e.g., AGGRAVATED, DOMESTIC BATTERY) may increase arrest probability.
- Location Description: Crimes in public places (STREET, DEPARTMENT STORE) or certain locations (APARTMENT, SCHOOL) might affect arrest chances.
- Domestic: Domestic crimes (Domestic=1) may have higher arrest likelihood due to law enforcement focus.
- Beat, District, Ward, Community Area: Geographic areas might have different arrest rates due to policing policies or crime severity.
- FBI Code: Certain FBI codes correspond to more serious crimes, which may increase arrest chances.
- X Coordinate, Y Coordinate, Latitude, Longitude: Geographic coordinates correspond to location; may correlate with arrest likelihood indirectly.
- Year: All examples are from 2025, so no variation.
  
Summary: Arrests are more likely for violent crimes (ASSAULT, BATTERY), narcotics, weapons violations, and domestic-related offenses, especially with aggravated or serious descriptions, and in certain locations like streets or department stores. Minor thefts and property damage are less likely to have arrests.

---

10 different conditions for class "0" (No arrest):  
- Primary Type is in [THEFT, CRIMINAL DAMAGE, DECEPTIVE PRACTICE]  
- Description is in [$500 AND UNDER, TO PROPERTY, CREDIT CARD FRAUD]  
- Domestic is 0  
- Location Description is in [APARTMENT, GAS STATION, OTHER (SPECIFY), SMALL RETAIL STORE, SCHOOL - PUBLIC BUILDING]  
- FBI Code is in [06, 11, 14]  
- Primary Type is THEFT and Description is $500 AND UNDER  
- Primary Type is CRIMINAL DAMAGE and Description is TO PROPERTY  
- Beat is within range of [500, 800]  
- District is within range of [5, 7]  
- Ward is within range of [9, 17]  

---

10 different conditions for class "1" (Arrest made):  
- Primary Type is in [ASSAULT, BATTERY, WEAPONS VIOLATION, NARCOTICS]  
- Description is in [SIMPLE, AGGRAVATED - OTHER DANGEROUS WEAPON, DOMESTIC BATTERY SIMPLE, UNLAWFUL POSSESSION - HANDGUN, POSSESS - CANNABIS 30 GRAMS OR LESS, MANUFACTURE / DELIVER - CANNABIS OVER 10 GRAMS, RETAIL THEFT]  
- Domestic is 1  
- Location Description is in [DEPARTMENT STORE, STREET, COMMERCIAL / BUSINESS OFFICE, APARTMENT, TAVERN / LIQUOR STORE]  
- FBI Code is in [04A, 06, 08A, 08B, 15, 18]  
- Primary Type is THEFT and Description is RETAIL THEFT  
- Primary Type is ASSAULT and Description is SIMPLE or AGGRAVATED - OTHER DANGEROUS WEAPON  
- Beat is within range of [900, 2600]  
- District is within range of [9, 25]  
- Ward is within range of [15, 46]

---DIVIDER---

Answer:  
Step 1. The relationship between each feature and the task description:

- Date: The date/time itself likely has no direct causal relationship with arrest, but certain times (e.g., late night) might correlate with more serious crimes where arrests are more likely.  
- Primary Type: Certain crime types (e.g., violent crimes, weapons violations, narcotics) have higher chances of arrest, while property crimes like theft may have lower arrest rates.  
- Description: More severe or specific descriptions (e.g., aggravated assault, unlawful possession) imply higher arrest likelihood.  
- Location Description: Crimes at certain locations (e.g., street, department store, apartment) may correlate with different arrest rates depending on crime type and police presence.  
- Domestic: Domestic crimes may have higher arrest likelihood due to mandatory arrest policies.  
- Beat, District, Ward, Community Area: These are geographic identifiers; some areas might have higher arrest rates due to policing intensity or crime severity.  
- FBI Code: Different FBI codes correspond to different crime categories; violent crime codes likely correlate with arrests.  
- Coordinates (X, Y, Latitude, Longitude): Similar to geographic identifiers; may indirectly relate to arrest likelihood based on location.  
- Year: All examples are from 2025, so no variation here.

Step 2. Based on Step 1 and examples, conditions for each answer class:

10 different conditions for class "0" (No arrest made):  
- Primary Type is in [THEFT, DECEPTIVE PRACTICE, CRIMINAL DAMAGE]  
- Description is in [SIMPLE, $500 AND UNDER, RETAIL THEFT, CREDIT CARD FRAUD, TO PROPERTY]  
- Location Description is in [GAS STATION, SMALL RETAIL STORE, STREET, APARTMENT, OTHER (SPECIFY), SCHOOL - PUBLIC BUILDING]  
- Domestic is 0  
- FBI Code is in [06, 08B, 11, 14]  
- Primary Type is THEFT and Description is $500 AND UNDER  
- Primary Type is BATTERY and Description is SIMPLE and Domestic is 0  
- District is within range [5, 22] and Primary Type is THEFT  
- Beat is within range [1000, 2300] and Primary Type is CRIMINAL DAMAGE  
- Community Area is within range [10, 75] and Primary Type is DECEPTIVE PRACTICE  

10 different conditions for class "1" (Arrest made):  
- Primary Type is in [ASSAULT, BATTERY, NARCOTICS, WEAPONS VIOLATION, THEFT]  
- Description is in [AGGRAVATED - OTHER DANGEROUS WEAPON, DOMESTIC BATTERY SIMPLE, UNLAWFUL POSSESSION - HANDGUN, MANUFACTURE / DELIVER - CANNABIS OVER 10 GRAMS, POSSESS - CANNABIS 30 GRAMS OR LESS, RETAIL THEFT, SIMPLE]  
- Location Description is in [DEPARTMENT STORE, STREET, APARTMENT, TAVERN / LIQUOR STORE, COMMERCIAL / BUSINESS OFFICE]  
- Domestic is 1 or 0 (both appear with arrests, but domestic=1 strongly correlates)  
- FBI Code is in [04A, 06, 08A, 08B, 15, 18]  
- Primary Type is ASSAULT and Description is SIMPLE  
- Primary Type is BATTERY and Description is SIMPLE and Domestic is 1  
- Primary Type is NARCOTICS and Description is in [POSSESS - CANNABIS 30 GRAMS OR LESS, MANUFACTURE / DELIVER - CANNABIS OVER 10 GRAMS]  
- District is within range [1, 25] and Primary Type is BATTERY or ASSAULT  
- Beat is within range [600, 1900] and Primary Type is WEAPONS VIOLATION or NARCOTICS  

These conditions capture patterns from the data and general knowledge about crime and arrest likelihood.

---DIVIDER---

Answer:  
Step 1. The relationship between each feature and the task description:

- Date: The date/time itself likely has no direct causal effect on whether an arrest was made, but certain times (like night) might correlate with certain crimes more likely to have arrests.
- Primary Type: Certain crime types (e.g., NARCOTICS, WEAPONS VIOLATION, ASSAULT) are more likely to result in arrests, while others (e.g., THEFT under $500, BATTERY simple) may less often.
- Description: More severe or specific descriptions (e.g., AGGRAVATED, DOMESTIC BATTERY, MANUFACTURE/DELIVER) tend to be linked with arrests.
- Location Description: Some locations (e.g., DEPARTMENT STORE, STREET) may have higher arrest rates, possibly due to surveillance or police presence.
- Domestic: Domestic violence cases (Domestic=1) may have higher arrest likelihood.
- Beat, District, Ward, Community Area: These geographic features may reflect police activity or crime patterns affecting arrest likelihood.
- FBI Code: Different FBI codes correspond to different crime severity and arrest likelihood.
- Coordinates (X, Y, Latitude, Longitude): Similar to geographic features, may indicate areas with higher arrest rates.
- Year: All examples are from 2025, so no variance.
  
Step 2. 10 different conditions for class "0" (No Arrest):

- Primary Type is in [THEFT, BATTERY, CRIMINAL DAMAGE, DECEPTIVE PRACTICE]
- Description is in [$500 AND UNDER, SIMPLE, CREDIT CARD FRAUD, TO PROPERTY]
- Location Description is in [APARTMENT, GAS STATION, SCHOOL - PUBLIC BUILDING, OTHER (SPECIFY), SMALL RETAIL STORE, STREET]
- Domestic is 0
- FBI Code is in [06, 08B, 11, 14]
- Beat is within range [1400, 2300]
- District is in [14, 16, 17, 20, 22]
- Ward is within range [10, 45]
- Community Area is within range [10, 73]
- Date is within range [01/01/2025 00:00:00 AM, 01/26/2025 11:59:59 PM]

10 different conditions for class "1" (Arrest Made):

- Primary Type is in [NARCOTICS, WEAPONS VIOLATION, ASSAULT, BATTERY, THEFT]
- Description is in [DOMESTIC BATTERY SIMPLE, AGGRAVATED - OTHER DANGEROUS WEAPON, RETAIL THEFT, MANUFACTURE / DELIVER - CANNABIS OVER 10 GRAMS, POSSESS - CANNABIS 30 GRAMS OR LESS, UNLAWFUL POSSESSION - HANDGUN, SIMPLE]
- Location Description is in [DEPARTMENT STORE, STREET, TAVERN / LIQUOR STORE, APARTMENT, COMMERCIAL / BUSINESS OFFICE]
- Domestic is 1 or 0 (both occur but many arrests when Domestic=1)
- FBI Code is in [06, 08A, 08B, 15, 18]
- Beat is within range [100, 2500]
- District is in [1, 6, 9, 10, 12, 14, 17, 18, 20, 25]
- Ward is within range [1, 46]
- Community Area is within range [3, 71]
- Date is within range [01/09/2025 00:00:00 AM, 01/29/2025 11:59:59 PM]