Answer:  
Step 1. The relationship between each feature and the task description:

- Vmag (apparent magnitude): Brighter stars (lower Vmag) can be either giants or dwarfs depending on distance; less directly indicative alone.  
- Plx (parallax): Smaller parallax means greater distance; giants tend to be more luminous and can be seen at larger distances with moderate brightness.  
- e_Plx (parallax error): High error reduces reliability of distance and absolute magnitude; less directly related to giant classification.  
- B-V (color index): Giants often have redder colors (higher B-V), but depends on spectral type; color can indicate temperature and evolutionary stage.  
- SpType (spectral type): The luminosity class in spectral type (e.g., III, II/III, III+) is a strong indicator of giant stars; V indicates main sequence (dwarf).  
- Amag (absolute magnitude): Giants have lower absolute magnitude values (brighter intrinsically) compared to dwarfs; however, the examples show some high values, possibly due to calculation or scale specifics.

Step 2. Based on the above and examples, infer conditions:

10 different conditions for class "0" (not giant):  
- SpType is in [G1V, F3V, G6/G8V, B5V, G2V-VI, F7V, F5V, K0V, F0V, G3V]  
- Amag >= 15  
- Plx >= 4.4  
- B-V <= 0.81  
- Vmag >= 5.7  
- e_Plx <= 1.7  
- Amag is within range [15, 22]  
- Plx is within range [1.7, 22]  
- B-V is within range [ -0.1, 0.81 ]  
- Vmag is within range [5.7, 10]

10 different conditions for class "1" (giant):  
- SpType is in [B8II/III, K2III, B3III, K3II/III, G8III, G3/G5II/III, K1/K2III+]  
- Amag < 16  
- Plx <= 2.8  
- B-V >= 0.84  
- Vmag <= 9.2  
- e_Plx <= 1.4  
- Amag is within range [11, 16]  
- Plx is within range [0.59, 2.8]  
- B-V is within range [0.84, 1.4]  
- Vmag is within range [5.7, 9.2]

These conditions align well with the examples and known astrophysical properties of giant stars.

---DIVIDER---

Answer:

Step 1. The relationship between each feature and the task description:

- Vmag (apparent magnitude): Brighter stars (lower Vmag) tend to be either closer or intrinsically brighter. Giants are intrinsically bright but can appear faint if far away. Alone, Vmag is not a strong indicator of giant status without distance.
- Plx (parallax): Larger parallax means closer star. Giants are luminous and can be seen at larger distances (smaller Plx). Smaller Plx may indicate distant giants.
- e_Plx (parallax error): High error reduces reliability of distance measurement; less useful directly for classification but can indicate uncertainty.
- B-V (color index): Indicates star temperature and spectral class. Giants tend to have characteristic B-V values depending on spectral type; e.g., giants are often redder (higher B-V) than dwarfs of same spectral type.
- SpType (spectral type): The luminosity class is embedded here (e.g., V = dwarf/main sequence, III = giant, II = bright giant). This is a strong indicator of whether the star is a giant.
- Amag (absolute magnitude): Giants have lower (brighter) absolute magnitudes than dwarfs of same spectral type. Higher Amag (fainter) indicates dwarf stars; lower Amag (brighter) indicates giants.

Step 2. Based on the above and examples, infer conditions.

10 different conditions for class "0" (not giant):

- SpType is in [G1V, F3V, G6/G8V, B5V, F0V, G2V-VI, F7V, G3V, F5V, K0V]
- Amag >= 18
- B-V <= 0.8
- Plx >= 10
- Vmag >= 7.5
- e_Plx <= 1.5
- Amag is within range [18, 22]
- Plx is within range [10, 22]
- B-V is within range [0.4, 0.8]
- SpType contains 'V' but not 'III' or 'II' (i.e., main sequence stars)

10 different conditions for class "1" (giant):

- SpType is in [K3II/III, K2III, B8II/III, B3III, G8III, K1/K2III+, G3/G5II/III, K2III, K2III]
- Amag < 17
- B-V > 1.1
- Plx < 5
- Vmag < 9
- e_Plx <= 1.5
- Amag is within range [11, 17]
- Plx is within range [0.5, 5]
- B-V is within range [1.1, 1.4]
- SpType contains 'III' or 'II' (luminosity class giant or bright giant)

These conditions align with the examples and astrophysical knowledge: giants have spectral types with luminosity class III or II, brighter absolute magnitudes (lower Amag), redder color indices (higher B-V), and tend to have smaller parallaxes (farther away). Dwarfs have luminosity class V, fainter absolute magnitudes (higher Amag), bluer colors (lower B-V), and larger parallaxes (closer).

---DIVIDER---

Answer:  
Step 1. The relationship between each feature and the task description:  
- Vmag (apparent magnitude) depends on distance and intrinsic brightness; alone it does not distinguish giants well because giants can be bright but far away.  
- Plx (parallax) indicates distance; smaller parallax means farther star. Giants are luminous and can be seen at larger distances with small parallaxes.  
- e_Plx (error in parallax) affects reliability of distance estimate but does not directly indicate giant status.  
- B-V (color index) indicates star temperature and spectral class; giants tend to have certain B-V ranges but overlap with dwarfs exists.  
- SpType (spectral type) contains luminosity class (V = dwarf, III = giant, II = bright giant, IV = subgiant); this is a very strong indicator of giant status.  
- Amag (absolute magnitude) indicates intrinsic brightness; giants have lower (brighter) absolute magnitudes compared to dwarfs of similar spectral type.  

Step 2. Based on Step 1 and examples:  

10 different conditions for class "0" (not giant):  
- SpType is in [types containing "V" only, e.g., G6/G8V, K0V, G3V, G2V-VI, F7V, B5V, F5V, F0V]  
- Amag (absolute magnitude) >= 15.5  
- B-V is within range [0.2, 0.8] (typical for dwarfs in sample)  
- Plx >= 5 (closer stars tend to be dwarfs here)  
- Vmag >= 6.5 and Vmag <= 10 (apparent magnitude range for dwarfs shown)  
- e_Plx <= 1.5 (measurement error not too large for reliable classification)  
- SpType does not contain "III" or "II" or "IV"  
- Amag >= 15 and Plx >= 5 simultaneously  
- B-V < 1.0 (dwarfs tend to have smaller B-V in examples)  
- SpType is in [G1V, F3V, K5V, F7V, B5V, F5V, F0V] (common dwarf spectral types)  

10 different conditions for class "1" (giant):  
- SpType is in [types containing "III", "II", "III/IV", "II/III", "III+"] (e.g., K2III, G8III, B3III, B8II/III, G3/G5II/III, K1/K2III+, K3II/III)  
- Amag < 16 (giants are intrinsically brighter, so smaller absolute magnitude)  
- B-V >= 1.0 (giants tend to be redder)  
- Plx <= 3 (giants tend to be farther away)  
- Vmag between 7 and 9.5 (observed apparent magnitude range for giants in examples)  
- SpType contains luminosity class "III" or "II" or "IV"  
- Amag is within range [11, 16]  
- B-V > 1.1 (red giants in examples)  
- Plx < 5 and Amag < 16 simultaneously  
- SpType is in [K2III, G8III, B3III, B8II/III, G3/G5II/III, K1/K2III+, K3II/III]  

These conditions align well with the examples and astrophysical knowledge of giant vs dwarf stars.

---DIVIDER---

Answer:  
Step 1. The relationship between each feature and the task description:  

- Vmag (apparent magnitude): Brighter stars (lower Vmag) tend to be either intrinsically bright or closer; alone it is not a direct indicator of giant status because it depends on distance.  
- Plx (parallax): Larger parallax means closer star; giants tend to be luminous and can be seen at larger distances (smaller parallax), but this alone is insufficient.  
- e_Plx (error in parallax): Measurement uncertainty; large errors reduce confidence in distance and thus in absolute magnitude calculation.  
- B-V (color index): Indicates star temperature and spectral type; giants often have different color indices compared to dwarfs of the same spectral class.  
- SpType (spectral type): Spectral classification often includes luminosity class (V = main sequence/dwarf, III = giant, II = bright giant); this is the most direct indicator of giant status.  
- Amag (absolute magnitude): Intrinsic brightness; giants have lower (brighter) absolute magnitudes than dwarfs of the same spectral type.  

Step 2. Based on the above and examples, infer conditions for each answer class:  

10 different conditions for class "0":  
- SpType is in [G1V, F3V, G2V-VI, F5V, G3V, F7V, G6/G8V, B5V, K0V, F0V]  
- Amag (>) 18  
- B-V (<) 0.9  
- Plx (>) 5  
- Vmag (>) 6  
- Amag is within range [15, 22]  
- SpType contains "V" but not "III" or "II" (i.e., main sequence stars)  
- B-V is within range [0.2, 0.8]  
- Plx is within range [9, 22]  
- Vmag is within range [5, 9.9]  

10 different conditions for class "1":  
- SpType is in [B3III, K2III, K3II/III, K2III, G8III, B8II/III, K1/K2III+, G3/G5II/III]  
- Amag (<) 17  
- B-V (>) 1.1  
- Plx (<) 5  
- Vmag (<) 9.5  
- SpType contains "III" or "II" (giants or bright giants)  
- B-V is within range [0.8, 1.5]  
- Plx is within range [0.5, 3]  
- Amag is within range [11, 17]  
- Vmag is within range [6, 9.2]  

These conditions reflect that giants have spectral types with luminosity classes III or II, lower absolute magnitudes (brighter), generally redder colors (higher B-V), and are usually farther away (smaller parallax). Non-giants (dwarfs) have main sequence spectral types (V), higher absolute magnitudes (fainter), bluer colors (lower B-V), and larger parallax values (closer).

---DIVIDER---

Answer:  
Step 1. The relationship between each feature and the task description:

- Vmag (apparent magnitude): Brighter stars (lower Vmag) can be either giants or dwarfs; alone it is not a strong indicator.  
- Plx (parallax): Larger parallax means closer distance; giants tend to be more luminous and thus can be seen at larger distances with moderate brightness; smaller parallax (farther stars) with bright absolute magnitude can indicate giants.  
- e_Plx (parallax error): Larger errors reduce reliability of distance and absolute magnitude estimates but do not directly indicate giant status.  
- B-V (color index): Giants often have redder colors (higher B-V), but this depends on spectral type; very blue stars (low or negative B-V) are usually hot main sequence stars or blue giants.  
- SpType (spectral type): Luminosity class in spectral type is key; "V" indicates main sequence (dwarf), "III" indicates giant, "II" bright giant, "IV" subgiant.  
- Amag (absolute magnitude): Giants have brighter absolute magnitudes (numerically smaller or negative), dwarfs have fainter (larger) absolute magnitudes.

Step 2. Based on the above and examples, infer 10 different conditions per answer:

10 different conditions for class "0" (not giants):  
- SpType is in [types ending with "V", e.g., G1V, F3V, K0V, G6/G8V, F7V, G3V, G2V-VI]  
- Amag >= 18  
- B-V <= 0.8  
- Plx >= 10  
- Vmag >= 6.5  
- Amag is within range [18, 22]  
- SpType is in [types with luminosity class "V" or "VI"]  
- B-V is within range [-0.1, 0.8]  
- Plx is within range [10, 25]  
- Vmag > 7.5  

10 different conditions for class "1" (giants):  
- SpType is in [types containing "III", "II", "II/III", "III/IV", e.g., K3II/III, B3III, B8II/III, K2III, G8III, G3/G5II/III, K1/K2III+]  
- Amag < 17  
- B-V >= 1.1  
- Plx < 5  
- Vmag < 9  
- Amag is within range [11, 17]  
- B-V is within range [1.0, 1.4]  
- Plx is within range [0.5, 3]  
- SpType is in [types with luminosity class "III" or "II" or "II/III"]  
- Vmag <= 8.9