Answer:  
Step 1. The relationship between each feature and the task description:  
- Temperature: Higher temperature generally indicates more stress or overheating, which increases the risk of failure.  
- Vibration: Higher vibration levels usually signify mechanical issues or wear, increasing failure risk.  
- Power_Usage: Abnormal power usage (too high or too low) may indicate malfunction or inefficiency, increasing failure risk.  
- Humidity: Higher humidity can cause corrosion or electrical problems, increasing failure risk.  
- Machine_Type: Different machine types may have different failure thresholds or susceptibility; for example, Lathes and Mills might be more prone to failure under certain conditions than Drills.

---

10 different conditions for class "0":  
- Temperature < 80  
- Vibration < 50  
- Power_Usage >= 9  
- Power_Usage <= 12  
- Humidity < 35  
- Machine_Type is in [Drill]  
- Machine_Type is in [Lathe] and Temperature < 80  
- Machine_Type is in [Mill] and Vibration < 50  
- Temperature is within range [60, 75]  
- Humidity is within range [20, 35]  

10 different conditions for class "1":  
- Temperature >= 78  
- Vibration >= 48  
- Power_Usage < 9.5  
- Humidity >= 30  
- Machine_Type is in [Lathe]  
- Machine_Type is in [Mill] and Temperature >= 70  
- Machine_Type is in [Lathe] and Humidity >= 30  
- Temperature is within range [70, 85] and Vibration >= 48  
- Power_Usage is within range [8, 10]  
- Humidity is within range [30, 40]  

---

These conditions reflect the tendencies observed in the examples and general knowledge about machine failure risks.

---DIVIDER---

Answer:  
Step 1. The relationship between each feature and the task description:

- Temperature: Higher temperatures often indicate overheating, which can increase the risk of machine failure. Thus, higher temperature tends to correlate with higher risk.
- Vibration: Excessive vibration usually signals mechanical issues or imbalance, increasing failure risk. However, moderate vibration may be normal.
- Power_Usage: Abnormal power usage (too high or too low) can indicate malfunction or inefficiency, potentially signaling risk.
- Humidity: High humidity can cause corrosion or electrical issues, increasing risk; low to moderate humidity is safer.
- Machine_Type: Different machine types have different tolerances and failure modes; some may be more prone to failure under certain conditions.

Step 2. Based on the above analysis and given examples, here are inferred conditions for each answer class:

10 different conditions for class "0" (No risk of failure):  
- Temperature <= 75  
- Vibration is within range of [40, 53]  
- Power_Usage is within range of [9, 12]  
- Humidity is within range of [23, 36]  
- Machine_Type is in [Drill]  
- Temperature < 70 and Machine_Type is in [Lathe]  
- Power_Usage >= 9 and Power_Usage <= 12 and Vibration < 50  
- Temperature < 80 and Humidity < 35  
- Vibration <= 50 and Power_Usage > 9  
- Temperature <= 65 and Humidity >= 25  

10 different conditions for class "1" (At risk of failure):  
- Temperature > 70  
- Vibration >= 46  
- Power_Usage < 9.5  
- Humidity > 30  
- Machine_Type is in [Lathe, Mill]  
- Temperature >= 75 and Machine_Type is in [Mill]  
- Power_Usage < 10 and Temperature > 75  
- Humidity >= 35 and Vibration >= 46  
- Temperature > 80 and Machine_Type is Lathe  
- Vibration > 50 and Power_Usage < 9  

These conditions reflect the patterns observed in the examples and align with sensible interpretations of the features in relation to machine failure risk.

---DIVIDER---

Answer:  
Step 1. The relationship between each feature and the task description:  
- Temperature: Higher temperatures may indicate overheating, which increases the risk of failure.  
- Vibration: Higher vibration levels typically suggest mechanical issues or wear, increasing failure risk.  
- Power_Usage: Abnormal (too high or too low) power consumption can indicate malfunction or inefficiency, increasing failure risk.  
- Humidity: High humidity can cause corrosion or electrical issues, increasing failure risk. Low humidity might be less risky.  
- Machine_Type: Different machine types may have different failure patterns or thresholds; some types might be more prone to failure under certain conditions.

---

10 different conditions for class "0":  
- Temperature < 80  
- Vibration < 52  
- Power_Usage >= 9  
- Power_Usage <= 12  
- Humidity is within range of [20, 36]  
- Machine_Type is in [Drill]  
- Machine_Type is in [Mill] and Temperature < 75  
- Machine_Type is in [Lathe] and Vibration < 50  
- Temperature is within range of [60, 75]  
- Power_Usage is within range of [9, 12]

10 different conditions for class "1":  
- Temperature >= 75  
- Vibration >= 46  
- Power_Usage < 9  
- Humidity > 30  
- Machine_Type is in [Lathe] and Temperature >= 70  
- Machine_Type is in [Mill] and Temperature >= 70  
- Machine_Type is in [Lathe] and Power_Usage < 9  
- Temperature is within range of [70, 85]  
- Vibration is within range of [46, 54]  
- Humidity is within range of [30, 41]

---DIVIDER---

Answer:  
Step 1. The relationship between each feature and the task description:  
- Temperature: Higher temperatures generally increase the risk of machine failure due to overheating or stress on components.  
- Vibration: Higher vibration levels often indicate mechanical issues, which increase failure risk. However, some machines may have normal vibration ranges.  
- Power_Usage: Abnormal power usage (either too high or too low) can signal malfunction or inefficiency, increasing failure risk.  
- Humidity: High humidity can cause corrosion or electrical issues, increasing failure risk. Low humidity is usually safer.  
- Machine_Type: Different machine types may have different normal operating ranges and failure thresholds. For example, Mills may be more sensitive to certain factors than Lathes or Drills.  

Step 2. Based on the examples and Step 1, infer conditions for each answer class:  

10 different conditions for class "0" (No risk of failure):  
- Temperature < 76  
- Vibration is within range of [42, 53]  
- Power_Usage is within range of [9, 12]  
- Humidity < 36  
- Machine_Type is in [Drill]  
- Machine_Type is in [Lathe] and Temperature < 80  
- Machine_Type is in [Mill] and Temperature < 72  
- Vibration < 50  
- Power_Usage >= 9 and Power_Usage <= 11.9  
- Humidity is within range of [23, 36]  

10 different conditions for class "1" (At risk of failure):  
- Temperature >= 71 and Temperature > 76 (to cover borderline and high)  
- Vibration > 50  
- Power_Usage < 9 or Power_Usage > 11.7  
- Humidity >= 30  
- Machine_Type is in [Mill] and Temperature >= 71  
- Machine_Type is in [Lathe] and Temperature >= 78  
- Machine_Type is in [Lathe] and Humidity > 35  
- Machine_Type is in [Mill] and Power_Usage > 11.7  
- Temperature is within range of [66, 85] and Humidity > 30  
- Vibration >= 51 and Power_Usage < 9  

These conditions reflect the patterns observed in the examples and the general knowledge about machine failure risk factors.

---DIVIDER---

Answer:  
Step 1. The relationship between each feature and the task description:

- Temperature: Higher operating temperature often indicates overheating or stress on the machine, increasing risk of failure.  
- Vibration: Elevated vibration levels can signal mechanical imbalance or wear, leading to potential failure.  
- Power_Usage: Abnormal power usage (either too low or too high) may indicate malfunction or inefficiency, increasing failure risk.  
- Humidity: High humidity can cause corrosion or electrical issues, increasing failure risk.  
- Machine_Type: Different machine types may have different baseline risk levels or sensitivity to features.

---

Step 2. Based on the examples and Step 1, infer 10 different conditions per answer class:

10 different conditions for class "0" (No risk of failure):  
- Temperature < 80  
- Vibration is within range of [40, 50]  
- Power_Usage is within range of [9, 12]  
- Humidity < 35  
- Machine_Type is in [Drill]  
- Machine_Type is in [Mill] and Temperature < 75  
- Machine_Type is in [Lathe] and Temperature < 70  
- Vibration < 50 and Power_Usage > 10  
- Humidity is within range of [20, 30]  
- Temperature is within range of [60, 75] and Vibration < 50  

10 different conditions for class "1" (At risk of failure):  
- Temperature >= 80  
- Vibration > 50  
- Power_Usage < 9  
- Humidity > 35  
- Machine_Type is in [Lathe] and Temperature >= 70  
- Machine_Type is in [Mill] and Temperature >= 75  
- Vibration >= 50 and Power_Usage < 9.5  
- Temperature >= 75 and Humidity > 30  
- Vibration is within range of [46, 54] and Power_Usage < 9.5  
- Temperature is within range of [70, 85] and Humidity > 30  

---

These conditions align with the examples, where higher temperatures, higher humidity, and certain vibration/power usage patterns, especially in Lathe and Mill machines, correspond to risk (class 1), while Drill machines and lower temperature/vibration/power usage tend to be safe (class 0).