Answer:  
Step 1. The relationship between each feature and the task description:

- Feeling about motherhood: Feeling Sad likely correlates with postpartum depression (PPD); Happy or Neutral feelings likely correlate with no PPD.  
- Angry after latest child birth: Feeling angry after childbirth likely indicates stress or dissatisfaction, possibly linked to PPD.  
- Number of household members: Smaller households (2 to 5) might mean less support, potentially increasing PPD risk; larger households may provide more support.  
- Gender of newborn: Likely no strong direct relation to PPD, but cultural factors might influence feelings.  
- Disease before pregnancy: Having chronic or non-chronic disease could increase stress and risk of PPD.  
- Occupation before latest pregnancy: Occupations with more social interaction or stress (Service, Doctor, Other) might relate to PPD; Housewife or Student might have different risk profiles.  
- Husband's education level: Higher education (University, College) might correlate with better support and less PPD; lower education might indicate less support.  
- Age of newborn: Younger newborn age (0 to 6 months) might correlate with higher PPD risk due to postpartum period; older newborns might indicate recovery.  
- Pregnancy length: Shorter or premature pregnancy (<9 months) might increase risk of PPD.  
- Relationship with the in-laws: Poor or Bad relationships likely increase stress and risk of PPD; Good or Friendly relationships might be protective.

---

Step 2. Based on the above and the examples, 10 different conditions per class:

10 different conditions for class "0" (No postpartum depression):  
- Feeling about motherhood is in [Happy, Neutral]  
- Angry after latest child birth is No  
- Number of household members is in [2 to 5, 6 to 8]  
- Disease before pregnancy is No  
- Occupation before latest pregnancy is in [Student, Housewife, Other]  
- Husband's education level is in [University, College, High School]  
- Age of newborn is in [Older than 1.5 year, 1 year to 1.5 year]  
- Pregnancy length is in [9 months, 10 months]  
- Relationship with the in-laws is in [Good, Neutral, Friendly]  
- Gender of newborn is in [Boy, Girl] (neutral, no effect)

10 different conditions for class "1" (Has postpartum depression):  
- Feeling about motherhood is Sad  
- Angry after latest child birth is Yes  
- Number of household members is in [2 to 5]  
- Disease before pregnancy is in [Chronic Disease, Non-Chronic Disease]  
- Occupation before latest pregnancy is in [Service, Doctor, Other]  
- Husband's education level is in [No, Primary School, High school]  
- Age of newborn is in [0 to 6 months, 6 months to 1 year]  
- Pregnancy length is in [Less than 5 months, 7 months, 8 months]  
- Relationship with the in-laws is in [Bad, Poor]  
- Gender of newborn is Boy (based on some examples with PPD and boy newborn)

---

These conditions capture the tendencies observed in the examples and align with common knowledge about postpartum depression risk factors.

---DIVIDER---

Answer:  
Step 1. The relationship between each feature and the task description:

- Relationship with the in-laws: Poor or Bad relationships may increase stress and risk of postpartum depression; Good or Friendly relationships likely reduce risk.  
- Current monthly income: Lower or no income may increase financial stress and risk; higher income may provide better support and reduce risk.  
- Mode of delivery: Caesarean section may be associated with higher risk due to physical recovery and complications; normal delivery may have lower risk.  
- Pregnancy plan: Unplanned pregnancy (No) can increase stress and risk of postpartum depression; planned pregnancy (Yes) is usually protective.  
- Addiction: Presence of addiction (Smoking, Drinking, Drugs) likely increases risk; no addiction reduces risk.  
- Family type: Joint family may provide more social support, potentially reducing risk; nuclear family may have less support, increasing risk.  
- Trust and share feelings: Ability to trust and share feelings (Yes) reduces risk; inability (No) increases risk.  
- Relationship between father and newborn: Good or Very good relationship likely reduces risk; Bad or Neutral relationship may increase risk.  
- Education Level: Higher education (University, College) may provide better coping skills, reducing risk; lower education may increase risk.  
- Number of household members: Larger household (6 to 8, 9 or more) may imply more social support, reducing risk; smaller household (2 to 5) may increase risk.

---

Step 2. Based on the above examples and Step 1's results, infer 10 different conditions per answer:

10 different conditions for class "0" (No postpartum depression):  
- Relationship with the in-laws is in [Good, Friendly, Neutral]  
- Current monthly income is in [No, Less than 5000]  
- Mode of delivery is Caesarean Section  
- Pregnancy plan is Yes  
- Addiction is No  
- Family type is in [Joint, Nuclear]  
- Trust and share feelings is Yes  
- Relationship between father and newborn is in [Good, Very good]  
- Education Level is in [University, College]  
- Number of household members is in [2 to 5, 6 to 8]

10 different conditions for class "1" (Yes postpartum depression):  
- Relationship with the in-laws is in [Bad, Poor]  
- Current monthly income is in [No, 10000 to 20000, 20000 to 30000, More than 30000]  
- Mode of delivery is in [Normal Delivery, Caesarean Section]  
- Pregnancy plan is No  
- Addiction is No  
- Family type is in [Nuclear, Joint]  
- Trust and share feelings is No  
- Relationship between father and newborn is in [Bad, Neutral]  
- Education Level is in [High School, Primary School, College, University]  
- Number of household members is in [2 to 5, 6 to 8]

---

**Notes on interpretation:**  
- From examples, "No" income appears in both classes but is more common in class 0; however, higher income appears in class 1, possibly indicating financial stress despite income or other factors.  
- Trust and share feelings = No strongly associates with class 1 but also appears in class 0; combined with other factors it matters more.  
- Relationship with in-laws is a strong factor: Bad or Poor mostly in class 1.  
- Pregnancy plan = No is mostly class 1.  
- Relationship between father and newborn being Bad or Neutral associates with class 1.  
- Mode of delivery alone is not decisive but Caesarean section with other negative factors can be class 1.  
- Addiction is always No in examples, so no direct inference.  
- Education Level is mixed but higher education more in class 0, lower or mid-level education appears in class 1.  
- Number of household members does not strongly separate classes but smaller households appear in class 1.

This completes the conditions extraction for both classes.

---DIVIDER---

Answer:  
Step 1. The relationship between each feature and the task description:  

- Number of household members: Larger households might provide more social support, potentially reducing postpartum depression risk; smaller households might increase risk due to isolation.  
- Feeling for regular activities: Negative feelings such as Afraid, Worried, or Tired likely indicate stress or low mood, increasing risk of postpartum depression.  
- Family type: Joint families may provide more social support, possibly reducing depression risk; Nuclear families might have less support.  
- Regular checkups: Having regular checkups might indicate better health monitoring and care, reducing depression risk.  
- Need for Support: Higher need for support suggests patient feels vulnerable or overwhelmed, increasing depression risk.  
- Received Support: Higher received support may reduce depression risk; low support may increase it.  
- Abuse: Experience of abuse is a strong risk factor for postpartum depression.  
- Angry after latest childbirth: Feeling angry post childbirth may indicate emotional distress, increasing depression risk.  
- Mode of delivery: Caesarean section might be associated with more complications or stress, possibly increasing depression risk, but this is less clear.  
- Relationship with husband: Poor or bad relationship likely increases depression risk; good or friendly relationships are protective.  

---

Step 2. Based on the above and examples, 10 different conditions per answer class:  

10 different conditions for class "0":  
- Abuse is Yes  
- Angry after latest child birth is No  
- Feeling for regular activities is in [Worried, Tired]  
- Relationship with husband is in [Good, Neutral, Friendly]  
- Received Support is in [Medium, High]  
- Need for Support is in [No, Low]  
- Family type is in [Joint, Nuclear] (mostly seen with no depression)  
- Regular checkups is Yes  
- Number of household members is in [2 to 5, 6 to 8]  
- Mode of delivery is in [Caesarean Section, Normal Delivery] (no strong pattern)  

10 different conditions for class "1":  
- Feeling for regular activities is in [Afraid, Tired, Worried] with more emphasis on Afraid and Tired  
- Angry after latest child birth is Yes  
- Relationship with husband is in [Bad, Neutral] (bad relationship seen in examples with depression)  
- Received Support is Low  
- Need for Support is in [Low, Medium] (mostly low or medium)  
- Abuse is No (in most positive depression cases)  
- Family type is Nuclear (most depression examples are nuclear)  
- Number of household members is in [2 to 5, 6 to 8] (mostly 2 to 5)  
- Regular checkups is Yes  
- Mode of delivery is in [Normal Delivery, Caesarean Section]  

---

Summary:  
Class 0 (No postpartum depression) is associated with presence of abuse but no anger after childbirth, good or neutral husband relationship, medium or high support received, low or no need for support, worried or tired feelings but not afraid, and regular checkups.  
Class 1 (Postpartum depression) is associated with feeling afraid or tired, anger after childbirth, bad or neutral husband relationship, low support received, low or medium need for support, nuclear family type, and no abuse.  

This matches the examples and general understanding.

---DIVIDER---

Answer:  
Step 1. The relationship between each feature and the task description:

- Abuse: Experiencing abuse is generally a strong risk factor for postpartum depression (PPD). Abuse increases stress and trauma, leading to higher PPD risk.  
- Pregnancy plan: Unplanned pregnancies tend to increase stress and anxiety, possibly increasing PPD risk. Planned pregnancies generally reduce PPD risk.  
- Husband’s monthly income: Lower income often correlates with higher stress and less support, increasing PPD risk. Higher income may reduce risk.  
- Relationship with the in-laws: Poor or bad relationships with in-laws can increase stress and isolation, raising PPD risk. Good or friendly relationships may be protective.  
- Worry about newborn: Excessive worry about the newborn can be a sign or cause of anxiety and depression postpartum.  
- Occupation before latest pregnancy: Certain occupations may reflect socioeconomic status or social support. Housewives or students might have different social dynamics than doctors or service workers.  
- Marital status: Being divorced or separated can reduce emotional and financial support, increasing PPD risk. Married status is generally protective.  
- Fear of pregnancy: Fear related to pregnancy may indicate anxiety or trauma, increasing PPD risk.  
- Total children: Having more children can increase stress and workload, potentially increasing PPD risk, but first-time mothers may also be vulnerable due to inexperience.  
- Residence: Living in a city or village may affect social support structures, access to healthcare, and stress levels, influencing PPD risk.  

---

Step 2. Based on the above and examples, inferred conditions:

10 different conditions for class "0" (No postpartum depression):  
- Abuse is Yes  
- Pregnancy plan is Yes  
- Relationship with the in-laws is Good  
- Worry about newborn is Yes  
- Occupation before latest pregnancy is Student  
- Marital status is Married  
- Fear of pregnancy is Yes  
- Total children is One or Two  
- Husband’s monthly income is 20000 to 30000 or More than 30000  
- Residence is City or Village  

10 different conditions for class "1" (Yes postpartum depression):  
- Abuse is No  
- Pregnancy plan is No  
- Relationship with the in-laws is Neutral or Bad  
- Worry about newborn is No or Yes (more often Yes)  
- Occupation before latest pregnancy is Other or Service or Doctor  
- Marital status is Divorced  
- Fear of pregnancy is Yes  
- Total children is One or Two  
- Husband’s monthly income is No or 10000 to 20000 or Less than 5000  
- Residence is City or Village  

---

Explanation:  
- All examples with Abuse = Yes are class 0, suggesting abuse here is not predictive of PPD in this dataset or possibly mislabeled (contrary to general knowledge).  
- Pregnancy plan = No is mostly class 1, indicating unplanned pregnancy raises PPD risk.  
- Husband’s income lower or "No" correlates with class 1.  
- Bad or Neutral relationships with in-laws appear more in class 1.  
- Worry about newborn is mostly Yes in both classes but combined with other factors, it helps discriminate.  
- Occupation "Other" and "Service" appear more in class 1.  
- Divorced status only appears in class 1.  
- Fear of pregnancy = Yes is common in class 1.  

These conditions align well with the data examples and general knowledge.

---DIVIDER---

Answer:  
Step 1. The relationship between each feature and the task description:

- Relationship with husband: A poor or bad relationship may increase the risk of postpartum depression, while a good or friendly relationship may be protective. Neutral may be intermediate.
- Family type: Joint families may provide more social support, possibly lowering depression risk; nuclear families might have less support, increasing risk.
- Diseases during pregnancy: Presence of chronic or non-chronic diseases may increase stress and risk of postpartum depression.
- Addiction: Addiction (smoking, drinking, drugs) may correlate with higher depression risk.
- Current monthly income: Lower income or no income may increase stress and depression risk; higher income may be protective.
- Trust and share feelings: Being able to trust and share feelings is protective; inability may increase depression risk.
- Residence: City or village may have different stressors; city living might increase stress, but village might have less access to care.
- Regular checkups: Regular medical checkups may reduce depression risk through better health monitoring and support.
- Breastfeed: Breastfeeding may be protective through hormonal and bonding effects; not breastfeeding may increase risk.
- Newborn illness: Newborn illness adds stress and may increase risk of postpartum depression.

---

Step 2. Based on Step 1 and given examples, infer 10 different conditions per answer class.

10 different conditions for class "0" (No postpartum depression):  
- Relationship with husband is in [Good, Friendly]  
- Family type is in [Joint]  
- Diseases during pregnancy is in [No, Non-Chronic Disease]  
- Addiction is No  
- Current monthly income is in [No, More than 30000]  
- Trust and share feelings is Yes  
- Residence is City  
- Regular checkups is Yes  
- Breastfeed is Yes  
- Newborn illness is No  

---

10 different conditions for class "1" (Yes postpartum depression):  
- Relationship with husband is in [Bad, Neutral]  
- Family type is in [Nuclear]  
- Diseases during pregnancy is in [Chronic Disease, Non-Chronic Disease]  
- Addiction is No (addiction is rare in examples, so neutral)  
- Current monthly income is in [10000 to 20000, 5000 to 10000, 20000 to 30000]  
- Trust and share feelings is No  
- Residence is in [City, Village]  
- Regular checkups is Yes  
- Breastfeed is No  
- Newborn illness is Yes  

---

Explanation:  
- Class 0 conditions mostly include good relationships, joint family, no diseases or mild diseases, no addiction, either no income or high income, trust and share feelings, city residence, regular checkups, breastfeeding, and healthy newborn.  
- Class 1 conditions include bad or neutral relationships, nuclear family, presence of diseases, moderate income levels, inability to trust/share feelings, newborn illness or no breastfeeding, and sometimes village residence.  

These conditions align well with the examples given and the general understanding of postpartum depression risk factors.