Step 1. The relationship between each feature and the task description:

- Angry after latest childbirth: Feeling angry after childbirth can be a sign of postpartum depression or emotional distress.
- Gender of newborn: Generally, the newborn’s gender is less likely to directly influence postpartum depression.
- Pregnancy plan: Unplanned pregnancies may increase stress and risk of postpartum depression.
- Fear of pregnancy: Experiencing fear during pregnancy can increase anxiety and risk of postpartum depression.
- Mode of delivery: Caesarean section can be associated with higher postpartum depression risk due to recovery challenges.
- Pregnancy length: Shorter or abnormal pregnancy length (premature birth) can increase risk of postpartum depression.
- Age: Younger or older maternal age may influence risk; extremes of age sometimes correlate with higher depression risk.
- Relationship between father and newborn: Poor or neutral relationship may increase maternal stress and depression risk.
- Breastfeed: Not breastfeeding or difficulties in breastfeeding can increase risk of postpartum depression.
- Feeling for regular activities: Feeling worried, tired, or afraid in daily activities is a strong indicator of postpartum depression.

---

Step 2. Based on the above and examples, 10 different conditions per class:

10 different conditions for class "0" (No postpartum depression):
- Angry after latest child birth is Yes and Feeling for regular activities is No
- Angry after latest child birth is Yes and Breastfeed is Yes and Feeling for regular activities is No
- Angry after latest child birth is Yes and Pregnancy plan is No and Feeling for regular activities is No
- Angry after latest child birth is Yes and Relationship between father and newborn is Good and Feeling for regular activities is No
- Pregnancy plan is Yes and Fear of pregnancy is Yes and Feeling for regular activities is No
- Mode of delivery is Caesarean Section and Feeling for regular activities is No
- Pregnancy length is 9 months and Feeling for regular activities is No
- Age is within range [25, 35] and Feeling for regular activities is No
- Gender of newborn is Boy and Feeling for regular activities is No
- Breastfeed is Yes and Feeling for regular activities is No

10 different conditions for class "1" (Yes postpartum depression):
- Angry after latest child birth is Yes and Feeling for regular activities is Tired
- Angry after latest child birth is Yes and Feeling for regular activities is Worried
- Angry after latest child birth is Yes and Feeling for regular activities is Afraid
- Feeling for regular activities is Worried and Breastfeed is No
- Feeling for regular activities is Tired and Relationship between father and newborn is Neutral or Bad
- Fear of pregnancy is Yes and Feeling for regular activities is Worried
- Mode of delivery is Caesarean Section and Feeling for regular activities is Worried
- Pregnancy length is 10 months and Feeling for regular activities is Tired
- Age is within range [27, 33] and Feeling for regular activities is Tired or Worried
- Relationship between father and newborn is Good and Feeling for regular activities is Worried or Tired

---

These conditions align with the examples and common clinical understanding of postpartum depression indicators.

---DIVIDER---

Answer:  
Step 1. The relationship between each feature and the task description:  

- Relationship between father and newborn: A good or very good relationship likely reduces risk of postpartum depression (PPD), while bad or neutral may increase risk.  
- Family type: Joint family may provide more support and reduce PPD risk; nuclear family may have less support and higher risk.  
- Received Support: Higher support levels reduce PPD risk; low support increases risk.  
- History of pregnancy loss: Having a history of miscarriage or still-born delivery may increase risk of PPD due to trauma and anxiety.  
- Monthly income before latest pregnancy: Higher income may reduce stress and risk of PPD; very low income may increase risk.  
- Number of the latest pregnancy: Higher number of pregnancies may increase stress and risk; first pregnancy might have different stress dynamics.  
- Birth compliancy: Complications during birth may increase risk of PPD due to physical and emotional trauma.  
- Age of immediate older children: Having very young children (1yr to 6yr) may increase stress and risk of PPD; no older children or older children (>13yr) may reduce risk.  
- Marital status: Married status may provide emotional support reducing risk; divorced status may increase risk.  
- Occupation After Your Latest Childbirth: Being a housewife or student may increase isolation and risk; working in service, doctor, teacher, business may provide social interaction reducing risk.  

---

Step 2. Based on the above examples and Step 1's results, infer 10 different conditions per answer:

10 different conditions for class "0" (No PPD):  
- Relationship between father and newborn is in [Good, Very good]  
- Family type is Nuclear  
- Received Support is High  
- History of pregnancy loss is No  
- Monthly income before latest pregnancy is in [20000 to 30000, More than 30000]  
- Number of the latest pregnancy <= 2  
- Birth compliancy is No  
- Age of immediate older children is in [No, 13yr or more]  
- Marital status is Married  
- Occupation After Your Latest Childbirth is in [Service, Doctor, Business, Teacher]  

10 different conditions for class "1" (Yes PPD):  
- Relationship between father and newborn is in [Neutral, Bad]  
- Family type is Joint  
- Received Support is Low  
- History of pregnancy loss is in [Miscarriage, Still-born Delivery]  
- Monthly income before latest pregnancy is in [Less than 5000, 5000 to 10000, 10000 to 20000]  
- Number of the latest pregnancy >= 1 (especially 1 or more)  
- Birth compliancy is Yes  
- Age of immediate older children is in [1yr to 6yr, 7yr to 12yr]  
- Marital status is Divorced  
- Occupation After Your Latest Childbirth is in [Housewife, Student, Other]

---DIVIDER---

Answer:  
Step 1. The relationship between each feature and the task description:

- **Received Support:** Higher support generally reduces risk of postpartum depression (PPD), while low support increases risk.  
- **Mode of delivery:** Caesarean section might increase risk of PPD due to longer recovery and complications compared to normal delivery.  
- **Feeling for regular activities:** Feeling worried or tired may indicate PPD symptoms; “No” (no negative feeling) suggests less likelihood of PPD.  
- **Relax/sleep when the newborn is asleep:** Ability to relax or sleep suggests better coping and less PPD risk; inability suggests higher risk.  
- **Pregnancy length:** Shorter pregnancy length (preterm) may increase stress and risk of PPD.  
- **Occupation After Your Latest Childbirth:** Occupation might influence stress levels and social support; housewives or unemployed might have higher risk due to isolation, but this is less direct.  
- **Worry about newborn:** Excessive worry about newborn is a common symptom of PPD.  
- **Number of the latest pregnancy:** First pregnancy may have higher anxiety and risk; higher parity might reduce or increase risk depending on context.  
- **Diseases during pregnancy:** Presence of chronic or non-chronic diseases may increase stress and risk of PPD.  
- **Relationship with husband:** Poor or neutral relationship increases risk of PPD; good or friendly relationship reduces risk.  

---

Step 2. Based on the above and examples, 10 different conditions per class:

10 different conditions for class "0" (No postpartum depression):  
- Received Support is in [High, Medium]  
- Feeling for regular activities is in [No, Afraid]  
- Relax/sleep when the newborn is asleep is Yes  
- Worry about newborn is No  
- Relationship with husband is in [Good, Friendly]  
- Diseases during pregnancy is No  
- Mode of delivery is Normal Delivery  
- Number of the latest pregnancy >= 2  
- Pregnancy length is in [9 months, 10 months]  
- Occupation After Your Latest Childbirth is in [Service, Business, Doctor]  

10 different conditions for class "1" (Yes postpartum depression):  
- Received Support is Low  
- Feeling for regular activities is in [Worried, Tired]  
- Relax/sleep when the newborn is asleep is No  
- Worry about newborn is Yes  
- Relationship with husband is in [Neutral, Bad, Poor]  
- Diseases during pregnancy is in [Chronic Disease, Non-Chronic Disease, Non-chronic disease, Chronic disease]  
- Mode of delivery is Caesarean Section  
- Number of the latest pregnancy <= 1  
- Pregnancy length is in [6 months, 7 months, 8 months, Less than 5 months]  
- Occupation After Your Latest Childbirth is in [Housewife, House wife, Other, Student]

---DIVIDER---

Step 1. The relationship between each feature and the task description:

- Number of the latest pregnancy: First-time mothers may have higher risk of postpartum depression due to inexperience and anxiety.
- Age: Younger or older maternal age may influence risk; very young or older mothers might have higher risk.
- Relax/sleep when newborn is tended: If the patient can relax/sleep, less likely to have postpartum depression.
- Angry after latest child birth: Feeling angry may be a symptom or indicator of postpartum depression.
- Monthly income before latest pregnancy: Lower income may increase stress and risk of depression.
- Mode of delivery: Caesarean Section may be associated with higher postpartum depression risk due to surgery stress.
- Marital status: Divorced or single mothers may have higher risk due to less social support.
- Gender of newborn: Some cultures have gender preference that may affect mother's mood.
- Fear of pregnancy: Fear or anxiety related to pregnancy can increase risk of postpartum depression.
- Husband's education level: Higher education may correlate with better support and lower risk.

---

Step 2. Based on the above examples and Step 1's results, infer 10 different conditions per answer class:

10 different conditions for class "0" (No postpartum depression):
- Relax/sleep when newborn is tended is in [Yes]
- Angry after latest child birth is in [Yes] and Relax/sleep when newborn is tended is in [Yes]
- Monthly income before latest pregnancy is in [20000 to 30000, More than 30000]
- Number of the latest pregnancy is > 1
- Mode of delivery is in [Caesarean Section] and Relax/sleep when newborn is tended is in [Yes]
- Marital status is in [Married]
- Fear of pregnancy is in [Yes] but Relax/sleep when newborn is tended is in [Yes]
- Husband's education level is in [University, College]
- Age is within range of [28, 35]
- Gender of newborn is in [Girl] and Relax/sleep when newborn is tended is in [Yes]

10 different conditions for class "1" (Yes postpartum depression):
- Relax/sleep when newborn is tended is in [No]
- Angry after latest child birth is in [Yes] and Relax/sleep when newborn is tended is in [No]
- Monthly income before latest pregnancy is in [Less than 5000, 5000 to 10000]
- Number of the latest pregnancy is 1
- Mode of delivery is in [Caesarean Section] and Relax/sleep when newborn is tended is in [No]
- Marital status is in [Married]
- Fear of pregnancy is in [Yes]
- Husband's education level is in [No, Primary School, High School]
- Age is within range of [25, 30]
- Gender of newborn is in [Boy] and Relax/sleep when newborn is tended is in [No]

---DIVIDER---

Answer:  
Step 1. The relationship between each feature and the task description:

- Mode of delivery: Caesarean section delivery might be associated with more physical recovery challenges and possibly higher risk of postpartum depression (PPD) than normal delivery, but this is not deterministic.
- Age of immediate older children: Having no older children or very young older children might increase stress and risk of PPD due to less experience or cumulative childcare burden.
- Age of newborn: PPD is often more pronounced in the early months postpartum (0 to 6 months), risk may decrease as newborn grows older.
- Husband’s monthly income: Lower income might increase stress and risk of PPD due to financial insecurity.
- Abuse: Experiencing abuse is a strong risk factor for PPD.
- Received Support: Lower levels of support (Low or Medium) are associated with higher risk of PPD; high support is protective.
- Relax/sleep when newborn is tended: Inability to relax or sleep when newborn is tended indicates higher stress and possible PPD.
- Number of household members: Larger households could either provide more support or more stress; unclear, but smaller households might mean less support.
- Residence: Living in a city might be associated with better access to healthcare and support, but also more stress; village residence might mean less access but potentially closer community support.
- Angry after latest childbirth: Feeling angry after childbirth is a strong emotional indicator possibly linked to PPD.

---

Step 2.  
10 different conditions for class "0" (No postpartum depression):  
- Abuse is Yes and Received Support is High  
- Mode of delivery is Caesarean Section and Abuse is Yes  
- Received Support is High and Relax/sleep when newborn is tended is Yes  
- Husband’s monthly income is More than 30000 and Abuse is Yes  
- Angry after latest child birth is Yes and Received Support is High  
- Number of household members is 2 to 5 and Abuse is Yes  
- Age of newborn is Older than 1.5 year and Abuse is Yes  
- Mode of delivery is Caesarean Section and Age of immediate older children is No and Abuse is Yes  
- Received Support is High and Relax/sleep when newborn is tended is Yes and Abuse is Yes  
- Age of newborn is 0 to 6 months and Abuse is Yes and Received Support is High  

10 different conditions for class "1" (Yes postpartum depression):  
- Received Support is Low and Angry after latest child birth is Yes  
- Received Support is Low and Abuse is No  
- Age of newborn is 1 year to 1.5 year and Received Support is Low  
- Angry after latest child birth is Yes and Received Support is Low  
- Relax/sleep when newborn is tended is No and Received Support is High  
- Mode of delivery is Caesarean Section and Age of immediate older children is 1yr to 3yr and Angry after latest child birth is Yes  
- Received Support is Low and Number of household members is 6 to 8  
- Abuse is No and Received Support is Low and Angry after latest child birth is Yes  
- Received Support is Low and Relax/sleep when newborn is tended is Yes and Angry after latest child birth is Yes  
- Age of newborn is 1 year to 1.5 year and Received Support is Low and Angry after latest child birth is Yes