Answer:  
Step 1. The relationship between each feature and the task description:

- Vmag (apparent visual magnitude): This depends on both intrinsic brightness and distance. Alone, it is not a reliable indicator of being a giant star, since distant giants can appear faint and nearby dwarfs bright.  
- Plx (parallax): Larger parallax means the star is closer. Combined with apparent magnitude, it helps calculate absolute magnitude, which is crucial for luminosity classification.  
- e_Plx (error in parallax): High error reduces confidence in distance and absolute magnitude estimates, making classification less certain.  
- B-V (color index): Indicates star temperature and spectral class. Giants typically have certain B-V ranges depending on their spectral type, often redder (higher B-V) than dwarfs of the same spectral class.  
- SpType (spectral type): The spectral type includes luminosity class (e.g., V = main sequence/dwarf, III = giant, IV = subgiant). Luminosity class is a direct indicator of whether the star is a giant or not.  
- Amag (absolute magnitude): Giants are intrinsically brighter than dwarfs of the same spectral type, so absolute magnitude is a strong indicator of giant status. Giants have lower (more negative) absolute magnitudes than dwarfs.

---

Step 2. Based on the above and typical astrophysical knowledge, here are 10 different conditions for each class:

10 different conditions for class "0" (Not a giant star):  
- SpType is in [types with luminosity class V, e.g., G1V, F3V, K5V]  
- Amag >= 4.0 (dwarfs have higher absolute magnitudes, i.e., lower intrinsic brightness)  
- B-V <= 1.0 (dwarfs tend to have bluer or moderate color indices compared to giants of same spectral type)  
- Vmag > 8.0 and Plx < 10 (faint and distant stars more likely dwarfs if absolute magnitude is not bright)  
- Amag is within range [4.0, 10.0]  
- SpType is in [types without luminosity class III or IV]  
- Plx >= 10 and Amag >= 5.0 (nearby stars with low brightness likely dwarfs)  
- e_Plx <= 1.0 and Amag >= 4.5 (good parallax precision with faint absolute magnitude implies dwarf)  
- B-V is within range [0.3, 1.0] and Amag >= 3.5  
- Vmag >= 6.0 and Amag >= 3.5 and SpType ends with 'V' (typical dwarf star signature)

10 different conditions for class "1" (Giant star):  
- SpType is in [types with luminosity class III or IV, e.g., G9III, K1III, B9III/IV]  
- Amag <= 2.0 (giants are intrinsically bright, lower absolute magnitude)  
- B-V >= 1.0 (giants tend to be redder on average)  
- Plx < 10 and Vmag <= 6.0 (bright and distant stars likely giants)  
- Amag is within range [-5.0, 2.0]  
- SpType is in [types containing 'III' or 'IV']  
- e_Plx <= 2.0 and Amag <= 2.5 (good parallax accuracy and high intrinsic brightness)  
- B-V is within range [1.0, 2.0] and Amag <= 1.5  
- Vmag <= 5.0 and Amag <= 0.0  
- Plx >= 5 and Amag <= 1.0 and SpType ends with 'III' or 'IV'

---

These conditions combine spectral type luminosity class, absolute magnitude, and color index as primary indicators, supplemented by parallax and apparent magnitude to confirm distance and intrinsic brightness.

---DIVIDER---

Answer:  
Step 1. The relationship between each feature and the task description:

- Vmag (apparent visual magnitude): Brighter stars (lower Vmag) can be either giants or dwarfs depending on distance; alone, Vmag is not a reliable indicator of giant status without distance information.
- Plx (parallax): Larger parallax means closer star; combined with Vmag, it helps calculate absolute magnitude, which is key to identifying giants.
- e_Plx (error in parallax): High error reduces confidence in distance and thus in absolute magnitude calculation; less reliable classification.
- B-V (color index): Giants often have distinct color indices corresponding to their spectral type and evolutionary stage; for example, giants tend to have larger B-V (redder) than dwarfs of similar spectral type.
- SpType (spectral type): Luminosity class in spectral type (e.g., III for giants, V for dwarfs) is a direct indicator of giant status.
- Amag (absolute magnitude): Giants have higher luminosity and thus lower (more negative) absolute magnitude compared to dwarfs of similar spectral type.

Step 2. Based on the above and typical star classification criteria, the following conditions can be inferred:

10 different conditions for class "0" (not a giant star):

- SpType is in [G1V, F3V, K5V, B8V, B9V]  
- Amag > 3  
- B-V < 0.8  
- Vmag >= 8  
- Plx >= 10  
- Amag is within range [4, 10]  
- SpType is in [F3V, G1V, K5V] and Amag > 4  
- B-V is within range [0.2, 0.7]  
- Plx is within range [5, 20] and Amag > 3  
- e_Plx < 1 and Amag > 3  

10 different conditions for class "1" (giant star):

- SpType is in [G9III, K2III, B9III/IV, K3III, G8III]  
- Amag <= 2  
- B-V >= 1.0  
- Vmag < 6  
- Plx <= 5  
- Amag is within range [-5, 2]  
- SpType is in [K3III, G8III] and Amag <= 1  
- B-V is within range [1.0, 1.8]  
- Plx is within range [0.1, 5] and Amag <= 2  
- e_Plx < 1 and Amag <= 2  

These conditions leverage spectral type luminosity class, absolute magnitude, color index, and parallax to distinguish giants from non-giants.

---DIVIDER---

Answer:  
Step 1. The relationship between each feature and the task description:

- Vmag (apparent visual magnitude): Brighter apparent magnitude (smaller Vmag) does not directly indicate giant status because brightness depends on distance. However, if Vmag is bright but parallax is small (far away), the star might be intrinsically luminous, possibly a giant.  
- Plx (parallax): Smaller parallax means the star is farther away; combined with brightness, it can help infer absolute magnitude, which relates to luminosity class (giants are intrinsically bright).  
- e_Plx (error in parallax): Large error reduces reliability of distance estimate, making classification less certain.  
- B-V (color index): Giants tend to have certain B-V ranges depending on their spectral type; generally, redder stars with higher B-V can be giants (e.g., K or M giants).  
- SpType (spectral type): The luminosity class embedded in SpType (e.g., "III" for giants, "V" for dwarfs) is a direct indicator of giant status. For example, "G5III" is a giant, "G5V" is a dwarf.  
- Amag (absolute magnitude): Giants have lower (more negative) absolute magnitudes than dwarfs of the same spectral type, so Amag is a strong indicator. Giants are more luminous and thus have smaller or negative Amag values.  

Step 2. Based on the above and examples, infer 10 different conditions per answer class.

10 different conditions for class "0" (not giant):  
- SpType is in [G1V, F3V, K5V, B8V, B9V]  
- Amag >= 4.0  
- Amag is within range of [3.0, 10.0]  
- B-V <= 0.8  
- Vmag > 8.0  
- Plx >= 10.0  
- Vmag >= 6.0 and Plx >= 5.0  
- Amag >= 5.0 and B-V <= 1.0  
- SpType ends with "V" (luminosity class V)  
- e_Plx <= 0.5 and Amag >= 4.0  

10 different conditions for class "1" (giant):  
- SpType contains "III" or "III/IV" or "IV" (subgiants or giants)  
- Amag <= 2.0  
- Amag is within range of [-5.0, 2.0]  
- B-V >= 1.0  
- Vmag <= 6.0 and Plx <= 5.0  
- Plx < 5.0 and Amag <= 2.5  
- SpType is in [G5III, K0III, M0III, B9III/IV]  
- Amag <= 1.0 and B-V >= 0.9  
- Vmag <= 7.0 and Amag <= 3.0  
- e_Plx <= 1.0 and Amag <= 2.0  

These conditions combine spectral classification, absolute magnitude, color index, and parallax to distinguish giants from non-giants.

---DIVIDER---

Answer:  
Step 1. The relationship between each feature and the task description:

- Vmag (apparent magnitude): This depends on distance and intrinsic brightness. Alone, it does not distinguish giants well because a distant giant can appear faint.  
- Plx (parallax): Larger parallax means closer star; combined with apparent magnitude, it helps calculate absolute magnitude, which is key to identifying giants.  
- e_Plx (parallax error): Large errors reduce confidence in distance and thus in absolute magnitude calculation.  
- B-V (color index): Indicates temperature and spectral type. Giants tend to have certain B-V ranges differing from dwarfs of the same spectral class.  
- SpType (spectral type): The luminosity class included in spectral type (e.g., V = dwarf, III = giant, IV = subgiant) is a direct indicator of whether the star is a giant or not.  
- Amag (absolute magnitude): Key feature; giants have higher luminosity (lower absolute magnitude values) than dwarfs of the same spectral type.  

Step 2.  
10 different conditions for class "0" (No, not a giant star):  
- SpType is in [G1V, F3V, K5V, B8V, B9V]  
- Amag >= 3.0  
- B-V <= 0.8  
- Vmag > 8.0  
- Plx >= 10.0  
- Amag is within range [4.0, 10.0]  
- SpType is in [F5V, G2V, K3V]  
- B-V is within range [0.3, 0.7]  
- Amag > 5.0  
- Plx > 5.0 and Amag > 3.5  

10 different conditions for class "1" (Yes, this is a giant star):  
- SpType is in [G9III, K0III, K1III, B9III/IV, G8III]  
- Amag <= 2.0  
- B-V >= 1.0  
- Vmag < 6.0 and Plx < 10.0  
- Amag is within range [-2.0, 2.0]  
- SpType includes luminosity class III or IV (e.g., III, III/IV)  
- B-V is within range [0.9, 1.5]  
- Plx < 5.0 and Amag < 3.0  
- Amag < 1.0  
- SpType is in [K2III, G7III, F8III]

---DIVIDER---

Answer:  
Step 1. The relationship between each feature and the task description:  

- Vmag (apparent magnitude): Brighter stars (lower Vmag) can be giants if they are distant; however, apparent magnitude alone is not reliable since it depends on distance.  
- Plx (parallax): Smaller parallax means the star is farther away; giants tend to be luminous and can be seen at greater distances with smaller parallax.  
- e_Plx (parallax error): Larger error reduces confidence in distance and thus in derived absolute magnitude; less useful directly for classification but important for data quality.  
- B-V (color index): Giants often have specific color indices corresponding to their cooler temperatures; for example, K and M giants have higher B-V values (redder).  
- SpType (spectral type): Luminosity class indicated in spectral type (e.g., III for giants, V for main sequence) is a strong indicator. Giants have spectral types with III, II, or IV luminosity classes; dwarfs have V.  
- Amag (absolute magnitude): Giants are more luminous (lower absolute magnitude) than dwarfs of the same spectral type; thus, Amag is a key feature to distinguish giants from dwarfs.  

Step 2. Based on the above and typical characteristics of giant stars, infer 10 different conditions per answer class.  

10 different conditions for class "0" (Not a giant star):  
- SpType is in [G1V, F3V, K5V, B8V, B9V]  
- Amag > 3.0  
- B-V < 0.8  
- Vmag >= 8.0  
- Plx >= 10.0  
- Amag is within range [4.0, 10.0]  
- B-V <= 0.6  
- SpType is in [A0V, F5V, G2V]  
- Plx >= 5.0 and Amag > 2.5  
- e_Plx < 0.5 and Amag > 3.5  

10 different conditions for class "1" (Is a giant star):  
- SpType is in [G8III, K1III, K5III, B9III/IV, G5III]  
- Amag <= 2.0  
- B-V >= 1.0  
- Vmag < 6.0  
- Plx < 5.0  
- Amag is within range [-5.0, 2.0]  
- SpType is in [K3III, M0III, G7III]  
- B-V > 0.9 and Amag < 1.5  
- Plx < 3.0 and Amag < 0.0  
- e_Plx < 1.0 and Amag <= 2.0