Step 1. The relationship between each feature and the task description:

- Vmag (apparent visual magnitude): A brighter star (lower Vmag) might be a giant if it is distant, but apparent magnitude alone is not a reliable indicator because it depends on distance.
- Plx (parallax): Smaller parallax means the star is farther away. Giants are often luminous and can be seen at larger distances.
- e_Plx (error in parallax): Large error reduces confidence in distance and absolute magnitude calculations, which affects classification.
- B-V (color index): Giants have characteristic B-V values depending on their spectral type. For example, giants tend to have redder colors (higher B-V) compared to main sequence stars of the same spectral class.
- SpType (spectral type): Luminosity class in spectral type (e.g., III, IV, V) is a direct indicator: III means giant, V means main sequence (dwarf). So if SpType includes III or IV, it is likely a giant or subgiant.
- Amag (absolute magnitude): Giants have brighter absolute magnitudes (lower or more negative Amag) than dwarfs of the same spectral type.

---

Step 2. Based on the above and typical stellar classification knowledge, here are 10 conditions for each class:

10 different conditions for class "0" (Not a giant star):
- SpType is in [G1V, F3V, K5V, B8V, B9V]  (main sequence stars)
- Amag > 3.0  (dwarfs typically have higher absolute magnitudes)
- B-V < 0.8  (main sequence stars tend to be bluer than giants of similar spectral types)
- Plx >= 10  (nearby stars with large parallax tend to be dwarfs)
- Vmag > 8.0  (faint apparent magnitude for nearby stars suggests dwarf)
- SpType does not contain "III" or "IV"  (no giant or subgiant luminosity class)
- Amag is within range of [4.0, 10.0]  (typical for dwarfs)
- B-V is within range of [0.0, 0.6]  (bluer main sequence stars)
- e_Plx < 0.5  (low parallax error for reliable nearby dwarf classification)
- Plx > 5 and Amag > 2.5  (closer stars with relatively faint absolute magnitude)

10 different conditions for class "1" (Giant star):
- SpType is in [G8III, K0III, B9III/IV, G5III, K1III]  (giant or subgiant spectral types)
- Amag <= 2.0  (giants have brighter absolute magnitude)
- B-V >= 0.9  (giants tend to be redder)
- Plx < 5  (giants often more distant with smaller parallax)
- Vmag <= 6.0  (bright apparent magnitude despite distance)
- SpType contains "III" or "IV"  (luminosity class indicating giant or subgiant)
- Amag is within range of [-5.0, 2.0]  (typical absolute magnitude range for giants)
- B-V is within range of [0.8, 1.8]  (redder color index for giants)
- e_Plx < 1.0  (acceptable parallax error for distant stars)
- Plx <= 3 and Amag < 1.5  (very distant but intrinsically bright star)

---

These conditions combine spectral classification, brightness, color, and distance indicators to differentiate giants from non-giants.

---DIVIDER---

Answer:  
Step 1. The relationship between each feature and the task description:

- Vmag (apparent magnitude): Brighter stars (lower Vmag) might be giants or nearby dwarfs; since apparent magnitude depends on distance, alone it is not a strong indicator of giant status without distance info.
- Plx (parallax): Larger parallax means closer star; combined with apparent magnitude, it can help distinguish giants from dwarfs by calculating absolute magnitude.
- e_Plx (error in parallax): High error reduces reliability of distance estimate; less useful directly but important for confidence.
- B-V (color index): Giants typically have certain color ranges depending on spectral type; giants tend to be redder (higher B-V) than dwarfs of same spectral type.
- SpType (spectral type): Spectral luminosity class (e.g., V for dwarf, III for giant) directly indicates giant or not; if spectral type includes III or IV, likely a giant or subgiant.
- Amag (absolute magnitude): Giants have brighter absolute magnitudes (lower Amag) than dwarfs of same spectral type; absolute magnitude is a key discriminator.

Step 2. 10 different conditions for class "0" (not giant):

- SpType is in [G1V, F3V, K5V, B8V, B9V]  
- Amag >= 4.0  
- B-V <= 0.8  
- Plx >= 10 (star is close, likely dwarf if not very bright)  
- Vmag > 6.0  
- Amag is within range [4.0, 10.0]  
- SpType is in [A0V, F5V, G0V]  
- B-V < 0.5  
- Plx is within range [5, 50] and Amag > 3.5  
- e_Plx < 1.0 and Amag >= 4.5  

10 different conditions for class "1" (giant):

- SpType is in [B9III/IV, G5III, K0III, M0III]  
- Amag <= 2.0  
- B-V >= 1.0  
- Plx < 5 (far star but bright absolute magnitude)  
- Vmag <= 5.0 and Amag < 2.5  
- Amag is within range [-5.0, 2.0]  
- SpType contains "III" or "IV" luminosity class  
- B-V > 0.9 and Amag < 3.0  
- Plx is within range [0.1, 5] and Amag < 1.0  
- e_Plx < 0.5 and Amag <= 2.0  

These conditions reflect typical characteristics distinguishing giant stars (luminosity class III/IV, brighter absolute magnitude, redder color index) from dwarfs or main sequence stars.

---DIVIDER---

Answer:  
Step 1. The relationship between each feature and the task description:

- Vmag (apparent magnitude): Brighter stars (lower Vmag) might be giants if they are distant; however, apparent magnitude alone is insufficient without distance information.
- Plx (parallax): Larger parallax means closer star; combining Plx with Vmag allows calculation of absolute magnitude, which is a key indicator of luminosity class.
- e_Plx (error in parallax): High error reduces reliability of distance estimate; less useful directly for classification.
- B-V (color index): Indicates star temperature and spectral type; giants tend to have certain B-V ranges depending on spectral type.
- SpType (spectral type): Spectral type often encodes luminosity class (e.g., V = main sequence, III = giant, IV = subgiant). Presence of III or IV in SpType strongly indicates giant or subgiant.
- Amag (absolute magnitude): Direct measure of intrinsic brightness; giants have brighter (lower) absolute magnitudes compared to main sequence stars of similar spectral type.

Step 2. Based on Step 1 and examples, 10 different conditions per class:

10 different conditions for class "0" (star is NOT a giant):

- SpType is in [G1V, F3V, K5V, B8V, B9V]  
- Amag >= 4.0  
- Amag is within range of [3.5, 10.0]  
- B-V <= 0.8  
- Vmag > 8.0  
- Plx >= 10.0  
- Plx is within range of [5.0, 30.0] and Amag >= 3.5  
- SpType does not contain "III" or "IV"  
- B-V is within range of [0.0, 0.7] and Amag > 3.0  
- Vmag >= 6.0 and Plx >= 5.0  

10 different conditions for class "1" (star IS a giant):

- SpType is in [G8III, K0III, B9III/IV, G5III, K2III]  
- Amag <= 2.0  
- Amag is within range of [-5.0, 2.0]  
- B-V >= 1.0  
- Vmag <= 6.0 and Plx <= 5.0  
- SpType contains "III" or "IV"  
- B-V is within range of [0.8, 2.0] and Amag < 3.0  
- Plx <= 5.0 and Amag <= 2.5  
- Vmag < 5.0 and Amag < 1.0  
- SpType is not main sequence (does not end with "V") and Amag < 3.0  

These conditions combine spectral type, absolute magnitude, color index, parallax, and apparent magnitude to distinguish giants from non-giants.

---DIVIDER---

Answer:  
Step 1. The relationship between each feature and the task description:

- Vmag (apparent visual magnitude): This indicates how bright the star appears from Earth. Giant stars tend to be intrinsically bright but may appear faint if far away. Alone, Vmag is not sufficient to identify giants but can help when combined with distance.

- Plx (parallax): Parallax measures the distance to the star. A smaller parallax means the star is farther away. Since giants are luminous and can be seen from farther away, stars with small parallax but bright apparent magnitude might be giants.

- e_Plx (error in parallax): This reflects uncertainty in distance measurement. High error reduces confidence in distance-based calculations like absolute magnitude.

- B-V (color index): This measures the star's color/temperature. Giants have characteristic B-V values depending on their spectral type. For example, red giants have higher B-V (redder), while blue giants have lower B-V.

- SpType (spectral type): Spectral type includes luminosity class. Giants are usually indicated by luminosity classes III or III/IV (e.g., G8III, K5III). Main sequence stars have class V.

- Amag (absolute magnitude): This is the intrinsic brightness of the star. Giants have lower (more negative) absolute magnitudes compared to dwarfs of the same spectral type.

Summary: To identify giant stars, the most important features are SpType (luminosity class III or III/IV), Amag (absolute magnitude indicating intrinsic brightness), and B-V (color index consistent with giants). Parallax and its error help verify distance and thus Amag calculation. Vmag helps when combined with distance.

---

Step 2. Based on the above examples and Step 1's results, infer 10 different conditions per answer class.

10 different conditions for class "0" (not giant stars):

- SpType is in [G1V, F3V, K5V, B8V, B9V]  
- Amag > 3.0  
- Amag is within range of [2.0, 10.0]  
- B-V < 0.8  
- B-V is within range of [0.0, 0.7]  
- Vmag > 5.0  
- Plx >= 10.0  
- e_Plx < 1.0  
- SpType is in [F5V, G2V, K3V]  
- Amag >= 4.0  

10 different conditions for class "1" (giant stars):

- SpType is in [G8III, K5III, B9III/IV, G5III, K3III]  
- Amag < 2.0  
- Amag is within range of [-5.0, 1.5]  
- B-V > 0.9  
- B-V is within range of [0.8, 2.0]  
- Vmag < 5.0  
- Plx < 10.0  
- e_Plx < 2.0  
- SpType is in [G7III, K4III, M0III]  
- Amag <= 1.0  

---

Explanation:  
- Class "0" conditions emphasize main sequence spectral types (luminosity class V), higher Amag (fainter absolute magnitude), and bluer or less red B-V indices, typical of dwarfs.  
- Class "1" conditions emphasize giant luminosity classes (III or III/IV), brighter absolute magnitudes (lower Amag), redder B-V values, and spectral types typical of giants.

This set of conditions should help classify stars as giants or not based on the given features.

---DIVIDER---

Answer:  
Step 1. The relationship between each feature and the task description:  

- Vmag (apparent visual magnitude): This depends on both intrinsic brightness and distance. Alone, it is not a reliable indicator of giant status without distance information.  
- Plx (parallax): Larger parallax means closer star. Knowing distance helps convert apparent magnitude to absolute magnitude, which relates to luminosity class.  
- e_Plx (error in parallax): High error reduces reliability of distance and absolute magnitude estimates, making classification less certain.  
- B-V (color index): Indicates star temperature and spectral type. Giants often have specific B-V ranges compared to dwarfs of the same spectral type.  
- SpType (spectral type): Spectral type combined with luminosity class (e.g., V for dwarf, III for giant) directly indicates if a star is giant. For example, types ending with III or III/IV usually indicate giants or subgiants.  
- Amag (absolute magnitude): Giants have higher luminosity (lower absolute magnitude values) than dwarfs of similar spectral type. Thus, Amag is a strong indicator of giant status.  

Step 2. Based on the above and typical astrophysical knowledge, here are 10 different conditions for each class:

10 different conditions for class "0" (Not a giant star):  
- SpType is in [G1V, F3V, K5V, B8V, B9V]  
- Amag >= 4.0  
- B-V <= 0.8  
- Vmag > 8.0 (assuming distant faint stars are likely dwarfs)  
- Plx >= 10 (closer stars with dwarf spectral types)  
- Amag is within range [4.0, 10.0]  
- SpType ends with 'V' (main sequence stars)  
- B-V < 1.0 and Amag > 3.5  
- Plx/e_Plx > 10 (good parallax accuracy) and Amag > 4.0  
- Vmag >= 6.0 and SpType is in [F3V, G1V]  

10 different conditions for class "1" (Is a giant star):  
- SpType is in [G9III, K0III, K5III, B9III/IV, G8III]  
- Amag <= 2.0  
- B-V >= 1.0  
- SpType ends with 'III' or 'III/IV'  
- Amag is within range [-5.0, 2.0]  
- Plx < 10 and Amag <= 2.5 (distant but luminous)  
- B-V > 1.2 and Amag < 1.5  
- Vmag < 6.0 and SpType is in [K5III, G8III]  
- Plx/e_Plx > 5 and Amag < 3.0  
- SpType is in [K0III, G8III, B9III/IV] and B-V > 0.9  

These conditions combine spectral classification (especially luminosity class), absolute magnitude, and color index to distinguish giants from non-giants.