Answer:  
Step 1. The relationship between each feature and the task description:

- Date: The specific date/time likely has no direct causal effect on whether an arrest was made; however, some time periods might correlate with different policing intensity or crime types.
- Primary Type: Certain crime types (e.g., NARCOTICS, LIQUOR LAW VIOLATION, DOMESTIC BATTERY) are more likely to result in arrests than others (e.g., THEFT, CRIMINAL DAMAGE).
- Description: More severe or specific descriptions (e.g., POSSESS - CRACK, DOMESTIC BATTERY SIMPLE) may correlate with arrests.
- Location Description: Crimes at bars, taverns, alleys, or streets might have higher arrest rates; residential or institutional locations might have lower arrest rates.
- Domestic: Domestic-related crimes (Domestic=1) may have a higher probability of arrest due to specific enforcement policies.
- Beat, District, Ward, Community Area: Some areas may have higher arrest rates due to policing strategies or crime rates.
- FBI Code: Certain FBI codes (e.g., 18 for narcotics, 22 for liquor violations) correspond to crimes with higher arrest likelihood.
- X Coordinate, Y Coordinate, Latitude, Longitude: Geographical coordinates might indirectly indicate areas with different arrest rates.
- Year: All examples are from 2025, so no variability here.

Step 2. Based on Step 1 and examples, infer 10 different conditions per answer class:

10 different conditions for class "0" (No arrest made):
- Primary Type is in [THEFT, MOTOR VEHICLE THEFT, CRIMINAL DAMAGE, CRIMINAL TRESPASS, DECEPTIVE PRACTICE, OTHER OFFENSE]
- Description is in [$500 AND UNDER, FROM BUILDING, TO RESIDENCE, TO VEHICLE, FINANCIAL EXPLOITATION OF AN ELDERLY OR DISABLED PERSON, VEHICLE TITLE / REGISTRATION OFFENSE]
- Location Description is in [STREET, APARTMENT, COLLEGE / UNIVERSITY - GROUNDS, RESIDENCE, OTHER (SPECIFY)]
- Domestic is 0
- FBI Code is in [06, 07, 11, 14, 26]
- Beat is within range of [100, 2000] (no specific beat strongly associated with arrest here)
- District is within range of [1, 25] (no strong pattern for arrest)
- Ward is within range of [1, 50] (no strong pattern for arrest)
- Community Area is within range of [1, 70] (no strong pattern for arrest)
- Date is within range of [01/01/2025 00:00:00 AM, 01/31/2025 11:59:59 PM] (time not a strong factor for no arrest)

10 different conditions for class "1" (Arrest made):
- Primary Type is in [NARCOTICS, LIQUOR LAW VIOLATION, BATTERY, OTHER OFFENSE]
- Description is in [POSSESS - CRACK, POSSESS - CANNABIS 30 GRAMS OR LESS, MANUFACTURE / DELIVER - CANNABIS OVER 10 GRAMS, DOMESTIC BATTERY SIMPLE, VIOLATION OF CIVIL NO CONTACT ORDER, FOUND SUSPECT NARCOTICS, LIQUOR LICENSE VIOLATION]
- Location Description is in [ALLEY, BAR OR TAVERN, TAVERN / LIQUOR STORE, RESIDENCE, SIDEWALK, VEHICLE NON-COMMERCIAL]
- Domestic is 1 or 0 (both appear, but domestic=1 strongly correlates with arrest in battery/domestic cases)
- FBI Code is in [08B, 18, 22, 26]
- Beat is within range of [500, 1600] (arrests clustered in these beats)
- District is within range of [5, 19] (arrests mostly in these districts)
- Ward is within range of [3, 42] (arrests occur across these wards)
- Community Area is within range of [6, 70] (arrests occur in these community areas)
- Date is within range of [01/01/2025 00:00:00 AM, 01/31/2025 11:59:59 PM] (time not a strong factor but consistent)

---

Summary: Arrests are strongly linked to Primary Types like NARCOTICS, LIQUOR LAW VIOLATION, BATTERY, and certain descriptions indicating possession or domestic violence. Locations such as alleys, bars, and residences are common for arrests. Domestic cases have higher arrest likelihood. FBI Codes related to narcotics and liquor laws also correlate with arrests. No arrest is common for theft, vehicle theft, criminal damage, and deceptive practice with low severity descriptions.

---

This completes the step-by-step extraction of conditions for both classes.

---DIVIDER---

Answer:  
Step 1. The relationship between each feature and the task description:

- Date: The specific date/time likely has no direct causal effect on whether an arrest was made, but some crimes might be more likely at certain times.
- Primary Type: Certain crime types (e.g., NARCOTICS, BATTERY) are more likely to result in arrests than others (e.g., THEFT under $500, CRIMINAL DAMAGE).
- Description: More severe or specific descriptions (e.g., DOMESTIC BATTERY SIMPLE, POSSESS - CRACK) might correlate with arrests.
- Location Description: Crimes in public places (e.g., STREET, ALLEY, BAR OR TAVERN) may have higher arrest rates than those in private or less accessible locations (e.g., APARTMENT).
- Domestic: Domestic = 1 (domestic violence) cases might have higher arrest likelihood.
- Beat, District, Ward, Community Area: These geographic/police jurisdiction variables might influence arrest likelihood due to policing policies or crime rates.
- FBI Code: Certain FBI codes (e.g., 18 for narcotics, 08B for battery) are associated with arrests.
- X Coordinate, Y Coordinate, Latitude, Longitude: Spatial coordinates relate to location and may indirectly influence arrest likelihood.
- Year: All examples are from 2025, so no variation here.

From the examples and Step 1:

- All "Answer: 1" cases are either NARCOTICS (Primary Type), BATTERY (Domestic Battery), LIQUOR LAW VIOLATION, or OTHER OFFENSE with violation of civil no contact order.
- All "Answer: 0" cases are mostly THEFT, CRIMINAL DAMAGE, MOTOR VEHICLE THEFT, DECEPTIVE PRACTICE, CRIMINAL TRESPASS, and other non-violent or less arrest-prone crimes.
- Domestic = 1 cases (domestic violence) tend to have arrests (Answer=1).
- FBI Code 18 (NARCOTICS) cases mostly have arrests.
- FBI Code 08B (BATTERY) with domestic = 1 has arrest.
- Location Description such as ALLEY, BAR OR TAVERN, STREET, VEHICLE NON-COMMERCIAL are common in arrest cases.
- Description involving possession, manufacture/deliver narcotics, domestic battery, violation of civil no contact order are associated with arrests.

---

10 different conditions for class "0":
- Primary Type is in [CRIMINAL TRESPASS, CRIMINAL DAMAGE, THEFT, MOTOR VEHICLE THEFT, DECEPTIVE PRACTICE, OTHER OFFENSE (except violation of civil no contact order)]
- Description is in [TO RESIDENCE, TO VEHICLE, FROM BUILDING, $500 AND UNDER, TO PROPERTY, VEHICLE TITLE / REGISTRATION OFFENSE, FINANCIAL EXPLOITATION OF AN ELDERLY OR DISABLED PERSON]
- Domestic = 0
- FBI Code is in [06, 07, 11, 14, 26] (codes associated with theft, damage, deceptive practice, other offenses)
- Location Description is in [APARTMENT, STREET, COLLEGE / UNIVERSITY - GROUNDS, OTHER (SPECIFY), RESIDENCE]
- Primary Type is not in [NARCOTICS, BATTERY, LIQUOR LAW VIOLATION, OTHER OFFENSE with violation of civil no contact order]
- Year = 2025 (all examples)
- Beat is within range of [100, 2000] (general range, no strong pattern)
- Ward is within range of [1, 50] (general range, no strong pattern)
- Community Area is within range of [1, 80] (general range, no strong pattern)

---

10 different conditions for class "1":
- Primary Type is in [NARCOTICS, BATTERY, LIQUOR LAW VIOLATION, OTHER OFFENSE]
- Description is in [POSSESS - CRACK, FOUND SUSPECT NARCOTICS, MANUFACTURE / DELIVER - CANNABIS OVER 10 GRAMS, POSSESS - CANNABIS 30 GRAMS OR LESS, VIOLATION OF CIVIL NO CONTACT ORDER, DOMESTIC BATTERY SIMPLE, LIQUOR LICENSE VIOLATION]
- Domestic = 1 or Primary Type is NARCOTICS (even if Domestic=0)
- FBI Code is 18 (NARCOTICS), 08B (BATTERY), or 22 (LIQUOR LAW VIOLATION), or 26 for violation of civil no contact order
- Location Description is in [ALLEY, BAR OR TAVERN, SIDEWALK, VEHICLE NON-COMMERCIAL, RESIDENCE]
- Primary Type is not in [THEFT, CRIMINAL DAMAGE, MOTOR VEHICLE THEFT, DECEPTIVE PRACTICE]
- Year = 2025
- Beat is within range of [300, 1600] (from examples)
- Ward is within range of [3, 42]
- Community Area is within range of [16, 71]

---

Summary: Arrests are strongly associated with narcotics-related crimes, domestic battery, liquor law violations, and violations of civil no contact orders, often with Domestic=1 or Primary Type = NARCOTICS. Non-arrested cases are mostly theft, criminal damage, and other minor or non-violent offenses with Domestic=0.

---DIVIDER---

Answer:  
Step 1. The relationship between each feature and the task description:

- Date: The exact date/time likely has no direct causal effect on whether an arrest was made, but certain times (e.g., late night) may correlate with types of crimes more likely to result in arrests.
- Primary Type: The type of crime strongly influences arrest likelihood; violent or drug-related crimes tend to have arrests, while property crimes less so.
- Description: More serious or specific descriptions (e.g., possession, manufacture) indicate higher arrest likelihood.
- Location Description: Certain locations (bars, taverns, alleys) may be associated with crimes more likely to involve arrests.
- Domestic: Domestic crimes (Domestic=1) often involve arrests due to severity and police protocols.
- Beat, District, Ward, Community Area: These geographic identifiers might correlate with crime/arrest patterns but are less directly causal.
- FBI Code: This code groups crimes by FBI classification; some codes (e.g., narcotics, battery) are more likely to have arrests.
- X Coordinate, Y Coordinate, Latitude, Longitude: Geographic coordinates relate to location and indirectly to arrest likelihood.
- Year: All examples are from the same year (2025), so little variation.
  
Step 2. Based on Step 1 and examples, here are 10 different conditions per answer class:

10 different conditions for class "0" (No arrest made):
- Primary Type is in [THEFT, CRIMINAL DAMAGE, CRIMINAL TRESPASS, OTHER OFFENSE, MOTOR VEHICLE THEFT, DECEPTIVE PRACTICE]  
- Description is in [TO PROPERTY, TO VEHICLE, TO RESIDENCE, VEHICLE TITLE / REGISTRATION OFFENSE, $500 AND UNDER, FINANCIAL EXPLOITATION OF AN ELDERLY OR DISABLED PERSON, FROM BUILDING, THEFT / RECOVERY - AUTOMOBILE]  
- Domestic is 0  
- Location Description is in [RESIDENCE, APARTMENT, STREET, COLLEGE / UNIVERSITY - GROUNDS, OTHER (SPECIFY)]  
- FBI Code is in [06, 11, 14, 26, 07]  
- Beat is within range of [500, 2000] (general urban beats with property crimes)  
- District is in [2, 3, 5, 6, 8, 9, 11, 12, 15, 18, 19] where no arrests were made in examples  
- Ward is within range of [4, 46] (various wards with no arrests)  
- X Coordinate is within range of [1150000, 1180000] (location ranges from examples without arrests)  
- Year is 2025  

10 different conditions for class "1" (Arrest made):
- Primary Type is in [NARCOTICS, BATTERY, LIQUOR LAW VIOLATION, OTHER OFFENSE]  
- Description is in [MANUFACTURE / DELIVER - CANNABIS OVER 10 GRAMS, POSSESS - CRACK, POSSESS - CANNABIS 30 GRAMS OR LESS, DOMESTIC BATTERY SIMPLE, VIOLATION OF CIVIL NO CONTACT ORDER, LIQUOR LICENSE VIOLATION, FOUND SUSPECT NARCOTICS]  
- Domestic is 1 or 0 (both appear, but domestic=1 has arrests)  
- Location Description is in [ALLEY, BAR OR TAVERN, RESIDENCE, SIDEWALK, VEHICLE NON-COMMERCIAL, TAVERN / LIQUOR STORE]  
- FBI Code is 18 or 08B or 22 or 26 (codes related to narcotics, battery, liquor violations)  
- Beat is within range of [300, 1600] (beats with arrests in examples)  
- District is in [1, 3, 6, 8, 9, 11, 15] (districts with arrests)  
- Ward is within range of [3, 37] (wards with arrests)  
- X Coordinate is within range of [1140000, 1186000] (location ranges from examples with arrests)  
- Year is 2025  

These conditions capture the main patterns distinguishing crimes with arrests vs. without arrests in the examples and are consistent with common knowledge about crime and police response.

---DIVIDER---

Answer:  
Step 1. The relationship between each feature and the task description:

- Date: The date/time itself likely has no direct causal impact on whether an arrest was made, but some times of day or dates might correspond to different crime types or police activity levels.
- Primary Type: Certain crime types (e.g., narcotics, battery, domestic offenses) are more likely to result in arrests, while others (e.g., theft under a certain amount, criminal damage) may less often lead to arrests.
- Description: More serious or specific descriptions (e.g., manufacture/deliver narcotics, domestic battery) are more likely linked to arrests.
- Location Description: Crimes in public or controlled environments (bars, taverns, streets) or residences may influence arrest likelihood due to witness presence or police response.
- Domestic: Domestic cases (1) often have higher arrest rates due to the nature of the crime.
- Beat, District, Ward, Community Area: These geographical identifiers may correlate with arrest likelihood due to policing strategies or crime patterns, but no direct causal inference without more data.
- FBI Code: Different FBI codes correspond to different crime classes; some classes likely have higher arrest rates.
- Coordinates (X, Y, Latitude, Longitude): Similar to geographic identifiers, may correlate with arrest likelihood but not directly causal.
- Year: All examples are from 2025, so no variation to infer.
  
From the examples, arrests (Answer: 1) are strongly associated with:

- Primary Type = NARCOTICS or OTHER OFFENSE (with violation of civil no contact order), or BATTERY (domestic battery)
- Description related to narcotics possession or manufacture/delivery, domestic battery, or violation of orders
- Domestic flag = 1 for domestic battery or violation of no contact order
- Location Description often includes bars, taverns, residences, sidewalks, alleys, or vehicles
- FBI Code = 18 (narcotics), 08B (battery), or 26 (other offenses)
  
No arrests (Answer: 0) are associated with:

- Primary Types like THEFT, CRIMINAL DAMAGE, MOTOR VEHICLE THEFT, CRIMINAL TRESPASS, DECEPTIVE PRACTICE, OTHER OFFENSE (non-violent)
- Descriptions like simple theft, criminal damage to property, or vehicle title offenses
- Domestic = 0
- Location Description often streets, apartments, colleges, or residences but for less serious crimes
- FBI Code not related to narcotics or domestic battery

---

Step 2. 10 different conditions for class "0":  
- Primary Type is in [THEFT, CRIMINAL DAMAGE, MOTOR VEHICLE THEFT, CRIMINAL TRESPASS, DECEPTIVE PRACTICE]  
- Domestic is 0  
- FBI Code is in [06, 07, 11, 14, 26] (codes associated with theft, damage, deceptive practice, other offenses)  
- Description is in [FROM BUILDING, TO PROPERTY, TO VEHICLE, TO RESIDENCE, SIMPLE, OVER $500, $500 AND UNDER]  
- Location Description is in [STREET, APARTMENT, COLLEGE / UNIVERSITY - GROUNDS, RESIDENCE, OTHER (SPECIFY)]  
- Primary Type is OTHER OFFENSE and Description is not VIOLATION OF CIVIL NO CONTACT ORDER  
- Beat is within range of [1000, 2000] (mid-city beats with mostly no arrests in examples)  
- Year = 2025 (constant)  
- Latitude is within range of [41.67, 41.90] (general Chicago area, no distinct arrest pattern here)  
- Longitude is within range of [-87.75, -87.58] (general Chicago area, no distinct arrest pattern here)  

10 different conditions for class "1":  
- Primary Type is in [NARCOTICS, BATTERY, OTHER OFFENSE]  
- Description is in [POSSESS - CANNABIS 30 GRAMS OR LESS, MANUFACTURE / DELIVER - CANNABIS OVER 10 GRAMS, FOUND SUSPECT NARCOTICS, POSSESS - CRACK, DOMESTIC BATTERY SIMPLE, VIOLATION OF CIVIL NO CONTACT ORDER]  
- Domestic is 1 (especially for BATTERY and OTHER OFFENSE with domestic flag)  
- Location Description is in [BAR OR TAVERN, SIDEWALK, ALLEY, RESIDENCE, VEHICLE NON-COMMERCIAL, TAVERN / LIQUOR STORE]  
- FBI Code is in [18, 08B, 26] (narcotics, battery, and other offense codes linked to arrests)  
- Beat is within range of [500, 1600] (beats associated with arrest examples)  
- District is in [5, 6, 9, 11, 15] (districts with arrest examples)  
- Ward is in [15, 16, 17, 28, 29, 37] (wards with arrest examples)  
- Community Area is in [25, 27, 33, 49, 61, 63, 71] (community areas with arrests)  
- Latitude is within range of [41.75, 41.90] (areas where arrests occurred)  

---

These conditions are consistent with the examples and reflect general knowledge about which crimes and circumstances tend to lead to arrests.

---DIVIDER---

Answer:  
Step 1. The relationship between each feature and the task description:

- Date: The date/time itself likely has no direct causal relationship with whether an arrest was made, but some times (e.g., late night) might correlate with certain crime types or arrest likelihood.
- Primary Type: Certain crime types (e.g., NARCOTICS, BATTERY, LIQUOR LAW VIOLATION) tend to have arrests more frequently, while others (e.g., THEFT, CRIMINAL DAMAGE) less frequently.
- Description: More specific or severe descriptions (e.g., POSSESS - CRACK, DOMESTIC BATTERY SIMPLE) may indicate higher arrest likelihood.
- Location Description: Locations like BAR OR TAVERN, ALLEY, or STREET may be associated with arrests for certain crimes; residences or apartments may have fewer arrests.
- Domestic: Domestic crimes (Domestic=1) may have higher arrest rates especially in BATTERY or VIOLATION OF NO CONTACT ORDER.
- Beat/District/Ward/Community Area: Police operational areas could influence arrest rates, but no clear pattern is obvious from examples alone.
- FBI Code: Certain FBI codes (e.g., 18 for narcotics, 08B for battery) correspond to crime types that have arrests more often.
- Coordinates (X, Y, Latitude, Longitude): Geographical location might influence arrest likelihood indirectly but is less interpretable here.
- Year: All data is from the same year (2025), so no variation.
  
Step 2. Based on Step 1 and examples, infer 10 different conditions per answer class.

10 different conditions for class "0":  
- Primary Type is in [THEFT, CRIMINAL DAMAGE, CRIMINAL TRESPASS, DECEPTIVE PRACTICE, MOTOR VEHICLE THEFT, OTHER OFFENSE]  
- Description is in [TO PROPERTY, TO VEHICLE, TO RESIDENCE, $500 AND UNDER, FROM BUILDING, VEHICLE TITLE / REGISTRATION OFFENSE, FINANCIAL EXPLOITATION OF AN ELDERLY OR DISABLED PERSON]  
- Location Description is in [APARTMENT, STREET, COLLEGE / UNIVERSITY - GROUNDS, RESIDENCE, OTHER (SPECIFY)]  
- Domestic = 0  
- FBI Code is in [06, 07, 11, 14, 26]  
- Beat is within range of [1000, 2000] and Description is not related to narcotics or liquor law violation  
- District is in [3, 5, 11, 12, 18, 19] and Primary Type is not NARCOTICS or BATTERY  
- Ward is within range of [4, 46] but Primary Type is not LIQUOR LAW VIOLATION or NARCOTICS  
- Community Area is within range of [6, 53] and Primary Type is not NARCOTICS  
- Date is within range of [01/01/2025 00:00:00 AM, 01/29/2025 11:59:59 PM] and Primary Type is not NARCOTICS or LIQUOR LAW VIOLATION  

10 different conditions for class "1":  
- Primary Type is in [NARCOTICS, BATTERY, LIQUOR LAW VIOLATION, OTHER OFFENSE] and Description is related to possession, manufacture, or domestic battery  
- Description is in [POSSESS - CRACK, POSSESS - CANNABIS 30 GRAMS OR LESS, MANUFACTURE / DELIVER - CANNABIS OVER 10 GRAMS, DOMESTIC BATTERY SIMPLE, VIOLATION OF CIVIL NO CONTACT ORDER, LIQUOR LICENSE VIOLATION, FOUND SUSPECT NARCOTICS]  
- Location Description is in [ALLEY, BAR OR TAVERN, TAVERN / LIQUOR STORE, SIDEWALK, VEHICLE NON-COMMERCIAL, RESIDENCE] and Primary Type is NARCOTICS or BATTERY or LIQUOR LAW VIOLATION  
- Domestic = 1 and Primary Type is BATTERY or OTHER OFFENSE  
- FBI Code is in [08B, 18, 22, 26] and Description indicates possession, manufacture, or domestic violence  
- Beat is within range of [500, 1000] and Primary Type is NARCOTICS or BATTERY  
- District is in [1, 6, 8, 9, 15] and Description is related to narcotics or domestic battery  
- Ward is within range of [3, 29] and Primary Type is NARCOTICS or BATTERY or LIQUOR LAW VIOLATION  
- Community Area is within range of [25, 71] and Primary Type is NARCOTICS or BATTERY  
- Date is within range of [01/01/2025 00:00:00 AM, 01/29/2025 11:59:59 PM] and Primary Type is NARCOTICS or LIQUOR LAW VIOLATION or BATTERY with Domestic=1  

---

Summary: Arrests (Answer=1) are strongly associated with narcotics offenses, domestic battery, liquor law violations, and related descriptions and locations, often with Domestic=1. No arrest (Answer=0) is associated with theft, criminal damage, trespassing, deceptive practice, and other less severe or non-narcotics crimes.