Answer:  
Step 1. The relationship between each feature and the task description:

- Number of the latest pregnancy: Higher number of pregnancies might increase stress but could also mean more experience; unclear direct relation to postpartum depression (PPD).  
- Current monthly income: Lower or no income may increase financial stress, potentially increasing risk of PPD.  
- Pregnancy length: Shorter pregnancy length (preterm birth) may increase risk of PPD due to complications or stress.  
- Education Level: Higher education may provide better coping mechanisms or resources, possibly lowering PPD risk.  
- Relax/sleep when the newborn is asleep: Ability to rest when the newborn sleeps likely reduces stress, lowering PPD risk.  
- Worry about newborn: Excessive worry may indicate anxiety or stress, increasing PPD risk.  
- Husband’s monthly income: Higher husband income may reduce financial stress, lowering PPD risk.  
- Feeling for regular activities: Negative feelings (worried, tired, afraid) about daily activities likely indicate emotional distress, increasing PPD risk.  
- Fear of pregnancy: Experiencing fear during pregnancy may increase risk of PPD due to anxiety.  
- Major changes or losses during pregnancy: Experiencing major changes or losses may increase emotional distress and PPD risk.  

Step 2. Based on examples and Step 1, infer 10 different conditions per answer class:

10 different conditions for class "0" (No postpartum depression):  
- Current monthly income is in [No, Less than 5000, 5000 to 10000, 10000 to 20000, More than 30000, 20000 to 30000] (mostly No or low income but no PPD)  
- Pregnancy length is in [6 months, 7 months, 8 months, 9 months, 10 months] (normal to longer pregnancy length)  
- Relax/sleep when the newborn is asleep is Yes  
- Worry about newborn is No  
- Feeling for regular activities is in [Tired, No, Afraid] (mostly Tired or No)  
- Fear of pregnancy is Yes or No (both seen)  
- Major changes or losses during pregnancy is No or Yes (both seen)  
- Husband’s monthly income is in [Less than 5000, 10000 to 20000, More than 30000, 20000 to 30000] (varied income)  
- Number of the latest pregnancy is >= 2  
- Education Level is in [University, College, High School]  

10 different conditions for class "1" (Has postpartum depression):  
- Number of the latest pregnancy is 1 or 2 (mostly 1)  
- Current monthly income is No  
- Pregnancy length is in [9 months, 10 months]  
- Relax/sleep when the newborn is asleep is No or Yes (both seen but No more frequent)  
- Worry about newborn is Yes or No (both seen but Yes more frequent)  
- Feeling for regular activities is in [Worried, No, Afraid] (Worried more frequent)  
- Fear of pregnancy is Yes or No (Yes more frequent)  
- Major changes or losses during pregnancy is No or Yes (both seen)  
- Husband’s monthly income is in [More than 30000, 20000 to 30000]  
- Education Level is University  

Summary of conditions:  
Class 0 is associated with: multiple pregnancies (>=2), ability to relax/sleep, less worry, tired or neutral feelings, mixed fear and major changes, varied income levels including low or no income, and varied education levels.  
Class 1 is associated with: first or second pregnancy (mostly first), no current income, worry about newborn, worried feeling, fear of pregnancy, higher husband income, university education, and sometimes inability to relax/sleep.  

---

Detailed conditions:

10 different conditions for class "0":  
- Current monthly income is in [No, Less than 5000, 5000 to 10000, 10000 to 20000, More than 30000, 20000 to 30000]  
- Pregnancy length is in [6 months, 7 months, 8 months, 9 months, 10 months]  
- Relax/sleep when the newborn is asleep is Yes  
- Worry about newborn is No  
- Feeling for regular activities is in [Tired, No, Afraid]  
- Fear of pregnancy is Yes  
- Major changes or losses during pregnancy is No  
- Husband’s monthly income is in [Less than 5000, 10000 to 20000, More than 30000, 20000 to 30000]  
- Number of the latest pregnancy is >= 2  
- Education Level is in [University, College, High School]  

10 different conditions for class "1":  
- Number of the latest pregnancy is <= 2  
- Current monthly income is No  
- Pregnancy length is in [9 months, 10 months]  
- Relax/sleep when the newborn is asleep is No  
- Worry about newborn is Yes  
- Feeling for regular activities is Worried  
- Fear of pregnancy is Yes  
- Major changes or losses during pregnancy is Yes  
- Husband’s monthly income is in [More than 30000, 20000 to 30000]  
- Education Level is University

---DIVIDER---

Answer:  
Step 1. The relationship between each feature and the task description:

- Abuse: Experiencing abuse generally increases the risk of postpartum depression (PPD).  
- Husband’s monthly income: Lower income may increase stress and risk of PPD; higher income may reduce risk.  
- Pregnancy length: Shorter or very long pregnancy durations can associate with complications or stress, potentially influencing PPD risk.  
- Mode of delivery: Caesarean section may increase physical and emotional stress, possibly increasing PPD risk compared to normal delivery.  
- Need for Support: Higher need for support may indicate emotional vulnerability or existing depression risk.  
- Fear of pregnancy: Fear or anxiety about pregnancy can increase risk of PPD.  
- Residence: Living in a city may provide better healthcare/support but also more stress; rural areas could have less support but possibly less stress—ambiguous effect.  
- Birth compliancy: Complications during birth likely increase risk of PPD.  
- Major changes or losses during pregnancy: Experiencing major changes or losses can increase emotional stress and risk of PPD.  
- Occupation After Your Latest Childbirth: Occupation may relate to stress and social support; housewives may have different risk profiles than working women or students.

---

Step 2. Based on examples and Step 1, 10 different conditions per answer class:

10 different conditions for class "0" (No postpartum depression):  
- Abuse is in [No]  
- Husband’s monthly income is in [More than 30000]  
- Need for Support is in [No, Low]  
- Fear of pregnancy is in [No, Yes] (both appear in examples)  
- Birth compliancy is in [No]  
- Major changes or losses during pregnancy is in [Yes, No] (both appear)  
- Mode of delivery is in [Normal Delivery, Caesarean Section] (both appear)  
- Pregnancy length is in [6 months, 7 months, 8 months, 9 months, 10 months] (mostly longer pregnancies)  
- Residence is in [City]  
- Occupation After Your Latest Childbirth is in [Housewife, Teacher]

10 different conditions for class "1" (Yes postpartum depression):  
- Abuse is in [Yes, No] (both appear but many with No abuse)  
- Husband’s monthly income is in [20000 to 30000, More than 30000, 10000 to 20000] (mid to high income)  
- Need for Support is in [No, Low]  
- Fear of pregnancy is in [Yes, No] (mostly Yes)  
- Birth compliancy is in [No]  
- Major changes or losses during pregnancy is in [No, Yes] (mostly No)  
- Mode of delivery is in [Normal Delivery, Caesarean Section]  
- Pregnancy length is in [9 months, 10 months]  
- Residence is in [City, Village]  
- Occupation After Your Latest Childbirth is in [Housewife, Other]

---

Summary: The examples show a complex pattern, but generally:  
- Class 0 (No PPD) often has No abuse, higher income, low/no need for support, no birth complications, city residence, and housewife or teacher occupation.  
- Class 1 (Yes PPD) often includes some abuse but also many without abuse, mostly mid to higher income, low/no need for support, no birth complications, fear of pregnancy yes, pregnancy length 9-10 months, and housewife or other occupation.

---

Final formatted conditions:

10 different conditions for class "0":  
- Abuse is in [No]  
- Husband’s monthly income is in [More than 30000]  
- Need for Support is in [No, Low]  
- Fear of pregnancy is in [No, Yes]  
- Birth compliancy is in [No]  
- Major changes or losses during pregnancy is in [Yes, No]  
- Mode of delivery is in [Normal Delivery, Caesarean Section]  
- Pregnancy length is in [6 months, 7 months, 8 months, 9 months, 10 months]  
- Residence is in [City]  
- Occupation After Your Latest Childbirth is in [Housewife, Teacher]

10 different conditions for class "1":  
- Abuse is in [Yes, No]  
- Husband’s monthly income is in [20000 to 30000, More than 30000, 10000 to 20000]  
- Need for Support is in [No, Low]  
- Fear of pregnancy is in [Yes, No]  
- Birth compliancy is in [No]  
- Major changes or losses during pregnancy is in [No, Yes]  
- Mode of delivery is in [Normal Delivery, Caesarean Section]  
- Pregnancy length is in [9 months, 10 months]  
- Residence is in [City, Village]  
- Occupation After Your Latest Childbirth is in [Housewife, Other]

---DIVIDER---

Answer:  
Step 1. The relationship between each feature and the task description:

- Age: Younger or older maternal age can influence postpartum depression risk; however, no clear strong pattern is evident here.
- Current monthly income: Lower or no income might increase stress and risk of postpartum depression.
- Gender of newborn: No obvious causal link to postpartum depression.
- Husband’s monthly income: Higher husband income may reduce financial stress, possibly reducing depression risk.
- Number of household members: Larger household may provide more support, reducing depression risk; smaller households might increase isolation.
- Relationship with the newborn: Poor relationship likely increases postpartum depression risk; good or very good reduces it.
- Major changes or losses during pregnancy: Experiencing major changes or losses is a risk factor for postpartum depression.
- Breastfeed: Breastfeeding may be associated with better bonding and lower depression risk.
- Monthly income before latest pregnancy: Similar to current income, lower or no income could increase depression risk.
- Pregnancy length: Very short or premature pregnancies may increase risk due to complications and stress.

---

Step 2. Based on the above examples and Step 1's results, infer 10 different conditions per answer:

10 different conditions for class "0":  
- Current monthly income is in [No, Less than 5000, 5000 to 10000]  
- Husband’s monthly income is in [More than 30000, 10000 to 20000]  
- Number of household members is in [2 to 5, 6 to 8]  
- Relationship with the newborn is in [Good, Very good]  
- Major changes or losses during pregnancy is No  
- Breastfeed is Yes or No (both appear in examples)  
- Monthly income before latest pregnancy is in [No, 5000 to 10000, More than 30000]  
- Pregnancy length is in [9 months, 10 months, 7 months, 6 months]  
- Age is within range of [26, 37]  
- Gender of newborn is in [Boy, Girl] (no clear pattern)

10 different conditions for class "1":  
- Current monthly income is No  
- Husband’s monthly income is in [More than 30000, 20000 to 30000]  
- Number of household members is in [2 to 5, 6 to 8, 9 or more]  
- Relationship with the newborn is Good  
- Major changes or losses during pregnancy is Yes or No (both appear, but many Yes)  
- Breastfeed is Yes  
- Monthly income before latest pregnancy is No or More than 30000  
- Pregnancy length is in [9 months, 10 months]  
- Age is within range of [22, 32]  
- Gender of newborn is Girl (mostly Girl in examples)

---

These conditions reflect tendencies from the examples and general knowledge about postpartum depression risk factors.

---DIVIDER---

Answer:  
Step 1. The relationship between each feature and the task description:

- Total children: Having fewer children (e.g., one) might increase risk of postpartum depression due to less experience or support; more children might indicate more stress or resilience depending on context.
- Trust and share feelings: Inability to trust/share feelings likely increases risk of postpartum depression.
- Angry after latest childbirth: Feeling angry after childbirth may be a sign of postpartum depression.
- Need for Support: Higher need for support indicates higher risk of postpartum depression.
- Relax/sleep when the newborn is asleep: Inability to relax or sleep during newborn’s sleep suggests higher risk of postpartum depression.
- History of pregnancy loss: Having a history of pregnancy loss (miscarriage, still-born) increases risk of postpartum depression.
- Age of immediate older children: Younger older children (e.g., 1 to 3 years) might increase stress and risk; no older children or older children might reduce risk.
- Feeling about motherhood: Sad or neutral feelings about motherhood are more associated with postpartum depression; happy feelings are protective.
- Addiction: Presence of addiction (smoking, drinking, drugs) may increase risk.
- Feeling for regular activities: Feeling worried, tired, or afraid about regular activities indicates higher risk of postpartum depression.

---

Step 2.  
10 different conditions for class "0":  
- Trust and share feelings is Yes  
- Angry after latest child birth is No  
- Need for Support is No  
- Relax/sleep when the newborn is asleep is Yes  
- History of pregnancy loss is No  
- Feeling about motherhood is Happy  
- Feeling for regular activities is No  
- Total children is Two or More than two  
- Age of immediate older children is 4yr to 6yr or 7yr to 12yr or 13yr or more  
- Addiction is No  

10 different conditions for class "1":  
- Trust and share feelings is No  
- Angry after latest child birth is Yes  
- Need for Support is Low or Medium or High  
- Relax/sleep when the newborn is asleep is No or Yes (mostly No, but some Yes)  
- History of pregnancy loss is Miscarriage or Still-born Delivery  
- Feeling about motherhood is Sad or Neutral  
- Feeling for regular activities is Worried or Tired or Afraid  
- Total children is One or Two  
- Age of immediate older children is No or 1yr to 3yr  
- Addiction is No (addiction not present in examples with answer 1, but logically it may increase risk)  

---

These conditions are consistent with the examples given and general clinical understanding of postpartum depression risk factors.

---DIVIDER---

Answer:  
Step 1. The relationship between each feature and the task description:

- Monthly income before latest pregnancy: Lower income or no income may increase stress and risk of postpartum depression (PPD).  
- Relax/sleep when newborn is tended: If the patient cannot relax or sleep when the newborn is tended, it may indicate higher stress or fatigue, associated with PPD.  
- History of pregnancy loss: Previous pregnancy loss (miscarriage, stillborn) may increase emotional vulnerability and risk of PPD.  
- Pregnancy plan: Unplanned pregnancy may increase risk of PPD due to unexpected stress.  
- Gender of newborn: No strong direct link, but possibly cultural preference could affect mood.  
- Pregnancy length: Shorter pregnancy length (preterm birth) may increase stress and risk of PPD.  
- Residence: Living in a city or village may affect social support and stress levels differently.  
- Angry after latest child birth: Feeling angry after childbirth is a strong indicator of emotional distress and possible PPD.  
- Feeling about motherhood: Sad or neutral feelings about motherhood may indicate PPD risk; happy feelings likely indicate no PPD.  
- Breastfeed: Breastfeeding may be protective against PPD or may reflect bonding; not breastfeeding could be a risk factor or a consequence of PPD.

---

Step 2. Based on the above and examples, infer 10 different conditions per answer class:

10 different conditions for class "0" (No postpartum depression):  
- Feeling about motherhood is Happy  
- Angry after latest child birth is No  
- Relax/sleep when newborn is tended is Yes  
- History of pregnancy loss is No  
- Pregnancy plan is Yes  
- Monthly income before latest pregnancy is in [5000 to 10000, 10000 to 20000, More than 30000]  
- Pregnancy length is in [9 months, 10 months]  
- Residence is in [City, Village]  
- Breastfeed is Yes or No (both observed in examples with answer 0)  
- Gender of newborn is in [Boy, Girl] (no clear pattern)

10 different conditions for class "1" (Yes postpartum depression):  
- Angry after latest child birth is Yes  
- Feeling about motherhood is in [Sad, Happy] (note: Happy but with other risk factors)  
- Relax/sleep when newborn is tended is No  
- Monthly income before latest pregnancy is No  
- History of pregnancy loss is in [Miscarriage] or No (both appear, but miscarriage may increase risk)  
- Pregnancy plan is Yes or No (both appear, but many Yes)  
- Pregnancy length is in [9 months, 10 months]  
- Residence is in [City, Village]  
- Breastfeed is Yes or No (both appear)  
- Gender of newborn is Girl (most examples with answer 1 have Girl newborn)

---

Summary:  
- Key protective factors for no PPD: Happy feeling about motherhood, no anger after childbirth, ability to relax/sleep when newborn is tended, no history of pregnancy loss, planned pregnancy, moderate to high income.  
- Key risk factors for PPD: Anger after childbirth, inability to relax/sleep when newborn is tended, no income, history of miscarriage, sad or sometimes happy feelings about motherhood with other risk factors, mostly female newborn.

---

This completes the requested stepwise analysis and condition extraction.