Answer:  
Step 1. The relationship between each feature and the task description:  

- Feeling for regular activities: Feeling worried or tired may indicate emotional distress or fatigue, which are common in postpartum depression (PPD). Feeling "No" or "Afraid" could also reflect negative mood states linked to PPD.  
- Regular checkups: Having regular checkups may reduce risk of PPD due to better prenatal care and monitoring; lack of regular checkups could increase risk.  
- Relationship between father and newborn: A good or very good relationship may provide emotional support to the mother, reducing PPD risk; bad or neutral relationships may increase stress and risk.  
- Addiction: Presence of addiction (smoking, drinking, drugs) may increase risk of PPD due to health and social complications.  
- History of pregnancy loss: History of miscarriage or still-born delivery may increase risk of PPD due to trauma and anxiety.  
- Relax/sleep when newborn is tended: Ability to relax or sleep when the newborn is cared for indicates better rest and coping, lowering PPD risk; inability to relax or sleep may increase risk.  
- Received Support: High or medium support reduces risk of PPD; low support increases risk.  
- Relationship with the newborn: Good or very good relationship reduces PPD risk; neutral or bad relationship may increase risk.  
- Total children: Having more children may increase stress and risk of PPD, especially if support is low; however, first-time mothers may also be vulnerable.  
- Birth compliancy: Presence of birth complications may increase risk of PPD due to physical and emotional trauma.  

---

Step 2. Based on the above and examples, infer 10 different conditions per class:

10 different conditions for class "0" (No postpartum depression):  
- Feeling for regular activities is in [No, Tired, Worried] (mostly Tired or No)  
- Regular checkups is Yes  
- Relationship between father and newborn is in [Good, Very good]  
- Addiction is No  
- History of pregnancy loss is No  
- Relax/sleep when newborn is tended is Yes  
- Received Support is in [High, Medium]  
- Relationship with the newborn is in [Good, Very good]  
- Total children is in [One, Two]  
- Birth compliancy is No  

10 different conditions for class "1" (Yes postpartum depression):  
- Feeling for regular activities is in [Tired, Worried, Afraid] (especially Worried or Tired)  
- Regular checkups is Yes (most examples have Yes)  
- Relationship between father and newborn is Good (mostly Good in examples, so not a strong indicator)  
- Addiction is No (in examples addiction is No, so addiction may not be a key factor here)  
- History of pregnancy loss is in [Miscarriage, Still-born Delivery]  
- Relax/sleep when newborn is tended is No  
- Received Support is in [Low, Medium] (mostly Low or Medium)  
- Relationship with the newborn is in [Neutral, Bad] (mostly Good, but Neutral appears in example with answer 0, so Bad or Neutral may increase risk)  
- Total children is One (mostly One in examples)  
- Birth compliancy is Yes  

---

Summary:  
- Low support, inability to relax/sleep, history of pregnancy loss, birth complications, and tired/worried feelings are strong indicators of PPD (class 1).  
- Good support, no pregnancy loss, no birth complications, ability to relax/sleep, and good relationships tend to indicate no PPD (class 0).

---DIVIDER---

Answer:  
Step 1. The relationship between each feature and the task description (postpartum depression):

- **Age**: Younger or older maternal age can influence postpartum depression risk; no clear linear trend, but extremes of age may increase risk.  
- **Relax/sleep when the newborn is asleep**: Inability to relax or sleep when the newborn sleeps is likely associated with higher postpartum depression risk.  
- **Birth compliancy**: Complications during birth may increase stress and risk of postpartum depression.  
- **Trust and share feelings**: Ability to trust others and share feelings likely reduces risk of postpartum depression; inability increases risk.  
- **Worry about newborn**: Excessive worry about the newborn may correlate with anxiety and depression symptoms.  
- **Mode of delivery**: Caesarean section might be associated with higher postpartum depression risk due to recovery factors, but evidence is mixed.  
- **Age of newborn**: Postpartum depression is usually more acute in the first 6 months to 1 year after birth; later periods might have different patterns.  
- **Abuse**: History or presence of abuse is a strong risk factor for postpartum depression.  
- **Pregnancy plan**: Unplanned pregnancy is often linked to higher risk of postpartum depression.  
- **Relationship with the newborn**: Poor or neutral relationship quality with the newborn is likely associated with postpartum depression; good or very good relationship lowers risk.

---

Step 2. Based on the above and examples, infer 10 different conditions per answer class:

10 different conditions for class "0" (No postpartum depression):  
- Relax/sleep when the newborn is asleep is Yes  
- Trust and share feelings is Yes  
- Abuse is No  
- Pregnancy plan is Yes  
- Relationship with the newborn is Good or Very good  
- Worry about newborn is No  
- Birth compliancy is No  
- Age of newborn is within range of [0 to 6 months, 1 year to 1.5 year]  
- Mode of delivery is Caesarean Section  
- Age is within range of [25, 35]  

10 different conditions for class "1" (Yes postpartum depression):  
- Relax/sleep when the newborn is asleep is No  
- Trust and share feelings is No  
- Abuse is Yes  
- Pregnancy plan is No  
- Relationship with the newborn is Neutral or Bad or Very bad  
- Worry about newborn is Yes  
- Birth compliancy is Yes  
- Age of newborn is Older than 1.5 year  
- Mode of delivery is Normal Delivery  
- Age is within range of [30, 35] or Age >= 30  

---

These conditions are consistent with the examples and general clinical understanding of postpartum depression risk factors.

---DIVIDER---

Answer:  
Step 1. The relationship between each feature and the task description:

- Relationship with the newborn: Poorer or neutral relationships may indicate postpartum depression (PPD); good or very good relationships suggest less likelihood of PPD.  
- Gender of newborn: Generally no direct causal relationship with PPD.  
- Education Level: Higher education may correlate with better coping mechanisms, possibly lower risk of PPD; lower education might increase vulnerability.  
- Major changes or losses during pregnancy: Experiencing major changes or losses can increase stress and risk of PPD.  
- Regular checkups: Regular prenatal care may reduce risk of complications and stress, thus possibly reducing PPD risk.  
- Disease before pregnancy: Chronic diseases might increase stress and risk of PPD; no disease or non-chronic disease might lower risk.  
- Fear of pregnancy: Fear or anxiety related to pregnancy may increase risk of PPD.  
- Total children: Having more children might increase stress and risk of PPD, but first-time mothers may also be vulnerable due to inexperience.  
- History of pregnancy loss: History of miscarriage or still-born delivery is likely to increase risk of PPD.  
- Worry about newborn: Excessive worry about the newborn can be a symptom or risk factor for PPD.

---

Step 2. Based on the above examples and Step 1's results, infer 10 different conditions per answer:

10 different conditions for class "0" (No postpartum depression):  
- Relationship with the newborn is in [Good, Very good]  
- Major changes or losses during pregnancy is No  
- Regular checkups is Yes  
- Disease before pregnancy is in [No, Non-Chronic Disease]  
- Fear of pregnancy is Yes  
- History of pregnancy loss is No  
- Worry about newborn is No  
- Education Level is in [University, College]  
- Total children is in [One, Two]  
- Relationship with the newborn is Good and Worry about newborn is No  

10 different conditions for class "1" (Yes postpartum depression):  
- Relationship with the newborn is Neutral or Bad  
- Major changes or losses during pregnancy is Yes  
- Fear of pregnancy is No  
- History of pregnancy loss is in [Miscarriage, Still-born Delivery]  
- Worry about newborn is Yes  
- Disease before pregnancy is Chronic Disease  
- Regular checkups is Yes and Major changes or losses during pregnancy is Yes  
- Total children is One and Fear of pregnancy is No  
- Relationship with the newborn is Good and Worry about newborn is Yes  
- Major changes or losses during pregnancy is Yes and History of pregnancy loss is Miscarriage or Still-born Delivery

---DIVIDER---

Step 1. The relationship between each feature and the task description:

- Occupation before latest pregnancy: Certain occupations might correlate with stress levels or social support, potentially influencing postpartum depression risk.
- Pregnancy plan: Unplanned pregnancies may increase risk of postpartum depression due to stress or lack of preparedness.
- Angry after latest child birth: Feeling angry after childbirth may be a sign or symptom associated with postpartum depression.
- Breastfeed: Breastfeeding might be protective or stressful depending on context; lack of breastfeeding could relate to depression.
- Received Support: Higher support generally reduces risk of postpartum depression; low support increases risk.
- Trust and share feelings: Ability to trust and share feelings is protective; inability may increase risk.
- Disease before pregnancy: Pre-existing diseases, especially chronic, might increase vulnerability to depression.
- Fear of pregnancy: Fear during pregnancy can increase stress and risk of postpartum depression.
- Residence: Urban vs rural residence may influence social support and stress levels.
- Husband's education level: Higher education may correlate with better support or socioeconomic status, potentially reducing risk.

---

Step 2. Based on the above examples and Step 1's results, infer 10 different conditions per answer:

10 different conditions for class "0" (No postpartum depression):
- Angry after latest child birth is Yes
- Received Support is High
- Trust and share feelings is Yes
- Fear of pregnancy is Yes
- Disease before pregnancy is No
- Breastfeed is Yes
- Pregnancy plan is Yes
- Residence is City
- Husband's education level is University
- Occupation before latest pregnancy is in [Student, Doctor, Housewife]

10 different conditions for class "1" (Has postpartum depression):
- Received Support is Low
- Trust and share feelings is No
- Breastfeed is No
- Pregnancy plan is No
- Fear of pregnancy is No
- Angry after latest child birth is Yes
- Disease before pregnancy is No
- Residence is Village
- Husband's education level is No
- Occupation before latest pregnancy is in [Other, Service]

---

These conditions align with the examples given and the general tendencies inferred.

---DIVIDER---

Answer:  
Step 1. The relationship between each feature and the task description:

- Age of newborn: Postpartum depression is more common in the early months after childbirth (0 to 6 months), but can persist longer; older babies may indicate either recovery or chronic depression.
- Family type: Joint families often provide more social support, potentially reducing depression risk; nuclear families may have less support.
- History of pregnancy loss: A history of miscarriage or stillbirth can increase risk of postpartum depression due to trauma and anxiety.
- Addiction: Addiction (smoking, drinking, drugs) can be both a risk factor and a symptom of depression.
- Feeling about motherhood: Negative feelings (Sad, Neutral) about motherhood are likely correlated with postpartum depression; positive feelings (Happy) suggest lower risk.
- Diseases during pregnancy: Chronic or any disease during pregnancy can increase stress and risk for depression.
- Number of household members: Larger households may indicate more support, potentially lowering depression risk; smaller households may increase it.
- Relationship with the newborn: Poor or neutral relationship with the newborn is likely associated with postpartum depression; good or very good relationship suggests lower risk.
- Feeling for regular activities: Feelings like Worried, Tired, Afraid indicate distress and possible depression; No indicates no distress.
- Current monthly income: Low or no income can increase stress and depression risk; higher income may reduce it.

---

Step 2. Based on the above and given examples, infer 10 different conditions per answer class.

10 different conditions for class "0" (No postpartum depression):

- Feeling about motherhood is Happy  
- Relationship with the newborn is Good or Very good  
- Feeling for regular activities is Worried or No  
- History of pregnancy loss is No  
- Addiction is No  
- Diseases during pregnancy is No or Non-Chronic Disease or Non-chronic disease or Chronic disease (since examples show both)  
- Family type is Joint  
- Number of household members is 2 to 5 or 6 to 8  
- Age of newborn is 0 to 6 months or 1 year to 1.5 year  
- Current monthly income is No or More than 30000 or 10000 to 20000  

---

10 different conditions for class "1" (Yes postpartum depression):

- Feeling about motherhood is Neutral or Sad  
- Relationship with the newborn is Neutral or Bad or Very good (rare but possible)  
- Feeling for regular activities is Tired or Worried or Afraid  
- History of pregnancy loss is Miscarriage or Still-born Delivery or Still-born delivery  
- Addiction is No or any (since no addiction shown in examples with depression)  
- Diseases during pregnancy is No or Non-Chronic Disease or Chronic disease  
- Family type is Nuclear  
- Number of household members is 2 to 5 or 6 to 8  
- Age of newborn is 6 months to 1 year or Older than 1.5 year or 1 year to 1.5 year  
- Current monthly income is No or 20000 to 30000 or Less than 5000  

---

Summary:  
Class 0 is associated with positive feelings about motherhood, good relationship with newborn, joint family, no pregnancy loss, and early age of newborn (0 to 6 months).  
Class 1 is associated with neutral/sad feelings about motherhood, history of pregnancy loss, nuclear family, tired/worried/afraid feelings about activities, older newborn age, and sometimes no income or mid-level income.

This aligns well with the examples given.