Answer:  
Step 1. The relationship between each feature and the task description:

- Gender: May have minor influence; satisfaction might differ slightly by gender due to communication preferences or expectations.  
- Age: Different age groups may have different expectations or experiences with call centers; younger clients might be less satisfied if they expect faster digital services.  
- Education: Higher education might correlate with higher expectations and thus lower satisfaction if expectations are unmet.  
- Nationality: Kuwaiti vs. Other nationality might influence satisfaction due to language or cultural familiarity with the service.  
- Marital_Status: Possibly minor effect; married or single clients might have different service needs or patience levels.  
- Governorate: Regional differences in service quality or availability might affect satisfaction.  
- Aware_151: Awareness of the service 151 might correlate with better understanding and thus higher satisfaction.  
- Call_151: Whether the client has called the service might indicate experience level; those who called might be more critical or more satisfied depending on the outcome.  
- The_reason_of_the_call: Complaints likely correlate with dissatisfaction; inquiries or medical consultation might have higher satisfaction.  
- Call_center_employee_communication_skills_evaluation: Higher ratings likely strongly correlate with satisfaction.  
- Satisfaction_with_the_doctors_response: Higher satisfaction with doctors’ response likely correlates with overall satisfaction.  
- How_often_do_you_receive_call_center_news: More frequent updates might lead to better awareness and satisfaction.

---

Step 2.  
10 different conditions for class "0" (Not satisfied):

- The_reason_of_the_call is in [Complaints]  
- Call_center_employee_communication_skills_evaluation < 3.0  
- Satisfaction_with_the_doctors_response < 3.0  
- Gender is in [Male] and The_reason_of_the_call is in [Complaints]  
- Call_151 is in [Yes] and Call_center_employee_communication_skills_evaluation < 3.0  
- Age is in [18-24, 25-29] and Satisfaction_with_the_doctors_response < 3.0  
- Aware_151 is in [Yes] and Satisfaction_with_the_doctors_response < 3.0  
- How_often_do_you_receive_call_center_news <= 3.0 and The_reason_of_the_call is in [Complaints]  
- Education is in [High school, Diploma] and Call_center_employee_communication_skills_evaluation < 3.0  
- Nationality is in [Other nationality] and Satisfaction_with_the_doctors_response < 3.0  

---

10 different conditions for class "1" (Satisfied):

- Call_center_employee_communication_skills_evaluation >= 3.0  
- Satisfaction_with_the_doctors_response >= 3.0  
- The_reason_of_the_call is in [Inquiries, Medical_Consultation, Vaccination]  
- Gender is in [Female] and The_reason_of_the_call is in [Complaints] and Call_center_employee_communication_skills_evaluation >= 3.0  
- Call_151 is in [No] and Satisfaction_with_the_doctors_response >= 3.0  
- Age is in [18-24, 50-59] and Call_center_employee_communication_skills_evaluation >= 3.0  
- Aware_151 is in [Yes] and Call_center_employee_communication_skills_evaluation >= 3.0  
- How_often_do_you_receive_call_center_news > 3.0  
- Education is in [Bachelor, Diploma, Master] and Satisfaction_with_the_doctors_response >= 3.0  
- Marital_Status is in [Single, Widow] and Call_center_employee_communication_skills_evaluation >= 3.0

---DIVIDER---

Answer:  
Step 1. The relationship between each feature and the task description:

- Gender: May influence satisfaction due to different communication preferences or expectations; generally weak direct effect.
- Age: Younger clients might be less satisfied due to higher expectations or different communication styles; older clients might be more tolerant.
- Education: Higher education might correlate with higher expectations and thus lower satisfaction; or better understanding and higher satisfaction.
- Nationality: Non-Kuwaiti clients might have different satisfaction levels due to language or cultural barriers.
- Marital_Status: Possibly influences satisfaction indirectly through emotional support or stress levels.
- Governorate: Regional differences could affect satisfaction due to service availability or cultural factors.
- Aware_151: Awareness of the service might correlate with better satisfaction due to familiarity.
- Call_151: Having called the service might indicate more direct experience and influence satisfaction.
- The_reason_of_the_call: Complaints likely correlate with dissatisfaction; inquiries or medical consultations might correlate with higher satisfaction.
- Call_center_employee_communication_skills_evaluation: Higher scores likely strongly correlate with satisfaction.
- Satisfaction_with_the_doctors_response: Higher scores likely strongly correlate with satisfaction.
- How_often_do_you_receive_call_center_news: More frequent updates might correlate with higher satisfaction due to better engagement.

---

Step 2.  
10 different conditions for class "0" (Not satisfied):  
- The_reason_of_the_call is in [Complaints]  
- Call_center_employee_communication_skills_evaluation <= 3.0  
- Satisfaction_with_the_doctors_response <= 3.0  
- Gender is Male  
- Age is in [18-24, 25-29, 30-39]  
- Aware_151 is No  
- Call_151 is No  
- Nationality is Kuwaiti  
- How_often_do_you_receive_call_center_news <= 3.0  
- Education is in [High school, Bachelor]

10 different conditions for class "1" (Satisfied):  
- The_reason_of_the_call is not in [Complaints] (or is in [Inquiries, Medical_Consultation, Vaccination])  
- Call_center_employee_communication_skills_evaluation > 3.0  
- Satisfaction_with_the_doctors_response > 3.0  
- Gender is Female  
- Age is in [50-59, 60 and above]  
- Aware_151 is Yes  
- Call_151 is Yes or No (no strong pattern from examples, but mostly Yes)  
- Nationality is Kuwaiti or Other nationality  
- How_often_do_you_receive_call_center_news > 3.0  
- Education is in [High school, Diploma]

---

These conditions reflect tendencies observed in the examples and common sense about satisfaction drivers.

---DIVIDER---

Answer:  
Step 1. The relationship between each feature and the task description:  

- Gender: May influence satisfaction due to possible differences in expectations or communication style, but not strongly predictive alone.  
- Age: Different age groups may have varying expectations and experiences with call centers, potentially affecting satisfaction.  
- Education: Higher education might correlate with higher expectations or better understanding of service, influencing satisfaction positively or negatively.  
- Nationality: Local nationals (Kuwaiti) might have different satisfaction levels compared to others due to cultural or service familiarity.  
- Marital_Status: May influence satisfaction indirectly via social support or stress levels, but likely weak effect.  
- Governorate: Geographic location might affect service quality or accessibility, influencing satisfaction.  
- Aware_151: Awareness of the service could lead to better expectations and potentially higher satisfaction.  
- Call_151: Whether the client has called the service before might affect satisfaction due to familiarity or previous experiences.  
- The_reason_of_the_call: Reason for calling is likely strongly related to satisfaction; complaints probably correlate with dissatisfaction, while inquiries or medical consultations might correlate with satisfaction.  
- Call_center_employee_communication_skills_evaluation: Higher ratings should strongly correlate with higher satisfaction.  
- Satisfaction_with_the_doctors_response: Directly related to satisfaction; higher satisfaction with doctor response likely means overall satisfaction.  
- How_often_do_you_receive_call_center_news: Frequent updates might increase satisfaction due to feeling informed and connected.  

---

Step 2. Based on the above examples and Step 1's results, infer 10 different conditions per answer class:

10 different conditions for class "0" (Not satisfied):  
- The_reason_of_the_call is Complaints  
- Call_center_employee_communication_skills_evaluation <= 3.0  
- Satisfaction_with_the_doctors_response <= 3.0  
- Gender is Male and The_reason_of_the_call is Complaints  
- Call_151 is No and The_reason_of_the_call is Complaints  
- Aware_151 is No and The_reason_of_the_call is Complaints  
- How_often_do_you_receive_call_center_news < 3.0  
- Age is within range of [18-24, 30-39] and The_reason_of_the_call is Complaints  
- Nationality is Other nationality and The_reason_of_the_call is Complaints  
- Marital_Status is Single and The_reason_of_the_call is Complaints  

10 different conditions for class "1" (Satisfied):  
- Call_center_employee_communication_skills_evaluation >= 3.0  
- Satisfaction_with_the_doctors_response >= 3.0  
- Gender is Female and The_reason_of_the_call is Complaints  
- How_often_do_you_receive_call_center_news >= 2.6  
- Aware_151 is Yes and Call_151 is No  
- Age is within range of [18-24, 50-59] and The_reason_of_the_call is Complaints  
- Nationality is Kuwaiti and The_reason_of_the_call is Complaints  
- Marital_Status is Widow or Marital_Status is Married  
- Education is Diploma or Education is High school  
- Governorate is Capital or Governorate is Around

---DIVIDER---

Answer:  
Step 1. The relationship between each feature and the task description:

- Gender: May influence satisfaction due to different communication expectations, but no strong direct link expected.  
- Age: Younger clients might have different satisfaction levels due to expectations or tech savviness.  
- Education: Higher education might correlate with higher expectations, possibly lower satisfaction if unmet.  
- Nationality: Cultural differences could influence satisfaction perception.  
- Marital_Status: Possibly minor effect; married or single might have different concerns or expectations.  
- Governorate: Regional differences in service quality or access might affect satisfaction.  
- Aware_151: Awareness of the service might relate to better understanding and thus satisfaction.  
- Call_151: Experience with calling the service might influence satisfaction positively or negatively.  
- The_reason_of_the_call: Complaints might correlate with dissatisfaction; inquiries or vaccinations might have neutral or positive satisfaction.  
- Call_center_employee_communication_skills_evaluation: Higher scores likely correlate strongly with satisfaction.  
- Satisfaction_with_the_doctors_response: Higher scores strongly indicate satisfaction.  
- How_often_do_you_receive_call_center_news: More frequent updates might increase satisfaction due to better information flow.  

Step 2. Based on the above examples and Step 1's results, infer 10 different conditions per answer:

10 different conditions for class "0":  
- The_reason_of_the_call is Complaints  
- Call_center_employee_communication_skills_evaluation <= 3.0  
- Satisfaction_with_the_doctors_response <= 3.0  
- How_often_do_you_receive_call_center_news <= 3.0  
- Gender is Male  
- Age is in [18-24, 25-29, 30-39]  
- Nationality is in [Kuwaiti, Other nationality] (but mostly Kuwaiti in examples)  
- Aware_151 is No  
- Call_151 is No  
- Marital_Status is in [Single, Married]  

10 different conditions for class "1":  
- Call_center_employee_communication_skills_evaluation > 3.0  
- Satisfaction_with_the_doctors_response > 3.0  
- How_often_do_you_receive_call_center_news > 3.0  
- Gender is Female  
- Age is 18-24  
- The_reason_of_the_call is Complaints (but paired with higher evaluation scores)  
- Aware_151 is Yes  
- Call_151 is No or Yes  
- Marital_Status is Single  
- Governorate is in [AlAhmadi, Around, Capital]  

These conditions reflect the tendencies observed in the examples and the expected influence of the features on satisfaction.

---DIVIDER---

Answer:  
Step 1. The relationship between each feature and the task description:

- Gender: May have some cultural influence on satisfaction, but generally weak direct causal effect on satisfaction with call center.
- Age: Different age groups might have different expectations or experiences with the call center, affecting satisfaction.
- Education: Higher education might correlate with higher expectations or better understanding, influencing satisfaction.
- Nationality: May affect satisfaction due to language or cultural differences.
- Marital_Status: Possibly weak effect, but single or married status might influence communication preferences or expectations.
- Governorate: Regional differences might affect service quality or client expectations.
- Aware_151: Awareness of the service might positively influence satisfaction due to better understanding of the service.
- Call_151: Whether the client called the service might indicate engagement level, possibly influencing satisfaction.
- The_reason_of_the_call: The reason (e.g., complaints vs inquiries) strongly influences satisfaction; complaints likely correlate with dissatisfaction.
- Call_center_employee_communication_skills_evaluation: Higher ratings likely strongly correlate with satisfaction.
- Satisfaction_with_the_doctors_response: Higher satisfaction with doctors' responses likely strongly correlates with overall satisfaction.
- How_often_do_you_receive_call_center_news: More frequent updates might correlate positively with satisfaction by keeping clients informed.

---

Step 2. Based on the examples and Step 1, infer 10 different conditions per answer class:

10 different conditions for class "0" (Not satisfied):  
- The_reason_of_the_call is Complaints  
- Call_center_employee_communication_skills_evaluation <= 3.0  
- Satisfaction_with_the_doctors_response <= 3.0  
- Gender is Male  
- Aware_151 is No  
- Call_151 is No  
- Age is in [18-24, 25-29, 30-39]  
- How_often_do_you_receive_call_center_news <= 3.0  
- Education is in [High school, Bachelor]  
- Governorate is in [Capital, AlAhmadi, Mubarak AlKabir]  

10 different conditions for class "1" (Satisfied):  
- Call_center_employee_communication_skills_evaluation > 3.0  
- Satisfaction_with_the_doctors_response > 3.0  
- Gender is Female  
- Aware_151 is Yes  
- Call_151 is No or Yes (no clear pattern, but mostly No in examples)  
- Age is in [18-24, 50-59]  
- How_often_do_you_receive_call_center_news > 3.0  
- Education is in [High school, Diploma]  
- The_reason_of_the_call is Complaints (but with better ratings)  
- Governorate is in [Around, Capital]  

---

These conditions reflect tendencies and patterns observed in the examples and general logical assumptions about the features and satisfaction.