Answer:  
Step 1. The relationship between each feature and the task description:

- Gender: Generally, gender may not strongly influence satisfaction directly, but females in examples with satisfaction=1 could suggest slight tendency.
- Age: Younger clients (18-24) appear in satisfied examples, while middle-aged clients appear in dissatisfied examples.
- Education: Higher education (Master, Bachelor) clients tend to be dissatisfied in examples; lower or medium education (High school, Diploma) appear in satisfied examples.
- Nationality: Mostly Kuwaiti in examples; nationality may not strongly influence satisfaction here.
- Marital_Status: Single clients appear in both classes; widows/widowers appear satisfied.
- Governorate: No clear pattern, but Mubarak AlKabir appears in both classes.
- Aware_151: Awareness of service 151 is often "No" in satisfied examples and "Yes" in dissatisfied examples.
- Call_151: Calling 151 is mostly "Yes" in dissatisfied examples and "No" in satisfied examples.
- The_reason_of_the_call: Complaints reason appears in both classes but with different satisfaction levels; Medical_Consultation and Vaccination mostly appear in dissatisfied examples.
- Call_center_employee_communication_skills_evaluation: Higher values (around 3 or more) tend to be associated with satisfaction=1; lower values (<3) with dissatisfaction.
- Satisfaction_with_the_doctors_response: Higher values (>=3) strongly correlate with satisfaction=1; lower values (<3) with dissatisfaction.
- How_often_do_you_receive_call_center_news: Higher values (around 3.5 or above) tend to relate to satisfaction=1; lower values relate to dissatisfaction.

---

Step 2. 10 different conditions for class "0":  
- Call_center_employee_communication_skills_evaluation < 3.0  
- Satisfaction_with_the_doctors_response < 3.0  
- How_often_do_you_receive_call_center_news < 3.0  
- Call_151 is Yes  
- Aware_151 is Yes  
- The_reason_of_the_call is in [Medical_Consultation, Vaccination]  
- Education is in [Master, Bachelor]  
- Age is in [25-29, 30-39]  
- Gender is Male  
- Marital_Status is Single  

10 different conditions for class "1":  
- Call_center_employee_communication_skills_evaluation >= 3.0  
- Satisfaction_with_the_doctors_response >= 3.0  
- How_often_do_you_receive_call_center_news >= 3.5  
- Call_151 is No  
- Aware_151 is No  
- The_reason_of_the_call is Complaints  
- Education is in [High school, Diploma]  
- Age is in [18-24, 40-49]  
- Gender is Female  
- Marital_Status is in [Widow, Widower]

---DIVIDER---

Answer:  
Step 1. The relationship between each feature and the task description:

- Gender: Likely no strong direct effect on satisfaction, but could reflect demographic tendencies.
- Age: Different age groups may have different expectations or experiences affecting satisfaction.
- Education: Higher education might correlate with higher expectations or better understanding.
- Nationality: May influence satisfaction due to cultural or service expectations differences.
- Marital_Status: Possibly affects satisfaction due to different communication needs or priorities.
- Governorate: Regional differences could affect service quality or perception.
- Aware_151: Awareness of the service may lead to better expectations and potentially higher satisfaction.
- Call_151: Having called the service might indicate direct experience influencing satisfaction.
- The_reason_of_the_call: Reason likely affects satisfaction; e.g., complaints may correlate with dissatisfaction.
- Call_center_employee_communication_skills_evaluation: Higher ratings likely correlate positively with satisfaction.
- Satisfaction_with_the_doctors_response: Higher ratings strongly indicate satisfaction.
- How_often_do_you_receive_call_center_news: More frequent updates may increase satisfaction through better engagement.

---

Step 2. Based on the above examples and Step 1's results, infer 10 different conditions per answer:

10 different conditions for class "0" (client NOT satisfied):
- Call_center_employee_communication_skills_evaluation <= 2.0
- Satisfaction_with_the_doctors_response <= 2.5
- The_reason_of_the_call is in [Complaints]
- Call_151 is Yes and Satisfaction_with_the_doctors_response < 3.0
- How_often_do_you_receive_call_center_news < 2.0
- Age is in [18-24, 25-29] and Call_center_employee_communication_skills_evaluation < 2.0
- Education is in [Master, Bachelor] and Satisfaction_with_the_doctors_response < 3.0
- Aware_151 is Yes and Call_center_employee_communication_skills_evaluation < 2.0
- Gender is Male and The_reason_of_the_call is Vaccination and Satisfaction_with_the_doctors_response < 2.0
- Marital_Status is Single and Call_center_employee_communication_skills_evaluation < 2.0

10 different conditions for class "1" (client satisfied):
- Call_center_employee_communication_skills_evaluation >= 3.0
- Satisfaction_with_the_doctors_response >= 3.0
- The_reason_of_the_call is in [Complaints] and Call_center_employee_communication_skills_evaluation >= 3.0
- How_often_do_you_receive_call_center_news >= 3.5
- Gender is Female and Satisfaction_with_the_doctors_response >= 3.0
- Age is in [18-24, 30-39, 40-49] and Call_center_employee_communication_skills_evaluation >= 3.0
- Aware_151 is No and Call_151 is No and Satisfaction_with_the_doctors_response >= 3.0
- Marital_Status is in [Widow, Widower] and Call_center_employee_communication_skills_evaluation >= 3.0
- Nationality is Kuwaiti and Satisfaction_with_the_doctors_response >= 3.0
- Education is in [High school, Diploma] and Call_center_employee_communication_skills_evaluation >= 3.0

---DIVIDER---

Answer:  
Step 1. The relationship between each feature and the task description:

- Gender: Likely no direct effect on satisfaction; satisfaction depends more on experience than gender.  
- Age: Older clients might have different expectations; younger clients may be more critical or tech-savvy.  
- Education: Higher education might lead to higher expectations or better understanding of the service.  
- Nationality: Could influence satisfaction due to cultural expectations or language barriers.  
- Marital_Status: Possibly no strong direct effect, but might correlate with age or social support.  
- Governorate: Geographic location might affect service quality or accessibility, influencing satisfaction.  
- Aware_151: Awareness of the service might correlate with satisfaction if expectations are aligned.  
- Call_151: Those who called the service might have stronger opinions (positive or negative) about it.  
- The_reason_of_the_call: Reason for calling likely affects satisfaction; complaints likely correlate with dissatisfaction, while inquiries or vaccination might correlate with higher satisfaction.  
- Call_center_employee_communication_skills_evaluation: Higher scores should strongly correlate with satisfaction.  
- Satisfaction_with_the_doctors_response: Higher satisfaction scores with doctors’ responses likely correlate with overall satisfaction.  
- How_often_do_you_receive_call_center_news: More frequent updates may increase satisfaction by improving communication and trust.

---

10 different conditions for class "0" (client was NOT satisfied):  
- Call_center_employee_communication_skills_evaluation <= 3.0  
- Satisfaction_with_the_doctors_response < 3.5  
- The_reason_of_the_call is in [Complaints]  
- Call_151 is Yes  
- Aware_151 is Yes  
- How_often_do_you_receive_call_center_news < 3.0  
- Gender is Male  
- Education is in [Bachelor, Master]  
- Age is in [18-24, 25-29]  
- Governorate is in [Farwaniya, Mubarak AlKabir]

---

10 different conditions for class "1" (client was satisfied):  
- Call_center_employee_communication_skills_evaluation >= 3.0  
- Satisfaction_with_the_doctors_response >= 3.0  
- The_reason_of_the_call is in [Complaints, Vaccination] (when combined with high satisfaction scores)  
- Call_151 is No  
- Aware_151 is No  
- How_often_do_you_receive_call_center_news >= 3.5  
- Gender is Female  
- Education is in [High school, Diploma]  
- Age is in [18-24, 30-39, 40-49]  
- Marital_Status is in [Single, Widow]

---

These conditions are inferred by matching the features with the examples and general knowledge about customer satisfaction patterns.

---DIVIDER---

Answer:  
Step 1. The relationship between each feature and the task description:

- Gender: Generally, gender may not strongly influence satisfaction, but cultural or communication style differences might exist.
- Age: Younger clients might have different expectations or satisfaction levels compared to older clients.
- Education: Higher education might correlate with higher expectations or more critical evaluation of service.
- Nationality: Kuwaiti vs. other nationalities might reflect different expectations or experiences.
- Marital_Status: Could influence satisfaction indirectly through stress or support systems.
- Governorate: Regional differences might reflect service availability or quality.
- Aware_151: Awareness of the service might increase satisfaction due to better understanding.
- Call_151: Having called the service might influence satisfaction positively or negatively depending on experience.
- The_reason_of_the_call: Reason for calling (e.g., complaints vs. inquiries) strongly affects satisfaction.
- Call_center_employee_communication_skills_evaluation: Higher skill evaluation likely correlates with higher satisfaction.
- Satisfaction_with_the_doctors_response: Direct measure of satisfaction with medical response, likely strongly correlated.
- How_often_do_you_receive_call_center_news: More frequent updates might increase satisfaction or awareness.

---

10 different conditions for class "0" (client NOT satisfied):  
- Call_center_employee_communication_skills_evaluation <= 3.0  
- Satisfaction_with_the_doctors_response < 3.5  
- The_reason_of_the_call is in [Complaints]  
- Call_151 is Yes  
- How_often_do_you_receive_call_center_news < 3.0  
- Age is in [18-24, 25-29]  
- Education is in [Bachelor, Master]  
- Nationality is Kuwaiti  
- Gender is Male  
- Marital_Status is Single  

---

10 different conditions for class "1" (client satisfied):  
- Call_center_employee_communication_skills_evaluation >= 3.0  
- Satisfaction_with_the_doctors_response >= 3.0  
- The_reason_of_the_call is in [Vaccination, Inquiries, Medical_Consultation]  
- Call_151 is No  
- How_often_do_you_receive_call_center_news >= 3.5  
- Age is in [40-49, 50-59, 60 and above, Under 18]  
- Education is in [High school, Diploma, Less than high school]  
- Nationality is Kuwaiti  
- Gender is Female  
- Marital_Status is in [Widow, Widower]  

---

These conditions are consistent with the examples and general expectations of satisfaction related to communication evaluation, reason for call, and satisfaction with doctors' responses.

---DIVIDER---

Answer:  
Step 1. The relationship between each feature and the task description:  

- Gender: Likely no strong direct effect on satisfaction, but could interact with other factors.  
- Age: Older clients might be more or less satisfied depending on expectations and experience.  
- Education: Higher education might correlate with higher expectations and thus potentially lower satisfaction.  
- Nationality: Kuwaiti clients may have different expectations or experiences than others.  
- Marital_Status: Possibly related to satisfaction indirectly through social support or expectations.  
- Governorate: Regional differences may affect satisfaction due to service availability or quality.  
- Aware_151: Awareness of the service might increase satisfaction by setting expectations.  
- Call_151: Whether the client actually called might reflect different satisfaction levels (those who called might be more critical or more engaged).  
- The_reason_of_the_call: Complaints likely correlate with dissatisfaction; Medical_Consultation or Vaccination might correlate with higher satisfaction if service was good.  
- Call_center_employee_communication_skills_evaluation: Higher ratings likely correlate strongly with satisfaction.  
- Satisfaction_with_the_doctors_response: Higher ratings likely strongly correlate with satisfaction.  
- How_often_do_you_receive_call_center_news: More frequent updates might increase satisfaction by improving communication and transparency.  

---

Step 2. Based on the above and the examples, infer 10 different conditions per answer class:

10 different conditions for class "0" (Not satisfied):  
- Call_center_employee_communication_skills_evaluation < 2.0  
- Satisfaction_with_the_doctors_response < 3.0  
- The_reason_of_the_call is in [Complaints]  
- Call_151 is Yes  
- How_often_do_you_receive_call_center_news < 3.0  
- Age is in [18-24, 25-29]  
- Gender is Male  
- Education is in [Bachelor, Master]  
- Nationality is Kuwaiti  
- Marital_Status is Single  

10 different conditions for class "1" (Satisfied):  
- Call_center_employee_communication_skills_evaluation >= 3.0  
- Satisfaction_with_the_doctors_response >= 3.0  
- The_reason_of_the_call is in [Vaccination, Medical_Consultation] or Complaints but with high ratings  
- Call_151 is No  
- How_often_do_you_receive_call_center_news >= 3.5  
- Gender is Female  
- Age is in [18-24, 30-39, 40-49]  
- Education is in [High school, Diploma]  
- Marital_Status is in [Single, Widow]  
- Governorate is in [Mubarak AlKabir, Capital, Around]  

---

These conditions reflect tendencies seen in the data and common sense: low communication and satisfaction ratings, calling the service, and complaints tend to indicate dissatisfaction; higher ratings, less frequent calling, and reasons like vaccination or medical consultation tend to indicate satisfaction.