Answer:  
Step 1. The relationship between each feature and the task description:

- Temperature: Higher temperatures often indicate overheating, which can increase the risk of machine failure. However, extremes on either side might be relevant depending on machine type.
- Vibration: Elevated vibration levels usually signal mechanical issues or wear, increasing failure risk.
- Power_Usage: Unusually high or low power consumption could indicate inefficiency or malfunction, suggesting risk.
- Humidity: High humidity might contribute to corrosion or electrical issues, raising failure risk.
- Machine_Type: Different machine types may have different baseline operating conditions and failure modes.

Step 2. Based on examples and Step 1's analysis, here are inferred conditions:

10 different conditions for class "0" (No risk of failure):  
- Temperature is within range of [70, 96]  
- Vibration is within range of [47, 56]  
- Power_Usage is within range of [5.8, 12]  
- Humidity is within range of [22, 39]  
- Machine_Type is in [Mill, Lathe, Drill]  
- Temperature <= 80  
- Vibration >= 47 and <= 54  
- Power_Usage <= 11.8  
- Humidity <= 38  
- Machine_Type is in [Lathe, Drill] and Power_Usage <= 10  

10 different conditions for class "1" (At risk of failure):  
- Temperature is within range of [50, 85] but often below 79  
- Vibration is within range of [42, 53]  
- Power_Usage is within range of [7.9, 12.4]  
- Humidity is within range of [24, 37]  
- Machine_Type is in [Mill, Drill, Lathe]  
- Temperature <= 79  
- Vibration <= 52  
- Power_Usage >= 7.9  
- Humidity >= 24  
- Machine_Type is Mill and Power_Usage >= 8.4  

---

Explanation:  
Class 0 examples mostly show temperatures above 70 and vibration mostly above 47; power usage varies but mostly below ~12; humidity mostly below 39. Class 1 examples show lower vibration and temperature ranges, power usage tends to be higher or moderate, and many Mill machines appear in class 1 with moderate power usage and vibration. Hence, the conditions reflect these patterns.

---DIVIDER---

Answer:  
Step 1. The relationship between each feature and the task description:

- Temperature: Higher temperatures often indicate overheating, which can increase the risk of machine failure. So, higher temperature values tend to correlate with higher risk.
- Vibration: Elevated vibration levels usually suggest mechanical issues or wear, increasing failure risk.
- Power_Usage: Abnormal power usage (either too high or too low compared to normal) can indicate malfunction or inefficiency, potentially signaling failure risk.
- Humidity: High humidity in the operating environment can cause corrosion or electrical issues, raising failure risk.
- Machine_Type: Different machine types may have different typical operating ranges or susceptibilities to failure.

Step 2. Based on the examples and Step 1, infer 10 different conditions per answer class.

10 different conditions for class "0" (Not at risk of failure):  
- Temperature is within range of [50, 80]  
- Vibration is within range of [45, 53]  
- Power_Usage is within range of [7, 12]  
- Humidity is within range of [23, 32]  
- Machine_Type is in [Drill]  
- Machine_Type is in [Lathe] and Temperature < 96  
- Vibration < 55  
- Power_Usage >= 8 and Power_Usage <= 12  
- Temperature < 85  
- Humidity < 39  

10 different conditions for class "1" (At risk of failure):  
- Temperature > 80  
- Vibration > 53  
- Power_Usage < 7 or Power_Usage > 11  
- Humidity > 30  
- Machine_Type is in [Mill]  
- Machine_Type is in [Mill] and Temperature > 70  
- Vibration >= 52  
- Power_Usage is within range of [6, 8]  
- Temperature >= 75 and Vibration >= 50  
- Humidity >= 30  

These conditions reflect the tendencies observed in the examples and general domain knowledge about machine failure risks.

---DIVIDER---

Answer:  
Step 1. The relationship between each feature and the task description:  

- Temperature: Higher temperature often indicates overheating, which can increase the risk of failure. Machines operating at unusually high or low temperatures may be at risk.  
- Vibration: Increased vibration levels generally indicate mechanical wear or imbalance, which often precedes failure.  
- Power_Usage: Abnormal power consumption (too high or too low) can signal malfunction or inefficiency, increasing failure risk.  
- Humidity: High humidity can cause corrosion or electrical issues, raising failure risk; very low humidity might also affect lubrication or static electricity.  
- Machine_Type: Different machine types may have different normal operating ranges and susceptibilities to failure; e.g., some machines may be more sensitive to vibration or temperature changes.  

---

Step 2. Based on the examples and Step 1's relationships, infer 10 different conditions per answer class:

10 different conditions for class "0":  
- Temperature is within range of [70, 80]  
- Vibration is within range of [45, 55]  
- Power_Usage is within range of [8, 11]  
- Humidity is within range of [23, 35]  
- Machine_Type is in [Drill]  
- Temperature < 80  
- Vibration < 55  
- Power_Usage <= 11  
- Humidity <= 38  
- Machine_Type is in [Lathe, Drill] with Temperature < 80  

10 different conditions for class "1":  
- Temperature >= 78  
- Vibration >= 49  
- Power_Usage < 8  
- Humidity >= 26  
- Machine_Type is in [Mill]  
- Temperature is within range of [75, 85]  
- Vibration is within range of [42, 56]  
- Power_Usage is within range of [6, 10]  
- Humidity is within range of [26, 32]  
- Machine_Type is in [Drill, Mill] with Vibration >= 49  

---

These conditions reflect the tendencies observed in the examples:  
- Class "0" (no risk) mostly includes moderate temperature, vibration, and power usage, often with Drill or Lathe machines.  
- Class "1" (at risk) includes higher temperature and vibration, sometimes lower power usage, often with Mill machines or some Drills.

---DIVIDER---

Answer:  
Step 1. The relationship between each feature and the task description:

- Temperature: Higher temperatures in machines often indicate overheating, which can increase the risk of failure. So, higher temperature tends to increase failure risk.  
- Vibration: Increased vibration levels often signal mechanical issues or wear, so higher vibration tends to increase failure risk.  
- Power_Usage: Abnormal power usage (either too high or too low) can indicate malfunction or inefficiency, so higher or unusual power usage may relate to failure risk.  
- Humidity: Higher humidity in the environment can cause corrosion or electrical issues, increasing failure risk.  
- Machine_Type: Different machine types may have different baseline operating parameters and failure modes; some types might be more prone to failure under certain conditions.

---

Step 2. Based on the above examples and Step 1's results, infer 10 different conditions per answer:

10 different conditions for class "0" (No risk of failure):  
- Temperature < 80  
- Vibration is within range of [47, 53]  
- Power_Usage < 12  
- Humidity < 35  
- Machine_Type is in [Lathe, Drill]  
- Temperature is within range of [55, 79]  
- Vibration < 55  
- Power_Usage is within range of [5, 11]  
- Humidity is within range of [22, 38]  
- Machine_Type is Drill and Temperature < 80  

10 different conditions for class "1" (At risk of failure):  
- Temperature >= 78  
- Vibration < 50  
- Power_Usage >= 8  
- Humidity >= 24  
- Machine_Type is in [Mill, Drill, Lathe]  
- Temperature is within range of [65, 85]  
- Vibration is within range of [42, 56]  
- Power_Usage is within range of [7.9, 12.2]  
- Humidity is within range of [24, 38]  
- Machine_Type is Mill and Temperature >= 78  

---

These conditions reflect the observed tendencies in the data and general domain knowledge, capturing the approximate thresholds and ranges that separate the two classes.

---DIVIDER---

Answer:  
Step 1. The relationship between each feature and the task description:

- Temperature: Higher temperature often indicates overheating or stress, which can increase the risk of failure. So, higher temperature likely correlates with risk = Yes (1).  
- Vibration: Excessive vibration usually signals mechanical issues or imbalance, increasing failure risk. Higher vibration likely means risk = Yes (1).  
- Power_Usage: Abnormal power consumption, either too low or too high, might indicate malfunction or inefficiency. The relationship may be less direct but generally higher or unusual power usage could indicate risk.  
- Humidity: High humidity can cause corrosion or electrical issues, increasing failure risk. So higher humidity might correlate with risk = Yes (1).  
- Machine_Type: Different machines might have different failure thresholds or typical operating ranges, so risk may depend on machine type.

---

Step 2. Based on the examples and Step 1, infer 10 different conditions per answer class.

10 different conditions for class "0" (No risk):  
- Temperature < 80  
- Vibration is within range of [47, 53]  
- Power_Usage is within range of [8, 12]  
- Humidity < 32  
- Machine_Type is in [Drill, Lathe]  
- Temperature is within range of [55, 75]  
- Vibration < 55  
- Power_Usage > 5 and < 12  
- Humidity is within range of [23, 31]  
- Machine_Type is Drill and Temperature < 75  

10 different conditions for class "1" (At risk):  
- Temperature >= 75  
- Vibration < 50  
- Power_Usage < 10  
- Humidity >= 25  
- Machine_Type is in [Mill, Drill]  
- Temperature is within range of [65, 85]  
- Vibration is within range of [40, 45]  
- Power_Usage is within range of [6, 9]  
- Humidity is within range of [25, 38]  
- Machine_Type is Mill and Temperature >= 75  

---

Explanation:  
Class 0 examples mostly have temperature below 80, vibration around high 40s to low 50s, power usage mostly between 8 and 12, and humidity mostly below 32. Machines are mostly Drill or Lathe.  
Class 1 examples often have temperature around or above 75, vibration lower (some as low as 42-45), power usage lower (6-10), humidity slightly higher (25-38), and many are Mill or Drill types. Some overlap exists but these conditions capture the main tendencies.