Step 1. The relationship between each feature and the task description:

- Gender: Generally, gender does not strongly influence whether a student reads academic books most of the time.
- Age: Older undergraduates might be more focused on academics, but age differences within typical undergraduate range may not be decisive.
- Department: Students in science, engineering, pharmacy, and related departments are more likely to read academic books most of the time than those in departments like BBA or English (which may mix academic and leisure reading).
- Amount of time spent reading books per day: More time spent reading books per day likely indicates reading academic books most of the time.
- Reason for reading books: If the reason is "Academic Purpose," it strongly correlates with reading academic books most of the time.
- How to manage books for reading: The method (Buy, Borrow, E-books) is less directly related but buying or borrowing academic books might indicate academic reading.
- Number of e-books read last two years: Higher numbers may indicate more academic reading, especially if combined with other academic indicators.
- Number of printed books read last two years: Similarly, higher numbers may indicate academic reading.
- Favorite books for leisure time: If leisure reading is mostly fiction or politics, less likely academic reading most of the time; if "Non-Fiction" or "Biography," may indicate more academic inclination.
- What is the change felt after reading books: If the change is "Increase Academic Performance" or "Increase Creative Thinking," it indicates academic or intellectual reading.
- Who influenced you to read books: Self-decision may indicate intrinsic motivation towards academic reading.
- Which language books do you like to read: Not strongly indicative alone.
- Where do you read printed books: Not strongly indicative alone.
- Do you read Newspaper: Reading newspapers may indicate a habit of staying informed but not necessarily academic book reading.
- The format used for reading books: Using both e-books and printed books may indicate academic reading habits.
- Frequency of reading books: Reading every day is strongly indicative of reading academic books most of the time.

---

Step 2. Infer 10 different conditions per answer class.

10 different conditions for class "0" (Does NOT read academic books most of the time):

- Reason for reading books is in [Entertainment Purpose, To increase my English vocabulary knowledge]
- Department is in [BBA, English, JMC, Others]
- Amount of time spent reading books per day < 0.5
- Number of printed books you read last two years is in [1-5, nan]
- Number of e-books you read last two years is in [1-5, nan]
- Frequency of reading books is not "On everyday basis"
- Favorite books for reading to spend leisure time is in [Fiction, Politics]
- What is the change that you felt after reading books is not "Increase Academic Performance"
- How to manage books for reading is "Others"
- Do you read Newspaper is "No"

10 different conditions for class "1" (Reads academic books most of the time):

- Reason for reading books is "Academic Purpose"
- Department is in [CSE, SWE, Pharmacy, EEE, Civil, MCT, CIS]
- Amount of time spent reading books per day >= 1
- Number of printed books you read last two years is in [6-10, 11-15, 16-20, More than 20]
- Number of e-books you read last two years is in [6-10, 11-15, 16-20, More than 20]
- Frequency of reading books is "On everyday basis"
- What is the change that you felt after reading books is in ["Increase Academic Performance", "Increase Creative Thinking"]
- How to manage books for reading is in [Buy, Borrow, E-books]
- Favorite books for reading to spend leisure time is in [Non-Fiction, Biography]
- The format that you used for reading books is "Both"

---

This completes the requested conditions for both classes.

---DIVIDER---

Step 1. The relationship between each feature and the task description:

- Gender: No strong direct causal relationship; reading habits are not strongly gender-dependent.
- Age: Older students might have more academic reading due to advanced coursework, but generally age range is narrow for undergraduates.
- Department: Students in technical or academic departments (e.g., CSE, SWE, Pharmacy) likely read academic books more often than those in non-academic or less technical departments.
- Amount of time spent reading books per day: More time spent reading correlates positively with reading academic books most of the time.
- Reason for reading books: "Academic Purpose" strongly indicates reading academic books most of the time.
- How to manage books for reading: Method may influence access but less direct causal relation; e-books and borrowing might indicate more academic reading.
- Number of e-books read in last two years: Higher numbers suggest frequent reading, possibly academic.
- Number of printed books read in last two years: Similarly, higher numbers suggest more reading activity.
- Favorite books for leisure time: If favorite is non-academic (Fiction, Biography), less likely to read academic books most of the time.
- What is the change felt after reading books: If "Increase Academic Performance," likely reading academic books.
- Who influenced you to read books: Self-decision or academic influence may indicate academic reading.
- Which language books do you like to read: English or academic languages may indicate academic reading.
- Where do you read printed books: Home or library may influence reading habits but less direct.
- Do you read Newspaper: Less relevant to academic book reading.
- Format used for reading books: E-books or printed format may correlate with academic reading depending on access.
- Frequency of reading books: Higher frequency (daily or almost daily) indicates reading academic books most of the time.

---

Step 2. 10 different conditions for class "0" (Does NOT read academic books most of the time):

- Reason for reading books is in [Entertainment Purpose, To increase my English vocabulary knowledge]
- Amount of time spent reading books per day < 0.5
- Frequency of reading books is in [A few times a month, Rarely, Never]
- Favorite books for reading to spend leisure time is in [Fiction, Biography, Politics]
- Number of e-books you read last two years is in [1-5, nan]
- Number of printed books you read last two years is in [1-5, nan]
- What is the change that you felt after reading books is not "Increase Academic Performance"
- Department is in [BBA, English, JMC, Others] (less academic intensive departments)
- How to manage books for reading is in [Others, Buy] (less frequent academic reading)
- Do you read Newspaper is Yes (may indicate preference for news over academic books)

---

10 different conditions for class "1" (Reads academic books most of the time):

- Reason for reading books is Academic Purpose
- Amount of time spent reading books per day >= 1
- Frequency of reading books is in [On everyday basis, Almost every day]
- Number of e-books you read last two years is in [More than 20, 16-20, 11-15]
- Number of printed books you read last two years is in [More than 20, 16-20, 11-15]
- What is the change that you felt after reading books is Increase Academic Performance
- Department is in [CSE, SWE, Pharmacy, EEE, Civil, CIS]
- How to manage books for reading is in [E-books, Borrow, Used-all]
- Format used for reading books is in [E-books, Printed]
- Who influenced you to read books is Self-Decision or Academic Advisor

---

These conditions represent likely patterns to classify whether the student reads academic books most of the time (class 1) or not (class 0).

---DIVIDER---

Answer:

Step 1. The relationship between each feature and the task description:

- Gender: Likely no strong direct causal relationship with reading academic books most of the time.
- Age: Older undergraduates might be more focused on academic reading due to advanced coursework.
- Department: Students in technical or science departments (e.g., CSE, SWE, Pharmacy, EEE, Civil) are more likely to read academic books compared to those in non-technical fields (e.g., BBA, English, JMC).
- Amount of time spent reading books per day: More hours spent reading strongly correlates with reading academic books most of the time.
- Reason for reading books: If the reason is "Academic Purpose," the student most likely reads academic books most of the time.
- How to manage books for reading: Borrowing or buying books might indicate active academic reading habits; E-books may also be common.
- Number of e-books read last two years: Higher numbers suggest more academic reading, especially if e-books are academic.
- Number of printed books read last two years: Similarly, a higher number indicates more academic reading.
- Favorite books for leisure: If leisure books are mostly "Non-Fiction" or "Biography," it may indicate academic inclination; "Fiction" or "Politics" may indicate less academic focus.
- What is the change felt after reading books: "Increase Academic Performance" or "Increase Creative Thinking" suggests academic reading habits.
- Who influenced you to read books: Self-decision may indicate intrinsic motivation, possibly leading to academic reading.
- Which language books do you like to read: Preference for English may indicate academic reading, as many academic books are in English.
- Where do you read printed books: Reading at home or library may indicate academic reading habits.
- Do you read Newspaper: Reading newspapers may or may not be related to academic reading.
- Format used for reading books: Using both printed and electronic formats may indicate serious reading habits.
- Frequency of reading books: Reading every day or almost every day suggests academic reading most of the time.

---

Step 2. Based on Step 1 and the example, infer 10 different conditions per answer class.

10 different conditions for class "0" (Does NOT read academic books most of the time):

- Amount of time spent reading books per day <= 1
- Reason for reading books is in [Entertainment Purpose, To increase my English vocabulary knowledge]
- Department is in [BBA, English, JMC, NFE, Others]
- Number of printed books you read last two years is in [1-5, nan]
- Number of e-books you read last two years is in [nan, 1-5]
- Favorite books for reading to spend leisure time is in [Fiction, Politics]
- Frequency of reading books is in [A few times a week, Occasionally, Rarely]
- What is the change that you felt after reading books is not "Increase Academic Performance"
- How to manage books for reading is in [Others, Used-all]
- Format that you used for reading books is in [Printed only, E-books only]

10 different conditions for class "1" (Reads academic books most of the time):

- Amount of time spent reading books per day >= 2
- Reason for reading books is Academic Purpose
- Department is in [CSE, SWE, Pharmacy, EEE, Civil, MCT, CIS, Textile]
- Number of printed books you read last two years is in [6-10, 11-15, 16-20, More than 20]
- Number of e-books you read last two years is in [6-10, 11-15, 16-20, More than 20]
- Favorite books for reading to spend leisure time is in [Non-Fiction, Biography]
- Frequency of reading books is in [On everyday basis, Almost every day]
- What is the change that you felt after reading books is in [Increase Academic Performance, Increase Creative Thinking]
- How to manage books for reading is in [Buy, Borrow, E-books]
- Format that you used for reading books is Both

---

This set of conditions can be used to classify whether the student reads academic books most of the time or not.

---DIVIDER---

Step 1. The relationship between each feature and the task description:

- Gender: Gender itself does not strongly determine reading academic books most of the time, but certain gender groups might show tendencies in specific contexts.
- Age: Older undergraduates might have more academic responsibilities, potentially increasing academic reading.
- Department: Students in departments like Pharmacy, CSE, SWE, EEE, Civil, etc., are more likely to read academic books most of the time compared to those in departments focused on entertainment or general studies.
- Amount of time spent reading books per day: More hours spent reading daily generally indicates more academic reading if the reason is academic.
- Reason for reading books: If the reason is "Academic Purpose," the student is more likely to read academic books most of the time.
- How to manage books for reading: Methods like "Buy" or "E-books" might indicate serious academic reading habits compared to "Others" or "Borrow."
- Number of e-books read last two years: Higher numbers suggest more academic reading if combined with academic purpose.
- Number of printed books read last two years: Similarly, higher numbers suggest more academic reading.
- Favorite books for leisure: If the favorite genre is "Non-Fiction" or "Biography," the student might have a stronger academic reading habit.
- What is the change felt after reading books: If the change is "Increase Academic Performance" or "Increase Creative Thinking," it indicates academic reading.
- Frequency of reading books: "On everyday basis" or frequent reading indicates academic reading.
- Format used for reading books: Using "Both" or "Printed" formats might indicate more serious reading habits.
- Who influenced you to read books: "Self-Decision" might indicate more intrinsic motivation for academic reading.
- Which language books do you like to read: Preference for academic language books might correlate with academic reading.
- Where do you read printed books: Reading at "Home" or "Library" might correlate with academic reading.
- Do you read Newspaper: Less relevant but might indicate general reading habits.

---

Step 2. Based on Step 1 and the example, infer 10 different conditions per answer class.

10 different conditions for class "0" (Does NOT read academic books most of the time):
- Reason for reading books is in [Entertainment Purpose, To increase my English vocabulary knowledge]
- Department is in [English, BBA, JMC, Textile, Others]
- Amount of time spent reading books per day < 0.5
- Frequency of reading books is not "On everyday basis" (e.g., Weekly or less frequent)
- Number of e-books you read last two years is in [nan, 1-5]
- Number of printed books you read last two years is in [nan, 1-5]
- Favorite books for reading to spend leisure time is in [Fiction, Politics, Others]
- How to manage books for reading is in [Borrow, Others]
- What is the change that you felt after reading books is not "Increase Academic Performance" or "Increase Creative Thinking"
- Format that you used for reading books is in [E-books, Others]

10 different conditions for class "1" (Reads academic books most of the time):
- Reason for reading books is "Academic Purpose"
- Department is in [Pharmacy, CSE, SWE, EEE, Civil, CIS, MCT]
- Amount of time spent reading books per day >= 1
- Frequency of reading books is "On everyday basis"
- Number of e-books you read last two years is in [6-10, 11-15, 16-20, More than 20]
- Number of printed books you read last two years is in [6-10, 11-15, 16-20, More than 20]
- Favorite books for reading to spend leisure time is in [Non-Fiction, Biography]
- How to manage books for reading is in [Buy, E-books, Used-all]
- What is the change that you felt after reading books is in [Increase Academic Performance, Increase Creative Thinking]
- Format that you used for reading books is in [Both, Printed]

---

This set of conditions aligns with the example given and general understanding of academic reading habits.

---DIVIDER---

Step 1. The relationship between each feature and the task description:

- Gender: Generally does not strongly influence whether a student reads academic books most of the time.
- Age: Older undergraduates may have more academic responsibilities, possibly reading more academic books.
- Department: Students in STEM and professional fields (e.g., Pharmacy, CSE, SWE, EEE, Civil) likely read academic books more frequently than those in non-technical or humanities departments.
- Amount of time spent reading books per day: More hours likely correlate with reading academic books most of the time.
- Reason for reading books: "Academic Purpose" strongly indicates reading academic books most of the time; other reasons like entertainment or vocabulary improvement less so.
- How to manage books for reading: Method may not strongly influence academic reading tendency but "Used-all" or "Buy" could imply more serious reading habits.
- Number of e-books read last two years: Higher numbers may correlate with more academic reading, especially if e-books are academic.
- Number of printed books read last two years: Similar to e-books, more printed books read likely indicates more academic reading.
- Favorite books for leisure time: Preference for "Non-Fiction" or "Biography" may indicate academic reading habits; "Fiction" or "Politics" less so.
- What is the change felt after reading books: "Increase Academic Performance" or "Increase Creative Thinking" may indicate academic reading focus.
- Who influenced you to read books: Influence by "Teachers" or "Parents" may correlate with academic reading; "Friends" or "Self" less so.
- Which language books do you like to read: Preference for academic languages (e.g., English) may indicate academic reading.
- Where do you read printed books: Reading at "Library" or "Home" may not strongly differentiate academic reading.
- Do you read Newspaper: Reading newspapers may not correlate strongly with academic book reading.
- The format used for reading books: Using "Both" or "Printed" may correlate with academic reading.
- Frequency of reading books: Higher frequency (e.g., "Daily", "A few times a week") correlates with reading academic books most of the time.

---

Step 2. 10 different conditions for each class:

10 different conditions for class "0" (Does NOT read academic books most of the time):

- Reason for reading books is in [Entertainment Purpose, To increase my English vocabulary knowledge, Keep me informative]
- Amount of time spent reading books per day <= 1
- Frequency of reading books is in [A few times a month, Rarely, Never]
- Number of e-books you read last two years is in [nan, 1-5]
- Number of printed books you read last two years is in [nan, 1-5]
- Favorite books for reading to spend leisure time is in [Fiction, Politics, Others]
- Department is in [BBA, English, JMC, Textile, NFE, Others]
- The format that you used for reading books is in [E-books, Others]
- Who influenced you to read books is in [Friends, Self]
- What is the change that you felt after reading books is in [No Change, Increase...s Bangla] (assuming incomplete but non-academic change)

10 different conditions for class "1" (Reads academic books most of the time):

- Reason for reading books is Academic Purpose
- Amount of time spent reading books per day >= 3
- Frequency of reading books is in [Daily, A few times a week]
- Number of e-books you read last two years is in [6-10, 11-15, 16-20, More than 20]
- Number of printed books you read last two years is in [6-10, 11-15, 16-20, More than 20]
- Department is in [Pharmacy, CSE, SWE, EEE, Civil, CIS, MCT]
- Favorite books for reading to spend leisure time is in [Non-Fiction, Biography]
- What is the change that you felt after reading books is in [Increase Academic Performance, Increase Creative Thinking]
- The format that you used for reading books is in [Both, Printed]
- Who influenced you to read books is in [Teachers, Parents]

---

These conditions reflect tendencies and patterns that can be used to classify whether an undergraduate student reads academic books most of the time.

---DIVIDER---

Step 1. The relationship between each feature and the task description:

- Gender: Generally, gender does not strongly influence whether a student reads academic books most of the time; no direct causal link.
- Age: Older students might be more focused on academic reading due to advanced coursework.
- Department: Students from technical or science departments (CSE, SWE, Pharmacy, EEE, Civil, etc.) are more likely to read academic books frequently compared to arts or business departments.
- Amount of time spent reading books per day: More time spent reading correlates positively with reading academic books most of the time.
- Reason for reading books: If the reason is "Academic Purpose," it strongly indicates reading academic books most of the time.
- How to manage books for reading: Managing books by E-books, Borrow, or Buy might reflect access to academic materials; E-books and Borrow could indicate academic use.
- Number of e-books read last two years: Higher numbers (More than 20, 16-20) suggest more academic reading.
- Number of printed books read last two years: Similarly, higher numbers indicate more academic reading.
- Favorite books for leisure time: If favorite books are Fiction or Politics, less likely to be academic reading; if Non-Fiction or Biography, might be related to academic or informative reading.
- Emotional/cognitive change after reading: "Increase Academic Performance" strongly indicates academic reading.
- Who influenced you: Self-decision or teacher influence might increase academic reading.
- Language of books: English or department-related language might correlate with academic reading.
- Reading place: Reading at home or library might correlate with academic reading.
- Newspaper reading: Not directly related but might indicate general reading habits.
- Format used for reading books: E-books or Printed could be neutral but E-books might be more associated with academic reading.
- Frequency of reading books: "On everyday basis" strongly correlates with reading academic books most of the time.

---

Step 2. 10 different conditions for each class:

10 different conditions for class "0" (Does NOT read academic books most of the time):
- Reason for reading books is in [Entertainment Purpose, To increase my English vocabulary knowledge, Keep me informative]
- Department is in [BBA, English, JMC, Textile, NFE, Others]
- Amount of time spent reading books per day < 1
- Number of e-books you read last two years is in [1-5, nan]
- Number of printed books you read last two years is in [1-5, nan]
- Favorite books for reading to spend leisure time is in [Fiction, Politics]
- Frequency of reading books is not "On everyday basis"
- What is the change that you felt after reading books is not "Increase Academic Performance"
- How to manage books for reading is in [Others, Used-all]
- Gender is in [Male, Female] (neutral but included to show no effect)

10 different conditions for class "1" (Reads academic books most of the time):
- Reason for reading books is "Academic Purpose"
- Department is in [CSE, SWE, Pharmacy, EEE, Civil, CIS, MCT]
- Amount of time spent reading books per day >= 1
- Number of e-books you read last two years is in [More than 20, 16-20, 11-15]
- Number of printed books you read last two years is in [More than 20, 16-20, 11-15]
- Favorite books for reading to spend leisure time is in [Non-Fiction, Biography]
- Frequency of reading books is "On everyday basis"
- What is the change that you felt after reading books is "Increase Academic Performance"
- How to manage books for reading is in [E-books, Borrow, Buy]
- Who influenced you to read books is in [Self-Decision, Teacher]

---

This set of conditions provides a structured way to differentiate between students who read academic books most of the time and those who do not.

---DIVIDER---

Answer:  
Step 1. The relationship between each feature and the task description:

- Gender: Likely no direct causal effect on reading academic books most of the time.  
- Age: Older undergraduates may have more academic responsibilities, possibly reading more academic books.  
- Department: Students from technical or science departments (e.g., CSE, SWE, Pharmacy, EEE, Civil) are more likely to read academic books most of the time compared to non-technical departments (e.g., English, BBA).  
- Amount of time spent reading books per day: More time spent reading books per day suggests higher likelihood of reading academic books most of the time.  
- Reason for reading books: If reason is "Academic Purpose," more likely to read academic books most of the time.  
- How to manage books for reading: Method might not strongly affect whether the student reads academic books most of the time, but E-books or Borrow might be more common among academic readers.  
- Number of e-books read last two years: Higher number indicates more academic reading if combined with other factors.  
- Number of printed books read last two years: Similarly, higher number indicates more academic reading.  
- Favorite books for reading to spend leisure time: If favorite leisure books are non-academic genres (Fiction, Biography, Politics), less likely to read academic books most of the time.  
- What is the change that you feel after reading books: If change is "Increase Academic Performance," suggests academic reading.  
- Who influenced you to read books: Self-Decision or Academic influence might correlate with academic reading.  
- Which language books do you like to read: Preference for English or academic languages may correlate with academic reading.  
- Where do you read printed books: Location might not strongly correlate.  
- Do you read Newspaper: Not strongly correlated.  
- The format used for reading books: Using both E-books and printed formats might indicate more academic reading.  
- Frequency of reading books: Higher frequency (e.g., everyday) correlates with reading academic books most of the time.

---

Step 2. 10 different conditions for each class:

10 different conditions for class "0" (Does NOT read academic books most of the time):  
- Reason for reading books is in [Entertainment Purpose, Keep me informative, To increase my English vocabulary knowledge]  
- Department is in [English, BBA, JMC, Others]  
- Amount of time spent reading books per day < 1  
- Number of e-books you read last two years is in [1-5, 6-10, nan]  
- Number of printed books you read last two years is in [1-5, nan]  
- Favorite books for reading to spend leisure time is in [Fiction, Biography, Politics, Others]  
- Frequency of reading books is not "On everyday basis" (e.g., Weekly, Monthly)  
- What is the change that you feel after reading books is not "Increase Academic Performance"  
- How to manage books for reading is in [Buy, Others]  
- The format that you used for reading books is in [E-books, Printed only] but frequency or reason does not support academic reading

10 different conditions for class "1" (Reads academic books most of the time):  
- Reason for reading books is Academic Purpose  
- Department is in [CSE, SWE, Pharmacy, EEE, Civil, MCT, CIS]  
- Amount of time spent reading books per day >= 1  
- Number of e-books you read last two years is in [More than 20, 16-20, 11-15]  
- Number of printed books you read last two years is in [More than 20, 16-20, 11-15, 6-10]  
- Frequency of reading books is On everyday basis  
- What is the change that you feel after reading books is Increase Academic Performance  
- How to manage books for reading is in [E-books, Borrow, Used-all]  
- The format that you used for reading books is Both (E-books and Printed)  
- Who influenced you to read books is Self-Decision or Academic influence

---

This set of conditions can be used as rules or features to classify whether an undergraduate student reads academic books most of the time (Answer = 1) or not (Answer = 0).

---DIVIDER---

Answer:  
Step 1. The relationship between each feature and the task description:

- Gender: No strong direct causal relationship to reading academic books most of the time; both genders can read academic books equally.  
- Age: Older undergraduates might read more academic books due to advanced coursework; younger students might read less.  
- Department: Students from departments with heavy academic reading demands (e.g., CSE, SWE, Pharmacy, EEE, Civil) are more likely to read academic books most of the time. Departments like English might also read academic books but could lean toward literature. BBA and others might read less academic books.  
- Amount of time spent reading books per day: More hours spent reading generally indicates more likelihood of reading academic books most of the time.  
- Reason for reading books: If the reason is "Academic Purpose," it strongly correlates with reading academic books most of the time. Other reasons like entertainment or vocabulary improvement suggest less academic focus.  
- How to manage books for reading: Methods like "Used-all," "Buy," or "Borrow" suggest active engagement in reading; "E-books" might indicate easier access to academic materials.  
- Number of e-books read last two years: Higher numbers (>10) suggest more reading activity, possibly academic.  
- Number of printed books read last two years: Similarly, higher numbers suggest more reading, possibly academic.  
- Favorite books for leisure time: If favorite books are "Non-Fiction" or "Biography," might correlate with academic reading habits; "Fiction" or "Politics" might be less academic.  
- What is the change felt after reading books: If the change is "Increase Academic Performance," it indicates academic reading focus.  
- Who influenced you to read books: Influence by "Teachers" suggests academic motivation.  
- Which language books do you like to read: Preference for "English" might correlate with academic reading, especially in STEM or business fields.  
- Where do you read printed books: Reading at "Home" or "Library" might correlate with academic reading habits.  
- Do you read Newspaper: Reading newspapers might indicate general reading habits but not necessarily academic focus.  
- The format used for reading books: Using "Both" (e-books and printed) suggests versatile reading habits, possibly academic.  
- Frequency of reading books: Reading "On everyday basis" or "Almost every day" suggests strong reading habit, likely academic if combined with other features.

---

Step 2. Ten different conditions for class "0" (Does NOT read academic books most of the time):

- Reason for reading books is in [Entertainment Purpose, To increase my English vocabulary knowledge]  
- Amount of time spent reading books per day < 1  
- Frequency of reading books is in [A few times a week, Once a week, Rarely]  
- Number of e-books you read last two years is in [1-5, nan]  
- Number of printed books you read last two years is in [1-5, nan]  
- Favorite books for reading to spend leisure time is in [Fiction, Politics, Others]  
- Department is in [BBA, JMC, NFE, Textile, Others]  
- What is the change that you felt after reading books is not "Increase Academic Performance" (e.g., no change or other)  
- Who influenced you to read books is not "Teachers" (e.g., Friends, Family)  
- How to manage books for reading is in [Others, Borrow]

---

Ten different conditions for class "1" (Reads academic books most of the time):

- Reason for reading books is Academic Purpose  
- Amount of time spent reading books per day >= 1  
- Frequency of reading books is in [On everyday basis, Almost every day]  
- Number of e-books you read last two years is in [11-15, 16-20, More than 20]  
- Number of printed books you read last two years is in [6-10, 11-15, 16-20, More than 20]  
- Favorite books for reading to spend leisure time is in [Non-Fiction, Biography]  
- Department is in [CSE, SWE, Pharmacy, EEE, Civil, CIS]  
- What is the change that you felt after reading books is Increase Academic Performance  
- Who influenced you to read books is Teachers  
- The format that you used for reading books is Both

---

These conditions reflect general tendencies and are consistent with the example provided where the student reads academic books most of the time (Answer: 1).

---DIVIDER---

Step 1. The relationship between each feature and the task description:

- Gender: Generally, gender itself does not strongly determine reading academic books most of the time; however, some departments may have gender imbalances.
- Age: Older students might have more academic reading due to advanced coursework or specialization.
- Department: Students in technical or scientific departments (e.g., CSE, SWE, Pharmacy, EEE, Civil) are more likely to read academic books most of the time compared to those in humanities or business (e.g., English, BBA).
- Amount of time spent reading books per day: More time spent reading correlates positively with reading academic books most of the time.
- Reason for reading books: "Academic Purpose" is a strong indicator of reading academic books most of the time.
- How to manage books for reading: Using "E-books" or "Buy" may indicate more serious academic reading; borrowing or "Others" may indicate casual reading.
- Number of e-books read last two years: Higher numbers (e.g., More than 20, 16-20) indicate more academic reading.
- Number of printed books read last two years: Similarly, higher numbers indicate more academic reading.
- Favorite books for leisure time: Preference for "Non-Fiction" or "Biography" may correlate with academic reading; "Fiction" or "Politics" may indicate leisure reading.
- What is the change felt after reading books: "Increase Academic Performance" strongly correlates with academic reading.
- Who influenced you to read books: "Self-Decision" may indicate intrinsic motivation, possibly more academic reading.
- Which language books do you like to read: Reading books in English may indicate academic reading, especially in non-English departments.
- Where do you read printed books: Reading at "Home" or "Library" may be more academic than "Cafe" or "Anywhere."
- Do you read Newspaper: May indicate general reading habits, less related to academic books.
- The format used for reading books: Using "E-books" or "Both" may indicate academic reading.
- Frequency of reading books: "On everyday basis" or "Frequent" likely indicates academic reading.

---

Step 2. Based on the above relationships and the example provided, infer 10 different conditions per answer class.

10 different conditions for class "0" (Does NOT read academic books most of the time):
- Reason for reading books is in [Entertainment Purpose, Keep me informative, To increase my English vocabulary knowledge]
- Department is in [English, BBA, JMC, Textile, Others]
- Amount of time spent reading books per day < 1
- Number of e-books you read last two years is in [nan, 1-5, 6-10]
- Number of printed books you read last two years is in [nan, 1-5]
- Favorite books for reading to spend leisure time is in [Fiction, Politics, Others]
- What is the change that you felt after reading books is not "Increase Academic Performance"
- Frequency of reading books is not "On everyday basis"
- How to manage books for reading is in [Borrow, Others]
- The format that you used for reading books is in [Printed only, Others]

10 different conditions for class "1" (Reads academic books most of the time):
- Reason for reading books is "Academic Purpose"
- Department is in [CSE, SWE, Pharmacy, EEE, Civil, MCT, CIS]
- Amount of time spent reading books per day >= 1
- Number of e-books you read last two years is in [More than 20, 16-20, 11-15]
- Number of printed books you read last two years is in [More than 20, 16-20, 11-15, 6-10]
- Favorite books for reading to spend leisure time is in [Non-Fiction, Biography]
- What is the change that you felt after reading books is "Increase Academic Performance"
- Frequency of reading books is "On everyday basis"
- How to manage books for reading is in [E-books, Buy, Used-all]
- The format that you used for reading books is in [E-books, Both]

---

These conditions reflect tendencies and causal relationships between features and whether the student reads academic books most of the time.

---DIVIDER---

Step 1. The relationship between each feature and the task description:

- Gender: Generally, gender itself does not strongly determine reading academic books most of the time; however, cultural or departmental trends may influence.
- Age: Older undergraduates might have more academic responsibilities, possibly increasing academic reading.
- Department: Students in STEM or professional departments (e.g., Pharmacy, CSE, SWE, Civil) are more likely to read academic books most of the time compared to departments focused on other skills or interests.
- Amount of time spent reading books per day: More time spent reading is positively correlated with reading academic books most of the time.
- Reason for reading books: If the reason is "Academic Purpose," it strongly indicates reading academic books most of the time.
- How to manage books for reading: Using multiple methods (Used-all) or borrowing might indicate serious academic reading habits.
- Number of e-books read last two years: Higher numbers suggest more engagement with academic reading, especially if academic books are often available as e-books.
- Number of printed books read last two years: Similar to e-books, higher numbers indicate more reading, possibly academic.
- Favorite books for leisure time: Preference for Fiction or Politics may indicate less academic reading during leisure, but this is less directly related.
- Emotional or cognitive change after reading books: If the change is related to academic performance or knowledge, it suggests academic reading.
- Influences to read books: Friends or family encouraging reading may influence academic reading habits.
- Language of books: Reading in English or native language might relate to academic reading depending on curriculum.
- Place of reading printed books: Reading at home or library may indicate study habits.
- Reading newspaper: May indicate general reading habits but less related to academic book reading.
- Format used for reading books: Using both e-books and printed books may indicate more serious reading habits.
- Frequency of reading books: More frequent reading correlates with reading academic books most of the time.

---

Step 2. 10 different conditions for class "0" (Does NOT read academic books most of the time):

- Reason for reading books is in [Entertainment Purpose, Keep me informative, To increase my English vocabulary knowledge]
- Amount of time spent reading books per day < 1
- Frequency of reading books is in [A few times a week, Occasionally, Rarely]
- Number of e-books you read last two years is in [1-5, nan]
- Number of printed books you read last two years is in [1-5, nan]
- Department is in [BBA, English, JMC, NFE, Others]
- Favorite books for reading to spend leisure time is in [Fiction, Biography, Politics]
- How to manage books for reading is in [Borrow, Others]
- Format that you used for reading books is in [E-books, Borrow]
- Do you read Newspaper is No

---

10 different conditions for class "1" (Reads academic books most of the time):

- Reason for reading books is Academic Purpose
- Amount of time spent reading books per day >= 2
- Frequency of reading books is in [On everyday basis, Multiple times a day]
- Number of e-books you read last two years is in [6-10, 11-15, 16-20, More than 20]
- Number of printed books you read last two years is in [6-10, 11-15, 16-20, More than 20]
- Department is in [Pharmacy, CSE, SWE, Civil, EEE, MCT, CIS, Textile]
- How to manage books for reading is Used-all or Buy
- Format that you used for reading books is Both
- What is the change that you felt after reading books is Increase Academic Performance
- Place where you read printed books is Home or Library

---

These conditions reflect tendencies and help to classify whether an undergraduate reads academic books most of the time or not.