Answer:  
Step 1. The relationship between each feature and the task description:  

- **Date**: The specific date/time likely has no direct causal relationship with whether an arrest was made, but certain times (e.g., late night) might correlate with certain crime types or arrest likelihood.  
- **Primary Type**: Strongly related. Certain crime types (e.g., NARCOTICS, BATTERY) are more likely to result in arrest, while others (e.g., THEFT, OTHER OFFENSE) might less likely.  
- **Description**: More detailed crime description can indicate severity or type, affecting arrest likelihood (e.g., “DOMESTIC BATTERY SIMPLE” likely leads to arrest).  
- **Location Description**: Some locations (e.g., STREET, SIDEWALK) might be more associated with arrests due to visibility and police presence, versus private locations like APARTMENT.  
- **Domestic**: Domestic violence cases (Domestic=1) might have a higher chance of arrests due to legal protocols.  
- **Beat, District, Ward, Community Area**: These geographic identifiers might correlate with policing intensity or crime severity but likely have less direct causal effect individually.  
- **FBI Code**: Codes representing serious crimes (e.g., 08B for battery, 18 for narcotics) likely correlate with arrests.  
- **X Coordinate, Y Coordinate, Latitude, Longitude**: Geographic coordinates themselves are proxies for location; certain areas might have higher arrest rates.  
- **Year**: All examples are from 2025, so no variance to analyze here.  

Overall, **Primary Type, Description, Domestic, Location Description, and FBI Code** are the most informative features for predicting if an arrest was made.  

---

Step 2. Based on the above examples and Step 1's results, infer 10 different conditions per answer class:  

10 different conditions for class "0" (No arrest made):  
- Primary Type is in [OTHER OFFENSE, DECEPTIVE PRACTICE, PUBLIC PEACE VIOLATION, THEFT]  
- Description is in [VEHICLE TITLE / REGISTRATION OFFENSE, CREDIT CARD FRAUD, TIRE DEFLATION DEVICE DEPLOYMENT, OVER $500, SIMPLE, HARASSMENT BY TELEPHONE, $500 AND UNDER]  
- Location Description is in [STREET, DEPARTMENT STORE, APARTMENT]  
- Domestic = 0  
- FBI Code is in [26, 11, 24, 06, 08B] (codes related to non-arrested crimes in examples)  
- Beat is within range of [1000, 2000] (many no-arrest examples fall in this range)  
- District is within range of [10, 20]  
- Ward is within range of [30, 45]  
- Community Area is within range of [5, 15]  
- Year = 2025  

10 different conditions for class "1" (Arrest made):  
- Primary Type is in [NARCOTICS, BATTERY, THEFT, LIQUOR LAW VIOLATION, CRIMINAL DAMAGE, WEAPONS VIOLATION]  
- Description is in [POSSESS - HEROIN (WHITE), RETAIL THEFT, DOMESTIC BATTERY SIMPLE, LIQUOR LICENSE VIOLATION, TO VEHICLE, MANUFACTURE / DELIVER - COCAINE, UNLAWFUL POSSESSION - HANDGUN]  
- Location Description is in [SIDEWALK, DEPARTMENT STORE, PARKING LOT / GARAGE (NON RESIDENTIAL), BAR OR TAVERN, CTA BUS]  
- Domestic = 1 or 0 (both present, but domestic=1 often leads to arrest in battery cases)  
- FBI Code is in [18, 06, 08B, 22, 14, 15] (codes associated with arrests in examples)  
- Beat is within range of [1000, 1700] or [300, 600] (arrest examples cluster here)  
- District is within range of [3, 16]  
- Ward is within range of [9, 38]  
- Community Area is within range of [7, 76]  
- Year = 2025  

---

These conditions summarize tendencies observed and align with example data patterns.

---DIVIDER---

Answer:  
Step 1. The relationship between each feature and the task description:  

- **Date**: The time or date itself likely has no direct causal impact on whether an arrest was made, but certain times (e.g., night vs. day) might correlate with crime types that have arrests more or less often.  
- **Primary Type**: Different types of crimes have different probabilities of resulting in arrests. For example, theft or narcotics offenses might more often lead to arrests than minor offenses or non-violent crimes.  
- **Description**: More specific descriptions within a crime type might indicate severity or likelihood of arrest (e.g., retail theft vs. simple theft).  
- **Location Description**: Some locations (e.g., street, bar, department store) might be associated with higher arrest rates due to police presence or crime nature.  
- **Domestic**: Domestic crimes might have different arrest likelihood compared to non-domestic.  
- **Beat, District, Ward, Community Area**: Geographic areas might have different arrest policies or crime severity patterns.  
- **FBI Code**: Different FBI codes represent different crime categories; some may be more likely to lead to arrests.  
- **X Coordinate, Y Coordinate, Latitude, Longitude**: Coordinates relate to location; likely correlated with arrest likelihood through geographic patterns.  
- **Year**: All examples are from 2025, so no variance here to analyze.  

Step 2. Based on the above examples and Step 1's results, infer 10 different conditions per answer.  

10 different conditions for class "0":  
- Primary Type is in [THEFT, OTHER OFFENSE, DECEPTIVE PRACTICE, BATTERY, PUBLIC PEACE VIOLATION]  
- Description is in [HARASSMENT BY TELEPHONE, SIMPLE, OVER $500, CREDIT CARD FRAUD, TIRE DEFLATION DEVICE DEPLOYMENT]  
- Location Description is in [APARTMENT, STREET, PARKING LOT / GARAGE (NON RESIDENTIAL)]  
- Domestic is 0  
- FBI Code is in [06, 08B, 11, 24, 26]  
- Beat is within range of [900, 2000] (e.g., beats 913, 1832, 1834)  
- District is within range of [1, 19]  
- Ward is within range of [6, 44]  
- Community Area is within range of [6, 69]  
- Date is within range of [01/01/2025 12:00:00 AM, 01/22/2025 11:59:59 PM] (no strong pattern but examples cluster early to mid January)  

10 different conditions for class "1":  
- Primary Type is in [THEFT, LIQUOR LAW VIOLATION, CRIMINAL DAMAGE, WEAPONS VIOLATION, BATTERY, NARCOTICS]  
- Description is in [RETAIL THEFT, LIQUOR LICENSE VIOLATION, TO VEHICLE, UNLAWFUL POSSESSION - HANDGUN, DOMESTIC BATTERY SIMPLE, POSSESS - HEROIN (WHITE), MANUFACTURE / DELIVER - COCAINE]  
- Location Description is in [DEPARTMENT STORE, BAR OR TAVERN, CTA BUS, SIDEWALK, PARKING LOT / GARAGE (NON RESIDENTIAL)]  
- Domestic is 0 or 1 (both appear, but domestic battery with arrest is 1)  
- FBI Code is in [06, 08B, 14, 15, 18, 22]  
- Beat is within range of [300, 2000] (e.g., 321, 432, 1531, 1614)  
- District is within range of [3, 19]  
- Ward is within range of [9, 42]  
- Community Area is within range of [7, 76]  
- Date is within range of [01/01/2025 12:00:00 AM, 01/29/2025 11:59:59 PM] (arrests appear throughout the month)  

---

These conditions reflect patterns in the examples and general knowledge about crime types and arrest likelihood.

---DIVIDER---

Answer:  
Step 1. The relationship between each feature and the task description:

- Date: The specific date or time probably has no direct causal effect on whether an arrest was made, but some crimes might be more likely to result in arrests at certain times or days (e.g., nighttime crimes).
- Primary Type: Certain crime types (e.g., weapons violations, narcotics, domestic battery) are more likely to lead to arrests than others (e.g., theft under $500, harassment).
- Description: More serious or specific descriptions (e.g., aggravated battery, possession of illegal weapons) likely correlate with arrests.
- Location Description: Crimes in public places (streets, sidewalks) or commercial places might have different arrest likelihoods than those in private residences.
- Domestic: Domestic violence cases (Domestic = 1) might have higher arrest rates due to mandatory arrest policies.
- Beat, District, Ward, Community Area: These geographical variables might reflect policing intensity or crime patterns affecting arrest likelihood.
- FBI Code: Different FBI codes represent different crime categories; some codes may be more associated with arrests.
- Coordinates (X, Y, Latitude, Longitude): Similar to geographic variables, might reflect areas with different arrest policies or enforcement levels.
- Year: Since all examples are from 2025, no variation here.
  
Step 2. Based on the above and examples, infer 10 different conditions per answer class:

10 different conditions for class "0" (No arrest made):
- Primary Type is in [THEFT, BATTERY, OTHER OFFENSE, PUBLIC PEACE VIOLATION, DECEPTIVE PRACTICE]
- Description is in [$500 AND UNDER, SIMPLE, HARASSMENT BY TELEPHONE, CREDIT CARD FRAUD, TIRE DEFLATION DEVICE DEPLOYMENT, VEHICLE TITLE / REGISTRATION OFFENSE]
- Domestic is 0
- Location Description is in [STREET, APARTMENT, PARKING LOT / GARAGE (NON RESIDENTIAL), DEPARTMENT STORE, CTA BUS STOP]
- FBI Code is in [06, 08B, 11, 14, 24, 26]
- Date is within range of [01/01/2025 12:00:00 AM, 01/29/2025 11:59:59 PM] but no specific time pattern for arrest
- Beat is within range of [900, 2000] (many no arrest examples fall here)
- District is in [9, 17, 18, 25]
- Ward is in [6, 11, 36, 42]
- Community Area is in [8, 19, 60, 69]

10 different conditions for class "1" (Arrest made):
- Primary Type is in [WEAPONS VIOLATION, NARCOTICS, BATTERY, CRIMINAL DAMAGE, THEFT, LIQUOR LAW VIOLATION]
- Description is in [UNLAWFUL POSSESSION - HANDGUN, MANUFACTURE / DELIVER - COCAINE, DOMESTIC BATTERY SIMPLE, TO VEHICLE, RETAIL THEFT, LIQUOR LICENSE VIOLATION, POSSESS - HEROIN (WHITE)]
- Domestic is 1 or 0 (both appear, but domestic=1 in battery arrest)
- Location Description is in [STREET, SIDEWALK, PARKING LOT / GARAGE (NON RESIDENTIAL), DEPARTMENT STORE, BAR OR TAVERN, CTA BUS]
- FBI Code is in [15, 18, 08B, 14, 06, 22]
- Date is within range of [01/01/2025 12:00:00 AM, 01/29/2025 11:59:59 PM] no specific time pattern identified
- Beat is within range of [1000, 2000] (some arrests in beats like 1135, 1614, 1832)
- District is in [3, 4, 11, 15, 16, 18, 19]
- Ward is in [10, 28, 32, 37, 38, 42]
- Community Area is in [7, 8, 25, 27, 32, 37, 76]

---

These conditions reflect tendencies seen in the examples and general knowledge on arrest likelihood by crime type and context.

---DIVIDER---

Answer:  
Step 1. The relationship between each feature and the task description:

- **Date**: Time of day or specific date may influence arrest likelihood (e.g., nighttime crimes might have different arrest rates), but no clear pattern seen in examples.  
- **Primary Type**: Certain crime types (e.g., BATTERY, NARCOTICS, WEAPONS VIOLATION) are more likely to lead to arrests; others (e.g., THEFT, OTHER OFFENSE) less so.  
- **Description**: More serious or specific descriptions (e.g., DOMESTIC BATTERY SIMPLE, MANUFACTURE / DELIVER - COCAINE) tend to correlate with arrests.  
- **Location Description**: Crimes in public or controlled environments (e.g., STREET, SIDEWALK, BAR OR TAVERN) may have higher arrest rates; private locations (e.g., APARTMENT) less so.  
- **Domestic**: Domestic crimes (Domestic=1) may have higher arrest rates, especially for BATTERY.  
- **Beat, District, Ward, Community Area**: Geographical location can influence arrest likelihood depending on policing patterns, but no clear numeric thresholds are evident from examples.  
- **FBI Code**: Certain FBI codes (e.g., 08B for BATTERY, 18 for NARCOTICS, 15 for WEAPONS VIOLATION) are associated with arrests.  
- **X Coordinate, Y Coordinate, Latitude, Longitude**: Spatial coordinates may correlate with arrests in certain areas but no clear numeric cutoffs from examples.  
- **Year**: All examples are from 2025, so no variation to analyze.

---

Step 2.  
10 different conditions for class "0":  
- Primary Type is in [OTHER OFFENSE, DECEPTIVE PRACTICE, THEFT, PUBLIC PEACE VIOLATION]  
- Description is in [HARASSMENT BY TELEPHONE, CREDIT CARD FRAUD, OVER $500, TIRE DEFLATION DEVICE DEPLOYMENT, SIMPLE, VEHICLE TITLE / REGISTRATION OFFENSE, $500 AND UNDER]  
- Location Description is in [APARTMENT, DEPARTMENT STORE, STREET]  
- Domestic = 0  
- FBI Code is in [06, 11, 24, 26]  
- Beat is within range [100, 2000] (general urban beats with low arrest)  
- District is within range [1, 19] (no clear pattern of arrest)  
- Ward is within range [6, 44] (varied wards, no arrest)  
- Community Area is within range [6, 69] (varied areas, no arrest)  
- Date is in [01/01/2025 12:00:00 AM, 01/29/2025 11:59:59 PM] but time is outside late night hours (e.g., before 9 PM)  

10 different conditions for class "1":  
- Primary Type is in [BATTERY, CRIMINAL DAMAGE, NARCOTICS, LIQUOR LAW VIOLATION, THEFT, WEAPONS VIOLATION]  
- Description is in [DOMESTIC BATTERY SIMPLE, TO VEHICLE, POSSESS - HEROIN (WHITE), MANUFACTURE / DELIVER - COCAINE, LIQUOR LICENSE VIOLATION, RETAIL THEFT, UNLAWFUL POSSESSION - HANDGUN]  
- Location Description is in [STREET, SIDEWALK, BAR OR TAVERN, CTA BUS]  
- Domestic = 1 or 0 (both appear, but domestic battery is 1)  
- FBI Code is in [08B, 14, 15, 18, 22, 06]  
- Beat is within range [300, 2000] (beats with arrests)  
- District is within range [3, 25] (districts with arrests)  
- Ward is within range [9, 76] (wards with arrests)  
- Community Area is within range [6, 76] (areas with arrests)  
- Date is in [01/01/2025 12:00:00 AM, 01/29/2025 11:59:59 PM] with time during late afternoon/evening (e.g., after 5 PM)  

---

These conditions reflect observed feature patterns and their association with whether an arrest was made.

---DIVIDER---

Answer:  
Step 1. The relationship between each feature and the task description:

- Date: The date/time itself likely has no direct causal effect on whether an arrest was made, but certain times (e.g., night vs. day) might correlate with crime types or arrest likelihood.
- Primary Type: Different crime types have different arrest rates; e.g., more serious or drug-related crimes likely result in arrests, while minor offenses may not.
- Description: More specific descriptions can indicate severity or type of crime, influencing arrest probability.
- Location Description: Certain locations (e.g., bars, department stores) may have higher arrest likelihood due to presence of witnesses or police patrols.
- Domestic: Domestic-related crimes might have higher arrest rates due to mandatory arrest policies.
- Beat, District, Ward, Community Area: Geographic locations might correlate with arrest rates due to policing strategies or crime severity.
- FBI Code: FBI crime classification likely correlates strongly with arrest likelihood; violent or drug-related codes have higher arrest chances.
- X Coordinate, Y Coordinate, Latitude, Longitude: Geographic coordinates relate to location, similar to Beat/District.
- Year: All examples are from the same year (2025), so no variation.
  
Step 2. Based on the above and examples, infer 10 different conditions per answer.

10 different conditions for class "0" (No arrest made):  
- Primary Type is in [BATTERY, THEFT, OTHER OFFENSE, PUBLIC PEACE VIOLATION, DECEPTIVE PRACTICE]  
- Description is in [SIMPLE, HARASSMENT BY TELEPHONE, VEHICLE TITLE / REGISTRATION OFFENSE, CREDIT CARD FRAUD, $500 AND UNDER, OVER $500]  
- Location Description is in [STREET, APARTMENT, DEPARTMENT STORE]  
- Domestic is 0  
- FBI Code is in [08B, 06, 26, 24, 11]  
- Beat is within range of [300, 2000] (general urban beats with low arrest)  
- District is in [3, 5, 9, 15, 18]  
- Ward is within range of [6, 44] (various wards with low arrest)  
- Community Area is within range of [6, 69]  
- Date is within range of [01/01/2025 12:00:00 AM, 01/29/2025 11:59:59 PM] but time is during daytime (e.g., 9 AM - 6 PM)  

10 different conditions for class "1" (Arrest made):  
- Primary Type is in [LIQUOR LAW VIOLATION, NARCOTICS, WEAPONS VIOLATION, THEFT, CRIMINAL DAMAGE, BATTERY]  
- Description is in [POSSESS - HEROIN (WHITE), MANUFACTURE / DELIVER - COCAINE, UNLAWFUL POSSESSION - HANDGUN, RETAIL THEFT, TO VEHICLE, DOMESTIC BATTERY SIMPLE]  
- Location Description is in [BAR OR TAVERN, SIDEWALK, DEPARTMENT STORE, CTA BUS]  
- Domestic is 1 or 0 (both appear, but domestic battery example is 1)  
- FBI Code is in [18, 15, 22, 06, 14, 08B]  
- Beat is within range of [300, 2000] (similar beats but arrest made)  
- District is in [3, 4, 11, 16, 18, 19, 25]  
- Ward is within range of [9, 42]  
- Community Area is within range of [7, 76]  
- Date time is often evening or night (e.g., after 5 PM)  

These conditions reflect the tendency that arrests are more likely for narcotics, weapons violations, liquor law violations, retail theft, domestic battery, and crimes occurring in bars, sidewalks, or public transit, often later in the day. No arrest is more likely for minor theft, battery, or harassment offenses in apartments or streets during daytime.