Step 1. The relationship between each feature and the task description:

- Gender: No clear direct effect on satisfaction; satisfaction depends more on experience than gender.
- Age: Younger clients might have different expectations or satisfaction levels; older clients might be more tolerant or have different needs.
- Education: Higher education might correlate with higher expectations or better understanding of service.
- Nationality: Kuwaiti vs. Other nationality might influence satisfaction due to cultural or service familiarity.
- Marital_Status: Could influence satisfaction indirectly via social support or expectations.
- Governorate: Regional differences might affect service quality or client expectations.
- Aware_151: Awareness of the service might influence satisfaction positively.
- Call_151: Whether the client actually called the service might affect satisfaction; those who called might have stronger opinions.
- The_reason_of_the_call: Complaints likely correlate with dissatisfaction; inquiries or consultations might correlate with neutral or positive satisfaction.
- Call_center_employee_communication_skills_evaluation: Higher scores likely correlate with higher satisfaction.
- Satisfaction_with_the_doctors_response: Direct indicator of satisfaction with service.
- How_often_do_you_receive_call_center_news: More frequent updates might increase satisfaction due to better communication.

---

Step 2. Conditions for each answer class based on examples and Step 1:

10 different conditions for class "0" (Not satisfied):
- The_reason_of_the_call is Complaints
- Call_center_employee_communication_skills_evaluation <= 3.0
- Satisfaction_with_the_doctors_response <= 3.0
- How_often_do_you_receive_call_center_news < 3.0
- Call_151 is Yes
- Aware_151 is Yes
- Gender is Male
- Age is in [18-24, 25-29]
- Education is in [Bachelor, High school]
- Nationality is Kuwaiti

10 different conditions for class "1" (Satisfied):
- The_reason_of_the_call is Complaints
- Call_center_employee_communication_skills_evaluation = 3.0
- Satisfaction_with_the_doctors_response = 3.0
- How_often_do_you_receive_call_center_news >= 2.8
- Call_151 is No
- Aware_151 is No
- Gender is Female
- Age is in [18-24, 30-39, 40-49]
- Education is in [Bachelor, Diploma]
- Nationality is in [Kuwaiti, Other nationality]

---

Summary:  
Class 0 (No) is mainly characterized by complaints calls combined with lower or equal communication and satisfaction scores, more frequent calling or awareness, male gender, younger age groups, and lower or standard education.  
Class 1 (Yes) is characterized by complaints calls with high communication and satisfaction scores, higher frequency of receiving news, no calls made, no awareness, female gender, slightly older age groups, and higher education levels or diploma.

---DIVIDER---

Answer:  
Step 1. The relationship between each feature and the task description:

- Gender: Likely no strong direct impact on satisfaction; both males and females can be satisfied or not.
- Age: Younger clients may have different expectations or experiences; satisfaction might vary with age.
- Education: Higher education might correlate with higher expectations or better understanding of services.
- Nationality: Kuwaiti vs. others could affect satisfaction due to cultural or service differences.
- Marital_Status: Possibly no strong direct effect, but married or single might have different communication needs.
- Governorate: Regional differences in service quality or accessibility might influence satisfaction.
- Aware_151: Awareness of the service might correlate with satisfaction, as informed clients may have better experience.
- Call_151: Clients who have called might have different satisfaction levels than those who have not.
- The_reason_of_the_call: Reason for calling (complaints vs. inquiries vs. medical consultation) likely strongly affects satisfaction.
- Call_center_employee_communication_skills_evaluation: Higher ratings likely correlate with higher satisfaction.
- Satisfaction_with_the_doctors_response: Higher satisfaction with doctors' responses likely correlates with overall satisfaction.
- How_often_do_you_receive_call_center_news: More frequent updates might correlate with better satisfaction due to feeling informed.

Step 2.  
10 different conditions for class "0" (client NOT satisfied):  
- The_reason_of_the_call is in [Complaints]  
- Call_center_employee_communication_skills_evaluation <= 3.0  
- Satisfaction_with_the_doctors_response <= 3.0  
- How_often_do_you_receive_call_center_news <= 2.8  
- Aware_151 is in [Yes]  
- Call_151 is in [Yes]  
- Age is in [18-24, 25-29]  
- Gender is in [Male]  
- Education is in [Bachelor, High school]  
- Nationality is in [Kuwaiti]  

10 different conditions for class "1" (client satisfied):  
- The_reason_of_the_call is in [Complaints]  
- Call_center_employee_communication_skills_evaluation = 3.0  
- Satisfaction_with_the_doctors_response = 3.0  
- How_often_do_you_receive_call_center_news > 2.8  
- Aware_151 is in [No]  
- Call_151 is in [No]  
- Age is in [18-24, 30-39, 40-49]  
- Gender is in [Female, Male]  
- Education is in [Bachelor, Diploma]  
- Nationality is in [Kuwaiti, Other nationality]

---DIVIDER---

Answer:  
Step 1. The relationship between each feature and the task description:

- Gender: Unlikely to have a strong direct effect on satisfaction, but might influence communication style or expectations.
- Age: Different age groups may have varying expectations or satisfaction levels with call center service.
- Education: Higher education might correlate with higher expectations or better understanding of services.
- Nationality: Could influence satisfaction due to language or cultural differences.
- Marital_Status: Possibly related to satisfaction indirectly via stress or support systems.
- Governorate: Regional differences in service quality or accessibility might affect satisfaction.
- Aware_151: Awareness of the service might affect satisfaction positively as informed clients have realistic expectations.
- Call_151: Whether the client called the service might influence satisfaction depending on their experience.
- The_reason_of_the_call: Reason for calling (e.g., complaints vs inquiries) likely strongly affects satisfaction.
- Call_center_employee_communication_skills_evaluation: Higher ratings likely indicate higher satisfaction.
- Satisfaction_with_the_doctors_response: Directly linked to satisfaction, higher values mean higher satisfaction.
- How_often_do_you_receive_call_center_news: Frequent updates may increase satisfaction by improving communication and transparency.

---

Step 2. 10 different conditions for class "0" (client NOT satisfied):

- Call_center_employee_communication_skills_evaluation < 3.0  
- Satisfaction_with_the_doctors_response < 3.0  
- The_reason_of_the_call is in [Complaints]  
- Call_151 is Yes  
- Aware_151 is Yes  
- How_often_do_you_receive_call_center_news <= 2.0  
- Age is in [18-24, 25-29]  
- Education is in [Bachelor, High school]  
- Gender is in [Male]  
- Marital_Status is in [Single, Widow]

---

10 different conditions for class "1" (client satisfied):

- Call_center_employee_communication_skills_evaluation >= 3.0  
- Satisfaction_with_the_doctors_response >= 3.0  
- The_reason_of_the_call is in [Complaints, Inquiries, Inquiries_COVID19, Medical_Consultation] (excluding calls with low ratings)  
- Call_151 is No  
- Aware_151 is No or Yes (more mixed but often No in examples)  
- How_often_do_you_receive_call_center_news > 2.5  
- Age is in [30-39, 40-49, 50-59]  
- Education is in [Bachelor, Diploma, Master]  
- Gender is in [Female]  
- Marital_Status is in [Married, Widow]

---

These conditions summarize tendencies observed in the examples and align with the causal reasoning from Step 1.

---DIVIDER---

Answer:  
Step 1. The relationship between each feature and the task description:

- Gender: May have minor influence; satisfaction might slightly differ by gender due to communication preferences, but not strongly predictive alone.  
- Age: Younger clients might be less satisfied due to higher expectations or more frequent complaints; older clients might be more patient or satisfied.  
- Education: Higher education might correlate with higher expectations and possibly lower satisfaction; lower education might correlate with higher satisfaction or acceptance.  
- Nationality: Cultural or language differences may affect satisfaction; locals (Kuwaiti) might have different satisfaction patterns than others.  
- Marital_Status: Could influence satisfaction indirectly via stress levels or expectations; single vs. married may show different satisfaction.  
- Governorate: Regional differences in service quality or accessibility could influence satisfaction.  
- Aware_151: Awareness of the service might increase satisfaction by setting proper expectations or knowledge.  
- Call_151: Whether the client has called the service before might indicate familiarity and potentially higher satisfaction.  
- The_reason_of_the_call: Complaints likely correlate with dissatisfaction; inquiries or medical consultation might correlate with higher satisfaction.  
- Call_center_employee_communication_skills_evaluation: Higher scores likely correlate strongly with satisfaction.  
- Satisfaction_with_the_doctors_response: Higher satisfaction scores with doctors likely correlate strongly with overall satisfaction.  
- How_often_do_you_receive_call_center_news: Frequent updates might increase satisfaction by improving communication and trust.

---

Step 2. Based on the above and the examples, infer 10 different conditions per answer class:

10 different conditions for class "0" (client NOT satisfied):  
- The_reason_of_the_call is Complaints  
- Call_center_employee_communication_skills_evaluation <= 3.0  
- Satisfaction_with_the_doctors_response <= 3.0  
- How_often_do_you_receive_call_center_news < 3.0  
- Gender is Male  
- Age is within range [18-24, 25-29]  
- Aware_151 is No  
- Call_151 is No  
- Education is in [Bachelor, High school]  
- Nationality is Kuwaiti  

10 different conditions for class "1" (client satisfied):  
- The_reason_of_the_call is Complaints  
- Call_center_employee_communication_skills_evaluation >= 3.0  
- Satisfaction_with_the_doctors_response >= 3.0  
- How_often_do_you_receive_call_center_news >= 3.0  
- Gender is Female  
- Age is within range [18-24, 30-39, 40-49]  
- Aware_151 is Yes or No (less important)  
- Call_151 is No  
- Education is in [Bachelor, Diploma]  
- Nationality is in [Kuwaiti, Other nationality]  

---

Summary:  
Class 0 (Not satisfied) is associated with complaints, lower communication and doctor satisfaction scores, less frequent news updates, younger males, less awareness, and no prior calls.  
Class 1 (Satisfied) includes clients with complaints but higher communication and doctor satisfaction scores, more frequent news updates, females or older clients, and better education or nationality diversity.

---DIVIDER---

Answer:  
Step 1. The relationship between each feature and the task description:

- Gender: May have little direct impact on satisfaction but could influence communication style or expectations.  
- Age: Younger clients might have different expectations or communication preferences affecting satisfaction.  
- Education: Higher education might correlate with higher expectations or better understanding of responses.  
- Nationality: Cultural differences might affect satisfaction levels or perceptions of service quality.  
- Marital_Status: Possibly affects communication needs or expectations but likely weak effect.  
- Governorate: Regional differences in service quality or accessibility might influence satisfaction.  
- Aware_151: Awareness of the service might increase satisfaction due to better understanding of services.  
- Call_151: Whether the client actually called might influence satisfaction; non-callers may be less satisfied or have no direct experience.  
- The_reason_of_the_call: Reason for calling strongly influences satisfaction; complaints likely associate with dissatisfaction, inquiries or medical consultation might have neutral or positive satisfaction.  
- Call_center_employee_communication_skills_evaluation: Higher rating likely strongly correlates with satisfaction.  
- Satisfaction_with_the_doctors_response: Higher satisfaction with doctor’s response likely correlates with overall satisfaction.  
- How_often_do_you_receive_call_center_news: More frequent updates might increase satisfaction through better information flow.

---

Step 2. 10 different conditions for class "0" (client not satisfied):

- The_reason_of_the_call is in [Complaints]  
- Call_center_employee_communication_skills_evaluation < 2.0  
- Satisfaction_with_the_doctors_response < 3.0  
- Call_151 is Yes  
- Aware_151 is Yes  
- How_often_do_you_receive_call_center_news <= 2.0  
- Age is in [18-24, 25-29]  
- Education is in [Bachelor, High school]  
- Nationality is Kuwaiti  
- Gender is Female  

---

10 different conditions for class "1" (client satisfied):

- The_reason_of_the_call is in [Complaints]  
- Call_center_employee_communication_skills_evaluation >= 3.0  
- Satisfaction_with_the_doctors_response >= 3.0  
- Call_151 is No  
- Aware_151 is No  
- How_often_do_you_receive_call_center_news > 2.5  
- Age is in [30-39, 40-49]  
- Education is in [Bachelor, Diploma]  
- Nationality is in [Other nationality, Unspecified]  
- Gender is Male or Female