Answer:  
Step 1. The relationship between each feature and the task description:

- **social_connection_frequency**: More frequent social connection (Daily, Weekly) likely indicates maintaining friendships, including long-distance ones via calls; less frequent (Monthly, Never) suggests less maintenance. However, some who never meet in person might rely on calls to maintain long-distance friendships.
- **gathering_size_preference**: Preference for small gatherings may indicate closer, more intimate relationships, possibly including long-distance friendships maintained by calls; preference for large events might indicate more casual or local socializing.
- **valued_friendship_traits**: Traits like Loyalty, Support, Honesty, and Understanding person suggest valuing deep, meaningful connections which may motivate maintaining long-distance friendships through calls.
- **conflict_resolution_style**: Talking it out or apologizing first indicates active communication, which aligns with maintaining friendships through calls; avoiding conflict or letting time fix it may indicate less proactive communication.
- **family_support_level**: Higher family support might reduce the need for maintaining distant friendships via calls; low or no family support might increase reliance on friends.
- **social_battery_recharge**: If the person recharges by talking to someone or social media, they are more likely to maintain long-distance friendships through calls; if alone time, less likely.
- **social_orientation_type**: Extroverts and ambiverts are more likely to maintain friendships actively, including long-distance calls; introverts may do so less often.
- **social_anxiety_level**: Neutral or excited levels might indicate comfort with social interaction including calls; nervous or avoid it might reduce likelihood.
- **emotional_expression_method**: Talking openly or expressing emotions strongly suggests active communication, supporting maintaining friendships by calls; staying silent or other may indicate less communication.
- **primary_anger_sources**: Not directly related but those sensitive to being interrupted or injustice might avoid calls; those triggered by selfishness or criticism might still maintain calls but selectively.

---

Step 2. Based on Step 1 and the examples, here are the inferred conditions:

10 different conditions for class "0" (Does NOT maintain long-distance friendships through calls):  
- social_connection_frequency is in [Daily, Weekly]  
- gathering_size_preference is in [Large events]  
- valued_friendship_traits is in [Loyalty, Support]  
- conflict_resolution_style is in [Avoid conflict, Apologize first]  
- family_support_level is in [Yes, Sometimes]  
- social_battery_recharge is in [Alone time]  
- social_orientation_type is in [Extrovert, Introvert]  
- social_anxiety_level is in [Nervous]  
- emotional_expression_method is in [Talk openly, Stay silent, Express emotion strongly]  
- primary_anger_sources is in [Unnecessary criticism, Selfishness]  

10 different conditions for class "1" (Does maintain long-distance friendships through calls):  
- social_connection_frequency is in [Monthly, Never]  
- gathering_size_preference is in [Small gatherings, Both]  
- valued_friendship_traits is in [Honesty, Loyalty]  
- conflict_resolution_style is in [Talk it out, Let time fix it]  
- family_support_level is in [No, Never, Sometimes]  
- social_battery_recharge is in [Social media, Talking to someone]  
- social_orientation_type is in [Ambivert, Extrovert, Not sure]  
- social_anxiety_level is in [Neutral, Excited, Avoid it]  
- emotional_expression_method is in [Talk openly, Other]  
- primary_anger_sources is in [Being interrupted, Unnecessary criticism]  

---

These conditions align with the examples where class "1" answers are associated with lower frequency of social connection but higher use of social media or talking to someone to recharge, and more open communication styles, suggesting maintaining long-distance friendships through calls. Class "0" answers are associated with more frequent in-person socializing, preference for large events, and recharging alone, indicating less reliance on calls for maintaining long-distance friendships.

---DIVIDER---

Answer:  
Step 1. The relationship between each feature and the task description:

- **social_connection_frequency**: Higher frequency (Daily, Weekly) likely indicates maintaining friendships through calls; lower frequency (Never, Monthly) suggests less maintenance of long-distance friendships.  
- **gathering_size_preference**: Preference for small gatherings may indicate closer, more intimate friendships, possibly maintained via calls; large events preference might indicate less focus on individual long-distance calls.  
- **valued_friendship_traits**: Valuing honesty, support, or loyalty suggests deeper connections that might encourage maintaining long-distance friendships via calls.  
- **conflict_resolution_style**: Those who prefer to "Talk it out" or "Apologize first" might be more communicative and thus maintain friendships via calls; "Avoid conflict" or "Let time fix it" may indicate less proactive communication.  
- **family_support_level**: Higher family support (Yes, Sometimes) could correlate with better social skills and motivation to maintain friendships.  
- **social_battery_recharge**: Preferring "Talking to someone" or "Social media" indicates social engagement and communication, which may include calls; "Alone time" suggests less social interaction.  
- **social_orientation_type**: Extroverts and ambiverts are more likely to maintain friendships via calls; introverts or "Not sure" might be less likely.  
- **social_anxiety_level**: "Excited" or "Neutral" levels indicate comfort with social interaction, supporting maintaining friendships; "Avoid it" or "Nervous" suggest less likelihood.  
- **emotional_expression_method**: "Talk openly" or "Express emotion strongly" suggest comfort with verbal communication, supporting maintaining friendships through calls; "Stay silent" or "Other" might indicate less verbal communication.  
- **primary_anger_sources**: Less directly related, but those sensitive to "Being interrupted" or "Unnecessary criticism" might be more cautious in communication, possibly affecting calls.

---

Step 2. Based on the above and examples, infer 10 different conditions per class.

10 different conditions for class "0" (Does NOT maintain long-distance friendships through calls):  
- social_connection_frequency is in [Never, Monthly]  
- gathering_size_preference is in [Large events, Both]  
- valued_friendship_traits is in [Loyalty, Support] (without Honesty)  
- conflict_resolution_style is in [Avoid conflict, Let time fix it]  
- family_support_level is in [No, Never]  
- social_battery_recharge is in [Alone time]  
- social_orientation_type is in [Introvert]  
- social_anxiety_level is in [Nervous, Avoid it]  
- emotional_expression_method is in [Stay silent, Other]  
- primary_anger_sources is in [Unnecessary criticism, Selfishness]

10 different conditions for class "1" (Does maintain long-distance friendships through calls):  
- social_connection_frequency is in [Daily, Weekly]  
- gathering_size_preference is in [Small gatherings, Both]  
- valued_friendship_traits is in [Honesty, Support, All, All the three and trust, Understanding person]  
- conflict_resolution_style is in [Talk it out, Apologize first]  
- family_support_level is in [Yes, Sometimes]  
- social_battery_recharge is in [Talking to someone, Social media]  
- social_orientation_type is in [Extrovert, Ambivert]  
- social_anxiety_level is in [Excited, Neutral]  
- emotional_expression_method is in [Talk openly, Express emotion strongly]  
- primary_anger_sources is in [Being interrupted, Injustice]

---

These conditions align with the examples and the intuitive understanding of who is likely to maintain long-distance friendships through calls.

---DIVIDER---

Step 1. The relationship between each feature and the task description:

- social_connection_frequency: Higher frequency (Daily, Weekly) likely indicates maintaining long-distance friendships through calls; lower frequency (Monthly, Never) suggests less or no maintenance.
- gathering_size_preference: Preference for Small gatherings or Both might indicate closer, more intimate connections conducive to maintaining long-distance friendships; Large events or Never might indicate less personal connection.
- valued_friendship_traits: Valuing Honesty, Loyalty, or Support may motivate maintaining friendships actively; more general or vague traits might be less indicative.
- conflict_resolution_style: Proactive styles like Talk it out or Apologize first suggest active relationship maintenance, possibly including calls; Avoid conflict or Let time fix it suggest less active maintenance.
- family_support_level: Higher family support (Yes, Sometimes) may correlate with better social skills or motivation to maintain friendships.
- social_battery_recharge: Preferring Talking to someone suggests social engagement and possibly maintaining friendships through calls; Alone time or None of the above suggests less social interaction.
- social_orientation_type: Extroverts and Ambiverts are more likely to maintain friendships actively; Introverts or Not sure may be less likely.
- social_anxiety_level: Neutral or Excited indicates comfort with social interactions, supporting maintenance through calls; Nervous or Avoid it may hinder.
- emotional_expression_method: Talking openly or Express emotion strongly suggests active communication, supporting maintaining friendships through calls; Stay silent or Other may indicate less communication.
- primary_anger_sources: Less directly related, but sensitivity to Selfishness or Injustice may motivate maintaining friendships carefully.

---

Step 2. Based on Step 1 and examples, the inferred conditions:

10 different conditions for class "0" (Does NOT maintain long-distance friendships through calls):

- social_connection_frequency is in [Monthly, Never]
- gathering_size_preference is in [Large events, Never]
- valued_friendship_traits is in [Support, Loyalty] but social_connection_frequency is Monthly or Never
- conflict_resolution_style is in [Avoid conflict, Let time fix it]
- family_support_level is in [No, Never]
- social_battery_recharge is in [Alone time, None of the above]
- social_orientation_type is in [Introvert, Not sure]
- social_anxiety_level is in [Nervous, Avoid it]
- emotional_expression_method is in [Stay silent, Other]
- primary_anger_sources is in [Unnecessary criticism, Selfishness] combined with low social_connection_frequency

10 different conditions for class "1" (Does maintain long-distance friendships through calls):

- social_connection_frequency is in [Daily, Weekly]
- gathering_size_preference is in [Small gatherings, Both]
- valued_friendship_traits is in [Honesty, Loyalty]
- conflict_resolution_style is in [Talk it out, Apologize first]
- family_support_level is in [Yes, Sometimes]
- social_battery_recharge is in [Talking to someone, Social media]
- social_orientation_type is in [Extrovert, Ambivert]
- social_anxiety_level is in [Neutral, Excited]
- emotional_expression_method is in [Talk openly, Express emotion strongly]
- primary_anger_sources is in [Selfishness, Injustice] combined with high social_connection_frequency

---

This set of conditions aligns with the examples and common sense about social behavior relevant to maintaining long-distance friendships through calls.

---DIVIDER---

Answer:  
Step 1. The relationship between each feature and the task description:

- **social_connection_frequency**: Higher frequency (Daily, Weekly) likely indicates maintaining long-distance friendships through calls; lower frequency (Never, Monthly) suggests less likelihood.  
- **gathering_size_preference**: Preference for small gatherings may reflect closer, more intimate social connections, possibly supporting maintaining long-distance friendships; preference for large events or none might indicate less personal connection.  
- **valued_friendship_traits**: Valuing Honesty or Support may correlate with maintaining friendships actively; Loyalty may also be relevant but less distinctive.  
- **conflict_resolution_style**: "Talk it out" or "Apologize first" suggests active communication, which aligns with maintaining friendships via calls; "Avoid conflict" or "Let time fix it" may indicate less proactive communication.  
- **family_support_level**: Higher family support (Yes, Sometimes) may correlate with better social skills and more active maintenance of friendships; lower support may reduce this tendency.  
- **social_battery_recharge**: Preferring "Talking to someone" or "Social media" as recharge methods suggests comfort with social interaction and communication, supporting maintaining friendships through calls; "Alone time" or "None of the above" may indicate less social engagement.  
- **social_orientation_type**: Ambivert or Extrovert likely more engaged socially and more likely to maintain friendships through calls; Introvert or Not sure may be less likely.  
- **social_anxiety_level**: Neutral or Excited levels suggest comfort with social interaction; Avoid it or Nervous suggest social avoidance, less likely to maintain long-distance friendships through calls.  
- **emotional_expression_method**: "Talk openly" or "Express emotion strongly" indicates willingness to communicate and maintain friendships; "Stay silent" or "Other" may indicate less communication.  
- **primary_anger_sources**: Less directly related, but anger triggered by "Being interrupted" or "Unnecessary criticism" may affect communication style; no strong direct correlation to maintaining long-distance friendships.

---

Step 2. Based on the above and examples, infer 10 different conditions per answer class.

10 different conditions for class "0":  
- social_connection_frequency is in [Never, Monthly]  
- gathering_size_preference is in [Large events, Never]  
- valued_friendship_traits is in [Loyalty, Support] (without Honesty)  
- conflict_resolution_style is in [Avoid conflict, Let time fix it]  
- family_support_level is in [No, Never]  
- social_battery_recharge is in [Alone time, None of the above]  
- social_orientation_type is in [Introvert, Not sure]  
- social_anxiety_level is in [Avoid it, Nervous]  
- emotional_expression_method is in [Stay silent, Other]  
- social_connection_frequency is in [Weekly] AND emotional_expression_method is in [Express emotion strongly]

10 different conditions for class "1":  
- social_connection_frequency is in [Daily, Weekly]  
- gathering_size_preference is in [Small gatherings, Both]  
- valued_friendship_traits is in [Honesty, Support]  
- conflict_resolution_style is in [Talk it out, Apologize first]  
- family_support_level is in [Yes, Sometimes]  
- social_battery_recharge is in [Talking to someone, Social media]  
- social_orientation_type is in [Extrovert, Ambivert]  
- social_anxiety_level is in [Neutral, Excited]  
- emotional_expression_method is in [Talk openly, Express emotion strongly]  
- social_connection_frequency is in [Never] AND emotional_expression_method is in [Stay silent] AND social_orientation_type is Ambivert

---

These conditions align with the examples and the intuitive relationship between features and maintaining long-distance friendships through calls.

---DIVIDER---

Answer:  
Step 1. The relationship between each feature and the task description:

- **social_connection_frequency**: Higher frequency (Daily, Weekly) suggests more active social connections, likely including calls to maintain long-distance friendships; lower frequency (Monthly, Never) suggests less likelihood of maintaining such friendships through calls.  
- **gathering_size_preference**: Preference for small gatherings or both may indicate closer, more intimate relationships, possibly maintained via calls; preference for large events or never might indicate less personal, less frequent contact.  
- **valued_friendship_traits**: Valuing honesty, support, loyalty, or combinations indicates a strong desire for meaningful friendships, which supports maintaining long-distance friendships via calls.  
- **conflict_resolution_style**: "Talk it out" or "Apologize first" indicates openness to communication, which may correlate with maintaining friendships through calls; "Avoid conflict" or "Let time fix it" may indicate less proactive communication.  
- **family_support_level**: Higher family support ("Yes", "Sometimes") may correlate with stronger social networks and communication habits, including calls; "No" or "Never" may indicate less social support overall.  
- **social_battery_recharge**: Preferring "Talking to someone" or "Social media" suggests social engagement and communication, possibly including calls; "Alone time" or "None of the above" suggests less social interaction.  
- **social_orientation_type**: Extroverts and ambiverts are more likely to maintain social connections actively, including calls; introverts or "Not sure" may be less likely.  
- **social_anxiety_level**: "Excited" or "Neutral" suggests comfort with social interaction, supporting calls; "Avoid it", "Nervous" suggests discomfort, possibly less likely to maintain long-distance friendships via calls.  
- **emotional_expression_method**: "Talk openly" or "Express emotion strongly" indicates willingness to communicate verbally, supporting calls; "Stay silent" or "Other" may indicate less verbal communication.  
- **primary_anger_sources**: If anger sources relate to interpersonal issues (e.g., "Being interrupted", "Unnecessary criticism"), the person may be more sensitive but also more communicative; less clear direct relation to calls.

---

Step 2. Based on the above and examples, conditions per class:

10 different conditions for class "0":  
- social_connection_frequency is in [Monthly, Never]  
- gathering_size_preference is in [Large events, Never]  
- valued_friendship_traits is in [Loyalty, Support] but without honesty or combined traits  
- conflict_resolution_style is in [Avoid conflict, Let time fix it]  
- family_support_level is in [No, Never]  
- social_battery_recharge is in [Alone time, None of the above]  
- social_orientation_type is in [Introvert, Not sure]  
- social_anxiety_level is in [Avoid it, Nervous]  
- emotional_expression_method is in [Stay silent, Other]  
- primary_anger_sources is in [Unnecessary criticism, Selfishness]  

10 different conditions for class "1":  
- social_connection_frequency is in [Daily, Weekly]  
- gathering_size_preference is in [Small gatherings, Both]  
- valued_friendship_traits is in [Honesty, All, All the three and trust, Understanding person]  
- conflict_resolution_style is in [Talk it out, Apologize first]  
- family_support_level is in [Yes, Sometimes]  
- social_battery_recharge is in [Talking to someone, Social media]  
- social_orientation_type is in [Extrovert, Ambivert]  
- social_anxiety_level is in [Excited, Neutral]  
- emotional_expression_method is in [Talk openly, Express emotion strongly]  
- primary_anger_sources is in [Being interrupted, Injustice]