Step 1. The relationship between each feature and the task description:

- Temperature: Higher temperature can indicate overheating, which increases the risk of machine failure.
- Vibration: Higher vibration levels often signal mechanical issues or wear, increasing failure risk.
- Power_Usage: Abnormal power usage (either too high or too low) can indicate malfunction or inefficiency, affecting failure risk.
- Humidity: Higher humidity might promote corrosion or electrical issues, increasing failure risk.
- Machine_Type: Different machine types may have different baseline risk levels or behavior patterns related to failure.

---

Step 2. Based on the above examples and Step 1's results, infer 10 different conditions per answer.

10 different conditions for class "0":
- Temperature < 70
- Vibration < 50
- Power_Usage <= 10
- Humidity < 35
- Machine_Type is in [Drill]
- Machine_Type is in [Mill] and Vibration < 55
- Temperature <= 68 and Power_Usage < 8
- Vibration < 48 and Humidity < 40
- Power_Usage < 9 and Machine_Type is in [Drill]
- Temperature < 75 and Humidity < 32

10 different conditions for class "1":
- Temperature >= 70
- Vibration >= 50
- Power_Usage > 10
- Humidity >= 40
- Machine_Type is in [Mill] and Power_Usage > 9
- Temperature >= 72 and Vibration > 50
- Power_Usage >= 14
- Vibration >= 46 and Humidity >= 40
- Temperature >= 72 and Machine_Type is in [Drill]
- Vibration > 55 and Power_Usage > 10

---DIVIDER---

Answer:  
Step 1. The relationship between each feature and the task description:

- Temperature: Higher temperatures often indicate overheating or stress on the machine, increasing the risk of failure.  
- Vibration: Higher vibration levels can indicate mechanical issues or imbalance, raising failure risk.  
- Power_Usage: Abnormal power consumption (either too high or too low) can signal malfunction or inefficiency, increasing failure likelihood.  
- Humidity: High humidity may cause corrosion or electrical issues, increasing failure risk; low humidity is generally safer.  
- Machine_Type: Different machine types may have different operating thresholds and failure modes; for example, Mills might be more prone to failure at certain vibration or temperature levels compared to Drills or Lathes.

---

Step 2. Based on the above and the examples, infer 10 different conditions per answer:

10 different conditions for class "0":  
- Temperature < 75  
- Vibration < 50  
- Power_Usage < 12  
- Humidity > 30 and Humidity < 45  
- Machine_Type is in [Drill, Lathe]  
- Temperature is within range of [65, 74]  
- Vibration is within range of [40, 49]  
- Power_Usage is within range of [7, 11]  
- Humidity is within range of [30, 42]  
- Machine_Type is Drill and Vibration < 50  

10 different conditions for class "1":  
- Temperature >= 72  
- Vibration >= 50  
- Power_Usage >= 10  
- Humidity < 35  
- Machine_Type is Mill  
- Temperature is within range of [72, 78]  
- Vibration is within range of [50, 60]  
- Power_Usage is within range of [10, 15]  
- Humidity is within range of [30, 35]  
- Machine_Type is Mill and Temperature >= 72 and Vibration >= 50  

---

These conditions reflect the patterns seen in the examples and align with the general understanding of failure risks.

---DIVIDER---

Step 1. The relationship between each feature and the task description:

- Temperature: Higher temperatures can indicate overheating, which increases the risk of machine failure.
- Vibration: Elevated vibration levels often signal mechanical issues or wear, increasing failure risk.
- Power_Usage: Abnormal power consumption (either too high or too low) may indicate malfunction or inefficiency, raising failure risk.
- Humidity: High humidity can cause corrosion or electrical issues, increasing failure risk.
- Machine_Type: Different machine types may have different baseline risk profiles or tolerance levels for temperature, vibration, power usage, and humidity.

---

Step 2. Based on the above examples and Step 1's results, infer 10 different conditions per answer:

10 different conditions for class "0":
- Temperature < 70
- Vibration < 50
- Power_Usage < 10
- Humidity < 40
- Machine_Type is in [Lathe, Drill]  
- Temperature is within range [65, 70]
- Vibration is within range [40, 49]
- Power_Usage is within range [5, 9]
- Humidity is within range [30, 40]
- Machine_Type is Mill and Power_Usage < 12

10 different conditions for class "1":
- Temperature >= 70
- Vibration >= 50
- Power_Usage >= 10
- Humidity >= 40
- Machine_Type is in [Mill, Drill]
- Temperature is within range [70, 80]
- Vibration is within range [50, 60]
- Power_Usage is within range [10, 15]
- Humidity is within range [40, 50]
- Machine_Type is Drill and Power_Usage >= 14

---DIVIDER---

Answer:  
Step 1. The relationship between each feature and the task description:

- Temperature: Higher temperatures often indicate increased stress or overheating in machines, which can increase the risk of failure.  
- Vibration: Elevated vibration levels typically suggest mechanical issues or imbalance, increasing failure risk.  
- Power_Usage: Unusually high or low power consumption can indicate abnormal operation or impending failure.  
- Humidity: High humidity can cause corrosion or electrical issues, potentially increasing failure risk.  
- Machine_Type: Different machine types may have different baseline operational parameters and failure risks; some machines might be more prone to failure under certain conditions.

---

Step 2. Based on the above examples and Step 1's results, infer 10 different conditions per answer class:

10 different conditions for class "0":  
- Temperature < 70  
- Vibration < 50  
- Power_Usage < 10  
- Humidity is within range of [30, 45]  
- Machine_Type is in [Drill]  
- Temperature <= 68.7  
- Vibration <= 49.1  
- Power_Usage <= 8  
- Machine_Type is in [Mill] and Power_Usage < 12  
- Humidity <= 40  

10 different conditions for class "1":  
- Temperature >= 72  
- Vibration >= 50  
- Power_Usage >= 10  
- Humidity is within range of [30, 42]  
- Machine_Type is in [Mill]  
- Temperature > 72  
- Vibration > 46.9  
- Power_Usage > 9  
- Machine_Type is in [Drill] and Power_Usage > 13  
- Humidity >= 40  

---

These conditions align with the given examples and general knowledge on machine failure risk indicators.

---DIVIDER---

Answer:  
Step 1. The relationship between each feature and the task description:

- Temperature: Higher temperature often indicates overheating or stress, increasing risk of failure.  
- Vibration: Higher vibration levels usually signal mechanical issues or wear, increasing failure risk.  
- Power_Usage: Abnormal (often higher) power consumption can indicate malfunction or inefficiency, increasing failure risk.  
- Humidity: High humidity might cause corrosion or electrical issues, raising failure risk; low to moderate humidity is generally safer.  
- Machine_Type: Different machine types have different baseline risk profiles; some machines may be more prone to failure under certain conditions.

---

Step 2.  
10 different conditions for class "0" (No risk of failure):  
- Temperature <= 70  
- Vibration <= 50  
- Power_Usage <= 10  
- Humidity is within range of [30, 45]  
- Machine_Type is in [Mill, Drill]  
- Temperature is within range of [65, 70]  
- Vibration is within range of [40, 50]  
- Power_Usage is within range of [7, 10]  
- Humidity <= 40  
- Machine_Type is Lathe  

10 different conditions for class "1" (At risk of failure):  
- Temperature > 70  
- Vibration > 50  
- Power_Usage > 10  
- Humidity < 35  
- Machine_Type is in [Mill, Drill]  
- Temperature is within range of [71, 77]  
- Vibration is within range of [51, 60]  
- Power_Usage is within range of [11, 15]  
- Humidity <= 35  
- Machine_Type is not Lathe  

---

These conditions align with the examples:  
- Example 1 (class 0): Temp ~76 but vibration 58 and power 11.46, yet answer 0 — likely because Machine_Type Mill with moderate humidity and borderline values.  
- Example 2 (class 0): Lower temp 68.7, vibration 49, power 7.8, Drill, answer 0.  
- Example 3 (class 1): Temp 72.14, vibration 46.99, power 14.04, Drill, answer 1 — high power usage triggers risk.  
- Example 4 (class 1): Temp 72.22, vibration 51.33, power 9.83, Mill, answer 1 — vibration above 50 triggers risk.  

Thus, temperature > 70, vibration > 50, or power usage > 10 increase risk, especially for Mill and Drill machines, while Lathe machines appear safer in these data.