Step 1. The relationship between each feature and the task description:

- Temperature: Higher temperatures often indicate overheating, which increases the risk of machine failure.
- Vibration: Elevated vibration levels suggest mechanical imbalance or wear, increasing failure risk.
- Power_Usage: Abnormal power usage (too high or too low) can indicate malfunction or inefficiency, raising failure risk.
- Humidity: High humidity can cause corrosion or electrical issues, increasing failure risk.
- Machine_Type: Different machine types have different failure profiles; some types may be more prone to failure under certain conditions.

---

Step 2. Conditions for each class:

10 different conditions for class "0" (No risk of failure):
- Temperature <= 70
- Vibration < 5
- Power_Usage is within range of [50, 150]
- Humidity <= 40
- Machine_Type is in [Mill, Lathe]
- Temperature is within range of [50, 65]
- Vibration <= 3
- Power_Usage < 100
- Humidity is within range of [20, 35]
- Machine_Type is in [Drill] and Temperature < 60

10 different conditions for class "1" (At risk of failure):
- Temperature > 85
- Vibration >= 8
- Power_Usage > 180
- Humidity > 60
- Machine_Type is in [Mill] and Vibration > 7
- Temperature is within range of [75, 90]
- Power_Usage >= 160
- Vibration is within range of [6, 10]
- Humidity is within range of [50, 70]
- Machine_Type is in [Lathe] and Temperature > 80

---DIVIDER---

Step 1. The relationship between each feature and the task description:

- Temperature: Higher operating temperatures often indicate overheating, which can lead to machine failure; thus, higher temperature increases failure risk.
- Vibration: Increased vibration levels usually suggest mechanical issues or wear, increasing failure risk.
- Power_Usage: Abnormal power consumption (too high or too low) can indicate malfunction or inefficiency, potentially signaling failure risk.
- Humidity: High humidity can cause corrosion or electrical issues, increasing failure risk.
- Machine_Type: Different machine types may have different baseline risk levels or failure modes; for example, Mills might be more sensitive to vibration, while Drills might be more sensitive to temperature spikes.

---

Step 2. Based on the above and general domain knowledge, here are 10 different conditions per class:

10 different conditions for class "0" (No risk of failure):
- Temperature <= 70
- Vibration <= 3
- Power_Usage is within range of [100, 300]
- Humidity <= 50
- Machine_Type is in [Mill, Lathe] and Temperature <= 65
- Machine_Type is in [Drill] and Vibration <= 2
- Temperature is within range of [40, 65]
- Power_Usage >= 150 and Power_Usage <= 250
- Humidity is within range of [20, 45]
- Machine_Type is in [Lathe] and Vibration <= 2.5

10 different conditions for class "1" (At risk of failure):
- Temperature > 85
- Vibration > 6
- Power_Usage < 80
- Power_Usage > 350
- Humidity > 70
- Machine_Type is in [Mill] and Vibration > 5
- Machine_Type is in [Drill] and Temperature > 80
- Temperature is within range of [75, 90]
- Vibration is within range of [4.5, 7]
- Humidity is within range of [60, 90]

---

These conditions reflect reasonable thresholds and ranges where the machine is either operating normally (class 0) or showing signs of risk (class 1).

---DIVIDER---

Answer:  
Step 1. The relationship between each feature and the task description:

- Temperature: Higher temperatures often indicate overheating, which can lead to machine failure. Thus, higher temperature increases risk.
- Vibration: Elevated vibration levels usually signal mechanical issues or imbalance, increasing failure risk.
- Power_Usage: Abnormal power consumption (either too high or too low) can indicate malfunction or inefficiency, increasing failure risk.
- Humidity: High humidity can cause corrosion or electrical issues, increasing failure risk.
- Machine_Type: Different machine types may have different baseline risk levels or sensitivity to conditions; for example, Mills might be more robust than Drills under similar conditions.

---

Step 2. Based on the above and typical industrial machine behavior, here are 10 different conditions per answer class.

10 different conditions for class "0" (No risk of failure):  
- Temperature <= 70  
- Vibration <= 3  
- Power_Usage is within range of [50, 150]  
- Humidity <= 60  
- Machine_Type is in [Mill] and Temperature <= 75  
- Machine_Type is in [Lathe] and Vibration <= 2.5  
- Power_Usage >= 60 and Power_Usage <= 140  
- Humidity is within range of [30, 55]  
- Temperature is within range of [50, 65] and Vibration <= 2  
- Machine_Type is in [Drill] and Temperature <= 65 and Vibration <= 2.5  

10 different conditions for class "1" (At risk of failure):  
- Temperature > 85  
- Vibration > 5  
- Power_Usage < 40 or Power_Usage > 160  
- Humidity > 75  
- Machine_Type is in [Mill] and Temperature > 80  
- Machine_Type is in [Lathe] and Vibration > 4  
- Power_Usage > 150 and Vibration > 4  
- Humidity is within range of [70, 90] and Temperature > 75  
- Temperature is within range of [75, 85] and Vibration > 3.5  
- Machine_Type is in [Drill] and Temperature > 70 and Vibration > 3

---DIVIDER---

Step 1. The relationship between each feature and the task description:

- Temperature: Higher temperatures often indicate overheating or stress in the machine, increasing the risk of failure.
- Vibration: Elevated vibration levels usually signal mechanical imbalance or wear, which can lead to failure.
- Power_Usage: Sudden spikes or drops in power consumption may indicate malfunction or inefficiency, correlating with failure risk.
- Humidity: High humidity can cause corrosion or electrical issues, increasing failure risk; very low humidity might cause static or other issues but is less common.
- Machine_Type: Different machine types have varying susceptibility to failure under similar conditions; for example, a Mill might tolerate vibration differently than a Drill.

---

Step 2. Based on Step 1 and general knowledge, here are 10 different conditions per answer class:

10 different conditions for class "0" (Not at risk of failure):
- Temperature <= 70
- Vibration <= 3
- Power_Usage is within range of [50, 150]
- Humidity is within range of [30, 60]
- Machine_Type is in [Mill, Lathe]
- Temperature is within range of [50, 65]
- Vibration is within range of [0, 2]
- Power_Usage <= 120
- Humidity <= 55
- Machine_Type is in [Lathe, Drill]

10 different conditions for class "1" (At risk of failure):
- Temperature > 85
- Vibration > 7
- Power_Usage < 40
- Power_Usage > 200
- Humidity > 75
- Temperature is within range of [80, 95]
- Vibration is within range of [6, 10]
- Machine_Type is in [Drill] and Vibration > 5
- Machine_Type is in [Mill] and Temperature > 80
- Humidity is within range of [70, 90]

---

These conditions reflect typical thresholds and ranges where machines are considered stable (class 0) or at risk (class 1) based on operational parameters and environmental factors.

---DIVIDER---

Step 1. The relationship between each feature and the task description:

- Temperature: Higher temperatures often indicate overheating, which can lead to machine failure; thus, higher temperature increases failure risk.
- Vibration: Elevated vibration levels usually suggest mechanical issues or imbalance, increasing failure risk.
- Power_Usage: Abnormal power consumption, either too high or too low, can signal malfunction or inefficiency, raising failure risk.
- Humidity: High humidity can cause corrosion or electrical issues, increasing failure risk.
- Machine_Type: Different machine types have varying susceptibility to failure under certain conditions; for example, Mills may tolerate different vibration levels than Drills.

---

Step 2. Based on the above and common knowledge, here are 10 different conditions per class:

10 different conditions for class "0" (No risk of failure):
- Temperature <= 70
- Vibration <= 5
- Power_Usage is within range of [50, 150]
- Humidity <= 60
- Machine_Type is in [Lathe, Drill] and Temperature <= 65
- Machine_Type is in [Mill] and Vibration <= 3
- Temperature is within range of [40, 65]
- Power_Usage <= 120
- Humidity is within range of [30, 55]
- Machine_Type is in [Lathe] and Power_Usage is within range of [60, 110]

10 different conditions for class "1" (At risk of failure):
- Temperature > 85
- Vibration > 10
- Power_Usage < 40
- Power_Usage > 180
- Humidity > 75
- Machine_Type is in [Mill] and Temperature > 80
- Machine_Type is in [Drill] and Vibration > 8
- Temperature is within range of [75, 85] and Vibration > 7
- Humidity is within range of [65, 75] and Power_Usage > 160
- Machine_Type is in [Lathe] and Temperature > 78

---

These conditions reflect typical thresholds where machine parameters indicate either safe operation or increased failure risk.