Answer:  
Step 1. The relationship between each feature and the task description:

- **social_connection_frequency**: More frequent social connection (Daily, Weekly) suggests active maintenance of friendships including long-distance ones; less frequent (Monthly, Never) suggests less active maintenance.  
- **gathering_size_preference**: Preference for small gatherings or both might indicate closer, more intimate connections, possibly maintained via calls; preference for large events or never might indicate less intimate or less frequent contact.  
- **valued_friendship_traits**: Valuing loyalty, honesty, or support may motivate maintaining friendships actively, including long-distance calls.  
- **conflict_resolution_style**: People who prefer to "Talk it out" or "Apologize first" are more communicative and likely to maintain friendships via calls; those who "Avoid conflict" or "Let time fix it" may communicate less.  
- **family_support_level**: Higher family support (Yes, Sometimes) may correlate with better social skills and more active friendship maintenance; low or no support might reduce social interactions.  
- **social_battery_recharge**: Those who recharge by "Talking to someone" or "Social media" are more likely to engage in calls; those who prefer "Alone time" or "None of the above" may avoid calls.  
- **social_orientation_type**: Extroverts and ambiverts are more likely to maintain friendships actively including calls; introverts or "Not sure" may do so less.  
- **social_anxiety_level**: "Avoid it" or "Nervous" may reduce likelihood of calls; "Excited" or "Neutral" may increase it.  
- **emotional_expression_method**: Those who "Talk openly" or "Express emotion strongly" likely maintain friendships via calls; those who "Stay silent" or use "Other" may not.  
- **primary_anger_sources**: Not strongly related but those sensitive to "Being interrupted" or "Injustice" might avoid calls if they cause conflict; others might not be affected.

---

Step 2. Based on the above and examples, infer 10 different conditions per answer class:

10 different conditions for class "0":  
- social_connection_frequency is in [Monthly, Never]  
- gathering_size_preference is in [Large events, Never]  
- valued_friendship_traits is in [Support, Loyalty]  
- conflict_resolution_style is in [Apologize first, Avoid conflict, Let time fix it]  
- family_support_level is in [Sometimes, No, Never]  
- social_battery_recharge is in [Alone time, None of the above]  
- social_orientation_type is in [Introvert, Not sure]  
- social_anxiety_level is in [Nervous, Avoid it]  
- emotional_expression_method is in [Stay silent, Other]  
- primary_anger_sources is in [Selfishness, Unnecessary criticism]  

10 different conditions for class "1":  
- social_connection_frequency is in [Daily, Weekly]  
- gathering_size_preference is in [Small gatherings, Both]  
- valued_friendship_traits is in [Honesty, Loyalty]  
- conflict_resolution_style is in [Talk it out, Avoid conflict]  
- family_support_level is in [Yes, Sometimes]  
- social_battery_recharge is in [Talking to someone, Social media]  
- social_orientation_type is in [Extrovert, Ambivert]  
- social_anxiety_level is in [Excited, Neutral]  
- emotional_expression_method is in [Talk openly, Express emotion strongly]  
- primary_anger_sources is in [Being interrupted, Injustice]

---DIVIDER---

Answer:  
Step 1. The relationship between each feature and the task description (Does this person maintain long-distance friendships through calls?) based on general knowledge and common sense:

- **social_connection_frequency**: Higher frequency (Daily, Weekly) indicates more active social contact, which may include calls to maintain long-distance friendships. Lower frequency (Monthly, Never) suggests less contact, less likely to maintain such friendships.
- **gathering_size_preference**: Preference for large events or both might imply sociability and frequent interaction, possibly including calls. Preference for never or small gatherings may indicate less social engagement or more intimate/local connections.
- **valued_friendship_traits**: Valuing support, loyalty, honesty, or all indicates a strong commitment to friendships, which may motivate maintaining long-distance friendships via calls.
- **conflict_resolution_style**: Those who talk it out or apologize first may be more proactive in maintaining relationships, including long-distance ones, through communication like calls.
- **family_support_level**: Higher family support (Yes, Sometimes) might correlate with better social skills and more social interaction, possibly including calls to friends.
- **social_battery_recharge**: Preferring talking to someone or social media suggests comfort with social interaction and communication, possibly including calls for maintaining friendships.
- **social_orientation_type**: Extroverts and ambiverts are more likely to maintain frequent social contact, including calls; introverts might be less likely.
- **social_anxiety_level**: Lower anxiety (Excited, Neutral) supports more social interaction, including calls; higher anxiety (Avoid it, Nervous) may reduce likelihood.
- **emotional_expression_method**: Talking openly or expressing emotion strongly suggests comfort with communication, likely supporting maintenance of long-distance friendships via calls.
- **primary_anger_sources**: Being triggered by selfishness or being interrupted might indicate sensitivity in communication, but this is less directly related to maintaining friendships through calls.

---

Step 2. Based on Step 1 and the examples given, infer 10 different conditions per answer class.

10 different conditions for class "0" (Does NOT maintain long-distance friendships through calls):  
- social_connection_frequency is in [Daily, Weekly] and gathering_size_preference is in [Large events, Both] but social_battery_recharge is Alone time  
- social_connection_frequency is in [Daily, Weekly] and social_orientation_type is Introvert  
- gathering_size_preference is Large events and valued_friendship_traits is Loyalty  
- conflict_resolution_style is Apologize first and family_support_level is Never  
- social_connection_frequency is Monthly and social_battery_recharge is Talking to someone but social_orientation_type is Extrovert and social_anxiety_level is Nervous  
- social_connection_frequency is Weekly and gathering_size_preference is Never and social_battery_recharge is None of the above  
- emotional_expression_method is Talk openly and social_connection_frequency is Daily but family_support_level is Never  
- social_orientation_type is Introvert and social_connection_frequency is Daily and emotional_expression_method is Talk openly  
- social_connection_frequency is Weekly and conflict_resolution_style is Apologize first and family_support_level is Sometimes but social_battery_recharge is None of the above  
- social_connection_frequency is Daily and social_anxiety_level is Nervous and primary_anger_sources is Unnecessary criticism  

10 different conditions for class "1" (Does maintain long-distance friendships through calls):  
- social_connection_frequency is in [Weekly, Monthly] and gathering_size_preference is Never and social_battery_recharge is Social media  
- social_connection_frequency is Weekly and gathering_size_preference is Never and valued_friendship_traits is Honesty  
- social_connection_frequency is Monthly and gathering_size_preference is Large events and social_battery_recharge is Alone time and social_orientation_type is Extrovert  
- social_connection_frequency is Weekly and conflict_resolution_style is Talk it out and family_support_level is Yes  
- social_connection_frequency is Monthly and social_orientation_type is Extrovert and social_battery_recharge is Alone time  
- social_connection_frequency is Weekly and emotional_expression_method is Stay silent and social_orientation_type is Ambivert  
- social_connection_frequency is Monthly and valued_friendship_traits is Support and family_support_level is Sometimes  
- social_connection_frequency is Monthly and social_battery_recharge is Social media and social_anxiety_level is Excited  
- social_connection_frequency is Weekly and conflict_resolution_style is Avoid conflict and social_orientation_type is Extrovert  
- social_connection_frequency is Monthly and emotional_expression_method is Stay silent and family_support_level is Sometimes  

---

These conditions reflect patterns observed in the examples and the causal relationships inferred in Step 1.

---DIVIDER---

Step 1. The relationship between each feature and the task description:

- social_connection_frequency: Higher frequency (Daily, Weekly) likely indicates maintaining friendships actively, including long-distance calls; lower frequency (Monthly, Never) suggests less maintenance.
- gathering_size_preference: Preference for "Never" or "Small gatherings" might indicate more intimate or one-on-one connections, possibly including calls; preference for "Large events" might indicate in-person socializing rather than calls.
- valued_friendship_traits: Valuing "Support" or "Honesty" may motivate maintaining friendships through calls; "Loyalty" is important but less directly linked to communication frequency.
- conflict_resolution_style: "Talk it out" or "Apologize first" suggests proactive communication, which may include calls; "Avoid conflict" or "Let time fix it" may indicate less direct communication.
- family_support_level: Higher family support ("Yes", "Sometimes") might correlate with stronger social ties and possibly maintaining friendships via calls.
- social_battery_recharge: Preference for "Talking to someone" or "Social media" indicates comfort with verbal or digital communication, supporting calls; "Alone time" suggests less social interaction.
- social_orientation_type: Extroverts and Ambiverts are more likely to maintain social connections actively, including calls; Introverts may prefer less frequent or indirect contact.
- social_anxiety_level: "Avoid it" or "Nervous" may hinder maintaining long-distance calls; "Excited" or "Neutral" may facilitate it.
- emotional_expression_method: "Talk openly" or "Express emotion strongly" indicates comfort with verbal communication, supporting calls; "Stay silent" may indicate less communication.
- primary_anger_sources: Not directly linked, but those angered by "Being interrupted" or "Injustice" may prefer controlled communication, possibly calls.

---

Step 2. Based on the above and examples, infer conditions:

10 different conditions for class "0" (does NOT maintain long-distance friendships through calls):
- social_connection_frequency is in [Daily, Weekly]
- gathering_size_preference is in [Large events, Both]
- valued_friendship_traits is Loyalty
- conflict_resolution_style is Apologize first
- family_support_level is Never
- social_battery_recharge is Alone time
- social_orientation_type is Introvert
- social_anxiety_level is Nervous
- emotional_expression_method is Talk openly
- primary_anger_sources is Unnecessary criticism

10 different conditions for class "1" (does maintain long-distance friendships through calls):
- social_connection_frequency is in [Weekly, Monthly]
- gathering_size_preference is Never
- valued_friendship_traits is in [Support, Honesty]
- conflict_resolution_style is in [Talk it out, Avoid conflict]
- family_support_level is in [Yes, Sometimes]
- social_battery_recharge is in [Social media, Talking to someone]
- social_orientation_type is in [Extrovert, Ambivert]
- social_anxiety_level is in [Excited, Neutral]
- emotional_expression_method is in [Stay silent, Express emotion strongly]
- primary_anger_sources is in [Being interrupted, Selfishness]

---

This set of conditions aligns with the examples and general understanding of social behavior related to maintaining long-distance friendships through calls.

---DIVIDER---

Answer:  
Step 1. The relationship between each feature and the task description:

- social_connection_frequency: More frequent social connection (Daily, Weekly) suggests higher likelihood of maintaining long-distance friendships through calls; less frequent (Monthly, Never) suggests lower likelihood.
- gathering_size_preference: Preference for large events or both might indicate more outgoing behavior, possibly correlating with maintaining distant friendships; never or small gatherings may indicate less social outreach.
- valued_friendship_traits: Valuing honesty, loyalty, support, or comprehensive traits may indicate motivation to maintain friendships actively.
- conflict_resolution_style: Those who prefer "Talk it out" or "Apologize first" may be more proactive in maintaining relationships, including long-distance ones.
- family_support_level: Higher family support (Yes, Sometimes) may correlate with better social skills and maintaining friendships; no or never may reduce social interaction.
- social_battery_recharge: Preference for "Talking to someone" or "Social media" indicates active social engagement; "Alone time" or "None of the above" suggests introversion or less social interaction.
- social_orientation_type: Extroverts and Ambiverts are more likely to maintain long-distance friendships through calls; introverts or unsure may be less likely.
- social_anxiety_level: "Excited" or "Neutral" suggests comfort in social interaction; "Avoid it" or "Nervous" suggests social avoidance.
- emotional_expression_method: "Talk openly" or "Express emotion strongly" indicates active communication, supporting maintaining friendships; "Stay silent" or "Other" may indicate less communication.
- primary_anger_sources: Less directly related, but "Being interrupted" or "Injustice" may indicate sensitivity to social dynamics, possibly influencing communication style.

---

Step 2. Based on the above and examples, infer 10 different conditions per answer:

10 different conditions for class "0":  
- social_connection_frequency is in [Monthly, Never]  
- gathering_size_preference is in [Never, Small gatherings]  
- valued_friendship_traits is in [Support, Loyalty] (without Honesty)  
- conflict_resolution_style is in [Apologize first, Avoid conflict]  
- family_support_level is in [No, Never]  
- social_battery_recharge is in [Alone time, None of the above]  
- social_orientation_type is in [Introvert, Not sure]  
- social_anxiety_level is in [Nervous, Avoid it]  
- emotional_expression_method is in [Stay silent, Other]  
- primary_anger_sources is in [Unnecessary criticism, Selfishness]

10 different conditions for class "1":  
- social_connection_frequency is in [Daily, Weekly]  
- gathering_size_preference is in [Large events, Both]  
- valued_friendship_traits is in [Honesty, All, All the three and trust, Understanding person]  
- conflict_resolution_style is in [Talk it out, Avoid conflict]  
- family_support_level is in [Yes, Sometimes]  
- social_battery_recharge is in [Talking to someone, Social media]  
- social_orientation_type is in [Extrovert, Ambivert]  
- social_anxiety_level is in [Excited, Neutral]  
- emotional_expression_method is in [Talk openly, Express emotion strongly]  
- primary_anger_sources is in [Being interrupted, Injustice]

---DIVIDER---

Answer:  
Step 1. The relationship between each feature and the task description:

- **social_connection_frequency:** Frequent social connection (Daily, Weekly) likely indicates maintaining friendships, including long-distance calls; less frequent (Monthly, Never) suggests less maintenance.  
- **gathering_size_preference:** Preference for small or both types of gatherings may indicate closer, more personal relationships conducive to calls; preference for large events or never may indicate less intimate maintenance.  
- **valued_friendship_traits:** Valuing honesty, support, loyalty, or all traits suggests a person who invests in relationships, possibly maintaining long-distance friendships.  
- **conflict_resolution_style:** Talking it out or apologizing first indicates active relationship maintenance, which can correlate with maintaining friendships through calls. Avoiding conflict or letting time fix it may indicate less active maintenance.  
- **family_support_level:** Higher family support (Yes, Sometimes) may correlate with better social skills or motivation to maintain friendships; No or Never may indicate less engagement.  
- **social_battery_recharge:** Preferring talking to someone or social media suggests comfort with communication, supporting maintaining long-distance friendships through calls; alone time or none of the above may indicate less.  
- **social_orientation_type:** Extroverts and ambiverts are more likely to maintain friendships actively, including calls; introverts may do less so.  
- **social_anxiety_level:** Neutral or excited suggests comfort with social interaction, supporting maintenance; avoid it or nervous suggests less.  
- **emotional_expression_method:** Talking openly or expressing emotion strongly suggests active communication, supporting maintaining friendships via calls; staying silent or other suggests less.  
- **primary_anger_sources:** Being interrupted or injustice may indicate sensitivity in communication but not directly linked to maintaining friendships; selfishness or unnecessary criticism may reduce willingness to maintain friendships.

---

Step 2. Based on Step 1 and the examples, infer 10 different conditions per answer class:

10 different conditions for class "0" (Does NOT maintain long-distance friendships through calls):  
- social_connection_frequency is in [Daily, Monthly]  
- gathering_size_preference is in [Large events, Both]  
- valued_friendship_traits is in [Loyalty, Support]  
- conflict_resolution_style is in [Apologize first, Avoid conflict]  
- family_support_level is in [Never, No]  
- social_battery_recharge is in [Alone time, None of the above]  
- social_orientation_type is in [Introvert, Not sure]  
- social_anxiety_level is in [Nervous, Avoid it]  
- emotional_expression_method is in [Talk openly, Other]  
- primary_anger_sources is in [Unnecessary criticism, Selfishness]

10 different conditions for class "1" (Does maintain long-distance friendships through calls):  
- social_connection_frequency is in [Weekly, Monthly]  
- gathering_size_preference is in [Never, Both, Small gatherings]  
- valued_friendship_traits is in [Honesty, Support, All]  
- conflict_resolution_style is in [Talk it out, Avoid conflict]  
- family_support_level is in [Yes, Sometimes]  
- social_battery_recharge is in [Talking to someone, Social media]  
- social_orientation_type is in [Extrovert, Ambivert]  
- social_anxiety_level is in [Neutral, Excited]  
- emotional_expression_method is in [Stay silent, Express emotion strongly]  
- primary_anger_sources is in [Being interrupted, Injustice]

---

These conditions are consistent with the examples and the general reasoning about social behavior and communication patterns relevant to maintaining long-distance friendships through calls.