Answer:  
Step 1. The relationship between each feature and the task description:

- Gender: Generally, gender might not strongly influence satisfaction, but there could be slight tendencies (e.g., females might express satisfaction differently than males).
- Age: Older clients might have different expectations or experience levels with call centers, potentially affecting satisfaction.
- Education: Higher education levels might correlate with higher expectations or better understanding of services, influencing satisfaction.
- Nationality: Cultural or language differences could affect satisfaction levels.
- Marital_Status: Possibly minor effect; married individuals might have different communication needs or expectations.
- Governorate: Regional differences in service quality or accessibility might influence satisfaction.
- Aware_151: Awareness of the service 151 likely correlates with better understanding and possibly higher satisfaction.
- Call_151: Clients who have called the service might have more direct experience, influencing satisfaction positively or negatively.
- The_reason_of_the_call: The reason for calling (e.g., complaints vs. inquiries) strongly impacts satisfaction; complaint calls likely correlate with dissatisfaction.
- Call_center_employee_communication_skills_evaluation: Higher communication skills ratings likely strongly correlate with satisfaction.
- Satisfaction_with_the_doctors_response: Higher satisfaction with doctors’ responses likely correlates with overall satisfaction.
- How_often_do_you_receive_call_center_news: More frequent updates might increase satisfaction due to better information flow.

---

Step 2. Based on Step 1, here are 10 different conditions per answer class:

10 different conditions for class "0" (Client not satisfied):  
- The_reason_of_the_call is in [Complaints]  
- Call_center_employee_communication_skills_evaluation <= 3  
- Satisfaction_with_the_doctors_response <= 2  
- Aware_151 is in [No]  
- Call_151 is in [Yes] and The_reason_of_the_call is in [Complaints]  
- How_often_do_you_receive_call_center_news < 2  
- Education is in [Less than high school, Other]  
- Age is in [Under 18, 18-24]  
- Governorate is in [Jahra, Mubarak AlKabir]  
- Nationality is in [Other nationality]  

10 different conditions for class "1" (Client satisfied):  
- Call_center_employee_communication_skills_evaluation >= 4  
- Satisfaction_with_the_doctors_response >= 4  
- The_reason_of_the_call is in [Vaccination, Inquiries, Inquiries_COVID19, Medical_Consultation]  
- Aware_151 is in [Yes]  
- Call_151 is in [No]  
- How_often_do_you_receive_call_center_news >= 3  
- Education is in [Bachelor, Master, Doctor]  
- Age is in [30-39, 40-49, 50-59, 60 and above]  
- Governorate is in [Capital, Farwaniya, AlAhmadi]  
- Marital_Status is in [Married, Widow, Widower]  

---

These conditions reflect logical, interpretable rules linking client features and satisfaction with call center service.

---DIVIDER---

Step 1. The relationship between each feature and the task description:

- Gender: Satisfaction may not strongly depend on gender, but possible slight differences in communication preferences.
- Age: Older clients might have different expectations; younger clients might be more critical or tech-savvy.
- Education: Higher education levels might correlate with higher expectations or better understanding of services.
- Nationality: Kuwaiti vs. other nationalities might affect satisfaction due to language, cultural expectations, or service priority.
- Marital_Status: Possibly minor effect; married clients might have different concerns or expectations.
- Governorate: Service quality might vary by region, affecting satisfaction.
- Aware_151: Awareness of the service might correlate with satisfaction, as informed clients may have clearer expectations.
- Call_151: Whether the client has called before might influence satisfaction based on previous experiences.
- The_reason_of_the_call: Complaints likely correlate with dissatisfaction; inquiries or medical consultation might correlate with satisfaction.
- Call_center_employee_communication_skills_evaluation: Higher ratings likely correlate with satisfaction.
- Satisfaction_with_the_doctors_response: Higher satisfaction with doctors likely correlates with overall satisfaction.
- How_often_do_you_receive_call_center_news: More frequent updates might increase satisfaction due to feeling informed.

---

Step 2. Conditions for each answer class:

10 different conditions for class "0" (No, client not satisfied):
- The_reason_of_the_call is in [Complaints]
- Call_center_employee_communication_skills_evaluation <= 2
- Satisfaction_with_the_doctors_response <= 2
- Aware_151 is in [No]
- Call_151 is in [Yes] and Satisfaction_with_the_doctors_response <= 3
- Governorate is in [Jahra, Mubarak AlKabir] (assuming lower service quality)
- Education is in [Less than high school, Other]
- Age is in [Under 18, 18-24] (assuming younger clients may be less satisfied)
- How_often_do_you_receive_call_center_news <= 1 (rarely receiving news)
- Marital_Status is in [Widow, Widower]

10 different conditions for class "1" (Yes, client satisfied):
- Call_center_employee_communication_skills_evaluation >= 4
- Satisfaction_with_the_doctors_response >= 4
- The_reason_of_the_call is in [Vaccination, Inquiries, Medical_Consultation, Inquiries_COVID19]
- Aware_151 is in [Yes]
- Call_151 is in [No]
- How_often_do_you_receive_call_center_news >= 3
- Governorate is in [Capital, AlAhmadi]
- Education is in [Bachelor, Master, Doctor]
- Age is in [30-39, 40-49, 50-59, 60 and above]
- Nationality is in [Kuwaiti]

---

These conditions reflect plausible patterns of satisfaction and dissatisfaction based on the features and general knowledge about customer service interactions.

---DIVIDER---

Answer:  
Step 1. The relationship between each feature and the task description:

- Gender: Satisfaction may not strongly depend on gender, but possible slight differences in communication preferences.  
- Age: Older clients might be less satisfied if communication or technology use is difficult; younger clients may have higher expectations.  
- Education: Higher education levels might correlate with higher expectations and thus potentially lower satisfaction if expectations are unmet.  
- Nationality: Nationals might have different expectations or experiences compared to non-nationals.  
- Marital_Status: Possibly minor effect; married clients might have different concerns or expectations than singles.  
- Governorate: Service quality or accessibility might vary by region, affecting satisfaction.  
- Aware_151: Awareness of the service might positively influence satisfaction due to better understanding of services.  
- Call_151: Clients who actually called might have stronger opinions (positive or negative) about service.  
- The_reason_of_the_call: Complaints are likely associated with lower satisfaction; Medical_Consultation and Vaccination might have higher satisfaction if service was effective.  
- Call_center_employee_communication_skills_evaluation: Higher communication skills ratings likely strongly correlate with higher satisfaction.  
- Satisfaction_with_the_doctors_response: Higher satisfaction here likely strongly correlates with overall satisfaction.  
- How_often_do_you_receive_call_center_news: More frequent updates might increase satisfaction due to better information.  

---

Step 2. Based on the above analysis, here are inferred conditions for each answer class:

10 different conditions for class "0" (No, client was not satisfied):  
- Call_center_employee_communication_skills_evaluation <= 3  
- Satisfaction_with_the_doctors_response <= 3  
- The_reason_of_the_call is in [Complaints]  
- Aware_151 is No  
- Call_151 is Yes and The_reason_of_the_call is in [Complaints]  
- Age is in [60 and above, 50-59] and Call_center_employee_communication_skills_evaluation <= 4  
- Education is in [Less than high school, High school] and Satisfaction_with_the_doctors_response <= 3  
- Governorate is in [Jahra, Mubarak AlKabir] and Call_center_employee_communication_skills_evaluation <= 3  
- How_often_do_you_receive_call_center_news <= 1  
- Nationality is Other nationality and Satisfaction_with_the_doctors_response <= 3  

10 different conditions for class "1" (Yes, client was satisfied):  
- Call_center_employee_communication_skills_evaluation >= 4  
- Satisfaction_with_the_doctors_response >= 4  
- The_reason_of_the_call is in [Vaccination, Medical_Consultation]  
- Aware_151 is Yes  
- Call_151 is Yes and Call_center_employee_communication_skills_evaluation >= 4  
- Age is in [18-24, 25-29, 30-39] and Satisfaction_with_the_doctors_response >= 4  
- Education is in [Bachelor, Master, Doctor] and Call_center_employee_communication_skills_evaluation >= 4  
- Governorate is in [Capital, Farwaniya] and Satisfaction_with_the_doctors_response >= 4  
- How_often_do_you_receive_call_center_news >= 3  
- Marital_Status is in [Married, Single] and Call_center_employee_communication_skills_evaluation >= 4

---DIVIDER---

Answer:

Step 1. The relationship between each feature and the task description:

- Gender: Generally, satisfaction may not strongly depend on gender, but some studies show females might report slightly different satisfaction levels than males due to communication style preferences.
- Age: Older clients might have different expectations or experiences with call centers, potentially affecting satisfaction.
- Education: Higher education might correlate with higher expectations, possibly leading to lower satisfaction if expectations are unmet.
- Nationality: Cultural background can influence perception of service quality and satisfaction.
- Marital_Status: Possibly minor influence; married clients might have different stressors or expectations.
- Governorate: Regional differences in service quality or infrastructure may affect satisfaction.
- Aware_151: Awareness of the service might correlate with more informed use and possibly higher satisfaction.
- Call_151: Clients who have called the service might have direct experience influencing satisfaction.
- The_reason_of_the_call: The reason for calling (e.g., complaints vs. inquiries) likely strongly influences satisfaction (complaints likely lower satisfaction).
- Call_center_employee_communication_skills_evaluation: Higher ratings likely strongly correlate with higher satisfaction.
- Satisfaction_with_the_doctors_response: Higher satisfaction here likely strongly correlates with overall satisfaction.
- How_often_do_you_receive_call_center_news: More frequent updates might increase satisfaction by improving engagement and information availability.

---

Step 2. Based on Step 1 and examples, infer 10 different conditions per answer class.

10 different conditions for class "0" (Client NOT satisfied):

- The_reason_of_the_call is in [Complaints]
- Call_center_employee_communication_skills_evaluation <= 3
- Satisfaction_with_the_doctors_response <= 2
- Call_151 is in [Yes] and The_reason_of_the_call is in [Complaints]
- Aware_151 is in [No]
- How_often_do_you_receive_call_center_news <= 1
- Education is in [Less than high school, Other]
- Age is in [Under 18, 18-24]
- Nationality is in [Other nationality]
- Governorate is in [Jahra, Mubarak AlKabir]

10 different conditions for class "1" (Client satisfied):

- Call_center_employee_communication_skills_evaluation >= 4
- Satisfaction_with_the_doctors_response >= 4
- The_reason_of_the_call is in [Vaccination, Inquiries, Medical_Consultation, Inquiries_COVID19]
- Aware_151 is in [Yes]
- Call_151 is in [Yes]
- How_often_do_you_receive_call_center_news >= 3
- Education is in [Bachelor, Master, Doctor]
- Age is in [30-39, 40-49, 50-59, 60 and above]
- Nationality is in [Kuwaiti]
- Governorate is in [Capital, AlAhmadi, Farwaniya]

---DIVIDER---

Step 1. The relationship between each feature and the task description:

- Gender: Generally, satisfaction might not strongly depend on gender, but possible slight differences in communication preferences could exist.
- Age: Older clients might have different expectations or tolerance levels impacting satisfaction.
- Education: Higher education might correlate with higher expectations, possibly affecting satisfaction negatively if expectations are unmet.
- Nationality: Cultural differences might influence satisfaction levels.
- Marital_Status: Possibly minor effect, but married clients might have different communication needs or expectations.
- Governorate: Regional service quality differences might affect satisfaction.
- Aware_151: Clients aware of the service might have clearer expectations, possibly influencing satisfaction.
- Call_151: Clients who have called before might be more familiar and thus more or less satisfied depending on prior experience.
- The_reason_of_the_call: Some reasons (e.g., complaints) might correlate with dissatisfaction, while inquiries or medical consultations might correlate with satisfaction.
- Call_center_employee_communication_skills_evaluation: Higher ratings likely strongly correlate with satisfaction.
- Satisfaction_with_the_doctors_response: Higher satisfaction with doctors’ response likely correlates strongly with overall satisfaction.
- How_often_do_you_receive_call_center_news: Frequent updates might increase satisfaction due to feeling informed.

---

Step 2. Based on the above analysis, here are 10 different conditions for each class.

10 different conditions for class "0" (Client NOT satisfied):

- Call_center_employee_communication_skills_evaluation <= 3
- Satisfaction_with_the_doctors_response <= 2
- The_reason_of_the_call is in [Complaints]
- Aware_151 is No
- Call_151 is Yes and Call_center_employee_communication_skills_evaluation <= 4
- Age is in [18-24, 25-29] and Satisfaction_with_the_doctors_response <= 3
- Education is in [Master, Doctor] and Satisfaction_with_the_doctors_response <= 2
- Governorate is in [Jahra, Mubarak AlKabir] and Call_center_employee_communication_skills_evaluation <= 3
- How_often_do_you_receive_call_center_news <= 1
- Nationality is Other nationality and Satisfaction_with_the_doctors_response <= 3

10 different conditions for class "1" (Client satisfied):

- Call_center_employee_communication_skills_evaluation >= 4
- Satisfaction_with_the_doctors_response >= 4
- The_reason_of_the_call is in [Vaccination, Inquiries, Medical_Consultation, Inquiries_COVID19]
- Aware_151 is Yes
- Call_151 is No and Satisfaction_with_the_doctors_response >= 3
- Age is in [50-59, 60 and above] and Call_center_employee_communication_skills_evaluation >= 4
- Education is in [Bachelor, High school, Diploma] and Satisfaction_with_the_doctors_response >= 3
- Governorate is in [Capital, Farwaniya, AlAhmadi] and Call_center_employee_communication_skills_evaluation >= 4
- How_often_do_you_receive_call_center_news >= 3
- Nationality is Kuwaiti and Satisfaction_with_the_doctors_response >= 4