Answer:  
Step 1. The relationship between each feature and the task description:

- Date: The exact date/time is unlikely to directly influence arrest likelihood, but time of day or day of week might correlate with arrest patterns (e.g., nighttime crimes may have higher arrest rates).
- Primary Type: Certain crime types (e.g., narcotics, weapons violations) are more likely to lead to arrests than others (e.g., criminal damage).
- Description: More severe or specific descriptions (e.g., possession, aggravated assault) may indicate higher arrest likelihood.
- Location Description: Public places (streets, sidewalks) might have higher arrest rates than private residences or apartments.
- Domestic: Domestic crimes may have different arrest rates, often lower or more complex.
- Beat, District, Ward, Community Area: These geographical identifiers might reflect policing intensity or arrest likelihood in certain areas.
- FBI Code: FBI crime classification codes correspond to crime severity/type and thus arrest likelihood.
- X Coordinate, Y Coordinate, Latitude, Longitude: Location coordinates reflect geographic area, which may be associated with arrest patterns.
- Year: All examples are from 2025, so no variance.
  
Step 2. 10 different conditions for class "0" (No arrest made):  
- Primary Type is in [CRIMINAL DAMAGE, THEFT, OFFENSE INVOLVING CHILDREN, ASSAULT, OTHER OFFENSE]  
- Description is in [TO PROPERTY, SIMPLE, TELEPHONE THREAT, AGGRAVATED SEXUAL ASSAULT OF CHILD BY FAMILY MEMBER, DOMEST

---DIVIDER---

Answer:  
Step 1. The relationship between each feature and the task description:

- Date: The time or date itself likely has no direct causal effect on whether an arrest was made, but certain times (e.g., late night) might correlate with arrests due to police activity patterns.
- Primary Type: Certain crime types (e.g., narcotics, weapons violations, theft) are more likely to result in arrests, while others (e.g., criminal damage, domestic simple assault) less so.
- Description: More serious or specific descriptions (e.g., possession, manufacture, aggravated assault) may indicate higher arrest likelihood.
- Location Description: Crimes in public places (street, sidewalk, tavern) might have higher arrest rates than those in private residences or apartments.
- Domestic: Domestic crimes might be less likely to have immediate arrest due to complexities or victim reluctance.
- Beat, District, Ward, Community Area: Geographic location may influence arrest likelihood depending on police presence or policy, but no direct causal relationship known.
- FBI Code: Certain FBI codes correspond to crimes with higher arrest rates (e.g., narcotics, weapons).
- Coordinates (X, Y, Latitude, Longitude): Similar to geographic features; they indicate location but no direct causal effect.
- Year: All examples are from 2025; no variability to assess impact.

Step 2. Based on Step 1 and the examples, infer conditions:

10 different conditions for class "0" (No arrest made):

- Primary Type is in [BATTERY, CRIMINAL DAMAGE, OTHER OFFENSE, OFFENSE INVOLVING CHILDREN, THEFT (non-retail), ASSAULT]
- Description is in [SIMPLE, TO PROPERTY, TELEPHONE THREAT, DOMESTIC BATTERY SIMPLE, AGGRAVATED SEXUAL ASSAULT OF CHILD BY FAMILY MEMBER, THEFT FROM MOTOR VEHICLE]
- Location Description is in [APARTMENT, RESIDENCE, ALLEY]
- Domestic is 1
- FBI Code is in [08A, 08B, 14, 02, 06 (non-retail)]
- Primary Type is CRIMINAL DAMAGE
- Primary Type is OFFENSE INVOLVING CHILDREN
- Primary Type is ASSAULT with Description SIMPLE and Domestic is 1
- Location Description is APARTMENT and Domestic is 1
- Description is TELEPHONE THREAT and Domestic is 1

10 different conditions for class "1" (Arrest made):

- Primary Type is in [NARCOTICS, WEAPONS VIOLATION, THEFT (retail), OTHER OFFENSE (vehicle related), BATTERY (non-domestic)]
- Description is in [POSSESS - HEROIN (WHITE), MANUFACTURE / DELIVER - CANNABIS 10 GRAMS OR LESS, UNLAWFUL POSSESSION - HANDGUN, RETAIL THEFT, OTHER VEHICLE OFFENSE, SIMPLE (non-domestic battery)]
- Location Description is in [STREET, SIDEWALK, BAR OR TAVERN, GROCERY FOOD STORE]
- Domestic is 0
- FBI Code is in [18, 15, 06 (retail), 26, 24, 08B (non-domestic)]
- Primary Type is NARCOTICS
- Primary Type is WEAPONS VIOLATION
- Primary Type is THEFT with Description RETAIL THEFT and Domestic is 0
- Location Description is STREET or SIDEWALK and Domestic is 0
- Description involves possession, manufacture, or delivery of controlled substances or weapons

These conditions capture the main patterns observed: arrests are more likely for narcotics, weapons, retail theft, and non-domestic battery offenses in public locations; no arrests are more likely for domestic incidents, property damage, and child-related offenses, often in residences or apartments.

---DIVIDER---

Answer:  
Step 1. The relationship between each feature and the task description:

- Date: The date/time itself likely does not directly cause an arrest, but certain times (e.g., nighttime) might correlate with arrests due to police activity patterns.
- Primary Type: Certain crime types (e.g., narcotics, weapons violations) are more likely to result in arrests than others (e.g., criminal damage, theft without suspect identification).
- Description: More specific or severe descriptions (e.g., aggravated assault, possession of illegal items) may be linked to arrests.
- Location Description: Crimes in public places (e.g., street, sidewalk) might have higher arrest rates than those in private homes.
- Domestic: Domestic crimes might have different arrest patterns; possibly fewer arrests due to complexity or evidence issues.
- Beat, District, Ward, Community Area: Geographic police divisions might have differing arrest rates due to policing strategies or crime characteristics.
- FBI Code: Codes representing more serious or arrest-prone offenses (e.g., narcotics, weapons) likely correlate with arrests.
- X Coordinate, Y Coordinate, Latitude, Longitude: Spatial location may indirectly relate to arrest likelihood based on neighborhood crime and police presence.
- Year: Since all data is from 2025, little variation expected.
  
Step 2. Based on Step 1 and examples, infer conditions:

10 different conditions for class "0" (No arrest made):
- Primary Type is in [THEFT, CRIMINAL DAMAGE, OTHER OFFENSE, OFFENSE INVOLVING CHILDREN, ASSAULT, BATTERY]
- Description is in [SIMPLE, TO PROPERTY, TELEPHONE THREAT, DOMESTIC BATTERY SIMPLE, AGGRAVATED SEXUAL ASSAULT OF CHILD

---DIVIDER---

Answer:  
Step 1. The relationship between each feature and the task description:

- **Primary Type**: Certain crime types (e.g., narcotics, weapons violations, theft with retail context) are more likely to result in arrests; minor or property damage crimes less so.  
- **Description**: More serious or specific descriptions (e.g., possession, manufacture/delivery, unlawful possession) tend to correlate with arrests.  
- **Location Description**: Crimes occurring in public or commercial places (street, sidewalk, grocery stores) are more likely to have arrests; private residences less so.  
- **Domestic**: Domestic crimes tend to have fewer arrests in these examples.  
- **FBI Code**: Codes related to narcotics, weapons, or theft offenses correlate with arrests, while codes related to criminal damage or simple assault often do not.  
- **Date/Time/Year**: No obvious direct relationship from examples; mostly 2025 data.  
- **Beat/District/Ward/Community Area**: No clear pattern from examples; these are location identifiers.  
- **Coordinates (X, Y, Latitude, Longitude)**: No clear pattern; mostly geographic location within Chicago, no direct arrest correlation evident.  

Summary: Arrests are more likely for narcotics, weapons violations, theft (retail), and interference with public officer, especially in public or commercial locations, and less likely for domestic violence, criminal damage, simple battery, or offenses involving children.

---

Step 2.  
10 different conditions for class "0" (No Arrest):  
- Primary Type is in [BATTERY, CRIMINAL DAMAGE, OFFENSE INVOLVING CHILDREN, ASSAULT, OTHER OFFENSE]  
- Description is in [SIMPLE, TO PROPERTY, AGGRAVATED SEXUAL ASSAULT OF CHILD BY FAMILY MEMBER, DOMESTIC BATTERY SIMPLE, TELEPHONE THREAT]  
- Location Description is in [APARTMENT, RESIDENCE, ALLEY, NURSING / RETIREMENT HOME, HOMELESS SHELTER]  
- Domestic = 1  
- FBI Code is in [08B, 14, 02, 08A]  
- Primary Type is BATTERY and Domestic = 1  
- Primary Type is CRIMINAL DAMAGE and Description is TO PROPERTY  
- Primary Type is OFFENSE INVOLVING CHILDREN and Location Description is RESIDENCE  
- Primary Type is ASSAULT and Description is SIMPLE and Domestic = 1  
- Location Description is in [APARTMENT, HOME, RESIDENCE] and Primary Type is OTHER OFFENSE  

10 different conditions for class "1" (Arrest Made):  
- Primary Type is in [NARCOTICS, WEAPONS VIOLATION, THEFT, INTERFERENCE WITH PUBLIC OFFICER, OTHER OFFENSE]  
- Description is in [POSSESS - HEROIN (WHITE), MANUFACTURE / DELIVER - CANNABIS 10 GRAMS OR LESS, UNLAWFUL POSSESSION - HANDGUN, RETAIL THEFT, OBSTRUCTING JUSTICE, OTHER VEHICLE OFFENSE]  
- Location Description is in [STREET, SIDEWALK, GROCERY FOOD STORE, CTA BUS STOP, BAR OR TAVERN]  
- Domestic = 0  
- FBI Code is in [06, 15, 18, 24, 26]  
- Primary Type is NARCOTICS and Description contains POSSESS or MANUFACTURE / DELIVER  
- Primary Type is WEAPONS VIOLATION and Description is UNLAWFUL POSSESSION - HANDGUN  
- Primary Type is THEFT and Description is RETAIL THEFT and Location Description is GROCERY FOOD STORE  
- Primary Type is INTERFERENCE WITH PUBLIC OFFICER and Description is OBSTRUCTING JUSTICE  
- Location Description is STREET and Primary Type is in [NARCOTICS, WEAPONS VIOLATION, OTHER OFFENSE]  

---

These conditions capture the main patterns observed in the examples and align with general expectations about which crimes typically lead to arrests.

---DIVIDER---

Answer:  
Step 1. The relationship between each feature and the task description:

- Date: The date/time itself likely has minimal direct causal impact on arrest, but certain times (e.g., night vs day) might correlate with different crime types or arrest likelihoods.  
- Primary Type: This strongly influences arrest likelihood; crimes like narcotics, weapons violations, and theft are more likely to result in arrests, while others like criminal damage or domestic battery may have lower arrest rates.  
- Description: More specific descriptions can indicate severity or type of crime, affecting arrest probability (e.g., aggravated assault vs simple battery).  
- Location Description: Some locations (e.g., street, bar, sidewalk) may be associated with higher arrest rates than private residences or apartments.  
- Domestic: Domestic cases (1) seem less likely to result in arrests in these examples, possibly due to reporting or evidence constraints.  
- Beat, District, Ward, Community Area: These geographical identifiers might correlate with arrest likelihood due to policing patterns but require more data to confirm strong effects.  
- FBI Code: Different FBI codes classify crime severity/type, influencing arrest probability (e.g., narcotics-related codes have higher arrest rates).  
- X Coordinate, Y Coordinate, Latitude, Longitude: Geographic coordinates relate to location and thus indirectly to arrest likelihood via area crime patterns.  
- Year: All examples are from 2025, so no variance here to infer effect.

Step 2. Based on Step 1 and examples, infer 10 different conditions per class:

10 different conditions for class "0" (No Arrest):  
- Primary Type is in [BATTERY, CRIMINAL DAMAGE, OFFENSE INVOLVING CHILDREN, ASSAULT, OTHER OFFENSE, THEFT]  
- Description is in [DOMESTIC BATTERY SIMPLE, TO PROPERTY, TELEPHONE THREAT, AGGRAVATED SEXUAL ASSAULT OF CHILD BY FAMILY MEMBER, SIMPLE]  
- Domestic is 1  
- Location Description is in [APARTMENT, RESIDENCE, ALLEY]  
- FBI Code is in [08A, 08B, 14, 02, 06]  
- Beat is within range of [1000, 1300]  
- District is within range of [10, 12]  
- Ward is within range of [23, 28]  
- Community Area is within range of [23, 31]  
- Date is within range of [01/01/2025 12:00:00 AM, 01/29/2025 11:59:59 PM] (no specific time effect observed for no arrest)

10 different conditions for class "1" (Arrest Made):  
- Primary Type is in [NARCOTICS, WEAPONS VIOLATION, INTERFERENCE WITH PUBLIC OFFICER, THEFT, BATTERY, OTHER OFFENSE]  
- Description is in [POSSESS - HEROIN (WHITE), UNLAWFUL POSSESSION - HANDGUN, OBSTRUCTING JUSTICE, RETAIL THEFT, SIMPLE, OTHER VEHICLE OFFENSE, MANUFACTURE / DELIVER - CANNABIS 10 GRAMS OR LESS]  
- Domestic is 0  
- Location Description is in [STREET, SIDEWALK, BAR OR TAVERN, GROCERY FOOD STORE]  
- FBI Code is in [06, 08A, 08B, 15, 18, 24, 26]  
- Beat is within range of [300, 1200]  
- District is within range of [3, 18]  
- Ward is within range of [6, 42]  
- Community Area is within range of [8, 49]  
- Date is within range of [01/01/2025 12:00:00 AM, 01/29/2025 11:59:59 PM] (no specific time effect observed for arrest)

---

These conditions are derived from the patterns in the examples, general crime/arrest knowledge, and feature relationships.