### Step 1: Analyze the causal relationship or tendency between each feature and task description

1. **Vmag**: Generally, giant stars are brighter than main-sequence stars when viewed from Earth, so a lower apparent visual magnitude (higher brightness) may indicate a giant star.
  
2. **Plx**: A lower parallax indicates a greater distance from Earth. Since giant stars are often more distant than main-sequence stars, a lower parallax might suggest that a star is a giant.

3. **e_Plx**: The error in parallax measurement does not directly indicate whether a star is giant or not but can affect the reliability of distance estimates.

4. **B-V**: A higher B-V color index typically indicates a cooler star, which can correlate with giant stars, especially in later spectral types.

5. **SpType**: Certain spectral types (e.g., III, IV) are indicative of giant stars, while types like V are indicative of main-sequence stars.

6. **Amag**: A higher absolute magnitude (less negative) generally indicates a less luminous star, which might suggest it is not a giant.

### Step 2: Infer 10 different conditions per answer class

**10 different conditions for class "0" (not a giant star)**:
- Vmag > 7.0
- Plx >= 5.0
- B-V < 0.5
- SpType is in [G1V, F3V, K5V, A0V, F2V]
- Amag >= 15.0
- Vmag >= 6.5 and Vmag < 8.0
- Plx is within range of [5.0, 10.0]
- B-V <= 0.7
- SpType is in [G2V, K1V, M0V]
- Amag > 14.0

**10 different conditions for class "1" (is a giant star)**:
- Vmag <= 7.0
- Plx < 5.0
- B-V >= 0.8
- SpType is in [G6III, K1III, B9III, A0III, F3III]
- Amag < 15.0
- Vmag <= 6.5
- Plx is within range of [0.0, 4.0]
- B-V > 1.0
- SpType is in [K5III, G5III, M2III]
- Amag < 14.0

---DIVIDER---

Step 1. The relationship between each feature and the task description:

1. **Vmag**: A lower apparent visual magnitude (brighter star) may indicate a higher likelihood of being a giant star, as giants are often brighter than main-sequence stars.
2. **Plx**: A lower parallax value suggests a greater distance from Earth, which can correlate with the size and type of the star; giant stars can be farther away.
3. **e_Plx**: A higher error in parallax measurement could lead to uncertainty in classifying the star, affecting the determination of whether it is a giant star.
4. **B-V**: A higher color index (B-V) typically indicates a cooler star, which can be associated with giant stars, particularly red giants.
5. **SpType**: Certain spectral types (e.g., III) indicate giant stars, while types with a "V" suffix generally denote main-sequence stars.
6. **Amag**: A higher absolute magnitude (less negative) can indicate that the star is less luminous, which corresponds with main-sequence stars rather than giants.

Step 2. Based on the above examples and Step 1's results, infer 10 different conditions per answer.

10 different conditions for class "0":
- Vmag >= 7.0
- Plx <= 5.0
- B-V <= 0.5
- SpType is in [G1V, F3V, A0V, K1V]
- Amag >= 15.0
- e_Plx <= 1.0
- Vmag is within range of [6.5, 8.5]
- Plx is within range of [0, 5.0]
- B-V is within range of [-0.1, 0.5]
- SpType is in [G2V, K2V, M0V]

10 different conditions for class "1":
- Vmag < 7.0
- Plx > 5.0
- B-V > 0.5
- SpType is in [K1III, G6III, B9III/IV]
- Amag < 15.0
- e_Plx <= 0.8
- Vmag is within range of [5.0, 7.0]
- Plx is within range of [5.0, 10.0]
- B-V is within range of [0.6, 2.0]
- SpType is in [B8III, A5III]

---DIVIDER---

### Step 1: Analyze the causal relationship or tendency between each feature and task description

1. **Vmag**: Lower apparent visual magnitudes indicate brighter stars, which may correlate with larger sizes, including giant stars. Higher Vmag values suggest smaller, potentially non-giant stars.
  
2. **Plx**: Higher parallax values indicate closer stars, which may affect the apparent brightness and classification as a giant star. Generally, giant stars can be farther away and still appear bright.

3. **e_Plx**: A lower error in parallax measurement suggests a more reliable distance estimate, which can help in determining whether a star is a giant based on its absolute magnitude.

4. **B-V**: The color index indicates the temperature and size of a star. Giant stars typically have higher B-V values, indicating cooler temperatures compared to main-sequence stars.

5. **SpType**: The spectral type is a direct indicator of a star's classification. Certain types (e.g., III) are associated with giant stars, while others (e.g., V) are typically main-sequence stars.

6. **Amag**: A lower absolute magnitude indicates a brighter star at a standard distance, which can correspond to larger sizes, including giants. Higher absolute magnitudes suggest smaller stars.

### Step 2: Infer conditions based on examples and relationships

**10 different conditions for class "0" (not a giant star):**
- Vmag is greater than or equal to 8.0
- Plx is greater than or equal to 3.0
- B-V is less than or equal to 0.5
- SpType is in [G1V, F3V, A0V, K1V]
- Amag is greater than or equal to 15.0
- Vmag is greater than 7.0
- Plx is less than or equal to 5.0
- B-V is less than 1.0
- SpType is in [F5V, K0V, G5V]
- Amag is greater than 14.0

**10 different conditions for class "1" (is a giant star):**
- Vmag is less than or equal to 7.0
- Plx is less than or equal to 8.0
- B-V is greater than or equal to 0.8
- SpType is in [G6III, K1III, B9III/IV]
- Amag is less than or equal to 16.0
- Vmag is less than 6.5
- Plx is greater than 5.0
- B-V is greater than 1.0
- SpType is in [B8/B9V, K5III]
- Amag is less than 15.0

---DIVIDER---

Step 1. The relationship between each feature and the task description:

1. **Vmag**: Generally, brighter stars (lower Vmag values) can be associated with more massive stars, including giants, but this is not a strict rule. Dim stars (higher Vmag values) are less likely to be giants.
2. **Plx**: A lower parallax value indicates a greater distance from Earth, which could correlate with the star's size; however, it is not definitive for classifying giants.
3. **e_Plx**: This error measurement does not directly influence the classification of a star as a giant but indicates the reliability of the parallax measurement.
4. **B-V**: A higher B-V value typically indicates a cooler star, which may correlate with giant stars, while lower B-V values are often associated with hotter, more massive stars.
5. **SpType**: The spectral type is a strong indicator of a star's classification. Certain spectral types (like III) are known to represent giants, while others (like V) indicate main-sequence stars.
6. **Amag**: A lower absolute magnitude (brighter star) can suggest a giant star, while a higher absolute magnitude suggests a smaller star.

Step 2. Conditions for each answer class:

10 different conditions for class "0":
- Vmag >= 7.0
- Plx <= 5.0
- B-V >= 0.5
- SpType is in [G1V, F3V, A0V, K5V, B8/B9V]
- Amag >= 15.0
- Vmag is within range of [7.0, 9.0]
- Plx is within range of [0.0, 5.0]
- B-V is within range of [0.0, 0.5]
- SpType is in [K5V, G1V]
- Amag is within range of [15.0, 17.0]

10 different conditions for class "1":
- Vmag <= 6.5
- Plx >= 6.0
- B-V <= 0.8
- SpType is in [G6III, K1III, B9III/IV]
- Amag <= 15.0
- Vmag is within range of [5.0, 6.5]
- Plx is within range of [6.0, 10.0]
- B-V is within range of [0.0, 0.8]
- SpType is in [B8/B9V, G6III]
- Amag is within range of [12.0, 15.0]

---DIVIDER---

Step 1. The relationship between each feature and the task description:

1. **Vmag**: Lower apparent visual magnitudes (brighter stars) can indicate giant stars, but this is not always the case as magnitude depends on both distance and intrinsic brightness.
2. **Plx**: Higher parallax values indicate closer stars. If a star is close and has a low absolute magnitude, it is more likely to be a giant star.
3. **e_Plx**: A lower error in parallax measurement suggests more reliable distance measurements, which can help in determining if a star is a giant.
4. **B-V**: A higher B-V color index generally indicates cooler stars, which can correlate with giant stars, especially in certain spectral types.
5. **SpType**: Certain spectral types (like III or IV) are directly associated with giant stars, while others (like V) indicate main sequence stars.
6. **Amag**: Lower absolute magnitudes are typical for giant stars, as they are intrinsically brighter than main-sequence stars.

Step 2. Based on the above examples and Step 1's results, infer 10 different conditions per answer:

10 different conditions for class "0":
- Vmag >= 7.0
- Plx <= 5.0
- e_Plx <= 1.0
- B-V <= 0.5
- SpType is in [G1V, F3V, A0V, K1V, M0V]
- Amag >= 15.0
- Vmag >= 6.5 and Plx <= 6.0
- B-V <= 0.7 and SpType is in [G2V, K0V]
- Amag >= 15.5 and Vmag > 7.0
- Plx is within range of [0, 5.0]

10 different conditions for class "1":
- Vmag <= 6.5
- Plx >= 6.0
- e_Plx <= 0.5
- B-V >= 0.8
- SpType is in [G6III, K1III, B9III, F2III]
- Amag <= 15.0
- Vmag <= 6.0 and Plx >= 7.0
- B-V >= 1.0 and SpType is in [K3III, M0III]
- Amag <= 16.0 and Vmag < 6.5
- Plx is within range of [6.0, 10.0] and B-V >= 0.9