Answer:  
Step 1. The relationship between each feature and the task description:

- Vmag (apparent magnitude): Brighter stars (lower Vmag) can be giants or dwarfs depending on distance, so Vmag alone is not a strong indicator of giant status.  
- Plx (parallax): Larger parallax means closer star; giants tend to be intrinsically brighter and can be seen at larger distances (smaller parallax), but distance alone is not decisive.  
- e_Plx (error in parallax): High error may reduce reliability but does not directly indicate giant status.  
- B-V (color index): Giants tend to have different color indices compared to dwarfs of the same spectral type; generally, giants are redder (higher B-V) for late types.  
- SpType (spectral type): Spectral classification includes luminosity class; "III" indicates a giant star, "V" indicates a main sequence (dwarf) star. This is the most direct indicator.  
- Amag (absolute magnitude): Giants have higher luminosity (lower absolute magnitude values) compared to dwarfs of the same spectral type, but the examples show unusually high Amag values, so the scale or meaning might differ or be noisy. Still, lower Amag likely indicates giants.

Step 2. Based on Step 1 and examples, infer 10 different conditions per class:

10 different conditions for class "0" (not giant):  
- SpType is in [G1V, F3V, F7V, B5V, F0V, A0V, B8V, B9V, K5V]  
- SpType ends with "V" (luminosity class V)  
- B-V < 0.5  
- B-V is within range of [-0.1, 0.5]  
- Plx >= 5.0  
- Vmag > 5.5  
- Amag > 15.5  
- e_Plx <= 0.9  
- Plx is within range of [5, 25]  
- Vmag >= 6.0  

10 different conditions for class "1" (giant):  
- SpType is in [K2III, F3III, K0III, K3III, G8III, M0III, B9III/IV]  
- SpType contains "III" or "III/IV" (luminosity class III or intermediate)  
- B-V > 0.8  
- B-V is within range of [0.8, 1.5]  
- Plx < 5.0  
- Vmag <= 7.5  
- Amag <= 16.5  
- e_Plx > 0.7  
- Plx is within range of [1, 5]  
- Vmag < 8.0  

These conditions reflect the spectral classification as the strongest indicator, supported by color index, parallax, and magnitude ranges consistent with the examples.

---DIVIDER---

Answer:  
Step 1. The relationship between each feature and the task description:

- Vmag (apparent visual magnitude): This indicates how bright the star appears from Earth. Giant stars can be bright or faint depending on distance, so Vmag alone is not a strong indicator of giant status.

- Plx (parallax): Larger parallax means the star is closer. Giants tend to be luminous and can be seen at larger distances (smaller parallax), but this is not definitive alone.

- e_Plx (error in parallax): Measurement uncertainty; high error reduces reliability of distance estimates but does not directly indicate giant status.

- B-V (color index): Indicates star temperature/color. Giants can have a range of B-V values depending on spectral type, but certain ranges may be more typical for giants.

- SpType (spectral type): This is a strong indicator. Spectral types with luminosity class III or IV (e.g., K3III, F3III, K2III) denote giant or subgiant stars, while V denotes main sequence (dwarf) stars.

- Amag (absolute magnitude): Intrinsic brightness. Giants have lower (brighter) absolute magnitudes compared to dwarfs of the same spectral type. Higher Amag values (fainter) likely indicate non-giants.

Summary: The strongest indicators are SpType (presence of III or IV) and Amag (lower absolute magnitude for giants). B-V and Plx can support classification, while Vmag and e_Plx are less directly indicative.

---

10 different conditions for class "0" (not giant):

- SpType is in [all spectral types with luminosity class V only, e.g., G1V, F3V, B5V, A0V, F0V, K5V]  
- Amag > 14.7  
- B-V < 0.5  
- Plx >= 5  
- Vmag >= 5 and Vmag <= 9  
- e_Plx <= 1.0  
- SpType is in [spectral types without III or IV luminosity class]  
- Amag is within range of [15, 18.5]  
- Plx is within range of [2, 22] and SpType does not contain "III" or "IV"  
- B-V is within range of [-0.05, 0.5]  

---

10 different conditions for class "1" (giant):

- SpType is in [spectral types containing III or IV luminosity class, e.g., K3III, K2III, F3III]  
- Amag <= 16.1  
- B-V >= 1.0  
- Plx < 5  
- Vmag between 4 and 8  
- e_Plx <= 1.0  
- SpType contains "III" or "IV"  
- Amag is within range of [14.7, 16.2]  
- B-V is within range of [1.0, 1.4]  
- Plx is within range of [2, 3] and SpType contains "III" or "IV"  

---

These conditions reflect the examples and general astrophysical knowledge that giants have spectral types with luminosity class III/IV, tend to be redder (higher B-V), have brighter absolute magnitudes (lower Amag), and often have smaller parallaxes due to their larger distances.

---DIVIDER---

Answer:  
Step 1. The relationship between each feature and the task description:

- Vmag (apparent magnitude): Brighter stars (lower Vmag) could be giants or dwarfs; alone it is not a strong indicator since distance affects apparent brightness.
- Plx (parallax): Larger parallax means closer star; combined with apparent magnitude, it helps determine absolute magnitude.
- e_Plx (error in parallax): High error reduces reliability of distance and absolute magnitude estimates.
- B-V (color index): Indicates star temperature and spectral class; giants tend to have different B-V ranges than dwarfs of the same spectral type.
- SpType (spectral type): Luminosity class in spectral type (e.g., III for giants, V for main sequence) is a direct indicator of giant vs non-giant.
- Amag (absolute magnitude): Giants have higher luminosity, so lower (brighter) absolute magnitudes compared to dwarfs of similar spectral type.

Step 2.  
10 different conditions for class "0" (not giant):  
- SpType is in [G1V, F3V, A0V, F0V, B5V, F7V]  
- SpType contains "V" (main sequence stars)  
- Amag >= 14.7  
- Amag is within range of [14.7, 18.2]  
- B-V <= 0.5  
- Vmag > 5.5  
- Plx >= 5.0  
- e_Plx <= 1.0  
- B-V is within range of [-0.05, 0.5]  
- Plx is within range of [5.0, 22.0]  

10 different conditions for class "1" (giant):  
- SpType is in [F3III, K0III, K3III, K2III]  
- SpType contains "III" (giant luminosity class)  
- Amag < 16.2  
- Amag is within range of [14.7, 16.2]  
- B-V >= 0.3  
- B-V is within range of [0.3, 1.4]  
- Vmag <= 7.5  
- Plx <= 11.4  
- e_Plx <= 1.0  
- Plx is within range of [2.5, 11.4]

---DIVIDER---

Answer:  
Step 1. The relationship between each feature and the task description:  

- Vmag (apparent magnitude): Brighter stars (lower Vmag) might be giants as they are luminous, but apparent magnitude depends on distance, so alone it is not a strong indicator.
- Plx (parallax): Larger parallax means closer star; giants tend to be luminous and often farther, so smaller parallax can indicate giants.
- e_Plx (error in parallax): Large error reduces reliability of distance measurement; less useful directly.
- B-V (color index): Giants tend to have larger B-V (redder colors) especially for K-type giants; dwarfs often have smaller B-V.
- SpType (spectral type): The luminosity class (e.g., V = dwarf, III = giant) directly indicates giant or not.
- Amag (absolute magnitude): Giants have lower absolute magnitudes (brighter) than dwarfs; higher Amag values (fainter) indicate dwarfs.

Step 2. Based on the above examples and Step 1's results, infer 10 different conditions per answer:

10 different conditions for class "0" (not giant):  
- SpType is in [G1V, F3V, F0V, A0V, B5V, F7V, B9V]  
- Amag >= 14.7  
- Vmag >= 5.5  
- Plx >= 5.0  
- B-V <= 0.5  
- e_Plx <= 0.98  
- Amag is within range [14.7, 18.2]  
- Plx is within range [2.1, 21.5] and SpType ends with "V"  
- B-V < 1.0 and SpType ends with "V"  
- Vmag > 6.0 and Amag > 15.0  

10 different conditions for class "1" (giant):  
- SpType is in [K0III, K2III, K3III, F3III]  
- Amag < 16.2  
- B-V >= 1.0  
- Plx < 3.0  
- Vmag < 8.9  
- e_Plx >= 0.79  
- Amag is within range [14.7, 16.2] and SpType ends with "III"  
- B-V is within range [1.0, 1.4]  
- Plx is within range [2.7, 3.0] and SpType ends with "III"  
- Vmag <= 7.5 and B-V >= 1.0  

These conditions are consistent with the examples and general astrophysical knowledge: giants have spectral types with luminosity class III, redder colors (higher B-V), smaller parallax (farther), and brighter absolute magnitude (lower Amag).

---DIVIDER---

Answer:  
Step 1. The relationship between each feature and the task description:

- Vmag (apparent magnitude): This depends on both intrinsic brightness and distance; not directly indicative of giant status without distance info.
- Plx (parallax): Larger parallax means closer star; combined with apparent magnitude, can help determine absolute magnitude, which is related to luminosity class (giants are more luminous).
- e_Plx (error in parallax): Measurement uncertainty; high error may reduce reliability of distance and hence absolute magnitude.
- B-V (color index): Indicates star temperature and spectral class; giants often have specific B-V ranges depending on spectral type.
- SpType (spectral type): Includes luminosity class (V = main sequence/dwarf, III = giant, IV = subgiant, etc.); directly indicates if star is giant or not.
- Amag (absolute magnitude): Intrinsic brightness; giants have brighter (lower) absolute magnitude compared to dwarfs of same spectral type.

From the examples, stars with SpType containing "III" (e.g., K0III, K3III, F3III) are labeled as giants (Answer 1). Stars with SpType ending in "V" are labeled as non-giants (Answer 0). Absolute magnitude values are generally high (around 14-18) for all examples, but giants seem to be associated with certain SpType patterns and B-V values.

Step 2.  
10 different conditions for class "0" (not giant):  
- SpType is in [G1V, F3V, A0V, B5V, F0V, F7V, B8V, B9V]  
- SpType ends with "V" (main sequence)  
- B-V is less than 0.5  
- B-V is within range [-0.1, 0.5]  
- Amag is greater than 14  
- Plx is greater than 2  
- Vmag is greater than 5  
- e_Plx is less than 1  
- Amag is within range [14, 18]  
- Plx is within range [2, 22]  

10 different conditions for class "1" (giant):  
- SpType is in [K0III, K3III, K2III, F3III, B9III/IV]  
- SpType contains "III" or "III/IV" (giant or subgiant)  
- B-V is greater than 0.9  
- B-V is within range [0.9, 1.5]  
- Amag is greater than 14  
- Plx is less than 12  
- Vmag is less than 8  
- e_Plx is less than 1  
- Amag is within range [14, 18]  
- Plx is within range [2, 12]  

---

Summary:  
- The strongest indicator is SpType: if it contains "III" or "III/IV", star is giant (Answer 1).  
- If SpType ends with "V", star is not giant (Answer 0).  
- B-V color index is generally higher for giants (>0.9), lower for dwarfs (<0.5).  
- Absolute magnitude (Amag) is not strongly discriminative alone here, but combined with spectral type and B-V it supports classification.  
- Parallax and apparent magnitude help confirm distance and brightness but are less direct indicators than SpType.