Answer:  
Step 1. The relationship between each feature and the task description:

- Date: The specific date/time itself may not directly affect arrest likelihood, but certain times (e.g., night vs. day) might influence police response or arrest probability.
- Primary Type: Some crime types (e.g., narcotics, weapons violations) are more likely to result in arrests, while others (e.g., theft under certain conditions, battery without serious injury) may less often lead to arrests.
- Description: More specific descriptions indicating severity or presence of weapon or possession may correlate with arrests.
- Location Description: Crimes occurring in public places (streets, parks) might have higher arrest rates compared to private locations (apartments, homes).
- Domestic: Domestic crimes might have different arrest likelihoods, possibly lower or more complicated.
- Beat, District, Ward, Community Area: Geographic location might influence arrest likelihood due to policing policies or crime prevalence.
- FBI Code: Certain FBI codes correspond to crimes that are more aggressively prosecuted or policed, leading to arrests.
- Coordinates (X, Y, Latitude, Longitude): These serve as proxies for location; some areas may have higher arrest rates.
- Year: Year is constant in examples (2025), so no variation here.
  
Step 2. Based on examples and Step 1, infer conditions:

10 different conditions for class "0" (No arrest made):  
- Primary Type is in [THEFT, BATTERY, MOTOR VEHICLE THEFT, DECEPTIVE PRACTICE, OTHER OFFENSE]  
- Description is in [SIMPLE, $500 AND UNDER, THEFT FROM MOTOR VEHICLE, DOMESTIC BATTERY SIMPLE, FINANCIAL IDENTITY THEFT OVER $ 300, HARASSMENT BY TELEPHONE]  
- Location Description is in [APARTMENT, STREET, RESTAURANT, CTA TRAIN, NURSING / RETIREMENT HOME]  
- Domestic is 1 (domestic violence)  
- FBI Code is in [06, 08B, 11, 07, 26]  
- Beat is within range of [300, 2000]  
- District is within range of [1, 18]  
- Ward is within range of [3, 33]  
- Community Area is within range of [8, 69]  
- Date is within range of [01/01/2025, 01/29/2025] (general date range, no time specificity)  

10 different conditions for class "1" (Arrest made):  
- Primary Type is in [NARCOTICS, WEAPONS VIOLATION, CRIMINAL DAMAGE, OTHER OFFENSE]  
- Description is in [POSSESS - CRACK, POSSESS - CANNABIS MORE THAN 30 GRAMS, POSSESS - PCP, UNLAWFUL POSSESSION - HANDGUN, FALSE / STOLEN / ALTERED TRP, TO VEHICLE, GUN OFFENDER - DUTY TO REGISTER]  
- Location Description is in [STREET, SIDEWALK, PARK PROPERTY, CTA BUS]  
- Domestic is 0 (non-domestic)  
- FBI Code is in [14, 15, 18, 26]  
- Beat is within range of [1000, 2600]  
- District is within range of [10, 25]  
- Ward is within range of [8, 45]  
- Community Area is within range of [8, 37]  
- Date is within range of [01/01/2025, 01/25/2025] (general date range)  

These conditions align with the examples: arrests are more frequent for narcotics, weapons violations, and certain other offenses mostly in public locations and non-domestic cases, while no arrests occur for thefts, batteries, and domestic cases mostly in private or semi-private locations.

---DIVIDER---

Step 1. The relationship between each feature and the task description:

- Date: The date/time itself is unlikely to directly influence whether an arrest was made, but certain times (e.g., late night) might correlate with different crime types or police activity.
- Primary Type: Certain crime types are more likely to result in arrests (e.g., narcotics, weapons violations) compared to others (e.g., theft under $500).
- Description: More serious or specific descriptions may correlate with arrests (e.g., possession, unlawful acts).
- Location Description: Crimes in public places (streets, parks) might have higher arrest rates than in private places (apartments).
- Domestic: Domestic crimes may have different arrest likelihoods, possibly lower or higher depending on the scenario.
- Beat, District, Ward, Community Area: Geographic location may influence arrest likelihood due to policing patterns.
- FBI Code: The FBI crime classification code likely correlates strongly with arrest likelihood, as it reflects crime severity/type.
- X Coordinate, Y Coordinate, Latitude, Longitude: Geographic coordinates correspond to location and may indirectly relate to arrest likelihood.
- Year: All examples are from 2025, so no variation here.
  
Step 2. Based on the above and examples, infer conditions:

10 different conditions for class "0" (No arrest made):
- Primary Type is in [BATTERY, THEFT, MOTOR VEHICLE THEFT, DECEPTIVE PRACTICE, OTHER OFFENSE]
- Description is in [SIMPLE, $500 AND UNDER, THEFT FROM MOTOR VEHICLE, FINANCIAL IDENTITY THEFT OVER $ 300, HARASSMENT BY TELEPHONE, DOMESTIC BATTERY SIMPLE]
- Location Description is in [STREET, APARTMENT, RESTAURANT, CTA TRAIN]
- Domestic is 0
- FBI Code is in [06, 08B, 11, 26, 07]
- Beat is within range of [100, 2000] (general urban beats with no special pattern)
- District is in [1, 3, 4, 9, 15, 18]
- Ward is within range of [3, 45]
- Community Area is within range of [8, 69]
- Date is within range of [01/01/2025 12:00:00 AM, 01/29/2025 11:59:59 PM] (no specific time bias)

10 different conditions for class "1" (Arrest made):
- Primary Type is in [NARCOTICS, WEAPONS VIOLATION, CRIMINAL DAMAGE, OTHER OFFENSE]
- Description is in [POSSESS - CRACK, POSSESS - PCP, UNLAWFUL POSSESSION - HANDGUN, TO VEHICLE, FALSE / STOLEN / ALTERED TRP, GUN OFFENDER - DUTY TO REGISTER, POSSESS - CANNABIS MORE THAN 30 GRAMS]
- Location Description is in [STREET, PARK PROPERTY, CTA BUS, APARTMENT]
- Domestic is 0 or 1 (both possible)
- FBI Code is in [14, 15, 18, 26]
- Beat is within range of [1000, 2600] (higher beats related to arrests)
- District is in [3, 10, 11, 15, 16, 17, 18, 25]
- Ward is within range of [8, 45]
- Community Area is within range of [8, 37]
- Date is within range of [01/01/2025 12:00:00 AM, 01/29/2025 11:59:59 PM]

---

Final formatted conditions:

10 different conditions for class "0":
- Primary Type is in [BATTERY, THEFT, MOTOR VEHICLE THEFT, DECEPTIVE PRACTICE, OTHER OFFENSE]
- Description is in [SIMPLE, $500 AND UNDER, THEFT FROM MOTOR VEHICLE, FINANCIAL IDENTITY THEFT OVER $ 300, HARASSMENT BY TELEPHONE, DOMESTIC BATTERY SIMPLE]
- Location Description is in [STREET, APARTMENT, RESTAURANT, CTA TRAIN]
- Domestic is 0
- FBI Code is in [06, 07, 08B, 11, 26]
- Beat is within range of [100, 2000]
- District is in [1, 3, 4, 9, 15, 18]
- Ward is within range of [3, 45]
- Community Area is within range of [8, 69]
- Date is within range of [01/01/2025 12:00:00 AM, 01/29/2025 11:59:59 PM]

10 different conditions for class "1":
- Primary Type is in [NARCOTICS, WEAPONS VIOLATION, CRIMINAL DAMAGE, OTHER OFFENSE]
- Description is in [POSSESS - CRACK, POSSESS - PCP, UNLAWFUL POSSESSION - HANDGUN, TO VEHICLE, FALSE / STOLEN / ALTERED TRP, GUN OFFENDER - DUTY TO REGISTER, POSSESS - CANNABIS MORE THAN 30 GRAMS]
- Location Description is in [STREET, PARK PROPERTY, CTA BUS, APARTMENT]
- Domestic is in [0, 1]
- FBI Code is in [14, 15, 18, 26]
- Beat is within range of [1000, 2600]
- District is in [3, 10, 11, 15, 16, 17, 18, 25]
- Ward is within range of [8, 45]
- Community Area is within range of [8, 37]
- Date is within range of [01/01/2025 12:00:00 AM, 01/29/2025 11:59:59 PM]

---DIVIDER---

Step 1. The relationship between each feature and the task description:

- Date: The exact date/time likely has no direct causal effect on whether an arrest was made, but certain times (night vs. day) might correlate with arrest likelihood.
- Primary Type: The type of crime strongly influences arrest likelihood; some crimes (e.g., narcotics, weapons violations) are more likely to lead to arrests than others (e.g., theft, battery).
- Description: More specific crime descriptions may indicate severity or evidence level, affecting arrest probability.
- Location Description: Some locations (streets, public transit) might have more arrests due to police presence or surveillance.
- Domestic: Domestic violence crimes might have different arrest rates, possibly lower or higher depending on reporting and evidence.
- Beat, District, Ward, Community Area: These geographic/police jurisdiction features might influence arrest likelihood due to policing policies or resources.
- FBI Code: Different FBI crime codes represent crime categories with varying arrest rates.
- X Coordinate, Y Coordinate, Latitude, Longitude: Geographic coordinates correlate with location features and policing patterns.
- Year: Year is constant (2025) in examples, so no effect.
  
Step 2. Based on examples and Step 1, infer conditions:

10 different conditions for class "0" (No arrest made):
- Primary Type is in [BATTERY, THEFT, MOTOR VEHICLE THEFT, DECEPTIVE PRACTICE, OTHER OFFENSE]
- Description is in [SIMPLE, OVER $500, THEFT FROM MOTOR VEHICLE, DOMESTIC BATTERY SIMPLE, HARASSMENT BY TELEPHONE]
- Location Description is in [APARTMENT, STREET, RESTAURANT, CTA TRAIN]
- Domestic is 1 and Primary Type is BATTERY
- FBI Code is in [06, 08B, 11, 26]
- Beat is within range [300, 1000]
- District is within range [1, 10]
- Ward is within range [1, 20]
- Community Area is within range [10, 70]
- Date is within range [01/01/2025 12:00:00 AM, 01/29/2025 11:59:59 PM]

10 different conditions for class "1" (Arrest made):
- Primary Type is in [NARCOTICS, WEAPONS VIOLATION, CRIMINAL DAMAGE, OTHER OFFENSE]
- Description is in [POSSESS - CANNABIS MORE THAN 30 GRAMS, POSSESS - PCP, POSSESS - CRACK, UNLAWFUL POSSESSION - HANDGUN, FALSE / STOLEN / ALTERED TRP, GUN OFFENDER - DUTY TO REGISTER, TO VEHICLE]
- Location Description is in [STREET, SIDEWALK, PARK PROPERTY, CTA BUS, APARTMENT]
- FBI Code is in [14, 15, 18, 26]
- Domestic is 0
- Beat is within range [1000, 2600]
- District is within range [10, 25]
- Ward is within range [20, 45]
- Community Area is within range [20, 35]
- Date is within range [01/01/2025 12:00:00 AM, 01/29/2025 11:59:59 PM]

---

These conditions reflect tendencies observed in the examples: arrests are more likely for narcotics, weapons violations, and certain other offenses, often occurring in certain districts and beats, and typically with Domestic=0. No arrests are more common in theft, battery, and deceptive practice crimes, often in apartments or streets, sometimes domestic cases.

---DIVIDER---

Answer:  
Step 1. The relationship between each feature and the task description:

- Date: The specific date or time may not strongly influence arrest likelihood, but some crime types may be more likely to have arrests depending on time (e.g., night crimes might have more arrests).
- Primary Type: Certain crime types (e.g., NARCOTICS, WEAPONS VIOLATION) tend to have arrests more often than others (e.g., THEFT, BATTERY).
- Description: More serious or specific descriptions (e.g., POSSESSION, GUN OFFENDER) likely correlate with arrests.
- Location Description: Some locations (e.g., STREET, PARK PROPERTY) may be associated with more arrests due to police presence or nature of crime.
- Domestic: Domestic crimes might have different arrest rates; from examples, domestic battery was 0 (no arrest).
- Beat, District, Ward, Community Area: Geographic areas may have varying arrest rates depending on policing strategies, but no direct pattern from examples.
- FBI Code: Certain FBI codes (e.g., 18 for narcotics, 15 for weapons) are associated with arrests.
- X Coordinate, Y Coordinate, Latitude, Longitude: Geographic coordinates could indirectly reflect areas with higher arrest rates.
- Year: All examples are from 2025, so no variation.
  
Step 2. Based on the above and examples, infer 10 different conditions per answer:

10 different conditions for class "0":  
- Primary Type is in [BATTERY, THEFT, MOTOR VEHICLE THEFT, DECEPTIVE PRACTICE, OTHER OFFENSE, CRIMINAL DAMAGE]  
- Description is in [SIMPLE, FINANCIAL IDENTITY THEFT OVER $ 300, THEFT FROM MOTOR VEHICLE, DOMESTIC BATTERY SIMPLE, AUTOMOBILE, $500 AND UNDER, HARASSMENT BY TELEPHONE]  
- Domestic = 1 (domestic crimes tend to have no arrest in examples)  
- Location Description is in [APARTMENT, RESTAURANT, STREET, CTA TRAIN]  
- FBI Code is in [06, 07, 08B, 11, 26, 14]  
- Beat is within range of [1000, 2000] (many no arrest cases fall here)  
- District is within range of [1, 10]  
- Ward is within range of [3, 33]  
- Community Area is within range of [15, 69]  
- Date is within range of [01/01/2025 12:00:00 AM, 01/29/2025 11:59:59 PM] (all examples)  

10 different conditions for class "1":  
- Primary Type is in [NARCOTICS, WEAPONS VIOLATION, OTHER OFFENSE, CRIMINAL DAMAGE]  
- Description is in [POSSESS - PCP, POSSESS - CRACK, FALSE / STOLEN / ALTERED TRP, TO VEHICLE, GUN OFFENDER - DUTY TO REGISTER, UNLAWFUL POSSESSION - HANDGUN, POSSESS - CANNABIS MORE THAN 30 GRAMS]  
- Domestic = 0  
- Location Description is in [STREET, PARK PROPERTY, SIDEWALK, CTA BUS]  
- FBI Code is in [15, 18, 26, 14]  
- Beat is within range of [1000, 2000] or [2000, 3000] (varies but includes higher beats)  
- District is within range of [10, 25]  
- Ward is within range of [10, 45]  
- Community Area is within range of [10, 52]  
- Date is within range of [01/01/2025 12:00:00 AM, 01/29/2025 11:59:59 PM] (all examples)

---DIVIDER---

Answer:  
Step 1. The relationship between each feature and the task description:

- **Primary Type**: Certain crime types (e.g., NARCOTICS, WEAPONS VIOLATION, OTHER OFFENSE) are more likely to result in arrests, while others (e.g., THEFT, BATTERY) often do not lead to arrests.
- **Description**: More serious or specific descriptions (e.g., POSSESS - PCP, UNLAWFUL POSSESSION - HANDGUN) correlate with arrests.
- **Location Description**: Crimes occurring in public places like STREET or SIDEWALK may have higher arrest rates than private places like APARTMENT.
- **Domestic**: Domestic crimes (Domestic=1) seem less likely to have arrests in the examples.
- **FBI Code**: Certain FBI codes (e.g., 18 for narcotics, 15 for weapons, 26 for other offenses) are associated with arrests.
- **Date / Year**: No clear pattern from the examples; mostly 2025, so little variation.
- **Beat, District, Ward, Community Area**: No obvious direct correlation, possibly minor influence.
- **Coordinates (X, Y, Latitude, Longitude)**: No clear pattern; missing values do not prevent arrests.
- **Primary Type = CRIMINAL DAMAGE** with Description = TO VEHICLE sometimes results in arrest.
- Crimes involving possession or registration violations tend to have arrests.

---

Step 2.  
10 different conditions for class "0" (No arrest made):

- Primary Type is in [BATTERY, THEFT, DECEPTIVE PRACTICE, MOTOR VEHICLE THEFT, OTHER OFFENSE]
- Description is in [SIMPLE, DOMESTIC BATTERY SIMPLE, $500 AND UNDER, FINANCIAL IDENTITY THEFT OVER $ 300, THEFT FROM MOTOR VEHICLE, HARASSMENT BY TELEPHONE, AUTOMOBILE]
- Location Description is in [APARTMENT, CTA TRAIN, RESTAURANT]
- Domestic is 1
- FBI Code is in [06, 08B, 11, 07, 26]
- Year = 2025
- Beat is within range [100, 2000]
- District is within range [1, 20]
- Ward is within range [1, 50]
- Community Area is within range [1, 70]

---

10 different conditions for class "1" (Arrest made):

- Primary Type is in [NARCOTICS, WEAPONS VIOLATION, CRIMINAL DAMAGE, OTHER OFFENSE]
- Description is in [POSSESS - PCP, UNLAWFUL POSSESSION - HANDGUN, POSSESS - CANNABIS MORE THAN 30 GRAMS, FALSE / STOLEN / ALTERED TRP, TO VEHICLE, GUN OFFENDER - DUTY TO REGISTER, POSSESS - CRACK]
- Location Description is in [STREET, SIDEWALK, PARK PROPERTY, APARTMENT, CTA BUS]
- Domestic is 0
- FBI Code is in [14, 15, 18, 26]
- Year = 2025
- Beat is within range [1000, 2600]
- District is within range [3, 25]
- Ward is within range [6, 45]
- Community Area is within range [8, 60]

---

These conditions reflect the tendency that arrests are more likely for narcotics, weapons, and certain other offenses, especially in public locations and non-domestic contexts, while less likely for common thefts, simple batteries, and domestic incidents.