Answer:  
Step 1. The relationship between each feature and the task description:  

- Debt: Higher debt might indicate riskier credit, but if well-managed (no overdue), it could also reflect active credit usage.  
- Overdue days: More overdue days generally indicate worse credit scoring (negative correlation).  
- Initial limit: A higher initial limit might be granted to clients with better credit scoring.  
- BIRTHDATE (Age): Older clients might have more stable credit history; younger clients might have less credit history and thus lower scores.  
- SEX: Gender usually has no direct causal effect on credit scoring but might correlate with other factors.  
- EDU (Education): Higher education levels often correlate with better creditworthiness.  
- INCOME: Higher income generally supports higher credit scoring because of better repayment capability.  
- TERM: Longer terms might indicate larger or more trusted loans; however, very long terms may increase risk.  
- Credit history rating: This is a direct indicator of creditworthiness; better ratings (e.g., A1, A2) imply higher credit scores.  
- LV_AREA and LV_SETTLEMENTNAME: Geographic location might influence credit scoring due to economic conditions.  
- INDUSTRYNAME: Some industries might have more stable incomes and thus better credit scores.  
- PDN (Probability of Default Number): Higher PDN implies higher risk and thus lower credit scoring.  
- UNDERAGECHILDRENCOUNT: More dependents might increase financial burden, possibly lowering credit scoring.  
- FAMILYSTATUS: Marital or family status might influence financial stability; e.g., married clients might have better credit scores.  

---

Step 2.  
10 different conditions for class "0":  
- Credit history rating is in [E1, D3, D2, D1, E2, E3]  
- PDN >= 0.3  
- Debt is within range [8000, 20000]  
- Initial limit <= 15000  
- INCOME <= 2000  
- Overdue days > 0 (though no examples, logically overdue days > 0 should be negative)  
- EDU is in [College, Incomplete]  
- TERM >= 36 and TERM <= 60 (higher term but low income)  
- UNDERAGECHILDRENCOUNT >= 1  
- FAMILYSTATUS is in [1, 2] (no strong pattern but included for completeness)  

10 different conditions for class "1":  
- Credit history rating is in [A1, A2, A3, B1, B2, B3, C1, C2, C3]  
- PDN < 0.4 (often lower than or around 0.4 but generally less than those in class 0)  
- Debt is within range [500, 20000] (wide range, but paired with better credit rating)  
- Initial limit >= 4200  
- INCOME >= 1700  
- Overdue days = 0  
- EDU is in [University]  
- TERM <= 60 (mostly 24 or 60 months)  
- UNDERAGECHILDRENCOUNT <= 1  
- FAMILYSTATUS is in [1, 2]  

---

These conditions are derived from the patterns observed in the examples and general credit scoring principles.

---DIVIDER---

Answer:  
Step 1. The relationship between each feature and the task description:

- Debt: Higher debt might indicate higher risk, possibly lower credit score.  
- Overdue days: More overdue days usually correlate with lower credit score. Here all examples have 0 overdue days, so no direct differentiation.  
- Initial limit: Higher initial credit limits may indicate higher creditworthiness.  
- BIRTHDATE (Age): Older clients might have more stable credit history; younger clients might have less credit history, possibly lower score.  
- SEX: Gender typically has no direct causal effect on credit score.  
- EDU (Education): Higher education levels may correlate with better income and creditworthiness.  
- INCOME: Higher income generally supports higher credit scores.  
- TERM: Longer credit terms might indicate trust or risk depending on context; no strong direct indication here.  
- Credit history rating: Strongly related; better ratings (A1, A2, B1, B2, etc.) likely correspond to higher credit scores; worse ratings (D1, E1, etc.) correspond to lower scores.  
- LV_AREA and LV_SETTLEMENTNAME: Regional differences might affect credit scoring due to economic factors, but less direct.  
- INDUSTRYNAME: Some industries might imply more stable income and better creditworthiness (e.g., Finance, IT), others less so.  
- PDN (Probability of Default Number): Lower PDN implies better credit score.  
- UNDERAGECHILDRENCOUNT: More children might increase financial burden, potentially lowering credit score.  
- FAMILYSTATUS: Marital status could affect financial stability; married might be more stable financially.

---

Step 2. 10 different conditions for class "0" (Not high credit scoring):

- Credit history rating is in [D1, D2, D3, E1, E2, E3]  
- PDN is >= 0.3  
- Initial limit is < 5000  
- INCOME is < 2000  
- Debt is > 2000  
- EDU is in [College, High school, Incomplete]  
- TERM is >= 36  
- UNDERAGECHILDRENCOUNT is >= 1  
- FAMILYSTATUS is in [1, 2] (single or married, no clear pattern but often 1 or 2 in examples)  
- AGE (calculated from BIRTHDATE) is <= 35 (younger clients tend to have lower scores)

10 different conditions for class "1" (High credit scoring):

- Credit history rating is in [A1, A2, A3, B1, B2, B3, C1, C2, C3]  
- PDN is < 0.3  
- Initial limit is >= 5000  
- INCOME is >= 2000  
- Debt is <= 10000  
- EDU is University  
- TERM is <= 60 (mostly 24 or 60 but shorter term with high income clients)  
- UNDERAGECHILDRENCOUNT is <= 1  
- FAMILYSTATUS is in [1, 2] (married or single)  
- AGE (calculated from BIRTHDATE) is > 35 (older clients tend to have higher scores)

---

Summary of key discriminators:  
- Credit history rating is the strongest indicator: ratings starting with A and B and some C are associated with high credit scoring; ratings starting with D and E are low.  
- PDN threshold around 0.3 distinguishes classes.  
- Income and initial credit limit are higher for class 1.  
- Education at University level or above correlates with high credit scoring.  
- Age above mid-30s tends to correlate with high credit scoring.

This set of conditions aligns with the given examples and general knowledge about credit scoring.

---DIVIDER---

Answer:  
Step 1. The relationship between each feature and the task description (high credit scoring = Yes/1):

- Debt: Higher debt might indicate higher credit usage; however, excessive debt without timely payments could lower credit score.
- Overdue days: More overdue days generally indicate worse credit behavior, lowering credit score.
- Initial limit: Higher initial credit limit usually reflects higher creditworthiness.
- BIRTHDATE: Older clients might have longer credit history, potentially better scores, but age alone is weak predictor.
- SEX: Gender typically does not strongly affect credit score.
- EDU: Higher education level might correlate with better income and credit behavior.
- INCOME: Higher income generally supports higher credit scoring.
- TERM: Longer credit term might indicate trust from bank or higher credit risk depending on context.
- Credit history rating: This is a direct indicator of creditworthiness; categories like A1, A2, A3 likely better than D or E ratings.
- LV_AREA: Region might affect credit scoring due to economic conditions.
- LV_SETTLEMENTNAME: Specific city might have some effect, but likely less than region.
- INDUSTRYNAME: Certain industries might have more stable income, affecting creditworthiness.
- PDN: Probability of default; higher PDN means lower credit score.
- UNDERAGECHILDRENCOUNT: More dependents might reduce disposable income, potentially lowering credit score.
- FAMILYSTATUS: Marital status might influence financial stability.

---

Step 2. Based on the above and examples, 10 different conditions per class:

10 different conditions for class "0":  
- Credit history rating is in [D1, D2, D3, E1, E2, E3]  
- PDN (probability of default number) >= 0.3  
- Initial limit < 5000  
- Debt is within range [800, 15000] and PDN >= 0.25  
- EDU is in [College, University] but Credit history rating is in [D2, D3, E1]  
- INCOME < 2000 and Credit history rating is in [C2, C3]  
- TERM >= 36 and PDN >= 0.25  
- Overdue days > 0 (though no example with overdue > 0, logically overdue > 0 lowers credit score)  
- INDUSTRYNAME is in [Ministry of Internal Affairs/Ministry of Emergency Situations/Ministry of Defense, Trade] and PDN >= 0.3  
- SEX is Male and PDN >= 0.3 and Initial limit < 10000  

10 different conditions for class "1":  
- Credit history rating is in [A1, A2, A3, B1, B2, B3, C1, C3]  
- PDN < 0.4 and Initial limit >= 8000  
- INCOME >= 2000  
- Debt >= 8000 and Initial limit >= 15000 and PDN < 0.4  
- EDU is University and Credit history rating is in [B1, B2]  
- TERM <= 36 and INCOME >= 4000  
- INDUSTRYNAME is in [Finance and Insurance, Medicine and healthcare, Information Technology] and PDN < 0.4  
- FAMILYSTATUS = 1 and PDN < 0.4  
- UNDERAGECHILDRENCOUNT <= 1 and PDN < 0.2  
- LV_AREA is in [g. Minsk, Minskaja oblast] and Credit history rating is in [A1, B2, B1]  

---

Summary:  
Class 0 (No high credit scoring) is characterized by worse credit history ratings (D and E categories), higher PDN (≥0.3), lower initial limits, lower income, and industries with higher risk.  
Class 1 (Yes high credit scoring) is characterized by better credit history ratings (A and B categories), lower PDN (<0.4), higher income and initial limits, and employment in stable industries.

---DIVIDER---

Answer:

Step 1. The relationship between each feature and the task description:

- Debt: Higher debt might indicate more financial burden, possibly lower credit score; but if debt is well managed (low overdue days), it might not harm credit score.
- Overdue days: More overdue days strongly suggest poor credit scoring.
- Initial limit: Higher initial credit limit usually associates with higher credit scoring.
- BIRTHDATE (Age): Older clients might have more stable credit history, potentially higher credit score.
- SEX: Gender typically has little direct effect on credit score.
- EDU (Education): Higher education level might correlate with better credit management and higher credit score.
- INCOME: Higher income generally supports better credit scoring.
- TERM: Longer credit terms might increase risk, possibly lower credit score.
- Credit history rating: This categorical rating directly reflects creditworthiness; better ratings (A1, A2, B1, B2, B3) indicate higher credit scoring.
- LV_AREA and LV_SETTLEMENTNAME: Certain regions might have different economic conditions affecting credit scoring.
- INDUSTRYNAME: Employment sector might affect income stability, thus credit scoring.
- PDN (Probability of Default Number): Higher PDN indicates higher risk, thus lower credit scoring.
- UNDERAGECHILDRENCOUNT: More dependents might strain finances, possibly lower credit score.
- FAMILYSTATUS: Marital or family status could influence financial stability and credit scoring.

Step 2. Based on the above analysis and the examples provided, here are 10 different conditions for each class:

10 different conditions for class "0" (No high credit scoring):
- Credit history rating is in [E1, D3, D2, D1, E2, E3]
- PDN >= 0.27
- INCOME <= 2200
- Initial limit <= 14500
- Debt >= 8000
- Overdue days > 0
- EDU is in [College, High school, Incomplete]
- TERM >= 36
- UNDERAGECHILDRENCOUNT >= 1
- FAMILYSTATUS is 1 or 2 (no clear distinction, but included for completeness)

10 different conditions for class "1" (Has high credit scoring):
- Credit history rating is in [A1, A2, A3, B1, B2, B3, C1, C2, C3]
- PDN <= 0.4 (often below 0.4 but sometimes close to 0.4)
- INCOME >= 1700
- Initial limit >= 4200
- Debt >= 700 and <= 20000 (wide range, but manageable debt)
- Overdue days = 0
- EDU is University
- TERM <= 60 (mostly 24 or 60)
- INDUSTRYNAME is in [Finance and Insurance, Medicine and healthcare, Information Technology, Transport/Logistic]
- UNDERAGECHILDRENCOUNT <= 2

These conditions collectively reflect the tendencies seen in the examples and general domain knowledge about credit scoring.

---DIVIDER---

Answer:  
Step 1. The relationship between each feature and the task description:

- Debt: Higher debt might indicate higher risk but could also mean larger credit usage; relationship ambiguous but very high debt with low income might indicate low credit score.
- Overdue days: More overdue days directly indicate worse credit scoring.
- Initial limit: Higher initial credit limit often correlates with better credit scoring.
- BIRTHDATE (Age): Older clients might have more stable credit histories; very young clients might have less credit history.
- SEX: Usually not a direct factor, but could have minor correlations.
- EDU: Higher education levels often correlate with better credit scoring.
- INCOME: Higher income generally correlates with better credit scoring.
- TERM: Longer credit terms might indicate trust from the bank, but can also mean higher risk.
- Credit history rating: This is a direct indicator of creditworthiness; ratings like A1, A2, B1 are better than D or E.
- LV_AREA and LV_SETTLEMENTNAME: Regional economic conditions may affect credit scoring.
- INDUSTRYNAME: Some industries might be more stable and thus correlate with better credit scoring.
- PDN (Probability of default number): Higher PDN indicates higher risk, thus lower credit scoring.
- UNDERAGECHILDRENCOUNT: More dependents might increase financial burden, possibly lowering credit scoring.
- FAMILYSTATUS: Marital status might correlate with financial stability.

---

Step 2.  
10 different conditions for class "0" (No high credit scoring):  
- Credit history rating is in [E1, E2, E3, D1, D2, D3]  
- PDN >= 0.27  
- INCOME <= 2200  
- Initial limit <= 10000  
- Debt is within range [800, 10000]  
- EDU is in [College, High school, Incomplete]  
- TERM >= 36  
- SEX is Male  
- UNDERAGECHILDRENCOUNT >= 1  
- LV_AREA is in [BRESTSKAJa, Gomel'skaja oblast, Brestskaja oblast, Minskaja oblast]  

10 different conditions for class "1" (Yes high credit scoring):  
- Credit history rating is in [A1, A2, A3, B1, B2, B3, C1, C3]  
- PDN <= 0.4 (with some lower PDN values closer to 0.01-0.39)  
- INCOME >= 1590  
- Initial limit >= 20000 or >= 4200 (some examples have 4200 initial limit with answer 1)  
- Debt >= 9000 or Debt >= 2800 (varied but tends to be higher debt with higher income)  
- EDU is University  
- TERM <= 60 (some are 24 months)  
- SEX is Female  
- INDUSTRYNAME is in [Finance and Insurance, Medicine and healthcare, Public Administration, Information Technology, Agriculture]  
- FAMILYSTATUS is 1 or 2 (married or stable family status)  

---

These conditions are derived from patterns in the examples and general credit scoring principles.