Answer:  
Step 1. The relationship between each feature and the task description:

- **social_connection_frequency**: People who maintain long-distance friendships through calls likely connect at least weekly or more frequently, indicating active social connection. Rare or never suggests low maintenance of such friendships.  
- **gathering_size_preference**: Preference for small gatherings or both small and large events may indicate valuing closer, more intimate connections, which aligns with maintaining long-distance friendships. Preference for never or only large events may indicate less inclination toward close friendships maintained by calls.  
- **valued_friendship_traits**: Valuing support, loyalty, honesty, or all combined suggests a person who invests in meaningful friendships, which is consistent with maintaining long-distance friendships through calls. Valuing less relational traits or none may indicate less effort in maintaining such friendships.  
- **conflict_resolution_style**: Those who “Talk it out” or “Apologize first” show proactive communication styles, which supports maintaining long-distance friendships through calls. Avoiding conflict or letting time fix it may indicate less direct communication, possibly less maintenance.  
- **family_support_level**: Having family support (Yes or Sometimes) may correlate with valuing relationships and maintaining them, including long-distance friendships. No or Never may reflect less social support overall.  
- **social_battery_recharge**: Preferring “Talking to someone” indicates comfort and desire for verbal social interaction, supporting maintenance of friendships by calls. Preferring “Alone time” or “Social media” may indicate less verbal interaction.  
- **social_orientation_type**: Extroverts and ambiverts are more likely to maintain social connections actively, including long-distance friendships through calls. Introverts may be less likely, though not impossible.  
- **social_anxiety_level**: Those who are “Excited” or “Neutral” about social interactions are more likely to maintain friendships via calls. Those who “Avoid it” or feel “Nervous” may avoid such interactions.  
- **emotional_expression_method**: People who “Talk openly” or “Express emotion strongly” are more likely to maintain friendships through calls, which involve verbal emotional exchange. Those who “Stay silent” or prefer other methods may not maintain such friendships actively.  
- **primary_anger_sources**: This feature is less directly related, but people sensitive to “Injustice” or “Selfishness” may value loyalty and support more, possibly maintaining friendships through calls. Those triggered by “Being interrupted” or “Unnecessary criticism” may avoid calls or conversations.

---

Step 2. Conditions for each class:

10 different conditions for class "0" (Does NOT maintain long-distance friendships through calls):  
- social_connection_frequency is in [Never, Rarely, Monthly]  
- gathering_size_preference is in [Never, Large events]  
- valued_friendship_traits is in [None (if exists), or traits not including Support, Loyalty, Honesty, All, All the three and trust, Understanding person]  
- conflict_resolution_style is in [Avoid conflict, Let time fix it]  
- family_support_level is in [No, Never]  
- social_battery_recharge is in [Alone time, Social media, None of the above]  
- social_orientation_type is in [Introvert, Not sure]  
- social_anxiety_level is in [Avoid it, Nervous]  
- emotional_expression_method is in [Stay silent, Other]  
- primary_anger_sources is in [Being interrupted, Unnecessary criticism]

10 different conditions for class "1" (Does maintain long-distance friendships through calls):  
- social_connection_frequency is in [Daily, Weekly]  
- gathering_size_preference is in [Small gatherings, Both]  
- valued_friendship_traits is in [Support, Loyalty, Honesty, All, All the three and trust, Understanding person]  
- conflict_resolution_style is in [Talk it out, Apologize first]  
- family_support_level is in [Yes, Sometimes, yes]  
- social_battery_recharge is in [Talking to someone]  
- social_orientation_type is in [Extrovert, Ambivert]  
- social_anxiety_level is in [Excited, Neutral]  
- emotional_expression_method is in [Talk openly, Express emotion strongly]  
- primary_anger_sources is in [Injustice, Selfishness]

---

These conditions reflect typical tendencies and should help classify whether a person maintains long-distance friendships through calls.

---DIVIDER---

Step 1. The relationship between each feature and the task description:

- **social_connection_frequency**: Higher frequency (Daily, Weekly) suggests maintaining active communication, which supports long-distance friendships through calls. Lower frequency (Monthly, Rarely, Never) suggests less likelihood.
- **gathering_size_preference**: Preference for small gatherings or both might indicate more intimate social bonds, possibly maintained via calls. Preference for large events or never might correlate less with one-on-one call maintenance.
- **valued_friendship_traits**: Valuing traits like support, loyalty, honesty, or all suggests deeper, sustained friendships, which may encourage maintaining long-distance friendships via calls.
- **conflict_resolution_style**: Those who prefer to "Talk it out" or "Apologize first" may communicate more openly, supporting call-based long-distance friendships. Avoiding conflict or "Let time fix it" might reduce call frequency.
- **family_support_level**: Higher family support (Yes, Sometimes) may correlate with better social skills and motivation to maintain distant friendships. No or Never might reduce this.
- **social_battery_recharge**: Those who recharge by "Talking to someone" or "Social media" likely engage more in communication, supporting calls. "Alone time" or "None of the above" may suggest less.
- **social_orientation_type**: Extroverts and ambiverts are more likely to maintain frequent social contact, including calls. Introverts and "Not sure" may do so less.
- **social_anxiety_level**: Lower anxiety levels (Neutral, Excited) favor communication and call maintenance. High anxiety or "Avoid it" suggests less.
- **emotional_expression_method**: Those who "Talk openly" or "Express emotion strongly" are more likely to maintain contact via calls. "Stay silent" or "Other" may indicate less.
- **primary_anger_sources**: Less direct relation, but those triggered by "Being interrupted" or "Unnecessary criticism" may avoid calls if sensitive. Those triggered by "Injustice" or "Selfishness" may or may not affect call maintenance.

---

Step 2. Conditions for each class:

10 different conditions for class "0" (Does NOT maintain long-distance friendships through calls):

- social_connection_frequency is in [Never, Rarely, Monthly]
- gathering_size_preference is in [Large events, Never]
- valued_friendship_traits is in [Honesty, Understanding person]
- conflict_resolution_style is in [Avoid conflict, Let time fix it]
- family_support_level is in [No, Never]
- social_battery_recharge is in [Alone time, None of the above]
- social_orientation_type is in [Introvert, Not sure]
- social_anxiety_level is in [Avoid it, Nervous]
- emotional_expression_method is in [Stay silent, Other]
- primary_anger_sources is in [Being interrupted, Unnecessary criticism]

10 different conditions for class "1" (Does maintain long-distance friendships through calls):

- social_connection_frequency is in [Daily, Weekly]
- gathering_size_preference is in [Small gatherings, Both]
- valued_friendship_traits is in [Support, Loyalty, All, All the three and trust]
- conflict_resolution_style is in [Talk it out, Apologize first]
- family_support_level is in [Yes, Sometimes, yes]
- social_battery_recharge is in [Talking to someone, Social media]
- social_orientation_type is in [Extrovert, Ambivert]
- social_anxiety_level is in [Neutral, Excited]
- emotional_expression_method is in [Talk openly, Express emotion strongly]
- primary_anger_sources is in [Injustice, Selfishness]

---

This set of conditions aligns with common social behavior patterns related to maintaining long-distance friendships via calls.

---DIVIDER---

Step 1. The relationship between each feature and the task description:

- **social_connection_frequency**: People who maintain long-distance friendships through calls are likely to connect at least weekly or more often; rarely or never connecting suggests no maintenance.
- **gathering_size_preference**: Preference for small gatherings or both small and large could indicate valuing close relationships, possibly supporting long-distance friendships; preference for never or only large events might indicate less personal connection.
- **valued_friendship_traits**: Valuing traits like support, loyalty, honesty, or all suggests deeper emotional investment, which correlates with maintaining long-distance friendships.
- **conflict_resolution_style**: Those who "Talk it out" or "Apologize first" tend to maintain relationships better, including long-distance friendships; avoiding conflict or letting time fix it may reduce active maintenance.
- **family_support_level**: Higher family support (Yes, Sometimes) might correlate with better social skills and motivation to maintain friendships; no or never might reduce social maintenance.
- **social_battery_recharge**: Preferring to recharge by "Talking to someone" or "Social media" suggests social engagement, which supports maintaining long-distance friendships; "Alone time" might indicate less social outreach.
- **social_orientation_type**: Extroverts and ambiverts are more likely to maintain active social connections including long-distance friendships; introverts or "Not sure" may be less likely.
- **social_anxiety_level**: Those who are "Neutral" or "Excited" about social situations are more likely to maintain friendships through calls; "Avoid it" or "Nervous" may hinder this.
- **emotional_expression_method**: People who "Talk openly" or "Express emotion strongly" are more likely to maintain long-distance friendships through calls; "Stay silent" or "Other" may indicate less communication.
- **primary_anger_sources**: Anger triggered by "Injustice" or "Selfishness" may motivate maintaining honest friendships; anger from "Being interrupted" or "Unnecessary criticism" may cause withdrawal.

---

Step 2. Conditions for each answer class:

10 different conditions for class "0" (Does NOT maintain long-distance friendships through calls):
- social_connection_frequency is in [Never, Rarely, Monthly]
- gathering_size_preference is in [Never, Large events]
- valued_friendship_traits is in [Understanding person]
- conflict_resolution_style is in [Avoid conflict, Let time fix it]
- family_support_level is in [No, Never]
- social_battery_recharge is in [Alone time, None of the above]
- social_orientation_type is in [Introvert, Not sure]
- social_anxiety_level is in [Avoid it, Nervous]
- emotional_expression_method is in [Stay silent, Other]
- primary_anger_sources is in [Being interrupted, Unnecessary criticism]

10 different conditions for class "1" (Does maintain long-distance friendships through calls):
- social_connection_frequency is in [Daily, Weekly, weekly]
- gathering_size_preference is in [Small gatherings, Both]
- valued_friendship_traits is in [Support, Loyalty, Honesty, All, All the three and trust]
- conflict_resolution_style is in [Talk it out, Apologize first]
- family_support_level is in [Yes, Sometimes, yes]
- social_battery_recharge is in [Talking to someone, Social media]
- social_orientation_type is in [Extrovert, Ambivert]
- social_anxiety_level is in [Neutral, Excited]
- emotional_expression_method is in [Talk openly, Express emotion strongly]
- primary_anger_sources is in [Injustice, Selfishness]

---DIVIDER---

Step 1. The relationship between each feature and the task description:

- **social_connection_frequency**: People who maintain long-distance friendships through calls are likely to connect frequently (Daily or Weekly), as calls require active effort and regular contact.
- **gathering_size_preference**: Preference for small gatherings or both might indicate comfort with more intimate social interactions, which could correlate with maintaining long-distance friendships through calls; preference for large events or never might indicate less focus on close one-on-one connections.
- **valued_friendship_traits**: Valuing support, loyalty, honesty, or all (including trust and understanding) suggests a deeper commitment to friendships, which aligns with maintaining long-distance friendships via calls.
- **conflict_resolution_style**: Those who prefer to "Talk it out" or "Apologize first" tend to maintain relationships actively, which supports maintaining long-distance friendships through calls; avoiding conflict or letting time fix it may reduce active communication.
- **family_support_level**: Higher family support (Yes or Sometimes) may encourage maintaining social bonds, including long-distance friendships; no or never might correlate with less social engagement.
- **social_battery_recharge**: People who recharge by "Talking to someone" or "Social media" are more likely to engage in calls to maintain friendships; those who prefer "Alone time" may avoid frequent calls.
- **social_orientation_type**: Extroverts and ambiverts are more likely to maintain long-distance friendships through calls; introverts and "Not sure" may be less inclined.
- **social_anxiety_level**: Those who are "Excited" or "Neutral" about social interaction are more likely to maintain long-distance friendships through calls; those who "Avoid it" or feel "Nervous" may avoid calls.
- **emotional_expression_method**: People who "Talk openly" or "Express emotion strongly" are more likely to maintain friendships through calls; those who "Stay silent" or prefer other less direct methods may not.
- **primary_anger_sources**: This feature is less directly related but people sensitive to "Being interrupted" or "Unnecessary criticism" may avoid calls; those focused on "Injustice" or "Selfishness" may still maintain calls if motivated by loyalty or support.

---

Step 2. Conditions for each class:

10 different conditions for class "0" (Does NOT maintain long-distance friendships through calls):
- social_connection_frequency is in [Never, Rarely, Monthly]
- gathering_size_preference is in [Large events, Never]
- valued_friendship_traits is in [Honesty, Understanding person]
- conflict_resolution_style is in [Avoid conflict, Let time fix it]
- family_support_level is in [No, Never]
- social_battery_recharge is in [Alone time, None of the above]
- social_orientation_type is in [Introvert, Not sure]
- social_anxiety_level is in [Avoid it, Nervous]
- emotional_expression_method is in [Stay silent, Other]
- primary_anger_sources is in [Being interrupted, Unnecessary criticism]

10 different conditions for class "1" (Does maintain long-distance friendships through calls):
- social_connection_frequency is in [Daily, Weekly]
- gathering_size_preference is in [Small gatherings, Both]
- valued_friendship_traits is in [Support, Loyalty, All, All the three and trust]
- conflict_resolution_style is in [Talk it out, Apologize first]
- family_support_level is in [Yes, Sometimes, yes]
- social_battery_recharge is in [Talking to someone, Social media]
- social_orientation_type is in [Extrovert, Ambivert]
- social_anxiety_level is in [Excited, Neutral]
- emotional_expression_method is in [Talk openly, Express emotion strongly]
- primary_anger_sources is in [Injustice, Selfishness]

---DIVIDER---

Step 1. The relationship between each feature and the task description:

- **social_connection_frequency**: Frequent social connection (Daily or Weekly) suggests active maintenance of friendships, possibly including long-distance calls; Rarely or Never suggests less likelihood.
- **gathering_size_preference**: Preference for small gatherings or both may indicate selective, closer friendships which might encourage calls; large events or never might indicate less personal connection.
- **valued_friendship_traits**: Valuing support, loyalty, honesty, or all traits suggests a deeper investment in friendships, possibly encouraging maintaining long-distance friendships via calls.
- **conflict_resolution_style**: Talking it out or apologizing first indicates proactive relationship maintenance, which may correlate with maintaining long-distance friendships.
- **family_support_level**: High family support (Yes) may reduce reliance on friends or conversely encourage social connectedness; low support might reduce social outreach.
- **social_battery_recharge**: Preferring talking to someone or social media suggests comfort with social interaction, which supports maintaining friendships via calls.
- **social_orientation_type**: Extroverts and ambiverts are more likely to maintain active social connections, including long-distance calls; introverts less so.
- **social_anxiety_level**: Neutral or excited feelings towards social interaction suggest comfort in maintaining friendships via calls; avoiding or nervous may reduce that likelihood.
- **emotional_expression_method**: Talking openly or expressing emotions strongly suggests willingness to communicate, supporting maintaining long-distance friendships via calls.
- **primary_anger_sources**: Being triggered by selfishness or injustice might affect relationship maintenance, but less directly predictive of call frequency.

---

Step 2. Conditions for each class:

10 different conditions for class "0" (Does NOT maintain long-distance friendships through calls):

- social_connection_frequency is in [Never, Rarely, Monthly]
- gathering_size_preference is in [Never, Large events]
- valued_friendship_traits is in [Honesty, Understanding person]
- conflict_resolution_style is in [Avoid conflict, Let time fix it]
- family_support_level is in [No, Never]
- social_battery_recharge is in [Alone time, None of the above]
- social_orientation_type is in [Introvert, Not sure]
- social_anxiety_level is in [Avoid it, Nervous]
- emotional_expression_method is in [Stay silent, Other]
- primary_anger_sources is in [Being interrupted, Unnecessary criticism]

10 different conditions for class "1" (Does maintain long-distance friendships through calls):

- social_connection_frequency is in [Daily, Weekly]
- gathering_size_preference is in [Small gatherings, Both]
- valued_friendship_traits is in [Support, Loyalty, All, All the three and trust]
- conflict_resolution_style is in [Talk it out, Apologize first]
- family_support_level is in [Yes, Sometimes, yes]
- social_battery_recharge is in [Talking to someone, Social media]
- social_orientation_type is in [Extrovert, Ambivert]
- social_anxiety_level is in [Neutral, Excited]
- emotional_expression_method is in [Talk openly, Express emotion strongly]
- primary_anger_sources is in [Injustice, Selfishness]

---

This set of conditions reflects typical behavioral and attitudinal patterns that align with maintaining or not maintaining long-distance friendships through calls.