Answer:  
Step 1. The relationship between each feature and the task description:

- **social_connection_frequency**: Higher frequency (Daily) suggests active maintenance of friendships, likely including long-distance calls; lower frequency (Weekly, Monthly, Never) suggests less active maintenance.  
- **gathering_size_preference**: Preference for small gatherings may indicate closer, more intimate relationships, possibly maintained via calls; large events preference might indicate more casual or broad socializing, less focused on long-distance calls.  
- **valued_friendship_traits**: Valuing Loyalty, Support, or Honesty may correlate with efforts to maintain friendships, including long-distance communication.  
- **conflict_resolution_style**: "Talk it out" or "Apologize first" suggests proactive communication, which may extend to calls with distant friends; "Avoid conflict" or "Let time fix it" may indicate less active communication.  
- **family_support_level**: Having family support ("Yes" or "Sometimes") may correlate with stronger social skills or network, possibly facilitating long-distance friendships.  
- **social_battery_recharge**: Preferring "Talking to someone" suggests comfort with verbal communication, supporting maintenance of long-distance friendships via calls; "Alone time" or "Social media" might indicate less direct call-based interaction.  
- **social_orientation_type**: Extroverts and Ambiverts are more likely to engage actively in social calls; Introverts may do so less frequently.  
- **social_anxiety_level**: "Excited" or "Neutral" suggests comfort or eagerness in social interaction, supporting calls; "Avoid it" or "Nervous" suggests reluctance.  
- **emotional_expression_method**: "Talk openly" or "Express emotion strongly" indicates comfort with verbal emotional expression, facilitating calls; "Stay silent" or "Other" may indicate less direct communication.  
- **primary_anger_sources**: Less relevant, but being triggered by "Selfishness" or "Being interrupted" may affect communication style and frequency.

---

Step 2. Based on the above and the examples, conditions for each class:

10 different conditions for class "0":  
- social_connection_frequency is in [Weekly, Monthly, Never]  
- gathering_size_preference is in [Both, Large events]  
- valued_friendship_traits is in [Loyalty, Honesty]  
- conflict_resolution_style is in [Apologize first, Avoid conflict]  
- family_support_level is in [No, Never]  
- social_battery_recharge is in [Alone time, Social media]  
- social_orientation_type is in [Introvert, Not sure]  
- social_anxiety_level is in [Nervous, Excited] (when combined with other conditions)  
- emotional_expression_method is in [Express emotion strongly, Talk openly, Stay silent] (mostly when paired with low social connection frequency)  
- primary_anger_sources is in [Selfishness, Unnecessary criticism]  

10 different conditions for class "1":  
- social_connection_frequency is in [Daily]  
- gathering_size_preference is in [Small gatherings]  
- valued_friendship_traits is in [Loyalty, Support, Honesty]  
- conflict_resolution_style is in [Talk it out, Apologize first]  
- family_support_level is in [Yes, Sometimes]  
- social_battery_recharge is in [Talking to someone]  
- social_orientation_type is in [Extrovert, Ambivert, Not sure]  
- social_anxiety_level is in [Neutral, Excited]  
- emotional_expression_method is in [Talk openly, Stay silent] (when paired with other positive conditions)  
- primary_anger_sources is in [Unnecessary criticism, Selfishness, Injustice] (less restrictive)

---

These conditions reflect tendencies observed in the examples and align with general social behavior patterns relevant to maintaining long-distance friendships through calls.

---DIVIDER---

Answer:  
Step 1. The relationship between each feature and the task description (Does this person maintain long-distance friendships through calls?):

- **social_connection_frequency**: Higher frequency (Daily, Weekly) likely indicates active maintenance of friendships, including long-distance calls; lower frequency (Monthly, Never) suggests less maintenance.  
- **gathering_size_preference**: Preference for small gatherings or both might indicate closer, more intimate friendships, possibly maintained via calls; preference for large events or never may imply less personal connection or less frequent one-on-one contact.  
- **valued_friendship_traits**: Valuing loyalty, support, honesty, or all traits suggests importance placed on maintaining strong friendships, possibly motivating long-distance contact.  
- **conflict_resolution_style**: Those who “Talk it out” or “Apologize first” may be more proactive in maintaining relationships, thus more likely to maintain long-distance friendships. Avoiding conflict or letting time fix it might correspond to less active maintenance.  
- **family_support_level**: Higher family support (Yes, Sometimes) might correlate with better social skills and motivation to maintain friendships; low or no support might reduce likelihood.  
- **social_battery_recharge**: Preferring “Talking to someone” or “Social media” suggests social engagement and communication, linked to maintaining friendships through calls; “Alone time” might indicate less frequent contact.  
- **social_orientation_type**: Extroverts and ambiverts are more likely to maintain active social contacts including long-distance calls; introverts or “Not sure” might be less likely.  
- **social_anxiety_level**: “Excited” or “Neutral” social anxiety levels suggest comfort in social interactions, supporting maintenance of friendships; “Avoid it” or “Nervous” suggest reluctance, lowering likelihood.  
- **emotional_expression_method**: Those who “Talk openly” or “Express emotion strongly” are more likely to maintain close relationships via calls; “Stay silent” or “Other” may indicate less communication.  
- **primary_anger_sources**: Less directly related, but triggers like “Selfishness” or “Being interrupted” could affect communication frequency; however, no strong direct link to long-distance calls maintenance.

---

Step 2. Based on Step 1 and examples, 10 different conditions per answer class:

10 different conditions for class "0" (Does NOT maintain long-distance friendships through calls):  
- social_connection_frequency is in [Monthly, Never]  
- gathering_size_preference is in [Never, Large events]  
- valued_friendship_traits is in [Honesty]  
- conflict_resolution_style is in [Avoid conflict, Let time fix it]  
- family_support_level is in [No, Never]  
- social_battery_recharge is in [Talking to someone] (when combined with low frequency)  
- social_orientation_type is in [Introvert, Not sure]  
- social_anxiety_level is in [Nervous, Avoid it]  
- emotional_expression_method is in [Stay silent, Other]  
- primary_anger_sources is in [Unnecessary criticism, Being interrupted]

10 different conditions for class "1" (Does maintain long-distance friendships through calls):  
- social_connection_frequency is in [Daily, Weekly]  
- gathering_size_preference is in [Small gatherings, Both]  
- valued_friendship_traits is in [Loyalty, Support, All, All the three and trust]  
- conflict_resolution_style is in [Talk it out, Apologize first]  
- family_support_level is in [Yes, Sometimes]  
- social_battery_recharge is in [Alone time, Social media] (in context of frequent social connection)  
- social_orientation_type is in [Extrovert, Ambivert, Not sure]  
- social_anxiety_level is in [Excited, Neutral]  
- emotional_expression_method is in [Talk openly, Express emotion strongly]  
- primary_anger_sources is in [Selfishness, Injustice]

---

These conditions align with the examples and the general understanding of social behavior related to maintaining long-distance friendships through calls.

---DIVIDER---

Answer:  
Step 1. The relationship between each feature and the task description:

- **social_connection_frequency**: Higher frequency (Daily, Weekly) implies more active maintenance of friendships, including long-distance calls; lower frequency (Monthly, Never) implies less maintenance.
- **gathering_size_preference**: Preference for small gatherings or both suggests more intimate social connections, possibly maintaining close friendships including long-distance ones; large events or never may indicate less personal connection.
- **valued_friendship_traits**: Valuing loyalty, support, honesty, or all suggests a strong desire to maintain friendships; this may correlate with maintaining long-distance friendships.
- **conflict_resolution_style**: Proactive styles (Talk it out, Apologize first) indicate active engagement in relationships, possibly maintaining friendships via calls; avoidant styles may indicate less maintenance.
- **family_support_level**: High family support (Yes, Sometimes) may relate to better social support networks, possibly facilitating maintaining friendships.
- **social_battery_recharge**: Preference for talking to someone or social media suggests engagement with others, possibly maintaining long-distance friendships via calls; alone time may indicate less social interaction.
- **social_orientation_type**: Extroverts and ambiverts are more likely to maintain active social connections including calls; introverts may maintain fewer or prefer less frequent contact.
- **social_anxiety_level**: Excited or neutral suggests comfort with social interaction; nervous or avoid it suggests less likely to maintain long-distance friendships through calls.
- **emotional_expression_method**: Talking openly or expressing emotions strongly suggests active communication, supporting maintenance of long-distance friendships; staying silent or other may indicate less communication.
- **primary_anger_sources**: Not strongly related, but triggers like selfishness or being interrupted might affect communication frequency or quality.

---

Step 2.  
10 different conditions for class "0" (Does NOT maintain long-distance friendships through calls):  
- social_connection_frequency is in [Monthly, Never]  
- gathering_size_preference is in [Never, Large events]  
- valued_friendship_traits is in [Honesty]  
- conflict_resolution_style is in [Avoid conflict, Let time fix it]  
- family_support_level is in [No, Never]  
- social_battery_recharge is in [Alone time]  
- social_orientation_type is in [Introvert]  
- social_anxiety_level is in [Nervous, Avoid it]  
- emotional_expression_method is in [Stay silent, Other]  
- primary_anger_sources is in [Selfishness, Unnecessary criticism]  

10 different conditions for class "1" (Does maintain long-distance friendships through calls):  
- social_connection_frequency is in [Daily, Weekly]  
- gathering_size_preference is in [Small gatherings, Both]  
- valued_friendship_traits is in [Loyalty, Support, All, All the three and trust, Understanding person]  
- conflict_resolution_style is in [Talk it out, Apologize first]  
- family_support_level is in [Yes, Sometimes]  
- social_battery_recharge is in [Talking to someone, Social media]  
- social_orientation_type is in [Extrovert, Ambivert, Not sure]  
- social_anxiety_level is in [Excited, Neutral]  
- emotional_expression_method is in [Talk openly, Express emotion strongly]  
- primary_anger_sources is in [Being interrupted, Injustice]

---DIVIDER---

Answer:  
Step 1. The relationship between each feature and the task description (Does this person maintain long-distance friendships through calls?) based on general knowledge and common sense:

- **social_connection_frequency**: More frequent social connection (Daily, Weekly) likely indicates maintaining friendships, including long-distance ones via calls; less frequent (Monthly, Never) likely indicates less maintenance.  
- **gathering_size_preference**: Preference for small gatherings or both small and large may suggest closer, more personal connections which can include long-distance friendships maintained by calls; preference for large events or never may indicate weaker or less personal connections.  
- **valued_friendship_traits**: Valuing loyalty, support, honesty, or all suggests a person who invests in maintaining friendships, including long-distance ones.  
- **conflict_resolution_style**: Active styles like "Talk it out" or "Apologize first" suggest engagement and effort in relationships, which may extend to maintaining long-distance friendships; avoidance styles may indicate less effort.  
- **family_support_level**: Higher family support (Yes, Sometimes) may correlate with better social skills and motivation to maintain friendships, including long-distance.  
- **social_battery_recharge**: Preferring "Talking to someone" implies a person energized by social interaction, likely to maintain friendships actively; "Alone time" or "Social media" might indicate less direct communication like calls.  
- **social_orientation_type**: Extroverts and ambiverts are more likely to maintain social ties actively, including long-distance calls; introverts might do so less.  
- **social_anxiety_level**: Lower anxiety or being "Excited" about social interaction supports maintaining friendships via calls; "Avoid it" or "Nervous" may reduce likelihood.  
- **emotional_expression_method**: Those who "Talk openly" or "Express emotion strongly" may be more proactive in maintaining friendships through calls; "Stay silent" or "Other" may indicate less.  
- **primary_anger_sources**: Less relevant, but being triggered by selfishness or being interrupted might affect communication style; no clear direct link.

---

Step 2. Based on the above and the examples, infer 10 different conditions per answer class:

10 different conditions for class "0" (Does NOT maintain long-distance friendships through calls):  
- social_connection_frequency is in [Weekly, Daily, Monthly] AND social_battery_recharge is Social media  
- social_connection_frequency is in [Daily, Weekly] AND conflict_resolution_style is Avoid conflict  
- gathering_size_preference is in [Large events, Never]  
- family_support_level is in [No, Never]  
- social_orientation_type is Introvert  
- emotional_expression_method is Stay silent  
- social_connection_frequency is Weekly AND valued_friendship_traits is Honesty  
- conflict_resolution_style is Avoid conflict  
- social_anxiety_level is in [Nervous, Avoid it]  
- social_battery_recharge is Alone time  

10 different conditions for class "1" (Does maintain long-distance friendships through calls):  
- social_connection_frequency is in [Daily, Weekly, Monthly] AND social_battery_recharge is Talking to someone  
- gathering_size_preference is Small gatherings  
- valued_friendship_traits is in [Loyalty, Support, All, All the three and trust]  
- conflict_resolution_style is in [Talk it out, Apologize first]  
- family_support_level is in [Yes, Sometimes]  
- social_orientation_type is in [Extrovert, Ambivert, Not sure]  
- emotional_expression_method is Talk openly  
- social_anxiety_level is Excited  
- social_connection_frequency is Daily AND gathering_size_preference is Small gatherings  
- social_battery_recharge is Alone time AND social_connection_frequency is Daily AND emotional_expression_method is Talk openly  

---

These conditions are consistent with the examples given and with common sense about social behavior and maintaining long-distance friendships through calls.

---DIVIDER---

Answer:  
Step 1. The relationship between each feature and the task description:

- **social_connection_frequency**: Higher frequency (Daily, Weekly) likely indicates maintaining friendships actively; lower frequency (Monthly, Never) suggests less active maintenance, especially over distance.
- **gathering_size_preference**: Preference for Small gatherings or Both (small and large) may indicate more intimate, possibly long-distance calls; Large events or Never may imply less personal or less frequent contact.
- **valued_friendship_traits**: Traits like Loyalty, Support, and Honesty suggest valuing deep connections, which supports maintaining long-distance friendships.
- **conflict_resolution_style**: Proactive styles (Talk it out, Apologize first) imply willingness to sustain relationships, possibly including long-distance ones; Avoid conflict or Let time fix it may indicate less active maintenance.
- **family_support_level**: Higher family support (Yes, Sometimes) may correlate with stronger social ties and communication habits, possibly extending to long-distance friends.
- **social_battery_recharge**: Preferring Talking to someone or Social media suggests active social engagement, which may include calls to maintain friendships; Alone time suggests less social interaction.
- **social_orientation_type**: Extroverts and Ambiverts are more likely to maintain active social connections including calls; Introverts or Not sure may maintain fewer or less frequent calls.
- **social_anxiety_level**: Neutral or Excited levels may correlate with more social engagement; Avoid it or Nervous may reduce likelihood of long-distance calls.
- **emotional_expression_method**: Talking openly or Express emotion strongly implies active communication, supporting calls; Stay silent or Other may indicate less communication.
- **primary_anger_sources**: Less directly relevant, but being triggered by Selfishness or Injustice might motivate maintaining honest, loyal friendships through calls.

---

Step 2. Based on the above and examples, infer 10 different conditions per class:

10 different conditions for class "0" (Does NOT maintain long-distance friendships through calls):

- social_connection_frequency is in [Monthly, Never]
- gathering_size_preference is in [Large events, Never]
- valued_friendship_traits is in [Honesty]
- conflict_resolution_style is in [Avoid conflict, Let time fix it]
- family_support_level is in [No, Never]
- social_battery_recharge is in [Alone time]
- social_orientation_type is in [Introvert, Not sure]
- social_anxiety_level is in [Nervous, Avoid it]
- emotional_expression_method is in [Stay silent, Other]
- social_connection_frequency is in [Weekly] and social_battery_recharge is in [Social media]

10 different conditions for class "1" (Does maintain long-distance friendships through calls):

- social_connection_frequency is in [Daily, Weekly]
- gathering_size_preference is in [Small gatherings, Both]
- valued_friendship_traits is in [Loyalty, Support, All, All the three and trust, Understanding person]
- conflict_resolution_style is in [Talk it out, Apologize first]
- family_support_level is in [Yes, Sometimes]
- social_battery_recharge is in [Talking to someone, Social media]
- social_orientation_type is in [Extrovert, Ambivert, Not sure]
- social_anxiety_level is in [Excited, Neutral]
- emotional_expression_method is in [Talk openly, Express emotion strongly]
- social_connection_frequency is in [Monthly] and family_support_level is in [Yes, Sometimes] and social_battery_recharge is in [Talking to someone]

---

These conditions align with the examples and common social behavior patterns regarding maintaining long-distance friendships through calls.