Answer:  
Step 1. The relationship between each feature and the task description:

- Residence: Urban or rural residence may influence stress levels or support systems, possibly affecting postpartum depression (PPD) risk.  
- Occupation before latest pregnancy: Certain occupations (e.g., student, teacher) may imply stress or social environment differences that affect PPD risk.  
- History of pregnancy loss: Having a history of miscarriage or stillbirth could increase emotional vulnerability and risk of PPD.  
- Trust and share feelings: Ability to trust and share feelings likely reduces PPD risk by providing emotional support.  
- Major changes or losses during pregnancy: Experiencing major changes or losses increases stress and risk of PPD.  
- Total children: Number of children may affect emotional/physical burden; more children could increase or sometimes decrease risk depending on support.  
- Fear of pregnancy: Fear related to pregnancy likely increases anxiety and risk of PPD.  
- Relationship between father and newborn: Good relationship likely reduces maternal stress and PPD risk; bad or neutral may increase risk.  
- Monthly income before latest pregnancy: Low income may increase stress and PPD risk; higher income may be protective.  
- Angry after latest childbirth: Feeling angry post childbirth is a likely symptom or indicator of PPD.  

---

Step 2. Based on Step 1 and examples, infer 10 different conditions per answer class.

10 different conditions for class "0" (No postpartum depression):  
- Trust and share feelings is Yes  
- Angry after latest child birth is No  
- Relationship between father and newborn is Good  
- Fear of pregnancy is No  
- History of pregnancy loss is No  
- Major changes or losses during pregnancy is Yes or No (both appear in examples) but more often No  
- Residence is City or Village (both appear, no strong pattern)  
- Occupation before latest pregnancy is Housewife or Student or Other (all appear in no class)  
- Monthly income before latest pregnancy is No or 20000 to 30000 or More than 30000 (higher income levels or no income)  
- Total children is One or Two or More than two  

10 different conditions for class "1" (Yes postpartum depression):  
- Angry after latest child birth is Yes  
- Trust and share feelings is No (often appears in positive class)  
- Relationship between father and newborn is Neutral or Good (mostly Good but sometimes Neutral)  
- Fear of pregnancy is Yes or No (both appear but often Yes)  
- History of pregnancy loss is Miscarriage or No (both appear)  
- Major changes or losses during pregnancy is Yes or No (both appear)  
- Occupation before latest pregnancy is Teacher or Student or Other  
- Residence is City (mostly City in positive examples)  
- Monthly income before latest pregnancy is Less than 5000 or 5000 to 10000 or 10000 to 20000 (lower to mid income)  
- Total children is One or Two  

---

Summary of conditions with format:

10 different conditions for class "0":  
- Trust and share feelings is Yes  
- Angry after latest child birth is No  
- Relationship between father and newborn is Good  
- Fear of pregnancy is No  
- History of pregnancy loss is No  
- Occupation before latest pregnancy is Housewife  
- Monthly income before latest pregnancy is No  
- Total children is One  
- Residence is City  
- Major changes or losses during pregnancy is Yes  

10 different conditions for class "1":  
- Angry after latest child birth is Yes  
- Trust and share feelings is No  
- Relationship between father and newborn is Neutral  
- Fear of pregnancy is Yes  
- History of pregnancy loss is Miscarriage  
- Occupation before latest pregnancy is Teacher  
- Monthly income before latest pregnancy is 5000 to 10000  
- Total children is Two  
- Residence is City  
- Major changes or losses during pregnancy is Yes  

---

These conditions reflect patterns seen in the examples and general knowledge about postpartum depression risk factors.

---DIVIDER---

Answer:  
Step 1. The relationship between each feature and the task description:

- Gender of newborn: Generally, the newborn's gender is not a strong direct factor for postpartum depression, but cultural or personal preferences may influence maternal mood.
- Major changes or losses during pregnancy: Experiencing major changes or losses during pregnancy is likely to increase the risk of postpartum depression.
- Pregnancy length: Shorter or complicated pregnancies (e.g., less than full term) may increase stress and risk of postpartum depression.
- Number of the latest pregnancy: First-time mothers or mothers with fewer pregnancies may be more vulnerable to postpartum depression due to inexperience or anxiety.
- History of pregnancy loss: A history of miscarriage or stillbirth can increase anxiety and risk of postpartum depression.
- Occupation After Your Latest Childbirth: Occupations with higher stress or less social support may influence depression risk; housewives or students might have different support levels.
- Monthly income before latest pregnancy: Lower income is generally associated with higher risk of postpartum depression due to financial stress.
- Breastfeed: Breastfeeding may be protective due to hormonal and bonding effects, but difficulty in breastfeeding might increase depression risk.
- Relax/sleep when the newborn is asleep: Inability to relax or sleep when the newborn sleeps is a strong indicator of stress and risk of postpartum depression.
- Marital status: Divorced or single mothers might have higher risk due to less social support.

---

Step 2. Based on the above and examples, infer 10 different conditions per answer:

10 different conditions for class "0":  
- Major changes or losses during pregnancy is No  
- Relax/sleep when the newborn is asleep is Yes  
- Monthly income before latest pregnancy is No  
- History of pregnancy loss is No  
- Pregnancy length is in [8 months, 9 months, 10 months]  
- Occupation After Your Latest Childbirth is in [Housewife, Student]  
- Number of the latest pregnancy is >= 1 and <= 3  
- Breastfeed is Yes  
- Marital status is Married  
- Gender of newborn is in [Boy, Girl] and Relax/sleep when the newborn is asleep is Yes  

10 different conditions for class "1":  
- Relax/sleep when the newborn is asleep is No  
- Monthly income before latest pregnancy is in [Less than 5000, 5000 to 10000, 10000 to 20000, 20000 to 30000]  
- History of pregnancy loss is Miscarriage  
- Major changes or losses during pregnancy is Yes  
- Number of the latest pregnancy is >= 1 and <= 3  
- Occupation After Your Latest Childbirth is in [Housewife, Student]  
- Pregnancy length is in [9 months, 10 months]  
- Breastfeed is Yes  
- Marital status is Married  
- Gender of newborn is in [Boy, Girl] and Relax/sleep when the newborn is asleep is No

---DIVIDER---

Step 1. The relationship between each feature and the task description:

- Relationship between father and newborn: A good or very good relationship may reduce the risk of postpartum depression, while neutral or bad may increase risk.
- Occupation After Your Latest Childbirth: Being a housewife or in a stable occupation may reduce stress; being a student or other less stable occupations may increase risk.
- Regular checkups: Regular prenatal checkups likely reduce risk by ensuring health and support.
- Mode of delivery: Caesarean section might be associated with higher risk due to surgical recovery and complications.
- Addiction: Presence of addiction (smoking, drinking, drugs) generally increases risk.
- Major changes or losses during pregnancy: Experiencing major changes or losses likely increases risk.
- Need for Support: High or medium need for support indicates vulnerability and higher risk.
- Number of household members: Larger households may provide more support, reducing risk; very small or very large could have mixed effects.
- Angry after latest childbirth: Feeling angry may be a sign of emotional distress, indicating higher risk.
- Age: Younger or older maternal age might influence risk; typically, very young or older mothers may have higher risk.

---

Step 2. Based on examples and Step 1, infer conditions:

10 different conditions for class "0" (No postpartum depression):

- Relationship between father and newborn is in [Good, Neutral]
- Occupation After Your Latest Childbirth is in [Housewife, Other, Service, Teacher, Business]
- Regular checkups is Yes
- Mode of delivery is in [Caesarean Section, Normal Delivery]
- Addiction is No
- Major changes or losses during pregnancy is No
- Need for Support is in [No, Low, Medium]
- Number of household members is in [6 to 8, 2 to 5, 9 or more]
- Angry after latest child birth is No
- Age is within range of [18, 35]

10 different conditions for class "1" (Yes postpartum depression):

- Relationship between father and newborn is in [Good, Neutral]
- Occupation After Your Latest Childbirth is in [Student, Housewife, Teacher]
- Regular checkups is in [Yes, No]
- Mode of delivery is in [Normal Delivery, Caesarean Section]
- Addiction is No
- Major changes or losses during pregnancy is in [Yes, No]
- Need for Support is in [Low, Medium, High]
- Number of household members is in [2 to 5, 6 to 8, 9 or more]
- Angry after latest child birth is Yes
- Age is within range of [20, 35]

---

Additional notes:

- Addiction is always No in examples, so cannot use addiction as a distinguishing condition.
- Angry after latest childbirth = Yes is strongly linked to class 1.
- Need for Support being High or Medium appears more in class 1.
- Major changes or losses during pregnancy appears more in class 1 but also in class 0.
- Occupation as Student or Teacher or Housewife appears in both classes, but Angry + Need for Support + Occupation combined may help.
- Relationship between father and newborn is mostly Good or Neutral in both classes, so less discriminative.
- Regular checkups is mostly Yes, but one class 1 example has No regular checkups.
- Mode of delivery is mixed in both classes.

---

Summary: Class 1 conditions mostly include Angry after childbirth = Yes and some combination of Need for Support not No, occupation student/teacher/housewife, and sometimes major changes or losses during pregnancy. Class 0 conditions mostly include Angry after childbirth = No, Need for Support low or no, and no major changes or losses during pregnancy.

---

Answer:

10 different conditions for class "0":
- Relationship between father and newborn is in [Good, Neutral]
- Occupation After Your Latest Childbirth is in [Housewife, Other, Service, Teacher, Business]
- Regular checkups is Yes
- Mode of delivery is in [Caesarean Section, Normal Delivery]
- Addiction is No
- Major changes or losses during pregnancy is No
- Need for Support is in [No, Low, Medium]
- Number of household members is in [6 to 8, 2 to 5, 9 or more]
- Angry after latest child birth is No
- Age is within range of [18, 35]

10 different conditions for class "1":
- Angry after latest child birth is Yes
- Occupation After Your Latest Childbirth is in [Student, Teacher, Housewife]
- Need for Support is in [Low, Medium, High]
- Major changes or losses during pregnancy is in [Yes, No]
- Relationship between father and newborn is in [Good, Neutral]
- Regular checkups is in [Yes, No]
- Mode of delivery is in [Normal Delivery, Caesarean Section]
- Addiction is No
- Number of household members is in [2 to 5, 6 to 8, 9 or more]
- Age is within range of [20, 35]

---DIVIDER---

Answer:  
Step 1. The relationship between each feature and the task description:

- Total children: Having more children might reduce the risk of postpartum depression due to experience and support, but it could also increase stress; effect unclear without data.  
- Addiction: Addiction (smoking, drinking, drugs) generally increases risk of mental health issues including postpartum depression.  
- Number of the latest pregnancy: Higher number might imply more experience and less anxiety, potentially reducing depression risk.  
- Birth compliancy: Complications during birth likely increase stress and risk of postpartum depression.  
- Major changes or losses during pregnancy: Experiencing major changes or losses is a strong risk factor for postpartum depression.  
- Fear of pregnancy: Fear related to pregnancy likely increases anxiety and risk of postpartum depression.  
- Relationship between father and newborn: Poor or neutral relationship likely increases stress and risk of postpartum depression; good or very good relationship is protective.  
- Worry about newborn: Excessive worry about the newborn is a sign of anxiety and may correlate with postpartum depression.  
- Pregnancy length: Shorter pregnancies (premature births) may increase risk due to stress and infant health concerns.  
- Trust and share feelings: Ability to trust and share feelings is protective against postpartum depression; inability increases risk.  

---

Step 2. Based on the above examples and Step 1's results, infer 10 different conditions per answer:

10 different conditions for class "0" (No postpartum depression):  
- Birth compliancy is in [Yes]  
- Major changes or losses during pregnancy is in [Yes]  
- Fear of pregnancy is in [Yes]  
- Relationship between father and newborn is in [Good, Neutral]  
- Worry about newborn is in [Yes]  
- Trust and share feelings is in [Yes]  
- Total children is in [One, More than Two]  
- Addiction is in [No]  
- Pregnancy length is in [8 months, 9 months, 10 months]  
- Number of the latest pregnancy is (>=) 1  

10 different conditions for class "1" (Yes postpartum depression):  
- Birth compliancy is in [No]  
- Major changes or losses during pregnancy is in [No, Yes] (both appear in examples)  
- Fear of pregnancy is in [Yes, No] (both appear, but more cases with No fear and depression)  
- Relationship between father and newborn is in [Good, Neutral]  
- Worry about newborn is in [No]  
- Trust and share feelings is in [No]  
- Total children is in [One, Two]  
- Addiction is in [No]  
- Pregnancy length is in [9 months, 10 months]  
- Number of the latest pregnancy is (<=) 2  

---

Explanation:  
Class 0 (No depression) cases often have birth complications, major changes or losses, fear of pregnancy, but they have good/neutral relationship with father and trust others. They worry about newborn and have longer pregnancy length.  
Class 1 (Depression) cases often have no birth complications, no trust and share feelings, worry less about newborn, and have neutral or good father-newborn relationship. Addiction is always No in examples, so not a discriminative feature here.  

These conditions summarize tendencies in the data and general knowledge.

---DIVIDER---

Answer:  
Step 1. The relationship between each feature and the task description:

- Relationship with husband: A good or friendly relationship likely reduces postpartum depression risk; bad or poor relationships may increase risk.  
- Pregnancy length: Full-term pregnancies (9-10 months) are generally less stressful; shorter pregnancies or complications might increase depression risk.  
- History of pregnancy loss: A history of miscarriage or still-born delivery may increase risk of postpartum depression due to trauma or grief.  
- Feeling for regular activities: Feeling tired, worried, or afraid indicates emotional or physical distress, which is associated with higher depression risk.  
- Monthly income before latest pregnancy: Higher income generally provides better support and resources, reducing depression risk; low or no income may increase risk.  
- Age: Younger or very young mothers may have higher risk due to less experience or support; older mothers may have more stability but also possible risks.  
- Number of household members: Larger households may provide more social support, reducing risk; smaller households may mean less help, increasing risk.  
- Relationship with the in-laws: Good or friendly relationships reduce stress and depression risk; bad or poor relationships increase risk.  
- Age of immediate older children: Having older children might mean more responsibilities and stress, potentially increasing depression risk; no older children might mean fewer burdens but also less experience.  
- Received Support: High support strongly reduces postpartum depression risk; low support increases risk significantly.  

---

Step 2.  
10 different conditions for class "0" (No postpartum depression):  
- Relationship with husband is in [Good, Friendly]  
- Feeling for regular activities is in [No]  
- Received Support is in [High]  
- History of pregnancy loss is No  
- Relationship with the in-laws is in [Good, Neutral, Friendly]  
- Pregnancy length is in [9 months, 10 months]  
- Monthly income before latest pregnancy is in [More than 30000, 20000 to 30000, No]  
- Number of household members is in [6 to 8, 9 or more]  
- Age of immediate older children is in [No, 7yr to 12yr, 13yr or more]  
- Age (>=) 20  

10 different conditions for class "1" (Has postpartum depression):  
- Feeling for regular activities is in [Tired, Worried, Afraid]  
- Received Support is in [Low, Medium]  
- Monthly income before latest pregnancy is in [Less than 5000, 5000 to 10000, 10000 to 20000]  
- Relationship with husband is in [Neutral, Bad, Poor] or (even Good but with other risk factors)  
- History of pregnancy loss is in [Miscarriage, Still-born Delivery]  
- Relationship with the in-laws is in [Neutral, Bad, Poor]  
- Age (<=) 28  
- Number of household members is in [2 to 5]  
- Age of immediate older children is in [No, 1yr to 3yr, 4yr to 6yr]  
- Pregnancy length is in [8 months, 7 months, 6 months, Less than 5 months] (less common but possible risk factor)  

---

These conditions reflect the tendencies and patterns observed in the examples while aligning with common sense about postpartum depression risk factors.