Answer:  
Step 1. The relationship between each feature and the task description:

- Temperature: Higher temperature often indicates overheating or stress in the machine, which increases the risk of failure. Lower or moderate temperature is generally safer.
- Vibration: Higher vibration levels typically signal mechanical issues or wear, increasing failure risk. Lower vibration usually means stable operation.
- Power_Usage: Abnormal power usage (either too high or too low) can indicate malfunction or inefficiency, thus higher risk. Normal or expected power consumption suggests healthy operation.
- Humidity: High humidity can cause corrosion or electrical issues, increasing failure risk. Low to moderate humidity is preferable.
- Machine_Type: Different machine types may have different operational thresholds or failure modes; for example, Lathes might be more sensitive to vibration or temperature than Mills or Drills.

---

Step 2. Based on the above examples and Step 1's results, infer 10 different conditions per answer:

10 different conditions for class "0" (No risk of failure):
- Temperature is within range of [65, 73]
- Vibration is within range of [40, 55]
- Power_Usage is within range of [9, 13]
- Humidity is within range of [25, 35]
- Machine_Type is in [Mill]
- Temperature <= 72
- Vibration <= 54
- Power_Usage >= 9
- Humidity <= 33
- Machine_Type is in [Lathe] and Temperature < 70

10 different conditions for class "1" (At risk of failure):
- Temperature >= 80
- Vibration >= 53
- Power_Usage <= 8
- Humidity >= 35
- Machine_Type is in [Lathe] and Vibration >= 53
- Temperature >= 85
- Vibration >= 55
- Power_Usage <= 7.9
- Humidity >= 36
- Machine_Type is in [Lathe] and Temperature >= 80

---

These conditions are consistent with the given examples and general domain knowledge about industrial machine failure risks.

---DIVIDER---

Answer:  
Step 1. The relationship between each feature and the task description:

- Temperature: Higher temperatures often indicate overheating, which can increase the risk of machine failure. Thus, higher temperature values tend to correlate with higher failure risk.
- Vibration: Excessive vibration usually signals mechanical issues or imbalance, increasing failure risk. Higher vibration levels are likely linked to higher risk.
- Power_Usage: Abnormal power usage (either too high or too low) can indicate malfunction or inefficiency. Higher power usage might mean higher load or stress, increasing failure risk.
- Humidity: High humidity can cause corrosion or electrical issues, raising failure risk. Lower humidity is generally safer.
- Machine_Type: Different machine types have different tolerances and failure modes; failure risk thresholds may vary by machine type.

---

10 different conditions for class "0" (Not at risk):

- Temperature < 73
- Vibration < 55
- Power_Usage < 13
- Humidity < 39
- Machine_Type is in [Lathe, Mill]
- Temperature is within range [67, 72]
- Vibration is within range [40, 54]
- Power_Usage is within range [5, 12]
- Humidity is within range [21, 38]
- Temperature <= 72 and Vibration <= 54

---

10 different conditions for class "1" (At risk):

- Temperature >= 81
- Vibration >= 54
- Power_Usage >= 8
- Humidity >= 35
- Machine_Type is in [Lathe]
- Temperature is within range [81, 88]
- Vibration is within range [54, 57]
- Power_Usage is within range [8, 12]
- Humidity is within range [35, 37]
- Temperature > 80 and Vibration > 54

---

These conditions reflect the tendencies seen in the examples: higher temperature and vibration values, especially for Lathe machines, combined with higher humidity and power usage, correlate with failure risk. Conversely, moderate values and presence of Mill or Lathe with lower readings indicate no risk.

---DIVIDER---

Answer:  
Step 1. The relationship between each feature and the task description:

- Temperature: Higher temperatures in industrial machines often indicate overheating or stress, which can lead to failure risk. So, higher temperature likely increases failure risk.
- Vibration: Increased vibration levels usually indicate mechanical issues or imbalance, which can be a sign of impending failure. Higher vibration likely increases failure risk.
- Power_Usage: Abnormal power consumption (either too high or too low) might indicate inefficiency or malfunction. Lower or unusually varying power usage might be a risk factor.
- Humidity: Higher humidity can cause corrosion or electrical issues, increasing the risk of failure. So higher humidity might increase failure risk.
- Machine_Type: Different machines have different tolerances and failure modes. The examples show only Lathe machines with a risk of failure (Answer 1). So Machine_Type might be relevant, with Lathe more prone to failure in these examples.

---

Step 2. Based on examples and Step 1, infer 10 different conditions per answer:

10 different conditions for class "0" (No risk of failure):  
- Temperature < 75  
- Vibration < 50  
- Power_Usage >= 10  
- Humidity < 30  
- Machine_Type is in [Mill, Drill]  
- Temperature is within range [65, 73]  
- Vibration is within range [40, 50]  
- Power_Usage is within range [10, 13]  
- Humidity is within range [25, 30]  
- Machine_Type is Lathe and Temperature < 75  

10 different conditions for class "1" (At risk of failure):  
- Temperature >= 75  
- Vibration >= 50  
- Power_Usage < 10  
- Humidity >= 35  
- Machine_Type is Lathe  
- Temperature is within range [80, 90]  
- Vibration is within range [53, 57]  
- Power_Usage is within range [7, 11]  
- Humidity is within range [35, 38]  
- Machine_Type is Lathe and Vibration >= 50  

---

These conditions are consistent with the provided examples and general domain knowledge.

---DIVIDER---

Answer:  
Step 1. The relationship between each feature and the task description:

- Temperature: Higher temperature often indicates overheating or stress, which can increase the risk of machine failure.  
- Vibration: Increased vibration levels generally signal mechanical issues or imbalance, which can lead to failure.  
- Power_Usage: Abnormal power consumption (either too high or too low) may indicate malfunction or inefficiency, raising failure risk.  
- Humidity: High humidity can cause corrosion or electrical issues, increasing failure risk; low humidity is generally safer.  
- Machine_Type: Different machine types may have different failure risk profiles; some types might be more prone to failure under certain conditions.

---

10 different conditions for class "0" (machine NOT at risk of failure):  
- Temperature <= 72  
- Vibration is within range of [40, 55]  
- Power_Usage <= 13  
- Humidity is within range of [25, 40]  
- Machine_Type is in [Lathe, Mill]  
- Temperature is within range of [65, 72]  
- Vibration <= 54  
- Power_Usage is within range of [5, 11]  
- Humidity >= 25  
- Temperature < 70  

10 different conditions for class "1" (machine at risk of failure):  
- Temperature > 80  
- Vibration > 54  
- Power_Usage > 11  
- Humidity < 30  
- Machine_Type is Lathe  
- Temperature >= 81  
- Vibration >= 55  
- Power_Usage >= 10  
- Humidity is within range of [20, 36]  
- Temperature > 85  

---

Explanation:  
From the examples, all "1" answers correspond to Lathe machines with higher temperature (>80 or close), higher vibration (>54), and moderate to high power usage. Humidity tends to be lower than in "0" examples. The "0" class examples have lower temperature (mostly <73), vibration generally below 55, and power usage mostly below 13. The Mill example is only in class "0", so "Mill" is safer.

---DIVIDER---

Answer:  
Step 1. The relationship between each feature and the task description:

- Temperature: Higher temperatures often indicate overheating or stress in industrial machines, which increases the risk of failure.  
- Vibration: Elevated vibration levels usually signal mechanical issues such as imbalance or wear, increasing failure risk.  
- Power_Usage: Abnormal power consumption (either too high or too low) may indicate malfunction or inefficiency, suggesting risk.  
- Humidity: High humidity can cause corrosion or electrical issues, increasing failure risk; low to moderate humidity is safer.  
- Machine_Type: Different machine types may have different failure risk profiles due to their design and operating conditions.

---

10 different conditions for class "0" (No risk of failure):  
- Temperature < 75  
- Vibration < 50  
- Power_Usage < 11  
- Humidity < 35  
- Machine_Type is in [Lathe, Mill]  
- Temperature is within range [65, 74]  
- Vibration is within range [40, 49]  
- Power_Usage is within range [5, 10]  
- Humidity is within range [20, 34]  
- Machine_Type is Mill and Temperature < 73  

10 different conditions for class "1" (At risk of failure):  
- Temperature >= 80  
- Vibration >= 53  
- Power_Usage >= 8  
- Humidity >= 35  
- Machine_Type is Lathe  
- Temperature is within range [80, 90]  
- Vibration is within range [53, 57]  
- Power_Usage is within range [8, 12]  
- Humidity is within range [35, 40]  
- Machine_Type is Lathe and Temperature >= 80