Answer:  
Step 1. The relationship between each feature and the task description:  

- Gender: Generally, gender might not strongly influence satisfaction, but cultural factors could affect communication preferences or expectations.  
- Age: Younger clients might have different expectations or tolerance levels for call center service than older clients.  
- Education: Higher education might correlate with higher expectations or more critical evaluations of service quality.  
- Nationality: Kuwaiti vs. other nationalities might affect satisfaction due to language, cultural understanding, or service prioritization.  
- Marital_Status: Possibly minor influence, but married or single status could reflect different communication needs or patience levels.  
- Governorate: Regional differences might influence satisfaction due to service availability or regional management differences.  
- Aware_151: Awareness of the service likely correlates positively with satisfaction, as informed clients may have better expectations.  
- Call_151: Having called the service before might influence satisfaction due to familiarity or past experiences.  
- The_reason_of_the_call: Reason for calling (e.g., complaints vs. inquiries) strongly affects satisfaction; complaint calls tend to have lower satisfaction.  
- Call_center_employee_communication_skills_evaluation: Higher communication skill ratings likely correlate with higher satisfaction.  
- Satisfaction_with_the_doctors_response: Higher satisfaction with doctors’ response strongly correlates with overall satisfaction.  
- How_often_do_you_receive_call_center_news: More frequent updates might increase satisfaction due to feeling informed and valued.  

---

Step 2. Based on Step 1 and provided examples, infer 10 different conditions per answer class:  

10 different conditions for class "0" (client NOT satisfied):  
- The_reason_of_the_call is in [Complaints]  
- Call_center_employee_communication_skills_evaluation <= 3.0  
- Satisfaction_with_the_doctors_response < 3.0  
- Call_151 is in [Yes]  
- Aware_151 is in [Yes]  
- How_often_do_you_receive_call_center_news < 3.0  
- Education is in [High school, Less than high school, Diploma]  
- Age is in [18-24, 25-29]  
- Governorate is in [Farwaniya, Around]  
- Gender is in [Male]  

10 different conditions for class "1" (client satisfied):  
- The_reason_of_the_call is in [Complaints, Inquiries, Medical_Consultation, Inquiries_COVID19] but not predominantly Complaints with low ratings  
- Call_center_employee_communication_skills_evaluation > 3.0  
- Satisfaction_with_the_doctors_response >= 3.0  
- How_often_do_you_receive_call_center_news >= 3.0  
- Call_151 is in [No]  
- Aware_151 is in [No] or [Yes] with high satisfaction ratings  
- Education is in [Bachelor, Master, Doctor]  
- Age is in [30-39, 40-49, 50-59, 60 and above]  
- Governorate is in [Capital, Mubarak AlKabir, AlAhmadi]  
- Gender is in [Female]  

---

Explanation:  
- From examples, calls with complaints and lower communication skills and doctor satisfaction are linked to "0" (not satisfied).  
- Higher communication skills and doctor satisfaction scores, with less frequent complaints or no prior calls, tend to "1" (satisfied).  
- Awareness and frequency of receiving news might have mixed effects but generally higher news frequency correlates with satisfaction.  
- Education and age show tendencies where more mature or educated clients might be more satisfied, possibly due to better understanding or expectations met.  
- Governorate and gender show mild tendencies but included as potential conditions consistent with examples.

---DIVIDER---

Answer:  
Step 1. The relationship between each feature and the task description:

- Gender: Satisfaction may not strongly depend on gender, but cultural or communication differences might exist.
- Age: Younger clients might have different expectations or satisfaction levels than older clients.
- Education: Higher education might correlate with higher expectations or better understanding of service.
- Nationality: Kuwaiti vs. other nationality might influence satisfaction due to language or cultural familiarity.
- Marital_Status: Possibly minor impact, but single vs. married might affect communication preferences.
- Governorate: Regional differences in service quality or access might influence satisfaction.
- Aware_151: Clients aware of the service might have better expectations and satisfaction.
- Call_151: Clients who actually called might have a direct experience affecting satisfaction.
- The_reason_of_the_call: Complaints likely correspond to lower satisfaction; Medical_Consultation or Vaccination might correlate with higher satisfaction.
- Call_center_employee_communication_skills_evaluation: Higher scores likely correlate positively with satisfaction.
- Satisfaction_with_the_doctors_response: Directly related to satisfaction; higher scores mean higher satisfaction.
- How_often_do_you_receive_call_center_news: More frequent updates might increase satisfaction by improving awareness.

---

Step 2. Based on the above examples and Step 1's results, infer 10 different conditions per answer class.

10 different conditions for class "0" (Client NOT satisfied):

- Call_center_employee_communication_skills_evaluation is < 3.0  
- Satisfaction_with_the_doctors_response is < 3.0  
- The_reason_of_the_call is in [Complaints]  
- Call_151 is Yes  
- Aware_151 is Yes and Call_151 is Yes  
- How_often_do_you_receive_call_center_news is <= 2.5  
- Nationality is Kuwaiti and Call_center_employee_communication_skills_evaluation < 3.0  
- Age is in [18-24, 25-29] and Satisfaction_with_the_doctors_response < 3.0  
- Education is in [High school, Less than high school] and Call_center_employee_communication_skills_evaluation < 3.0  
- Governorate is in [Farwaniya, Capital] and The_reason_of_the_call is Complaints  

10 different conditions for class "1" (Client satisfied):

- Call_center_employee_communication_skills_evaluation is >= 3.0  
- Satisfaction_with_the_doctors_response is >= 3.0  
- The_reason_of_the_call is in [Medical_Consultation, Vaccination, Inquiries, Inquiries_COVID19]  
- Call_151 is No  
- Aware_151 is No and Call_151 is No  
- How_often_do_you_receive_call_center_news is > 2.5  
- Gender is Male and Satisfaction_with_the_doctors_response >= 3.0  
- Age is in [18-24, 25-29] and Call_center_employee_communication_skills_evaluation >= 3.0  
- Education is in [Bachelor, Master, Doctor] and Satisfaction_with_the_doctors_response >= 3.0  
- Governorate is in [Capital, Around] and Call_center_employee_communication_skills_evaluation >= 3.0

---DIVIDER---

Answer:  
Step 1. The relationship between each feature and the task description:

- Gender: Unlikely to have a strong direct causal effect on satisfaction; possibly minor demographic correlation.  
- Age: Younger clients may have different expectations or experiences influencing satisfaction.  
- Education: Higher education might correlate with higher expectations or better understanding of service, affecting satisfaction.  
- Nationality: Local vs. other nationality might influence satisfaction due to language or cultural familiarity.  
- Marital_Status: Possibly minor effect; married or single might have different service needs or expectations.  
- Governorate: Regional differences in service quality or access could affect satisfaction.  
- Aware_151: Awareness of the service might increase satisfaction due to better understanding or use of services.  
- Call_151: Whether the client called the service might indicate engagement level; those who called might have stronger opinions (positive or negative).  
- The_reason_of_the_call: Reason for calling likely strongly affects satisfaction; complaints likely correlate with dissatisfaction, inquiries or vaccination might correlate with satisfaction.  
- Call_center_employee_communication_skills_evaluation: Higher scores likely strongly correlate with satisfaction.  
- Satisfaction_with_the_doctors_response: Higher scores likely strongly correlate with satisfaction.  
- How_often_do_you_receive_call_center_news: More frequent updates might increase satisfaction due to feeling informed.

---

Step 2. 10 different conditions for class "0" (client not satisfied):

- The_reason_of_the_call is in [Complaints]  
- Call_center_employee_communication_skills_evaluation <= 2.5  
- Satisfaction_with_the_doctors_response < 3.0  
- Call_151 is in [Yes]  
- Aware_151 is in [Yes] and Call_center_employee_communication_skills_evaluation < 3.0  
- How_often_do_you_receive_call_center_news <= 2.5  
- Age is in [18-24, 25-29] and Satisfaction_with_the_doctors_response < 3.0  
- Education is in [High school, Less than high school] and Call_center_employee_communication_skills_evaluation <= 2.5  
- Governorate is in [Around, Farwaniya] and The_reason_of_the_call is Complaints  
- Gender is in [Male] and Call_center_employee_communication_skills_evaluation < 2.5  

10 different conditions for class "1" (client satisfied):

- Call_center_employee_communication_skills_evaluation >= 3.0  
- Satisfaction_with_the_doctors_response >= 3.0  
- The_reason_of_the_call is in [Inquiries, Vaccination, Medical_Consultation, Inquiries_COVID19]  
- How_often_do_you_receive_call_center_news > 2.5  
- Call_151 is in [No] and The_reason_of_the_call is Complaints  
- Aware_151 is in [No] and Satisfaction_with_the_doctors_response >= 3.0  
- Age is in [30-39, 40-49, 50-59, 60 and above] and Call_center_employee_communication_skills_evaluation >= 3.0  
- Education is in [Bachelor, Master, Doctor] and Satisfaction_with_the_doctors_response >= 3.0  
- Governorate is in [Capital, AlAhmadi, Mubarak AlKabir] and Call_center_employee_communication_skills_evaluation >= 3.0  
- Gender is in [Female] and Satisfaction_with_the_doctors_response >= 3.0

---DIVIDER---

Answer:  
Step 1. The relationship between each feature and the task description:

- Gender: Generally, gender itself may not strongly influence satisfaction but could have minor cultural or communication style implications.  
- Age: Younger clients (e.g., 18-24) might have different expectations or tolerance levels compared to older clients.  
- Education: Higher education might correlate with higher expectations or more critical evaluations.  
- Nationality: Local clients (Kuwaiti) might have different satisfaction patterns compared to others due to familiarity or expectations.  
- Marital_Status: Possibly minor effect, but married or single clients might have different perceptions or communication needs.  
- Governorate: Regional differences could reflect service quality or accessibility variations.  
- Aware_151: Being aware of the service might increase satisfaction due to better understanding of service scope.  
- Call_151: Having called the service might correlate with satisfaction or dissatisfaction depending on experience.  
- The_reason_of_the_call: Reason for calling (e.g., complaints vs inquiries) likely strongly affects satisfaction; complaints likely correlate with dissatisfaction.  
- Call_center_employee_communication_skills_evaluation: Higher values likely correlate positively with satisfaction.  
- Satisfaction_with_the_doctors_response: Higher values strongly correlate with satisfaction.  
- How_often_do_you_receive_call_center_news: Higher frequency might correlate with better information and higher satisfaction.

---

Step 2. Based on the above examples and Step 1's results, infer 10 different conditions per answer.

10 different conditions for class "0" (client NOT satisfied):  
- The_reason_of_the_call is Complaints  
- Call_center_employee_communication_skills_evaluation <= 3.0  
- Satisfaction_with_the_doctors_response < 3.0  
- Call_151 is Yes  
- Aware_151 is Yes  
- Gender is Male  
- Age is in [18-24, 25-29]  
- Education is in [High school, Bachelor]  
- How_often_do_you_receive_call_center_news < 3.0  
- Governorate is in [Farwaniya, Around]

10 different conditions for class "1" (client satisfied):  
- The_reason_of_the_call is Complaints  
- Call_center_employee_communication_skills_evaluation >= 3.0  
- Satisfaction_with_the_doctors_response >= 3.0  
- Call_151 is No  
- Aware_151 is No  
- Gender is Male  
- Age is 18-24  
- Education is High school  
- How_often_do_you_receive_call_center_news >= 2.0  
- Governorate is in [Capital, Farwaniya]

---

Explanation:  
- Both classes appear with the reason "Complaints," but satisfaction is distinguished by communication skills evaluation and satisfaction with doctors' response scores.  
- Calling the service (Call_151) correlates with dissatisfaction in examples, while not calling correlates with satisfaction.  
- Awareness of the service (Aware_151) is mixed but tends to associate with dissatisfaction in examples.  
- Governorate shows some variation but Farwaniya appears in both classes, so combined with other features it helps.  
- Gender and age are mostly Male and 18-24 in examples, so less discriminative but included for completeness.  
- Education is mostly High school or Bachelor in examples, again less discriminative but included.  
- Frequency of receiving news tends to be higher in satisfied clients.

---DIVIDER---

Answer:  
Step 1. The relationship between each feature and the task description:  

- Gender: Generally, gender may not strongly influence satisfaction, but there could be slight tendencies in communication preferences or expectations.  
- Age: Different age groups might have varying expectations and tolerance levels, e.g., younger clients may be less satisfied if expectations are unmet.  
- Education: Higher education might correlate with higher expectations and thus potentially lower satisfaction, or better understanding leading to higher satisfaction.  
- Nationality: Cultural or service expectation differences might affect satisfaction levels.  
- Marital_Status: Possibly minor influence, but married clients may have different concerns or expectations.  
- Governorate: Regional differences in service quality or accessibility might affect satisfaction.  
- Aware_151: Awareness of the service might increase satisfaction due to better understanding or usage.  
- Call_151: Clients who actually called the service might have stronger opinions (positive or negative) based on their experience.  
- The_reason_of_the_call: Reason for calling (e.g., complaints vs inquiries) strongly influences satisfaction; complaints likely correlate with dissatisfaction.  
- Call_center_employee_communication_skills_evaluation: Higher scores in communication skills likely correlate positively with satisfaction.  
- Satisfaction_with_the_doctors_response: Directly related to satisfaction; higher satisfaction with response likely means overall satisfaction.  
- How_often_do_you_receive_call_center_news: More frequent updates might increase satisfaction due to feeling informed and valued.  

Step 2. Based on the above examples and Step 1's results, infer 10 different conditions per answer:  

10 different conditions for class "0" (client not satisfied):  
- The_reason_of_the_call is Complaints  
- Call_center_employee_communication_skills_evaluation < 3.0  
- Satisfaction_with_the_doctors_response < 3.0  
- Call_151 is Yes  
- Aware_151 is Yes and Call_151 is Yes  
- How_often_do_you_receive_call_center_news <= 2.5  
- Age is in [18-24, 25-29] and The_reason_of_the_call is Complaints  
- Education is in [High school, Bachelor] and Satisfaction_with_the_doctors_response < 3.0  
- Governorate is Farwaniya and Call_center_employee_communication_skills_evaluation < 3.0  
- Gender is Male and The_reason_of_the_call is Complaints and Satisfaction_with_the_doctors_response < 3.0  

10 different conditions for class "1" (client satisfied):  
- Satisfaction_with_the_doctors_response >= 3.0  
- Call_center_employee_communication_skills_evaluation >= 3.0  
- The_reason_of_the_call is in [Inquiries, Medical_Consultation, Vaccination]  
- Call_151 is No and The_reason_of_the_call is Complaints and Satisfaction_with_the_doctors_response >= 3.0  
- How_often_do_you_receive_call_center_news > 2.5  
- Aware_151 is No and Call_151 is No and Satisfaction_with_the_doctors_response >= 3.0  
- Age is in [18-24, 25-29] and Call_center_employee_communication_skills_evaluation >= 3.0  
- Education is High school and Satisfaction_with_the_doctors_response >= 3.0  
- Governorate is Capital and Call_center_employee_communication_skills_evaluation >= 3.0  
- Gender is Male and The_reason_of_the_call is Complaints and Satisfaction_with_the_doctors_response >= 3.0