Answer:  
Step 1. The relationship between each feature and the task description:

- Relationship between father and newborn: A good or very good relationship likely reduces risk of postpartum depression; neutral or bad relationships may increase risk.  
- Angry after latest childbirth: Feeling angry after childbirth may indicate emotional distress, increasing risk of postpartum depression.  
- Addiction: Addictions (smoking, drinking, drugs) can be stressors or coping mechanisms linked with higher depression risk.  
- Monthly income before latest pregnancy: Low income or no income may correlate with higher stress and risk of depression; higher income may be protective.  
- Relationship with the newborn: A good or very good relationship suggests bonding and lower depression risk; bad or neutral may increase risk.  
- Need for Support: High or medium need for support suggests vulnerability and possible depression; low or no need suggests better mental health.  
- Age of newborn: Younger newborns (0 to 6 months) may be associated with higher risk due to adjustment period; older babies may correlate with decreased risk.  
- Number of the latest pregnancy: First or second pregnancy might have different stress levels; higher number could mean experience or more stress depending on context.  
- Age: Younger or older maternal age may affect risk; typically, very young mothers or older mothers might have higher risk.  
- Mode of delivery: Caesarean section may be linked with more physical and emotional stress, possibly increasing depression risk compared to normal delivery.  

---

Step 2. 10 different conditions for class "0" (No postpartum depression):  
- Angry after latest child birth is No  
- Need for Support is No  
- Relationship with the newborn is in [Good, Very good]  
- Relationship between father and newborn is in [Good, Very good]  
- Age of newborn is in [Older than 1.5 year, 1 year to 1.5 year, 6 months to 1 year]  
- Monthly income before latest pregnancy is in [No, 10000 to 20000, 20000 to 30000, More than 30000]  
- Addiction is No  
- Number of the latest pregnancy is >= 2  
- Age is within range [25, 35]  
- Mode of delivery is in [Caesarean Section, Normal Delivery]  

10 different conditions for class "1" (Yes postpartum depression):  
- Angry after latest child birth is Yes  
- Need for Support is in [Low, Medium]  
- Relationship with the newborn is Good (but combined with other risk factors)  
- Relationship between father and newborn is in [Neutral, Good] (not Very good)  
- Age of newborn is in [0 to 6 months, 6 months to 1 year]  
- Monthly income before latest pregnancy is in [No, Less than 5000, 5000 to 10000]  
- Addiction is No (based on examples, addiction is mostly No in both classes, so not a strong predictor here)  
- Number of the latest pregnancy is <= 2  
- Age is within range [22, 30]  
- Mode of delivery is in [Normal Delivery, Caesarean Section] (no clear difference, but present in examples)  

---

Summary:  
Class 0 (No postpartum depression) is characterized by no anger after childbirth, good or very good relationships with newborn and father, older newborn age, no or higher income, no addiction, more pregnancies, and middle maternal age.  
Class 1 (Yes postpartum depression) is characterized by anger after childbirth, some need for support (low or medium), younger newborn age, lower income, fewer pregnancies, and younger maternal age.

---DIVIDER---

Step 1. The relationship between each feature and the task description (postpartum depression):

- Relationship with the in-laws: Poor or Bad relationships may increase stress and risk of postpartum depression; Good or Friendly relationships may be protective.
- Relationship with husband: A Bad or Poor relationship likely increases risk of postpartum depression; Good or Friendly relationships are protective.
- Age of immediate older children: Having very young older children (1yr to 3yr) may increase caregiving burden and stress, possibly increasing risk; No older children or older children (13yr or more) may reduce stress.
- Relationship with the newborn: A Bad or Neutral relationship with the newborn may indicate bonding issues and higher risk of postpartum depression; Good or Very good relationships are protective.
- Birth compliancy: Complications during birth (Yes) may increase risk of postpartum depression.
- Monthly income before latest pregnancy: Low income (Less than 5000, 5000 to 10000) may increase stress and risk; higher income (More than 30000) is protective.
- History of pregnancy loss: History of miscarriage or still-born delivery may increase risk of postpartum depression.
- Current monthly income: Similar to before pregnancy income, low current income may increase risk.
- Need for Support: High or Medium need for support may indicate distress and higher risk; Low or No need indicates less risk.
- Pregnancy plan: Unplanned pregnancy (No) may increase risk; planned pregnancy (Yes) is protective.

---

Step 2. Based on the examples and Step 1, infer 10 different conditions per answer class:

10 different conditions for class "0" (No postpartum depression):
- Relationship with the in-laws is in [Good, Friendly, Neutral]
- Relationship with husband is in [Good, Friendly, Neutral]
- Relationship with the newborn is in [Good, Very good]
- Birth compliancy is No
- Need for Support is in [No, Low]
- Pregnancy plan is Yes
- History of pregnancy loss is No
- Monthly income before latest pregnancy is in [More than 30000, 20000 to 30000, No]
- Current monthly income is in [More than 30000, 20000 to 30000, No]
- Age of immediate older children is in [No, 4yr to 6yr, 7yr to 12yr, 13yr or more]

10 different conditions for class "1" (Has postpartum depression):
- Relationship with the in-laws is in [Bad, Poor]
- Relationship with husband is in [Bad, Poor, Neutral]
- Relationship with the newborn is in [Neutral, Bad]
- Birth compliancy is Yes
- Need for Support is in [Medium, High]
- Pregnancy plan is No
- History of pregnancy loss is in [Miscarriage, Still-born Delivery]
- Monthly income before latest pregnancy is in [Less than 5000, 5000 to 10000, No]
- Current monthly income is in [Less than 5000, 5000 to 10000, No]
- Age of immediate older children is in [No, 1yr to 3yr]

---

These conditions align with the examples and general knowledge about postpartum depression risk factors.

---DIVIDER---

Answer:

Step 1. The relationship between each feature and the task description:

- Relationship with the newborn: A good or very good relationship likely reduces risk of postpartum depression; a bad or neutral relationship may increase risk.
- Number of household members: Smaller households (2 to 5) may mean less social support, potentially increasing risk; larger households (6 to 8 or 9+) may provide more support, reducing risk.
- Husband's education level: Higher education (University, College) may correlate with better support and awareness, reducing risk; lower education levels may increase risk.
- Angry after latest childbirth: Feeling angry after childbirth may be a sign or risk factor of postpartum depression.
- Mode of delivery: Normal delivery or Caesarean may have different psychological impacts; some evidence suggests Caesarean might increase risk but data here is mixed.
- Major changes or losses during pregnancy: Experiencing major changes or losses is a stressor likely increasing risk.
- Gender of newborn: May have cultural or personal impact, but no clear strong direct effect on postpartum depression risk.
- Regular checkups: Having regular medical checkups may indicate better prenatal care and support, reducing risk.
- Age of newborn: Early postpartum period (0 to 6 months) is the highest risk time for postpartum depression.
- Fear of pregnancy: Fear or anxiety related to pregnancy can increase risk of postpartum depression.

Step 2. Based on the above examples and Step 1's results, infer 10 different conditions per answer:

10 different conditions for class "0" (No postpartum depression):
- Relationship with the newborn is in [Good, Very good]
- Number of household members is in [6 to 8, 9 or more]
- Husband's education level is in [University, College]
- Angry after latest child birth is No
- Major changes or losses during pregnancy is Yes
- Regular checkups is Yes
- Age of newborn is in [Older than 1.5 year, 1 year to 1.5 year]
- Fear of pregnancy is Yes
- Mode of delivery is Caesarean Section
- Relationship with the newborn is Very good

10 different conditions for class "1" (Has postpartum depression):
- Relationship with the newborn is Good
- Number of household members is 2 to 5
- Husband's education level is University or College (seen both)
- Angry after latest child birth is Yes
- Major changes or losses during pregnancy is No
- Regular checkups is Yes or No (mostly Yes in examples)
- Age of newborn is in [0 to 6 months, 6 months to 1 year]
- Fear of pregnancy is Yes or No (both appear, but more Yes)
- Mode of delivery is Normal Delivery
- Relationship with the newborn is Good and Angry after latest child birth is Yes

---

Explanation:

- "No" class examples mostly have very good/good relationship, larger households, no anger after childbirth, sometimes major changes/losses, and older newborns.
- "Yes" class examples mostly have good (not very good) relationship, smaller households, anger after childbirth, no major changes/losses, younger newborns, and normal delivery.
- Fear of pregnancy and regular checkups appear mixed for "Yes" but often Yes fear and Yes checkups.
- Angry after childbirth is a strong indicator for class 1.
- Mode of delivery: Normal delivery more associated with class 1, Caesarean with class 0, but not exclusive.

These conditions summarize the tendencies and match the examples given.

---DIVIDER---

Answer:  
Step 1. The relationship between each feature and the task description:

- Trust and share feelings: Patients who cannot trust and share feelings may feel isolated and vulnerable, increasing the risk of postpartum depression (PPD).  
- Regular checkups: Regular prenatal checkups may indicate better health monitoring and support, potentially reducing PPD risk. Lack of checkups may increase risk.  
- Abuse: Experiencing abuse is a strong risk factor for PPD due to trauma and stress.  
- Newborn illness: A sick newborn may increase maternal stress and anxiety, raising PPD risk.  
- Age of immediate older children: Having young children (especially toddlers) may increase stress and reduce available support, potentially increasing PPD risk. Older children or no other children might reduce stress.  
- Relationship between father and newborn: A good relationship may provide emotional support and reduce PPD risk; a bad or neutral relationship may increase risk.  
- Relationship with husband: A good or friendly relationship may protect against PPD, while bad, poor, or neutral relationships may increase risk.  
- Pregnancy plan: Unplanned pregnancies may be associated with higher stress and PPD risk. Planned pregnancies may reduce risk.  
- Residence: Living in a city might provide better access to healthcare and social support, possibly reducing PPD risk compared to village residence.  
- Age: Younger or older maternal age might influence PPD risk, with some evidence suggesting younger mothers may be at higher risk.

---

Step 2. Based on Step 1 and the examples, infer 10 different conditions per answer class:

10 different conditions for class "0" (No postpartum depression):  
- Trust and share feelings is Yes  
- Regular checkups is Yes  
- Abuse is Yes or No (both appear in examples, so abuse alone does not determine)  
- Newborn illness is No or Yes (both appear)  
- Age of immediate older children is No or 1yr to 3yr or 4yr to 6yr or 7yr to 12yr (all appear)  
- Relationship between father and newborn is Good or Neutral or Very good  
- Relationship with husband is Good or Friendly or Neutral  
- Pregnancy plan is Yes or No  
- Residence is City or Village  
- Age is within range [22, 33] (from examples)  

More specific conditions extracted from examples:  
- Trust and share feelings is Yes AND Relationship with husband is Good or Friendly  
- Trust and share feelings is Yes AND Regular checkups is Yes  
- Relationship with husband is Good or Friendly AND Pregnancy plan is Yes  
- Relationship between father and newborn is Good or Very good AND Abuse is Yes or No  
- Trust and share feelings is Yes AND Abuse is Yes or No AND Residence is City or Village  
- Trust and share feelings is Yes AND Newborn illness is No AND Relationship with husband is Neutral or Good  
- Age of immediate older children is 1yr to 3yr or 4yr to 6yr AND Trust and share feelings is Yes  
- Trust and share feelings is Yes AND Relationship with husband is Neutral AND Pregnancy plan is Yes  
- Regular checkups is Yes AND Trust and share feelings is Yes  
- Relationship with husband is Neutral or Good AND Trust and share feelings is Yes  

Summarized 10 conditions for class 0:  
- Trust and share feelings is Yes  
- Regular checkups is Yes  
- Relationship with husband is in [Good, Friendly, Neutral]  
- Relationship between father and newborn is in [Good, Neutral, Very good]  
- Pregnancy plan is Yes or No  
- Abuse is Yes or No  
- Newborn illness is Yes or No  
- Age of immediate older children is in [No, 1yr to 3yr, 4yr to 6yr, 7yr to 12yr]  
- Residence is in [City, Village]  
- Age is within range [22, 33]  

---

10 different conditions for class "1" (Yes postpartum depression):  
From examples, class 1 patients mostly have:  
- Trust and share feelings is No OR  
- Relationship with husband is Bad or Neutral or Poor  
- Pregnancy plan is No or Yes (mostly No in some examples)  
- Abuse is No or Yes (both appear)  
- Newborn illness is No or Yes (both appear)  
- Age of immediate older children is No or 4yr to 6yr or 7yr to 12yr or 13yr or more (mostly older children or no children)  
- Relationship between father and newborn is Good or Neutral  
- Regular checkups is Yes or No  
- Residence is City or Village  
- Age is within range [22, 36]  

More specific conditions derived from examples:  
- Trust and share feelings is No AND Regular checkups is Yes  
- Relationship with husband is Bad or Neutral or Poor  
- Age of immediate older children is 13yr or more or No  
- Pregnancy plan is No  
- Trust and share feelings is Yes AND Regular checkups is No AND Relationship with husband is Neutral or Bad  
- Trust and share feelings is No AND Newborn illness is Yes  
- Trust and share feelings is No AND Abuse is No  
- Trust and share feelings is Yes AND Regular checkups is No AND Newborn illness is No AND Relationship with husband is Neutral  
- Relationship with husband is Bad AND Pregnancy plan is No  
- Trust and share feelings is No AND Relationship with husband is Good AND Age of immediate older children is 4yr to 6yr  

Summarized 10 conditions for class 1:  
- Trust and share feelings is No  
- Relationship with husband is in [Bad, Neutral, Poor]  
- Pregnancy plan is No  
- Regular checkups is Yes or No  
- Age of immediate older children is in [No, 4yr to 6yr, 7yr to 12yr, 13yr or more]  
- Newborn illness is Yes or No  
- Abuse is Yes or No  
- Relationship between father and newborn is in [Good, Neutral]  
- Residence is in [City, Village]  
- Age is within range [22, 36]  

---

Final formatted conditions:

10 different conditions for class "0":  
- Trust and share feelings is Yes  
- Regular checkups is Yes  
- Relationship with husband is in [Good, Friendly, Neutral]  
- Relationship between father and newborn is in [Good, Neutral, Very good]  
- Pregnancy plan is Yes or No  
- Abuse is Yes or No  
- Newborn illness is Yes or No  
- Age of immediate older children is in [No, 1yr to 3yr, 4yr to 6yr, 7yr to 12yr]  
- Residence is in [City, Village]  
- Age is within range [22, 33]  

10 different conditions for class "1":  
- Trust and share feelings is No  
- Relationship with husband is in [Bad, Neutral, Poor]  
- Pregnancy plan is No  
- Regular checkups is Yes or No  
- Age of immediate older children is in [No, 4yr to 6yr, 7yr to 12yr, 13yr or more]  
- Newborn illness

---DIVIDER---

Answer:  
Step 1. The relationship between each feature and the task description:

- Feeling for regular activities: Patients feeling "No" (no energy or motivation), "Worried," or "Afraid" are more likely to have postpartum depression, while "Tired" might be less indicative or neutral.
- Occupation before latest pregnancy: Being a Housewife or Student might correlate with higher risk due to social isolation or stress; Doctors or Teachers might have lower risk due to better awareness/support.
- Received Support: Low support is strongly associated with postpartum depression; high support is protective.
- Current monthly income: Lower or no income may increase risk due to financial stress.
- Disease before pregnancy: Chronic or Non-Chronic diseases might increase risk due to health burdens.
- Education Level: Lower education may increase risk due to less knowledge/access to resources; however, some examples show university education with depression, so this may be less strong.
- Mode of delivery: Caesarean Section might be associated with higher risk due to complications or recovery issues.
- Relationship with the newborn: Bad or Neutral relationships increase risk; Good or Very good relationships are protective.
- Addiction: Presence of addiction (Smoking, Drinking, Drugs) likely increases risk.
- Fear of pregnancy: Yes is associated with higher risk due to anxiety and stress.

---

Step 2. Based on the above and examples, infer 10 different conditions per answer:

10 different conditions for class "0" (No postpartum depression):
- Feeling for regular activities is in [Tired, Worried, Afraid, No] but mostly not "No" alone with other risk factors.
- Occupation before latest pregnancy is in [Housewife, Doctor, Teacher]
- Received Support is in [High, Medium]
- Current monthly income is in [No, 20000 to 30000, More than 30000]
- Disease before pregnancy is in [No, Non-Chronic Disease]
- Education Level is in [University, College, Primary school, High School]
- Mode of delivery is in [Normal Delivery, Caesarean Section]
- Relationship with the newborn is in [Good, Very good]
- Addiction is No
- Fear of pregnancy is No or Yes (mostly No)

10 different conditions for class "1" (Has postpartum depression):
- Feeling for regular activities is No
- Occupation before latest pregnancy is in [Housewife, Student, Teacher]
- Received Support is Low
- Current monthly income is in [No, Less than 5000, 5000 to 10000]
- Disease before pregnancy is in [Chronic Disease, Non-Chronic Disease]
- Education Level is in [University, College, High School]
- Mode of delivery is in [Normal Delivery, Caesarean Section]
- Relationship with the newborn is Good (somewhat counterintuitive but seen in examples)
- Addiction is No
- Fear of pregnancy is Yes

---

More precisely, the conditions can be written as:

10 different conditions for class "0":
- Received Support is in [High, Medium]
- Relationship with the newborn is in [Good, Very good]
- Feeling for regular activities is in [Tired, Worried, Afraid]
- Occupation before latest pregnancy is in [Housewife, Doctor, Teacher]
- Disease before pregnancy is in [No, Non-Chronic Disease]
- Current monthly income is in [No, 20000 to 30000, More than 30000]
- Addiction is No
- Education Level is in [University, College, Primary school, High School]
- Mode of delivery is in [Normal Delivery, Caesarean Section]
- Fear of pregnancy is No

10 different conditions for class "1":
- Received Support is Low
- Feeling for regular activities is No
- Fear of pregnancy is Yes
- Occupation before latest pregnancy is in [Housewife, Student, Teacher]
- Current monthly income is in [No, Less than 5000, 5000 to 10000]
- Disease before pregnancy is in [Chronic Disease, Non-Chronic Disease]
- Education Level is in [University, College, High School]
- Mode of delivery is in [Normal Delivery, Caesarean Section]
- Relationship with the newborn is Good
- Addiction is No