Answer:  
Step 1. The relationship between each feature and the task description:

- Temperature: Higher temperatures generally increase the risk of machine failure due to overheating or stress on components.  
- Vibration: Increased vibration levels typically indicate mechanical issues or imbalance, raising failure risk.  
- Power_Usage: Abnormal power consumption (too high or too low) can signal malfunction or inefficiency, increasing failure risk.  
- Humidity: High humidity can cause corrosion or electrical issues, increasing failure risk.  
- Machine_Type: Different machines have different tolerances and failure modes; some types may be more prone to failure under certain conditions.

---

Step 2. Based on the above examples and Step 1's results, infer 10 different conditions per answer:

10 different conditions for class "0":  
- Temperature < 60  
- Temperature is within range of [50, 60]  
- Vibration < 50  
- Power_Usage < 10  
- Power_Usage is within range of [5, 12]  
- Humidity < 30  
- Humidity is within range of [20, 32]  
- Machine_Type is in [Drill]  
- Temperature < 65 and Machine_Type is Drill  
- Power_Usage < 12 and Vibration < 50  

10 different conditions for class "1":  
- Temperature >= 60  
- Temperature is within range of [50, 95] and Machine_Type is Mill  
- Vibration >= 50  
- Power_Usage > 10  
- Humidity > 25  
- Temperature > 90  
- Machine_Type is in [Mill]  
- Temperature >= 50 and Power_Usage > 10  
- Temperature > 55 and Machine_Type is Mill  
- Temperature >= 60 and Vibration >= 50  

---

These conditions align with the examples:  
- The two "0" answers have Temperature below ~65, Vibration below 50, and Machine_Type Drill.  
- The two "1" answers have Temperature above 50 (one is very high ~92), Machine_Type Mill, and Power_Usage above 10.

---DIVIDER---

Answer:  
Step 1. The relationship between each feature and the task description:

- Temperature: Higher temperatures in industrial machines often indicate overheating, which can lead to failure risk. Thus, higher temperature generally correlates with higher risk of failure.
- Vibration: Elevated vibration levels usually signal mechanical issues or wear, increasing the likelihood of failure.
- Power_Usage: Abnormal power consumption (either too high or too low relative to normal operation) can indicate malfunction or inefficiency, potentially signaling risk.
- Humidity: High humidity in the operating environment can cause corrosion or electrical issues, increasing failure risk.
- Machine_Type: Different machines have different operational thresholds and failure modes; certain types might be more prone to failure under specific conditions.

---

10 different conditions for class "0":  
- Temperature < 60  
- Vibration < 49  
- Power_Usage < 10  
- Humidity < 30  
- Machine_Type is in [Drill]  
- Temperature is within range of [50, 60] and Power_Usage < 7  
- Vibration is within range of [45, 49] and Humidity < 28  
- Machine_Type is in [Drill] and Temperature < 65  
- Power_Usage is within range of [5, 8] and Vibration < 50  
- Humidity is within range of [20, 30] and Temperature < 60  

10 different conditions for class "1":  
- Temperature >= 90  
- Temperature >= 50 and Machine_Type is in [Mill]  
- Power_Usage >= 10  
- Vibration >= 49  
- Humidity >= 23 and Temperature >= 50  
- Machine_Type is in [Mill] and Power_Usage >= 10  
- Temperature is within range of [50, 95] and Vibration >= 49  
- Machine_Type is in [Mill] and Humidity < 30 and Temperature >= 50  
- Power_Usage >= 12 and Temperature >= 90  
- Vibration >= 50 and Temperature >= 50 and Machine_Type is in [Mill]  

---

These conditions are inferred by combining the example data and general domain knowledge, capturing thresholds and interactions that indicate risk or no risk of failure.

---DIVIDER---

Answer:  
Step 1. The relationship between each feature and the task description:

- Temperature: Higher temperatures generally indicate overheating or stress on the machine, increasing risk of failure.  
- Vibration: Higher vibration levels often signal mechanical issues or imbalances, increasing failure risk.  
- Power_Usage: Abnormal (usually higher) power consumption can indicate malfunction or inefficiency, increasing failure risk.  
- Humidity: Higher humidity can cause corrosion or electrical issues, raising failure risk.  
- Machine_Type: Different machine types may have different baseline operating conditions and susceptibility to failure.

Step 2. Based on the above examples and Step 1's results, infer 10 different conditions per answer.

10 different conditions for class "0":  
- Temperature < 70  
- Temperature is within range of [50, 70]  
- Vibration < 50  
- Vibration is within range of [45, 50)  
- Power_Usage < 10  
- Power_Usage is within range of [5, 10)  
- Humidity < 30  
- Humidity is within range of [20, 30)  
- Machine_Type is in [Drill]  
- Machine_Type is in [Drill, Lathe]

10 different conditions for class "1":  
- Temperature >= 90  
- Temperature is within range of [85, 100]  
- Vibration >= 50  
- Vibration is within range of [50, 60]  
- Power_Usage >= 10  
- Power_Usage is within range of [10, 15]  
- Humidity >= 25  
- Humidity is within range of [25, 35]  
- Machine_Type is in [Mill]  
- Machine_Type is in [Mill, Lathe]

---

Explanation:  
From the examples, the "1" class examples have higher temperature (above 50 and up to 92+), vibration around 50+, power usage above 10, and humidity around 25+. The "0" class examples have temperature around mid-50s to mid-60s, vibration slightly below 50, power usage below 10 or around 12 but with lower temperature and humidity, and machine type Drill. The Mill machine type seems associated with risk "1" in the examples given.

---DIVIDER---

Answer:  
Step 1. The relationship between each feature and the task description:

- Temperature: Higher temperatures generally indicate overheating or stress in industrial machines, which increases the risk of failure.  
- Vibration: Increased vibration levels often signal mechanical issues or wear, raising failure risk.  
- Power_Usage: Abnormal power consumption (either too high or too low) can indicate malfunction or inefficiency, suggesting risk of failure.  
- Humidity: High humidity in the environment can cause corrosion or electrical faults, increasing failure risk. Low humidity is less risky.  
- Machine_Type: Different machine types may have different failure thresholds or typical operating ranges; e.g., Mills may be more prone to failure at high temperatures compared to Drills.

---

Step 2. Based on the above and the examples provided, inferred conditions:

10 different conditions for class "0" (No risk of failure):  
- Temperature < 70  
- Vibration < 50  
- Power_Usage < 10  
- Humidity is within range of [20, 35]  
- Machine_Type is in [Drill]  
- Temperature is within range of [50, 70] and Power_Usage < 10  
- Vibration < 50 and Machine_Type is Drill  
- Temperature < 60 and Humidity < 30  
- Power_Usage is within range of [5, 12] and Temperature < 70  
- Machine_Type is Drill and Humidity < 35  

10 different conditions for class "1" (At risk of failure):  
- Temperature >= 90  
- Vibration >= 50  
- Power_Usage >= 10  
- Humidity < 30  
- Machine_Type is in [Mill]  
- Temperature >= 80 and Machine_Type is Mill  
- Power_Usage >= 10 and Vibration >= 50  
- Temperature >= 90 and Power_Usage >= 10  
- Machine_Type is Mill and Humidity < 30  
- Temperature >= 85 and Vibration >= 50  

---

These conditions align with the examples where Mills with high temperature and power usage are at risk (class 1), while Drills with lower temperature and power usage are not at risk (class 0).

---DIVIDER---

Answer:  
Step 1. The relationship between each feature and the task description:

- Temperature: Higher temperature generally indicates overheating, which increases the risk of machine failure. So, higher temperature → higher risk.
- Vibration: High vibration levels often signal mechanical issues or imbalance, increasing failure risk. So, higher vibration → higher risk.
- Power_Usage: Abnormal power usage (either too high or too low) can indicate malfunction or inefficiency, implying increased failure risk.
- Humidity: High humidity can cause corrosion or electrical issues, increasing failure risk.
- Machine_Type: Different machines may have different baseline thresholds for risk; for example, Mills might operate at higher temperatures and power usage than Drills or Lathes, affecting risk assessment.

Step 2. Based on the above examples and Step 1's results, infer 10 different conditions per answer:

10 different conditions for class "0" (No risk of failure):
- Temperature < 70
- Vibration < 50
- Power_Usage < 10
- Humidity < 30
- Machine_Type is in [Drill, Lathe]
- Temperature is within range [50, 70]
- Power_Usage is within range [5, 10]
- Vibration is within range [45, 50]
- Humidity is within range [20, 30]
- Machine_Type is Drill and Temperature < 70

10 different conditions for class "1" (At risk of failure):
- Temperature >= 90
- Vibration >= 50
- Power_Usage >= 10
- Humidity >= 25
- Machine_Type is Mill
- Temperature is within range [90, 100]
- Power_Usage is within range [10, 15]
- Vibration is within range [50, 55]
- Humidity is within range [25, 35]
- Machine_Type is Mill and Temperature >= 90