Answer:  
Step 1. The relationship between each feature and the task description:

- **social_connection_frequency**: Higher frequency (Daily, Weekly) likely indicates maintaining friendships actively, including long-distance calls; lower frequency (Monthly, Never) suggests less maintenance.  
- **gathering_size_preference**: Preference for small gatherings or both might indicate closer, more personal relationships conducive to long-distance calls; preference for large events or never may indicate less intimate or less frequent contact.  
- **valued_friendship_traits**: Valuing Support, Loyalty, or combinations (All, All the three and trust) suggests deeper connections, possibly maintained via calls; Honesty alone may not strongly correlate.  
- **conflict_resolution_style**: Styles like Talk it out or Apologize first indicate open communication, which supports maintaining friendships via calls; Avoid conflict or Let time fix it may indicate less direct communication.  
- **family_support_level**: Higher family support (Yes, Sometimes) may correlate with better social skills or motivation to maintain friendships; No or Never might indicate less social engagement.  
- **social_battery_recharge**: Preferring Talking to someone suggests a person enjoys verbal/social interaction, likely to maintain friendships via calls; Alone time or None of the above may indicate less inclination to call friends.  
- **social_orientation_type**: Ambivert or Extrovert likely more socially active and maintain friendships via calls; Introverts or Not sure may be less likely.  
- **social_anxiety_level**: Excited or Neutral indicates comfort with social interaction, supporting calls; Nervous or Avoid it suggests reluctance to call.  
- **emotional_expression_method**: Talking openly or Express emotion strongly indicates willingness to communicate, supporting calls; Stay silent or Other may indicate less communication.  
- **primary_anger_sources**: Not strongly related but being triggered by Being interrupted or Unnecessary criticism may indicate sensitivity that could affect communication frequency.

---

Step 2. Based on the above and examples, infer conditions per answer:

10 different conditions for class "0":  
- social_connection_frequency is in [Monthly, Never]  
- gathering_size_preference is in [Large events, Never]  
- valued_friendship_traits is Honesty  
- conflict_resolution_style is in [Avoid conflict, Let time fix it]  
- family_support_level is in [No, Never]  
- social_battery_recharge is None of the above  
- social_orientation_type is Not sure  
- social_anxiety_level is in [Nervous, Avoid it]  
- emotional_expression_method is Stay silent  
- primary_anger_sources is in [Being interrupted, Unnecessary criticism]

10 different conditions for class "1":  
- social_connection_frequency is in [Daily, Weekly]  
- gathering_size_preference is in [Small gatherings, Both]  
- valued_friendship_traits is in [Support, Loyalty, All, All the three and trust]  
- conflict_resolution_style is in [Talk it out, Apologize first]  
- family_support_level is in [Yes, Sometimes]  
- social_battery_recharge is Talking to someone or Alone time  
- social_orientation_type is in [Extrovert, Ambivert]  
- social_anxiety_level is in [Excited, Neutral]  
- emotional_expression_method is in [Talk openly, Express emotion strongly]  
- primary_anger_sources is Injustice

---

These conditions align with the examples and common social behavior patterns related to maintaining long-distance friendships through calls.

---DIVIDER---

Answer:  
Step 1. The relationship between each feature and the task description:

- **social_connection_frequency**: More frequent social connection (Daily or Weekly) suggests active maintenance of friendships, including long-distance ones via calls; less frequent (Monthly, Never) suggests less active maintenance.  
- **gathering_size_preference**: Preference for Small gatherings may indicate closer, more intimate relationships, possibly maintained through calls; preference for Large events or Never may indicate less personal connection or less effort in maintaining friendships.  
- **valued_friendship_traits**: Valuing Support or Loyalty may motivate maintaining long-distance friendships; Honesty alone or traits not related to emotional closeness might reduce motivation.  
- **conflict_resolution_style**: "Talk it out" and "Apologize first" indicate proactive communication, which supports maintaining long-distance friendships; "Avoid conflict" or "Let time fix it" suggest less direct communication, possibly less maintenance.  
- **family_support_level**: Higher family support (Yes) may correlate with better social skills and motivation to maintain friendships; lower support (No, Never) may reduce social maintenance.  
- **social_battery_recharge**: Recharging by "Talking to someone" suggests a preference for verbal/social interaction, supporting calls; "Alone time" or "Social media" may indicate less preference for calls.  
- **social_orientation_type**: Extroverts and Ambiverts are more likely to maintain friendships actively, including long-distance calls; Introverts may avoid or limit calls.  
- **social_anxiety_level**: "Excited" or "Neutral" levels suggest comfort with social interaction, supporting calls; "Avoid it" or "Nervous" suggest avoidance of calls.  
- **emotional_expression_method**: "Talk openly" or "Express emotion strongly" indicate comfort with verbal communication, supporting calls; "Stay silent" or "Other" may indicate less verbal maintenance.  
- **primary_anger_sources**: If anger sources relate to interpersonal issues (Injustice, Being interrupted, Selfishness), may affect willingness to maintain friendships through calls; however, this is less directly related.

---

Step 2. Conditions inferred from examples and Step 1:

10 different conditions for class "0" (Does NOT maintain long-distance friendships through calls):  
- social_connection_frequency is in [Monthly, Never]  
- gathering_size_preference is in [Large events, Never]  
- valued_friendship_traits is in [Loyalty, Honesty]  
- conflict_resolution_style is in [Avoid conflict, Let time fix it]  
- family_support_level is in [No, Sometimes]  
- social_battery_recharge is in [Social media, None of the above]  
- social_orientation_type is in [Not sure, Extrovert] (when combined with other negative indicators)  
- social_anxiety_level is in [Nervous, Excited] (when combined with avoidance styles)  
- emotional_expression_method is in [Stay silent, Other]  
- primary_anger_sources is in [Selfishness, Unnecessary criticism]

10 different conditions for class "1" (Does maintain long-distance friendships through calls):  
- social_connection_frequency is in [Daily, Weekly]  
- gathering_size_preference is in [Small gatherings, Both]  
- valued_friendship_traits is in [Support, Honesty]  
- conflict_resolution_style is in [Talk it out, Apologize first]  
- family_support_level is in [Yes, Sometimes]  
- social_battery_recharge is in [Talking to someone, Alone time]  
- social_orientation_type is in [Extrovert, Ambivert, Introvert] (when combined with positive communication traits)  
- social_anxiety_level is in [Excited, Neutral, Avoid it] (when combined with positive communication traits)  
- emotional_expression_method is in [Talk openly, Express emotion strongly]  
- primary_anger_sources is in [Injustice, Being interrupted]

---

These conditions align with the examples and the general understanding of social behavior related to maintaining long-distance friendships through calls.

---DIVIDER---

Answer:  
Step 1. The relationship between each feature and the task description:

- social_connection_frequency: The more frequently a person connects socially (Daily, Weekly), the more likely they maintain long-distance friendships through calls; less frequent (Monthly, Never) suggests less maintenance.
- gathering_size_preference: Preference for small gatherings or both may indicate closer, more intimate relationships, possibly including long-distance friendships; preference for large events or never may indicate less focus on close friendships.
- valued_friendship_traits: Valuing traits like Support, Loyalty, and Honesty suggests deeper, sustained friendships, which may include maintaining long-distance friendships.
- conflict_resolution_style: Those who "Talk it out" or "Apologize first" may be more proactive in maintaining relationships, including long-distance ones; "Avoid conflict" or "Let time fix it" may indicate less active maintenance.
- family_support_level: Higher family support (Yes, Sometimes) may correlate with better social skills and maintenance of friendships; low or no family support may reduce likelihood.
- social_battery_recharge: Preferring "Talking to someone" or "Alone time" can indicate social needs; "Talking to someone" may indicate active social maintenance including calls.
- social_orientation_type: Extroverts and Ambiverts are more likely to maintain friendships actively, including long-distance calls; Introverts and "Not sure" may be less likely.
- social_anxiety_level: Lower anxiety or "Excited" may correlate with maintaining friendships actively; "Avoid it" or "Nervous" may reduce likelihood.
- emotional_expression_method: Those who "Talk openly" or "Express emotion strongly" may maintain friendships better through calls; "Stay silent" or "Other" may indicate less.
- primary_anger_sources: Less directly related, but those sensitive to "Being interrupted" or "Unnecessary criticism" may avoid calls or social interaction.

---

Step 2.  
10 different conditions for class "0" (Does NOT maintain long-distance friendships through calls):

- social_connection_frequency is in [Monthly, Never]  
- gathering_size_preference is in [Never, Large events]  
- valued_friendship_traits is in [Honesty]  
- conflict_resolution_style is in [Avoid conflict, Let time fix it]  
- family_support_level is in [No, Never]  
- social_battery_recharge is in [Social media, None of the above]  
- social_orientation_type is in [Not sure, Introvert]  
- social_anxiety_level is in [Nervous, Avoid it]  
- emotional_expression_method is in [Stay silent, Other]  
- primary_anger_sources is in [Being interrupted, Unnecessary criticism]  

---

10 different conditions for class "1" (Does maintain long-distance friendships through calls):

- social_connection_frequency is in [Daily, Weekly]  
- gathering_size_preference is in [Small gatherings, Both]  
- valued_friendship_traits is in [Support, Loyalty, All, All the three and trust, Understanding person]  
- conflict_resolution_style is in [Talk it out, Apologize first]  
- family_support_level is in [Yes, Sometimes]  
- social_battery_recharge is in [Talking to someone, Alone time]  
- social_orientation_type is in [Extrovert, Ambivert]  
- social_anxiety_level is in [Excited, Neutral]  
- emotional_expression_method is in [Talk openly, Express emotion strongly]  
- primary_anger_sources is in [Injustice, Selfishness]

---DIVIDER---

Answer:  
Step 1. The relationship between each feature and the task description:

- **social_connection_frequency**: Higher frequency (Daily, Weekly) suggests active maintenance of friendships, including long-distance calls; lower frequency (Monthly, Never) suggests less maintenance.  
- **gathering_size_preference**: Preference for small gatherings or both may indicate closer, more intimate connections, possibly supporting long-distance friendships; preference for large events or never may indicate less personal connection or less effort in maintaining close friendships.  
- **valued_friendship_traits**: Valuing support, loyalty, honesty, or all suggests a person who cares about strong bonds, which may motivate maintaining long-distance friendships; less emphasis on these traits may indicate weaker motivation.  
- **conflict_resolution_style**: Talking it out or apologizing first shows active engagement in relationships, likely supporting maintenance; avoiding conflict or letting time fix it may suggest less active maintenance.  
- **family_support_level**: Having family support (Yes, Sometimes) may encourage social connectedness; no or never may suggest less social support overall.  
- **social_battery_recharge**: If a person recharges by talking to someone or alone time, it shows some social need; social media or none may indicate less direct social interaction, possibly less maintenance of calls.  
- **social_orientation_type**: Extroverts and ambiverts are more likely to maintain social ties actively; introverts or not sure may do so less frequently.  
- **social_anxiety_level**: Excited or neutral levels may indicate comfort with social interaction; nervous or avoid it may indicate difficulty maintaining calls.  
- **emotional_expression_method**: Talking openly or expressing emotion strongly suggests willingness to communicate, hence maintain friendships; staying silent or other methods may suggest less communication.  
- **primary_anger_sources**: Being triggered by selfishness, injustice, interruptions may affect relationships; less relevant but could influence maintenance depending on tolerance and conflict style.

---

Step 2. 10 different conditions for class "0":  
- social_connection_frequency is in [Monthly, Never]  
- gathering_size_preference is in [Large events, Never]  
- valued_friendship_traits is in [Loyalty, Honesty] but without Support or All  
- conflict_resolution_style is in [Avoid conflict, Let time fix it]  
- family_support_level is in [No, Never]  
- social_battery_recharge is in [Social media, None of the above]  
- social_orientation_type is in [Introvert, Not sure]  
- social_anxiety_level is in [Nervous, Avoid it]  
- emotional_expression_method is in [Stay silent, Other]  
- primary_anger_sources is in [Being interrupted, Unnecessary criticism]  

10 different conditions for class "1":  
- social_connection_frequency is in [Daily, Weekly]  
- gathering_size_preference is in [Small gatherings, Both]  
- valued_friendship_traits is in [Support, All, All the three and trust, Understanding person]  
- conflict_resolution_style is in [Talk it out, Apologize first]  
- family_support_level is in [Yes, Sometimes]  
- social_battery_recharge is in [Talking to someone, Alone time]  
- social_orientation_type is in [Extrovert, Ambivert]  
- social_anxiety_level is in [Excited, Neutral]  
- emotional_expression_method is in [Talk openly, Express emotion strongly]  
- primary_anger_sources is in [Selfishness, Injustice]  

---

These conditions align with the examples and common understanding of social behavior relevant to maintaining long-distance friendships via calls.

---DIVIDER---

Answer:  
Step 1. The relationship between each feature and the task description:

- social_connection_frequency: More frequent social connection (Daily, Weekly) likely indicates maintaining friendships through calls; less frequent (Monthly, Never) suggests less likely.
- gathering_size_preference: Preference for Small gatherings or Both may indicate closer, more personal relationships conducive to calls; Large events or Never may indicate less personal connection.
- valued_friendship_traits: Valuing Support or Loyalty may indicate motivation to maintain long-distance friendships; Honesty alone may be less indicative.
- conflict_resolution_style: "Talk it out" or "Apologize first" suggests active communication, likely supporting maintaining friendships through calls; "Avoid conflict" or "Let time fix it" may indicate less proactive communication.
- family_support_level: Higher family support (Yes, Sometimes) may correlate with social connectedness and maintaining friendships; No or Never may indicate less social maintenance.
- social_battery_recharge: "Talking to someone" indicates preference for verbal/social interaction, supporting maintaining friendships through calls; "Alone time" or "Social media" may indicate less direct call-based interaction.
- social_orientation_type: Extrovert or Ambivert more likely to maintain friendships actively through calls; Introvert or Not sure less likely.
- social_anxiety_level: "Excited" or "Neutral" suggests comfort in social interaction; "Nervous" or "Avoid it" suggests less likely to maintain calls.
- emotional_expression_method: "Talk openly" or "Express emotion strongly" indicates verbal communication comfort, supporting calls; "Stay silent" or "Other" less so.
- primary_anger_sources: Less directly related, but triggers like "Being interrupted" or "Selfishness" may indicate sensitivity in communication, possibly affecting call maintenance.

---

Step 2.  
10 different conditions for class "0":  
- social_connection_frequency is in [Monthly, Never]  
- gathering_size_preference is in [Large events, Never]  
- valued_friendship_traits is in [Honesty]  
- conflict_resolution_style is in [Avoid conflict, Let time fix it]  
- family_support_level is in [No, Never]  
- social_battery_recharge is in [Social media, None of the above]  
- social_orientation_type is in [Introvert, Not sure]  
- social_anxiety_level is in [Nervous, Avoid it]  
- emotional_expression_method is in [Stay silent, Other]  
- primary_anger_sources is in [Being interrupted, Unnecessary criticism]  

10 different conditions for class "1":  
- social_connection_frequency is in [Daily, Weekly]  
- gathering_size_preference is in [Small gatherings, Both]  
- valued_friendship_traits is in [Support, Loyalty, All, All the three and trust, Understanding person]  
- conflict_resolution_style is in [Talk it out, Apologize first]  
- family_support_level is in [Yes, Sometimes]  
- social_battery_recharge is in [Talking to someone, Alone time]  
- social_orientation_type is in [Extrovert, Ambivert]  
- social_anxiety_level is in [Excited, Neutral]  
- emotional_expression_method is in [Talk openly, Express emotion strongly]  
- primary_anger_sources is in [Injustice, Selfishness]