Answer:  
Step 1. The relationship between each feature and the task description:

- Gender: Likely not strongly related to satisfaction; satisfaction depends more on experience than gender.  
- Age: Younger clients may have different expectations or experiences than older clients, possibly affecting satisfaction.  
- Education: Higher education might correlate with higher expectations or different perceptions of service quality.  
- Nationality: Kuwaiti vs. Other nationality might influence satisfaction due to cultural or service familiarity factors.  
- Marital_Status: Possibly minor effect; married or single might differ in expectations or communication style.  
- Governorate: Regional differences might affect service quality or client expectations.  
- Aware_151: Awareness of the service might influence satisfaction positively if expectations are met.  
- Call_151: Whether the client actually called might reflect engagement and affect satisfaction.  
- The_reason_of_the_call: Reason for calling (complaints, inquiries, vaccination, medical consultation) likely strongly affects satisfaction; complaints likely correlate with dissatisfaction.  
- Call_center_employee_communication_skills_evaluation: Higher scores likely strongly correlate with satisfaction.  
- Satisfaction_with_the_doctors_response: Higher scores directly indicate satisfaction with the service.  
- How_often_do_you_receive_call_center_news: More frequent updates might correlate with higher satisfaction due to better information flow.  

Step 2. Based on the above examples and Step 1's results, infer 10 different conditions per answer.

10 different conditions for class "0" (Not satisfied):  
- The_reason_of_the_call is Complaints  
- Call_center_employee_communication_skills_evaluation <= 3.0  
- Satisfaction_with_the_doctors_response < 3.0  
- How_often_do_you_receive_call_center_news < 3.0  
- Call_151 is Yes  
- Aware_151 is Yes  
- Education is in [Bachelor, Master, Doctor]  
- Age is in [25-29, 30-39, 50-59]  
- Gender is Male  
- Marital_Status is Single  

10 different conditions for class "1" (Satisfied):  
- The_reason_of_the_call is in [Vaccination, Inquiries, Medical_Consultation] or Complaints but with high ratings  
- Call_center_employee_communication_skills_evaluation >= 3.0  
- Satisfaction_with_the_doctors_response >= 3.0  
- How_often_do_you_receive_call_center_news >= 3.0  
- Call_151 is No  
- Aware_151 is No  
- Education is in [High school, Diploma, Other]  
- Age is in [Under 18, 18-24, 40-49]  
- Gender is Female  
- Marital_Status is in [Single, Widow]

---DIVIDER---

Answer:  
Step 1. The relationship between each feature and the task description:

- Gender: May influence satisfaction slightly due to communication preferences, but no strong direct link expected.  
- Age: Younger clients might be more critical or have different expectations; older clients might be more tolerant or vice versa.  
- Education: Higher education might correlate with higher expectations or more critical evaluations.  
- Nationality: Could affect satisfaction based on cultural expectations or language barriers.  
- Marital_Status: Possible indirect effect through stress levels or availability but weak direct link.  
- Governorate: Regional differences might affect service quality or perception.  
- Aware_151: Awareness of the service could influence satisfaction positively if expectations are managed.  
- Call_151: Actual interaction with the service might be crucial; those who called might have stronger opinions.  
- The_reason_of_the_call: Complaints likely correlate with dissatisfaction; inquiries or vaccination might correlate with neutral or positive satisfaction.  
- Call_center_employee_communication_skills_evaluation: Higher scores likely correlate with higher satisfaction.  
- Satisfaction_with_the_doctors_response: Higher scores directly indicate satisfaction.  
- How_often_do_you_receive_call_center_news: More frequent updates might increase satisfaction through better information flow.

---

Step 2. Based on the above examples and Step 1's results, infer 10 different conditions per answer:

10 different conditions for class "0" (Not satisfied):  
- Call_center_employee_communication_skills_evaluation < 3.0  
- Satisfaction_with_the_doctors_response < 3.0  
- The_reason_of_the_call is in [Complaints]  
- Call_151 is Yes  
- Aware_151 is Yes  
- Gender is in [Male]  
- Age is in [18-24, 25-29, 30-39]  
- Education is in [Bachelor, Master, Doctor]  
- How_often_do_you_receive_call_center_news <= 3.7  
- Nationality is Kuwaiti  

10 different conditions for class "1" (Satisfied):  
- Call_center_employee_communication_skills_evaluation >= 3.0  
- Satisfaction_with_the_doctors_response >= 3.0  
- The_reason_of_the_call is in [Complaints]  
- Call_151 is No  
- Aware_151 is No  
- Gender is in [Female]  
- Age is in [18-24, 30-39, 40-49]  
- Education is in [High school, Diploma]  
- How_often_do_you_receive_call_center_news > 2.8  
- Nationality is Kuwaiti  

---

These conditions are consistent with the examples where dissatisfied clients tend to have low communication and doctor satisfaction scores and have called the service, often complaining, while satisfied clients tend to have higher scores, have not called, and are less aware of the service, mostly female with mid-range education, and receive call center news more often.

---DIVIDER---

Answer:  
Step 1. The relationship between each feature and the task description:

- Gender: No obvious direct relationship with satisfaction; likely neutral or weak effect.  
- Age: Younger clients might have different expectations or satisfaction levels than older clients.  
- Education: Higher education might correlate with higher expectations or better understanding of services.  
- Nationality: Kuwaiti vs. other nationalities might influence satisfaction due to service familiarity or cultural factors.  
- Marital_Status: Possibly minor influence on satisfaction, but not strongly causal.  
- Governorate: Regional differences might affect service quality or perception, influencing satisfaction.  
- Aware_151: Awareness of the service might correlate with satisfaction due to familiarity.  
- Call_151: Whether the client actually called the service might influence satisfaction (those who called might be more critical or more satisfied).  
- The_reason_of_the_call: Reason for calling can strongly influence satisfaction; e.g., complaints likely correlate with dissatisfaction.  
- Call_center_employee_communication_skills_evaluation: Higher ratings likely strongly correlate with satisfaction.  
- Satisfaction_with_the_doctors_response: Direct measure related to satisfaction; higher values indicate higher satisfaction.  
- How_often_do_you_receive_call_center_news: Frequency of receiving updates might correlate with awareness and satisfaction.

---

Step 2.  
10 different conditions for class "0" (client NOT satisfied):

- The_reason_of_the_call is Complaints  
- Call_center_employee_communication_skills_evaluation <= 3.0  
- Satisfaction_with_the_doctors_response < 3.0  
- Call_151 is Yes  
- Aware_151 is Yes  
- Gender is Male  
- Education is in [Bachelor, Master, Doctor]  
- Age is in [25-29, 30-39]  
- How_often_do_you_receive_call_center_news < 3.0  
- Governorate is in [Jahra, Capital]  

---

10 different conditions for class "1" (client satisfied):

- The_reason_of_the_call is Complaints  
- Call_center_employee_communication_skills_evaluation = 3.0  
- Satisfaction_with_the_doctors_response = 3.0  
- Call_151 is No  
- Aware_151 is No  
- Gender is Female  
- Education is in [High school, Diploma]  
- Age is in [18-24, 40-49]  
- How_often_do_you_receive_call_center_news >= 3.0  
- Governorate is in [Mubarak AlKabir, Farwaniya, AlAhmadi]  

---

Explanation:  
- From the examples, all clients with answers "0" had satisfaction or communication skills ratings less than or around 3, often called the service, and were aware of it.  
- Clients with answer "1" mostly had ratings exactly 3.0, did not call the service, were not aware of it, and were mostly female and younger or middle-aged with lower education levels.  
- The reason "Complaints" is common for both classes, but combined with other features (call/no call, awareness, ratings) helps distinguish satisfaction.

---DIVIDER---

Answer:  
Step 1. The relationship between each feature and the task description:

- Gender: Likely no strong direct effect on satisfaction, but might influence communication style or expectations.
- Age: Younger clients might have different expectations or satisfaction levels compared to older clients.
- Education: Higher education might correlate with higher expectations or different satisfaction thresholds.
- Nationality: Could influence satisfaction due to language or cultural differences.
- Marital_Status: Possibly minor effect, might reflect social support or stress levels.
- Governorate: Regional differences might affect service quality or accessibility.
- Aware_151: Awareness of the service could influence satisfaction positively.
- Call_151: Having called the service might relate to direct experience and thus more informed satisfaction.
- The_reason_of_the_call: Reason for calling likely strongly affects satisfaction (e.g., complaints might correlate with dissatisfaction).
- Call_center_employee_communication_skills_evaluation: Higher scores should correlate with higher satisfaction.
- Satisfaction_with_the_doctors_response: Higher satisfaction with doctors' response should increase overall satisfaction.
- How_often_do_you_receive_call_center_news: More frequent updates might increase satisfaction due to better engagement.

Step 2. 10 different conditions for class "0" (Not satisfied):

- The_reason_of_the_call is in [Complaints]
- Call_center_employee_communication_skills_evaluation <= 3.0
- Satisfaction_with_the_doctors_response < 3.0
- Call_151 is Yes
- Aware_151 is Yes
- Gender is Male
- Education is in [Master, Doctor]
- How_often_do_you_receive_call_center_news < 3.0
- Age is in [25-29, 30-39]
- Nationality is Kuwaiti

10 different conditions for class "1" (Satisfied):

- The_reason_of_the_call is in [Complaints, Vaccination]
- Call_center_employee_communication_skills_evaluation >= 3.0
- Satisfaction_with_the_doctors_response >= 3.0
- Call_151 is No
- Aware_151 is No
- Gender is Female
- Education is in [High school, Diploma, Bachelor]
- How_often_do_you_receive_call_center_news >= 2.0
- Age is in [18-24, 40-49]
- Nationality is Kuwaiti

---DIVIDER---

Answer:  
Step 1. The relationship between each feature and the task description:

- Gender: Generally, gender alone does not strongly determine satisfaction, but patterns may emerge in data.
- Age: Younger clients might be more or less satisfied depending on expectations and communication style.
- Education: Higher education might relate to higher expectations, possibly lower satisfaction.
- Nationality: Local nationality (Kuwaiti) might influence satisfaction due to cultural or service familiarity.
- Marital_Status: Could influence satisfaction indirectly via expectations or experience.
- Governorate: Regional differences might affect satisfaction due to service quality or accessibility.
- Aware_151: Awareness of service 151 might correlate with satisfaction if it implies familiarity.
- Call_151: Having called service 151 might indicate experience and influence satisfaction.
- The_reason_of_the_call: Reason for the call strongly influences satisfaction; complaints likely relate to dissatisfaction.
- Call_center_employee_communication_skills_evaluation: Higher scores likely indicate higher satisfaction.
- Satisfaction_with_the_doctors_response: Higher scores directly indicate higher satisfaction.
- How_often_do_you_receive_call_center_news: More frequent updates might increase satisfaction due to better information.

---

Step 2. Based on the above examples and Step 1's results, infer 10 different conditions per answer:

10 different conditions for class "0" (client not satisfied):

- Call_center_employee_communication_skills_evaluation < 3.0  
- Satisfaction_with_the_doctors_response < 3.0  
- The_reason_of_the_call is in [Complaints, Inquiries_COVID19]  
- Call_151 is Yes  
- Aware_151 is Yes  
- Gender is in [Male] and Age is in [25-29, 30-39]  
- Education is in [Bachelor, Master, Doctor]  
- How_often_do_you_receive_call_center_news < 3.0  
- Marital_Status is in [Single, Married]  
- Governorate is in [Capital, Farwaniya]  

10 different conditions for class "1" (client satisfied):

- Call_center_employee_communication_skills_evaluation >= 3.0  
- Satisfaction_with_the_doctors_response >= 3.0  
- The_reason_of_the_call is Complaints and Call_151 is No  
- Aware_151 is No  
- Gender is Female  
- Age is in [18-24, 30-39, 40-49]  
- Education is in [High school, Diploma]  
- How_often_do_you_receive_call_center_news >= 2.5  
- Marital_Status is in [Single, Widow]  
- Governorate is in [Jahra, Mubarak AlKabir, Around, AlAhmadi]  

---

These conditions reflect patterns observed in the examples and align with common-sense expectations about satisfaction.