Answer:  
Step 1. The relationship between each feature and the task description:

- Gender: Likely no direct causal relationship; reading habits may not differ strongly by gender for academic books.  
- Age: Older undergraduates may read more academic books due to advanced coursework.  
- Department: Students in technical or science departments (e.g., CSE, SWE, Pharmacy, EEE, Civil) likely read more academic books than those in non-technical fields or general majors (e.g., BBA, English, JMC).  
- Amount of time spent reading books per day: More time spent reading correlates positively with reading academic books most of the time.  
- Reason for reading books: If the reason is "Academic Purpose," it strongly suggests reading academic books most of the time.  
- How to manage books for reading: Borrowing or buying books may indicate active engagement with academic books; E-books and Used-all may vary.  
- Number of e-books read last two years: Higher numbers suggest more academic reading if combined with other academic indicators.  
- Number of printed books read last two years: Higher numbers suggest more academic reading, especially if combined with academic purposes.  
- Favorite books for leisure: If leisure reading is mostly non-academic (Fiction, Biography, Politics, Others), it might suggest less academic reading during leisure but does not negate academic reading during study time.  
- Change felt after reading books: "Increase Academic Performance" indicates academic reading focus.  
- Who influenced you to read books: Parents or teachers may positively influence academic reading habits.  
- Preferred language: Likely neutral, but reading books in the language of instruction may indicate academic reading.  
- Where do you read printed books: Library or home may indicate academic reading environments.  
- Do you read Newspaper: Possibly unrelated or weakly related.  
- Format used for reading books: Both printed and electronic formats may indicate higher engagement.  
- Frequency of reading books: Higher frequency (e.g., a few times a week or daily) correlates with reading academic books most of the time.

---

Step 2. 10 different conditions for class "0" (Does NOT read academic books most of the time):

- Reason for reading books is in [Entertainment Purpose, To increase my English vocabulary knowledge]  
- Amount of time spent reading books per day < 1  
- Frequency of reading books is in [Less than once a year, Rarely]  
- Number of printed books you read last two years is in [nan, 1-5]  
- Number of e-books you read last two years is in [nan, 1-5]  
- Favorite books for reading to spend leisure time is in [Fiction, Biography, Politics]  
- Department is in [BBA, English, JMC, Others]  
- How to manage books for reading is in [Others, Used-all]  
- What is the change that you felt after reading books is not "Increase Academic Performance"  
- Frequency of reading books is in [Less than once a year, Rarely]

---

10 different conditions for class "1" (Reads academic books most of the time):

- Reason for reading books is "Academic Purpose"  
- Amount of time spent reading books per day >= 2  
- Frequency of reading books is in [A few times a week, Daily]  
- Number of printed books you read last two years is in [6-10, 11-15, 16-20, More than 20]  
- Number of e-books you read last two years is in [6-10, 11-15, 16-20, More than 20]  
- Department is in [CSE, SWE, Pharmacy, EEE, Civil, CIS, MCT, Textile]  
- What is the change that you felt after reading books is "Increase Academic Performance"  
- How to manage books for reading is in [Buy, Borrow, E-books]  
- Frequency of reading books is not in [Less than once a year, Rarely]  
- Format that you used for reading books is in [Both, E-books, Printed]

---

These conditions combine to represent typical profiles of students who do or do not read academic books most of the time.

---DIVIDER---

Step 1. The relationship between each feature and the task description:

- Gender: Gender itself is unlikely to directly influence whether a student reads academic books most of the time.
- Age: Older undergraduates might read more academic books due to advanced coursework, but the effect may be weak.
- Department: Students in technical or academic-intensive departments (e.g., CSE, SWE, Pharmacy, EEE, Civil) are more likely to read academic books most of the time than those in less technical or more general departments (e.g., BBA, English, JMC).
- Amount of time spent reading books per day: More hours spent reading per day strongly correlates with reading academic books most of the time.
- Reason for reading books: If the reason is "Academic Purpose," it strongly suggests reading academic books most of the time.
- How to manage books for reading: Method may reflect access to academic books; e.g., "Borrow," "Buy," or "E-books" may indicate active reading habits.
- Number of e-books read last two years: Higher numbers suggest more reading, potentially academic if aligned with department and reason.
- Number of printed books read last two years: Similarly, higher numbers suggest more reading activity.
- Favorite books for leisure time: If leisure reading is mostly Fiction or Politics, it may indicate less focus on academic books.
- What is the change that you felt after reading books: "Increase Academic Performance" strongly correlates with academic reading.
- Who influenced you to read books: If influenced by teachers, it might indicate academic reading habits.
- Which language books do you like to read: Language preference itself less relevant.
- Where do you read printed books: Location is unlikely strongly related.
- Do you read Newspaper: Reading newspapers is not strongly linked to academic book reading.
- Format used for reading books: E-books or Printed format may not be strongly indicative alone.
- Frequency of reading books: Higher frequency (daily or weekly) suggests reading academic books most of the time.

---

Step 2. Based on the above and the example, infer 10 different conditions per answer class.

10 different conditions for class "0" (Does NOT read academic books most of the time):
- Reason for reading books is in [Entertainment Purpose, To increase my English vocabulary knowledge]
- Amount of time spent reading books per day < 0.5
- Frequency of reading books is in [Less than once a year, Once or twice a year]
- Favorite books for reading to spend leisure time is in [Fiction, Biography, Politics]
- Number of e-books you read last two years is in [1-5, nan]
- Number of printed books you read last two years is in [1-5, nan]
- Department is in [BBA, English, JMC, Others]
- What is the change that you felt after reading books is in [Feel Relax, Increase Vocabulary, Increase Knowledge]
- Who influenced you to read books is in [Family, Friends, None]
- Amount of time spent reading books per day is within range [0, 0.5]

10 different conditions for class "1" (Reads academic books most of the time):
- Reason for reading books is Academic Purpose
- Amount of time spent reading books per day >= 1
- Frequency of reading books is in [Every day, Once or twice a week]
- Number of printed books you read last two years is in [6-10, 11-15, 16-20, More than 20]
- Number of e-books you read last two years is in [6-10, 11-15, 16-20, More than 20]
- Department is in [CSE, SWE, Pharmacy, EEE, Civil, MCT, Textile]
- What is the change that you felt after reading books is Increase Academic Performance
- Who influenced you to read books is Teachers
- Amount of time spent reading books per day is within range [1, 5]
- Favorite books for reading to spend leisure time is in [Non-Fiction, Others]

---

These conditions are consistent with common sense, the example given, and the task description.

---DIVIDER---

Step 1. The relationship between each feature and the task description:

- Gender: Likely no direct causal effect on reading academic books most of the time; reading habits are not strongly gender-dependent.
- Age: Older undergraduates might read more academic books due to advanced coursework, but effect is mild.
- Department: Students from technical or academic-intensive departments (e.g., CSE, SWE, Pharmacy, EEE, Civil) tend to read academic books more often; those in less technical or more vocational majors (e.g., BBA, English for leisure) might read less academic books.
- Amount of time spent reading books per day: Higher reading time correlates with reading academic books most of the time.
- Reason for reading books: "Academic Purpose" strongly correlates with reading academic books most of the time; other reasons less so.
- How to manage books for reading: Borrowing or buying printed books might indicate academic reading; E-books could be mixed.
- Number of e-books read last two years: Higher number suggests more academic reading if aligned with other features.
- Number of printed books read last two years: Higher number suggests more academic reading.
- Favorite books for leisure: If "Non-Fiction" or "Biography," may indicate academic inclination; "Fiction" or "Others" less so.
- What is the change felt after reading books: "Increase Academic Performance" or "Increase Creative Thinking" may indicate academic reading habits.
- Who influenced you to read books: Parents or teachers might influence academic reading.
- Which language books do you like to read: English might correlate with academic reading if English is the medium of instruction.
- Where do you read printed books: Library or home might indicate academic reading.
- Do you read Newspaper: Possibly unrelated or weakly related.
- Format used for reading books: Printed might indicate academic reading; E-books could be mixed.
- Frequency of reading books: Higher frequency (daily or a few times a week) correlates with academic reading.

---

Step 2. 10 different conditions for class "0" (Does NOT read academic books most of the time):

- Reason for reading books is in [Entertainment Purpose, Keep me informative, To increase my English vocabulary knowledge]
- Department is in [BBA, English, JMC, Textile, NFE, Others]
- Amount of time spent reading books per day < 1
- Number of printed books you read last two years is in [1-5, nan]
- Frequency of reading books is in [A few times a month, Rarely]
- Favorite books for reading to spend leisure time is in [Fiction, Others, Politics]
- What is the change that you felt after reading books is not "Increase Academic Performance"
- How to manage books for reading is in [E-books, Others]
- Number of e-books you read last two years is in [1-5, nan]
- Format that you used for reading books is in [E-books]

10 different conditions for class "1" (Reads academic books most of the time):

- Reason for reading books is Academic Purpose
- Department is in [CSE, SWE, Pharmacy, EEE, Civil, CIS, MCT]
- Amount of time spent reading books per day >= 2
- Number of printed books you read last two years is in [6-10, 11-15, 16-20, More than 20]
- Frequency of reading books is in [Daily, A few times a week]
- Favorite books for reading to spend leisure time is in [Non-Fiction, Biography]
- What is the change that you felt after reading books is Increase Academic Performance
- How to manage books for reading is in [Borrow, Buy, Used-all]
- Number of e-books you read last two years is in [11-15, 16-20, More than 20]
- Format that you used for reading books is Printed

---

This set of conditions reflects general tendencies and is consistent with the given examples and common sense.

---DIVIDER---

Step 1. The relationship between each feature and the task description:

- Gender: Generally, gender does not strongly determine reading academic books most of the time; however, cultural or departmental differences might exist.
- Age: Older undergraduates might be more focused on academics and thus read academic books more frequently.
- Department: Students in academic or technical departments (e.g., CSE, SWE, Pharmacy, EEE, Civil) are more likely to read academic books most of the time compared to students in non-technical or less academic-focused departments (e.g., BBA, English, JMC).
- Amount of time spent reading books per day: More time spent reading books per day likely correlates with reading academic books most of the time.
- Reason for reading books: If the reason is "Academic Purpose," the student is more likely to read academic books most of the time.
- How to manage books for reading: This feature may not strongly determine academic reading but buying or borrowing may indicate more serious reading habits than "Others."
- Number of e-books read last two years: A higher number likely correlates with more academic reading.
- Number of printed books read last two years: Similarly, a higher number likely correlates with academic reading.
- Favorite books for reading to spend leisure time: If the favorite books are academic or non-fiction, it may indicate a tendency to read academic books; if fiction, less likely.
- What is the change that you felt after reading books: If the change is "Increase Academic Performance," it is a strong indicator of academic reading.
- Who influenced you to read books: Influence by parents or teachers may correlate with academic reading.
- Which language books do you like to read: If the language is academic or related to study, it might indicate academic reading.
- Where do you read printed books: Reading at home or library may indicate more serious reading habits.
- Do you read Newspaper: This may not strongly correlate with academic book reading.
- The format that you used for reading books: Using both e-books and printed books may indicate more serious readers.
- Frequency of reading books: Higher frequency (e.g., daily, a few times a week) indicates more likelihood of reading academic books most of the time.

---

Step 2. Based on the above analysis and the example provided, infer 10 different conditions per answer class.

10 different conditions for class "0" (Does NOT read academic books most of the time):
- Reason for reading books is in [Entertainment Purpose, To increase my English vocabulary knowledge]
- Frequency of reading books is in [Less than once a year, Once a month]
- Amount of time spent reading books per day < 1
- Department is in [BBA, English, JMC, Others]
- Number of e-books you read last two years is in [nan, 1-5]
- Number of printed books you read last two years is in [nan, 1-5]
- Favorite books for reading to spend leisure time is in [Fiction, Politics]
- What is the change that you felt after reading books is not "Increase Academic Performance"
- The format that you used for reading books is in [Printed, E-books] (only one format)
- Do you read Newspaper is Yes

10 different conditions for class "1" (Reads academic books most of the time):
- Reason for reading books is Academic Purpose
- Frequency of reading books is in [Daily, A few times a week]
- Amount of time spent reading books per day >= 2
- Department is in [CSE, SWE, Pharmacy, EEE, Civil, MCT, Textile, CIS]
- Number of e-books you read last two years is in [6-10, 11-15, 16-20, More than 20]
- Number of printed books you read last two years is in [6-10, 11-15, 16-20, More than 20]
- Favorite books for reading to spend leisure time is in [Non-Fiction, Biography]
- What is the change that you felt after reading books is Increase Academic Performance
- The format that you used for reading books is Both
- Who influenced you to read books is in [Parents, Teachers]

---

This set of conditions can be used to classify whether an undergraduate student reads academic books most of the time (class 1) or not (class 0).

---DIVIDER---

Step 1. The relationship between each feature and the task description:

- Gender: Gender itself likely does not strongly influence whether a student reads academic books most of the time.
- Age: Older undergraduates might be more focused on academic reading due to advanced coursework.
- Department: Students in technical or science departments (e.g., CSE, SWE, Pharmacy, EEE, Civil) are more likely to read academic books most of the time compared to departments focused on non-academic or general studies.
- Amount of time spent reading books per day: More time spent reading books per day likely correlates positively with reading academic books most of the time.
- Reason for reading books: If the reason is "Academic Purpose," it strongly indicates reading academic books most of the time.
- How to manage books for reading: E-books or Borrowing might be common among academic readers; buying or used-all may indicate more serious academic reading habits.
- Number of e-books you read last two years: Higher numbers (e.g., More than 20, 16-20) suggest more academic reading.
- Number of printed books you read last two years: Similarly, higher numbers suggest more academic reading.
- Favorite books for reading to spend leisure time: If leisure reading is mostly Fiction or Politics, it might indicate less academic reading most of the time; if Non-Fiction or Biography, it might be more academic or informative.
- What is the change that you felt after reading books: "Increase Academic Performance" suggests academic reading.
- Who influenced you to read books: Self-decision or academic mentors might correlate with academic reading.
- Which language books do you like to read: English might be more common for academic reading.
- Where do you read printed books: Home or Library might indicate academic reading habits.
- Do you read Newspaper: No or Yes might be less relevant.
- The format that you used for reading books: E-books or Both might indicate academic reading.
- Frequency of reading books: Higher frequency (Daily, Several times a week) correlates with academic reading.

---

Step 2. Conditions for each answer class:

10 different conditions for class "0" (Does NOT read academic books most of the time):
- Reason for reading books is in [Entertainment Purpose, To increase my English vocabulary knowledge, Keep me informative]
- Amount of time spent reading books per day < 0.5
- Frequency of reading books is in [Rarely, A few times a month]
- Number of e-books you read last two years is in [1-5, nan]
- Number of printed books you read last two years is in [1-5, nan]
- Favorite books for reading to spend leisure time is in [Fiction, Politics, Others]
- Department is in [BBA, English, JMC, Textile, NFE, Others]
- What is the change that you felt after reading books is not "Increase Academic Performance"
- The format that you used for reading books is in [Others, None]
- Who influenced you to read books is in [Friends, Family]

10 different conditions for class "1" (Reads academic books most of the time):
- Reason for reading books is Academic Purpose
- Amount of time spent reading books per day >= 1
- Frequency of reading books is in [Daily, Several times a week]
- Number of e-books you read last two years is in [6-10, 11-15, 16-20, More than 20]
- Number of printed books you read last two years is in [6-10, 11-15, 16-20, More than 20]
- Department is in [CSE, SWE, Pharmacy, EEE, Civil, CIS, MCT]
- What is the change that you felt after reading books is Increase Academic Performance
- The format that you used for reading books is in [E-books, Both]
- Who influenced you to read books is Self-Decision or Academic Mentor
- Which language books do you like to read is English

---DIVIDER---

Step 1. The relationship between each feature and the task description:

- Gender: Generally, gender may not strongly determine reading academic books most of the time, but some studies suggest females might read more academic materials.
- Age: Older undergraduates might have more academic pressure and thus read academic books more frequently.
- Department: Students from technical or science departments (CSE, SWE, Pharmacy, EEE, Civil, etc.) are more likely to read academic books most of the time compared to those from non-technical or arts departments.
- Amount of time spent reading books per day: More hours spent reading books per day likely correlate positively with reading academic books most of the time.
- Reason for reading books: If the reason is "Academic Purpose," it strongly indicates reading academic books most of the time.
- How to manage books for reading: This may affect access but less direct correlation; however, "E-books" or "Buy" might indicate more serious academic reading habits.
- Number of e-books read last two years: Higher numbers suggest more frequent reading, possibly academic.
- Number of printed books read last two years: Similarly, higher numbers indicate more reading activity.
- Favorite books for leisure time: If favorite books are "Non-Fiction" or "Biography," it might indicate an academic inclination; "Fiction" or "Politics" might indicate less academic reading most of the time.
- What change felt after reading books: If the change is "Increase Academic Performance," it likely indicates reading academic books most of the time.
- Who influenced you to read books: If influenced by "Teachers" or "Parents," it might indicate academic motivation.
- Frequency of reading books: Higher frequency (daily or a few times a week) likely correlates with reading academic books most of the time.
- Format used for reading books: Using "Both" or "E-books" might indicate academic reading habits.
- Do you read Newspaper: May be unrelated or weakly related.

---

Step 2. Based on the above analysis and example, infer 10 different conditions per answer class.

10 different conditions for class "0" (Does NOT read academic books most of the time):

- Reason for reading books is in [Entertainment Purpose, To increase my English vocabulary knowledge, Keep me informative]
- Frequency of reading books is in [Once or twice a year, A few times a month]
- Amount of time spent reading books per day <= 0.5
- Favorite books for reading to spend leisure time is in [Fiction, Politics, Others]
- What is the change that you felt after reading books is in [Feel Relax, Increase Knowledge, Increase Interest]
- Number of e-books you read last two years is in [1-5, nan]
- Number of printed books you read last two years is in [1-5, nan]
- Department is in [English, BBA, JMC, NFE, Others]
- How to manage books for reading is in [Borrow, Others]
- Age is within range of [17, 20]

10 different conditions for class "1" (Reads academic books most of the time):

- Reason for reading books is Academic Purpose
- Frequency of reading books is in [Daily, A few times a week]
- Amount of time spent reading books per day >= 1
- Favorite books for reading to spend leisure time is in [Non-Fiction, Biography]
- What is the change that you felt after reading books is Increase Academic Performance
- Number of e-books you read last two years is in [6-10, 11-15, 16-20, More than 20]
- Number of printed books you read last two years is in [6-10, 11-15, 16-20, More than 20]
- Department is in [CSE, SWE, Pharmacy, EEE, Civil, Textile, MCT, CIS]
- How to manage books for reading is in [E-books, Buy, Used-all]
- Age is within range of [21, 26]

---

This set of conditions can be used to classify whether an undergraduate student reads academic books most of the time or not.

---DIVIDER---

Step 1. The relationship between each feature and the task description:

- Gender: Gender is unlikely to have a direct causal effect on whether a student reads academic books most of the time.
- Age: Older undergraduates might have more academic responsibilities and thus read academic books more frequently.
- Department: Students in technical or science departments (e.g., CSE, SWE, Pharmacy, EEE, Civil) are more likely to read academic books most of the time, while students in non-technical or arts departments (e.g., English, BBA, JMC) might read academic books less frequently.
- Amount of time spent reading books per day: More time spent reading books per day correlates positively with reading academic books most of the time.
- Reason for reading books: If the primary reason is "Academic Purpose," the student is more likely to read academic books most of the time.
- How to manage books for reading: This feature is less directly related but students who use E-books or Buy books might have more access to academic books.
- Number of e-books read last two years: A higher number correlates with more academic reading, assuming e-books are academic.
- Number of printed books read last two years: Similarly, a higher number correlates with more academic reading.
- Favorite books for reading to spend leisure time: If the favorite genre is Fiction or Politics, the student may read academic books less frequently; if it is Non-Fiction or Biography, possibly more.
- What is the change that you feel after reading books: If the change is "Increase Academic Performance," this suggests academic reading.
- Who influenced you to read books: Influence by Teachers or Parents may increase academic reading tendencies.
- Which language books do you like to read: If the language is English or Bangla, it might influence academic reading depending on curriculum.
- Where do you read printed books: Location might not have strong causal effect.
- Do you read Newspaper: Reading newspapers might indicate general reading habit but not necessarily academic.
- The format that you used for reading books: Using Both or E-books might indicate more academic reading.
- Frequency of reading books: Higher frequency (daily or a few times a week) correlates with reading academic books most of the time.

---

Step 2. Based on Step 1 and given examples, infer 10 different conditions per answer class.

10 different conditions for class "0" (Does NOT read academic books most of the time):
- Amount of time spent reading books per day <= 0.5
- Reason for reading books is in [Entertainment Purpose, To increase my English vocabulary knowledge]
- Frequency of reading books is in [Once or twice a year, Rarely]
- Number of e-books you read last two years is in [1-5, nan]
- Number of printed books you read last two years is in [1-5, nan]
- Favorite books for reading to spend leisure time is in [Fiction, Politics, Others]
- What is the change that you feel after reading books is in [Feel Relax, Increase General Knowledge]
- Department is in [BBA, English, JMC, NFE, Others]
- How to manage books for reading is in [Borrow, Others]
- The format that you used for reading books is in [Printed only]

10 different conditions for class "1" (Reads academic books most of the time):
- Amount of time spent reading books per day >= 1
- Reason for reading books is Academic Purpose
- Frequency of reading books is in [Daily, A few times a week]
- Number of e-books you read last two years is in [6-10, 11-15, 16-20, More than 20]
- Number of printed books you read last two years is in [6-10, 11-15, 16-20, More than 20]
- Favorite books for reading to spend leisure time is in [Non-Fiction, Biography]
- What is the change that you feel after reading books is Increase Academic Performance
- Department is in [CSE, SWE, Pharmacy, EEE, Civil, CIS, MCT, Textile]
- How to manage books for reading is in [E-books, Buy, Used-all]
- The format that you used for reading books is in [E-books, Both]

---

This completes the conditions extraction for both answer classes.

---DIVIDER---

Answer:  
Step 1. The relationship between each feature and the task description:

- Gender: Not strongly related to reading academic books most of the time; both males and females can read academic books.
- Age: Older undergraduates might have more academic reading due to advanced coursework.
- Department: Students from technical or science departments (e.g., CSE, SWE, Pharmacy, EEE, Civil) are more likely to read academic books than those from non-technical or arts departments (e.g., BBA, English, JMC).
- Amount of time spent reading books per day: More hours spent reading generally indicates higher likelihood of reading academic books.
- Reason for reading books: “Academic Purpose” directly relates to reading academic books; other reasons less likely.
- How to manage books for reading: Borrowing or buying physical books might indicate academic reading; e-books can be academic or leisure.
- Number of e-books read last two years: Higher numbers suggest more academic reading if combined with other academic indicators.
- Number of printed books read last two years: Higher numbers suggest academic reading, especially if combined with academic purpose.
- Favorite books for leisure time: Preference for Non-Fiction or Biography may correlate with academic reading; Fiction or Politics less so.
- What is the change felt after reading books: “Increase Academic Performance” strongly indicates academic reading.
- Who influenced you to read books: Influence by teachers or family might correlate with academic reading, friends less so.
- Which language books do you like to read: Reading academic books in English might be more common, but local language (Bangla) also possible.
- Where do you read printed books: Reading at library suggests academic reading; reading at home or elsewhere may not.
- Do you read Newspaper: Less related, but reading newspapers might indicate general reading habit.
- The format used for reading books: Using both printed and e-books might indicate academic reading.
- Frequency of reading books: More frequent reading suggests academic reading.

---

Step 2.  
10 different conditions for class "0" (Does NOT read academic books most of the time):  
- Reason for reading books is in [Entertainment Purpose, To increase my English vocabulary knowledge, Keep me informative]  
- Amount of time spent reading books per day <= 1  
- Frequency of reading books is in [Less than once a year, Once or twice a year]  
- Favorite books for reading to spend leisure time is in [Fiction, Politics, Others]  
- Number of printed books you read last two years is in [nan, 1-5]  
- Number of e-books you read last two years is in [1-5, 6-10]  
- What is the change that you felt after reading books is in [Increase Creative Thinking, Others]  
- Department is in [BBA, English, JMC, NFE, Others]  
- How to manage books for reading is in [Others, Used-all]  
- Where do you read printed books is in [Home, Others]  

10 different conditions for class "1" (Reads academic books most of the time):  
- Reason for reading books is Academic Purpose  
- Amount of time spent reading books per day >= 2  
- Frequency of reading books is in [Every day, Several times a week]  
- Number of printed books you read last two years is in [11-15, 16-20, More than 20]  
- Number of e-books you read last two years is in [11-15, 16-20, More than 20]  
- What is the change that you felt after reading books is Increase Academic Performance  
- Department is in [CSE, SWE, Pharmacy, EEE, Civil, CIS, MCT, Textile]  
- How to manage books for reading is in [Borrow, Buy, E-books]  
- Where do you read printed books is Library  
- The format that you used for reading books is Both or E-books  

---

These conditions are derived considering the features' likely influence on academic reading habits and the example provided.

---DIVIDER---

Step 1. The relationship between each feature and the task description:

- Gender: No strong direct correlation with reading academic books most of the time; reading habits may vary individually.
- Age: Older undergraduates might have more academic responsibilities and thus read academic books more.
- Department: Students from technical or science departments (e.g., CSE, SWE, EEE, Pharmacy, Civil) are more likely to read academic books most of the time, compared to departments like English or BBA where reading might be more diverse.
- Amount of time spent reading books per day: More time spent reading generally increases the likelihood that the student reads academic books most of the time.
- Reason for reading books: If the reason is "Academic Purpose," it strongly indicates reading academic books most of the time.
- How to manage books for reading: Buying or borrowing books may indicate dedication to academic reading; using e-books might correlate with academic reading.
- Number of e-books read last two years: Higher numbers suggest more academic reading, especially if combined with other academic indicators.
- Number of printed books read last two years: Similarly, higher numbers suggest more academic reading.
- Favorite books for leisure time: If favorite books are non-fiction or academic-related, this may correlate with reading academic books most of the time.
- What is the change felt after reading books: If the change is "Increase Academic Performance," it indicates academic reading.
- Who influenced you to read books: Self-decision or academic influence might indicate more academic reading.
- Which language books do you like to read: If the language is related to academic study (e.g., English or native language used in academic setting), it may be relevant.
- Where do you read printed books: Reading at home or library might indicate academic reading habits.
- Do you read Newspaper: Less relevant or might indicate less focus on academic books.
- The format used for reading books: Using both printed and e-books might indicate more serious reading habits.
- Frequency of reading books: More frequent reading (daily or several times a week) correlates with academic reading.

---

Step 2. Based on the above, infer 10 different conditions per answer class.

10 different conditions for class "0" (Does NOT read academic books most of the time):
- Reason for reading books is in [Entertainment Purpose, To increase my English vocabulary knowledge, Keep me informative]
- Amount of time spent reading books per day < 1
- Number of e-books you read last two years is in [1-5, nan]
- Number of printed books you read last two years is in [1-5, nan]
- Favorite books for reading to spend leisure time is in [Fiction, Biography, Politics]
- Frequency of reading books is in [Once a week, Rarely, Never]
- What is the change that you felt after reading books is not "Increase Academic Performance"
- Department is in [BBA, English, JMC, Others]
- How to manage books for reading is in [Others, Borrow]
- Do you read Newspaper is Yes (indicating preference for news over academic books)

10 different conditions for class "1" (Reads academic books most of the time):
- Reason for reading books is Academic Purpose
- Amount of time spent reading books per day >= 1
- Number of e-books you read last two years is in [6-10, 11-15, 16-20, More than 20]
- Number of printed books you read last two years is in [6-10, 11-15, 16-20, More than 20]
- Favorite books for reading to spend leisure time is Non-Fiction or Others (if academic related)
- Frequency of reading books is in [Daily, A few times a week]
- What is the change that you felt after reading books is Increase Academic Performance
- Department is in [CSE, SWE, EEE, Pharmacy, Civil, MCT, CIS, Textile]
- How to manage books for reading is in [Buy, E-books, Used-all]
- The format that you used for reading books is Both or E-books

---

This completes the stepwise analysis and condition extraction.

---DIVIDER---

Step 1. The relationship between each feature and the task description:

- Gender: Generally, gender itself does not directly determine reading academic books most of the time, but some studies show females might read more for academic purposes.
- Age: Older undergraduates might read more academic books as they progress in their studies.
- Department: Students in academic or technical departments (e.g., CSE, SWE, Pharmacy, EEE, Civil) are more likely to read academic books most of the time compared to non-technical or non-academic majors (e.g., BBA, English, JMC).
- Amount of time spent reading books per day: More time spent reading books per day likely indicates reading academic books most of the time.
- Reason for reading books: If the reason is "Academic Purpose," the student most likely reads academic books most of the time.
- How to manage books for reading: This might be less directly related, but students who buy or borrow books might be more engaged in academic reading.
- Number of e-books read last two years: More e-books read might indicate more academic reading if combined with other factors.
- Number of printed books read last two years: Similarly, more printed books read likely indicates academic reading.
- Favorite books for leisure: If favorite books are academic or non-fiction, this might correlate with academic reading; if fiction or politics, less likely.
- Change felt after reading books: If the change is "Increase Academic Performance," it strongly correlates with reading academic books.
- Who influenced to read books: Parents or teachers might encourage academic reading.
- Language of books: Might have less direct impact.
- Where do you read printed books: Studying at the library might indicate academic reading.
- Do you read newspaper: Less directly related.
- Format used for reading books: Both e-books and printed books might indicate more reading overall.
- Frequency of reading books: Higher frequency indicates reading academic books most of the time.

---

Step 2. Ten different conditions for each answer class:

10 different conditions for class "0" (Does NOT read academic books most of the time):
- Reason for reading books is in [Entertainment Purpose, To increase my English vocabulary knowledge]
- Amount of time spent reading books per day < 1
- Frequency of reading books is in [Less than once a year, Once a month]
- Number of printed books you read last two years is in [1-5, nan]
- Number of e-books you read last two years is in [1-5, nan]
- Department is in [BBA, English, JMC, Others]
- Favorite books for reading to spend leisure time is in [Fiction, Politics, Others]
- What is the change that you felt after reading books is not "Increase Academic Performance"
- Where do you read printed books is in [Home, Others] (not library)
- How to manage books for reading is in [Others, Used-all]

10 different conditions for class "1" (Reads academic books most of the time):
- Reason for reading books is Academic Purpose
- Amount of time spent reading books per day >= 2
- Frequency of reading books is in [A few times a week, Daily]
- Number of printed books you read last two years is in [6-10, 11-15, 16-20, More than 20]
- Number of e-books you read last two years is in [6-10, 11-15, 16-20, More than 20]
- Department is in [CSE, SWE, Pharmacy, EEE, Civil, MCT, CIS]
- Favorite books for reading to spend leisure time is Non-Fiction or Biography
- What is the change that you felt after reading books is Increase Academic Performance
- Where do you read printed books is Library
- How to manage books for reading is in [Buy, Borrow]

---

This set of conditions is consistent with the example provided and general knowledge about academic reading behavior.