Answer:  
Step 1. The relationship between each feature and the task description:

- Date: The specific date/time itself likely has no direct causal impact on whether an arrest was made, but some times of day or days might correlate with certain crime types or police activity.
- Primary Type: Certain crime types (e.g., violent crimes, weapons violations, narcotics) are more likely to result in arrests than others (e.g., theft under $500, deceptive practice).
- Description: More severe or specific descriptions (e.g., aggravated assault, unlawful possession) likely correlate with arrests.
- Location Description: Crimes in public places or specific locations (streets, apartments, retail stores) might have different arrest probabilities.
- Domestic: Domestic violence cases may have different arrest rates compared to non-domestic crimes.
- Beat, District, Ward, Community Area: Geographic location might influence arrest likelihood due to policing patterns or crime severity in those areas.
- FBI Code: FBI crime classification codes indicate crime severity and type, impacting arrest probability.
- X Coordinate, Y Coordinate, Latitude, Longitude: Geographical coordinates relate to location and thus indirectly to arrest likelihood.
- Year: Since all examples are from the same year, this feature likely does not affect arrest likelihood here.

Step 2. Based on Step 1 and the provided examples, here are inferred conditions:

10 different conditions for class "0" (No arrest made):
- Primary Type is in [THEFT, BATTERY, DECEPTIVE PRACTICE, CRIMINAL DAMAGE, OTHER OFFENSE]
- Description is in [$500 AND UNDER, SIMPLE, TO PROPERTY, VIOLATE ORDER OF PROTECTION, FORGERY]
- Location Description is in [APARTMENT, STREET, RESIDENCE, VEHICLE NON-COMMERCIAL, OTHER (SPECIFY)]
- Domestic is 1 (domestic violence cases tend not to have arrest here based on example)
- FBI Code is in [06, 08A, 10, 14, 26]
- Primary Type is THEFT and Description is ATTEMPT THEFT
- Beat is within range of [200, 1800] (mid-range beats with no arrest examples)
- District is within range of [5, 25] (districts with no arrest examples)
- Ward is within range of [3, 44] (wards with no arrest examples)
- Community Area is within range of [6, 49]

10 different conditions for class "1" (Arrest made):
- Primary Type is in [ASSAULT, WEAPONS VIOLATION, NARCOTICS, CRIMINAL TRESPASS]
- Description is in [AGGRAVATED - OTHER DANGEROUS WEAPON, UNLAWFUL POSSESSION - HANDGUN, POSSESS - CANNABIS 30 GRAMS OR LESS, FOUND SUSPECT NARCOTICS, SIMPLE (when Domestic=1), TO LAND]
- Location Description is in [STREET, APARTMENT, SMALL RETAIL STORE, SIDEWALK, CHA APARTMENT]
- Domestic is 0 (non-domestic cases more likely to have arrest here)
- FBI Code is in [04A, 15, 18, 26, 08A]
- Primary Type is NARCOTICS and Description is POSSESS - CRACK
- Beat is within range of [1000, 2500] (higher beat numbers with arrest examples)
- District is within range of [10, 24] (districts with arrest examples)
- Ward is within range of [22, 40]
- Community Area is within range of [1, 33]

These conditions align with the examples and general crime/arrest patterns observed.

---DIVIDER---

Answer:  
Step 1. The relationship between each feature and the task description:

- Date: The exact date/time likely does not directly determine arrest, but recent or nighttime crimes might have different arrest likelihoods.
- Primary Type: Certain crime types (e.g., weapons violations, narcotics, assaults) are more likely to result in arrests than others (e.g., theft under $500, criminal damage).
- Description: More severe or specific descriptions (e.g., aggravated assault, unlawful possession) likely correlate with arrests.
- Location Description: Crimes in public or controlled areas (street, apartment, small retail store) may have different arrest probabilities.
- Domestic: Domestic violence cases might influence arrest likelihood differently.
- Beat, District, Ward, Community Area: Geographic variables may correlate with arrest likelihood due to policing patterns.
- FBI Code: Specific FBI crime codes correspond to crime severity and arrest likelihood.
- X Coordinate, Y Coordinate, Latitude, Longitude: Geographic location coordinates might correlate with arrest rates indirectly.
- Year: All examples are from 2025, so no variation.
  
Step 2. Based on the above and examples, infer conditions:

10 different conditions for class "0" (No arrest made):  
- Primary Type is in [THEFT, BATTERY, OTHER OFFENSE, DECEPTIVE PRACTICE, CRIMINAL DAMAGE]  
- Description is in [$500 AND UNDER, SIMPLE, ATTEMPT THEFT, VIOLATE ORDER OF PROTECTION, TO PROPERTY, FORGERY, RETAIL THEFT, AGGRAVATED - HANDGUN]  
- Location Description is in [STREET, APARTMENT, RESIDENCE, SMALL RETAIL STORE, VEHICLE NON-COMMERCIAL, OTHER (SPECIFY)]  
- Domestic is 0  
- FBI Code is in [06, 08A, 14, 26, 10, 04B]  
- Beat is within range of [800, 2000]  
- District is within range of [8, 19]  
- Ward is within range of [3, 44]  
- Community Area is within range of [6, 66]  
- Date is within range of [01/01/2025 00:00:00 AM, 01/29/2025 11:59:59 PM] (no strong temporal pattern)  

10 different conditions for class "1" (Arrest made):  
- Primary Type is in [WEAPONS VIOLATION, NARCOTICS, ASSAULT, CRIMINAL TRESPASS]  
- Description is in [UNLAWFUL POSSESSION - HANDGUN, POSSESS - CRACK, POSSESS - CANNABIS 30 GRAMS OR LESS, FOUND SUSPECT NARCOTICS, AGGRAVATED - OTHER DANGEROUS WEAPON, SIMPLE (when Domestic=1), TO LAND]  
- Location Description is in [STREET, SIDEWALK, APARTMENT, SMALL RETAIL STORE, CHA APARTMENT]  
- Domestic is 0 or 1 (both present, but SIMPLE assault with Domestic=1 leads to arrest)  
- FBI Code is in [15, 18, 04A, 26, 08A]  
- Beat is within range of [1000, 2500]  
- District is within range of [1, 25]  
- Ward is within range of [3, 47]  
- Community Area is within range of [1, 33]  
- Date is within range of [01/01/2025 00:00:00 AM, 01/29/2025 11:59:59 PM] (no strong temporal pattern)  

Notes:  
- Arrests are strongly associated with crime types like WEAPONS VIOLATION, NARCOTICS, and certain ASSAULTs.  
- Non-arrests are associated with less severe property crimes and some assaults.  
- Domestic=1 with SIMPLE assault corresponds to arrest in example.  
- Location descriptions overlap but certain locations like CHA APARTMENT with Domestic=1 and SIMPLE assault yield arrest.  
- FBI Codes associated with arrests correspond to more serious or controlled offenses.

---DIVIDER---

Step 1. The relationship between each feature and the task description:

- **Date**: The specific date/time may not directly influence arrest likelihood, but crimes reported at certain times (e.g., night vs. day) could correlate with arrest rates.
- **Primary Type**: Certain crime types (e.g., NARCOTICS, WEAPONS VIOLATION) are more likely to result in arrests than others (e.g., THEFT under $500, SIMPLE ASSAULT).
- **Description**: More severe or specific descriptions (e.g., AGGRAVATED, HANDGUN, POSSESS - CRACK) likely increase arrest probability.
- **Location Description**: Crimes in public places (STREET, SIDEWALK) may have higher arrest rates compared to private residences or apartments.
- **Domestic**: Domestic violence crimes may have a different arrest tendency; examples show both arrests and no arrests, but many domestic cases here are no arrest.
- **Beat, District, Ward, Community Area**: Geographic location might influence arrest rates due to policing patterns or crime severity in the area.
- **FBI Code**: Certain FBI codes (e.g., 18 for narcotics, 15 for weapons) are linked to arrests, while others (e.g., 06 for theft) tend not to be.
- **X Coordinate, Y Coordinate, Latitude, Longitude**: Spatial location can correlate with arrest likelihood, reflecting policing intensity or crime severity.
- **Year**: All examples are from 2025, so no variation.
  
Overall, crimes involving narcotics, weapons violations, aggravated assault, and public locations tend to have arrests (Answer=1). Less severe crimes like theft under $500, simple assault, or property damage tend not to have arrests (Answer=0).

---

10 different conditions for class "0" (No arrest made):

- Primary Type is in [THEFT, BATTERY, ASSAULT, CRIMINAL DAMAGE, DECEPTIVE PRACTICE, OTHER OFFENSE, CRIMINAL TRESPASS]
- Description is in [SIMPLE, $500 AND UNDER, ATTEMPT THEFT, FORGERY, TO PROPERTY, VIOLATE ORDER OF PROTECTION]
- Location Description is in [APARTMENT, RESIDENCE, OTHER (SPECIFY), NURSING / RETIREMENT HOME]
- Domestic is 1
- FBI Code is in [06, 08A, 10, 14, 26]
- Primary Type is THEFT and Description is $500 AND UNDER
- Primary Type is ASSAULT and Description is SIMPLE and Domestic is 0
- Beat is within range [800, 900] and District is in [8, 9]
- Community Area is within range [60, 70]
- Primary Type is BATTERY and Description is AGGRAVATED - HANDGUN

---

10 different conditions for class "1" (Arrest made):

- Primary Type is in [NARCOTICS, WEAPONS VIOLATION, ASSAULT, CRIMINAL TRESPASS]
- Description is in [POSSESS - CRACK, POSSESS - CANNABIS 30 GRAMS OR LESS, UNLAWFUL POSSESSION - HANDGUN, AGGRAVATED - OTHER DANGEROUS WEAPON, FOUND SUSPECT NARCOTICS, SIMPLE]
- Location Description is in [STREET, SIDEWALK, SMALL RETAIL STORE, CHA APARTMENT, VEHICLE NON-COMMERCIAL]
- Domestic is 0
- FBI Code is in [18, 15, 04A, 26]
- Primary Type is NARCOTICS and Description is POSSESS - CRACK
- Primary Type is WEAPONS VIOLATION and Description is UNLAWFUL POSSESSION - HANDGUN
- Primary Type is ASSAULT and Description is AGGRAVATED - OTHER DANGEROUS WEAPON
- Beat is within range [1000, 1600] and District is in [10, 15]
- Community Area is within range [20, 35]

---

These conditions reflect patterns observed in examples and general crime-arrest relationships.

---DIVIDER---

Answer:  
Step 1. The relationship between each feature and the task description:

- Date: The date/time itself likely does not directly affect arrest likelihood, but some times (e.g., late night) might correlate with certain crimes.
- Primary Type: Strong relationship; certain crimes like NARCOTICS, WEAPONS VIOLATION, ASSAULT tend to have arrests, while THEFT, DECEPTIVE PRACTICE less so.
- Description: More serious or specific descriptions (AGGRAVATED, UNLAWFUL POSSESSION) correlate with arrests.
- Location Description: Some locations (STREET, APARTMENT) may have higher arrest rates than others (RESIDENCE, RETIREMENT HOME).
- Domestic: Domestic violence cases (Domestic=1) might have different arrest patterns.
- Beat/District/Ward/Community Area: Geographic location could influence arrest likelihood due to policing intensity or crime type prevalent.
- FBI Code: Codes associated with violent or possession crimes likely have higher arrest rates.
- Coordinates (X/Y/Latitude/Longitude): Geographic proxies for location; may correlate with arrest likelihood.
- Year: In this dataset, only 2025, so no variation.
  
Step 2. Conditions for each class based on examples and Step 1:

10 different conditions for class "0" (No arrest made):
- Primary Type is in [THEFT, DECEPTIVE PRACTICE, OTHER OFFENSE, CRIMINAL DAMAGE]
- Description is in [ATTEMPT THEFT, FORGERY, TO PROPERTY, VIOLATE ORDER OF PROTECTION, RETAIL THEFT, $500 AND UNDER, SIMPLE]
- Location Description is in [RESIDENCE, APARTMENT, SMALL RETAIL STORE, VEHICLE NON-COMMERCIAL, OTHER (SPECIFY)]
- Domestic is 0
- FBI Code is in [06, 10, 14, 26]
- Beat is within range [800, 2600] (most examples)
- District is within range [8, 25]
- Ward is within range [14, 44]
- Community Area is within range [3, 63]
- Date is in January 2025 (all examples)

10 different conditions for class "1" (Arrest made):
- Primary Type is in [NARCOTICS, ASSAULT, WEAPONS VIOLATION, CRIMINAL TRESPASS]
- Description is in [POSSESS - CANNABIS 30 GRAMS OR LESS, POSSESS - CRACK, FOUND SUSPECT NARCOTICS, AGGRAVATED - OTHER DANGEROUS WEAPON, SIMPLE (ASSAULT), UNLAWFUL POSSESSION - HANDGUN, TO LAND]
- Location Description is in [STREET, SIDEWALK, APARTMENT, CHA APARTMENT, SMALL RETAIL STORE]
- Domestic is 0 or 1 (both appear)
- FBI Code is in [04A, 08A, 15, 18, 26]
- Beat is within range [100, 2500]
- District is within range [1, 25]
- Ward is within range [3, 40]
- Community Area is within range [1, 33]
- Date is in January 2025 (all examples)

---

Summary: Arrests are more likely for crimes involving NARCOTICS, ASSAULT, WEAPONS VIOLATION, and CRIMINAL TRESPASS, often with specific descriptions indicating possession or aggravated assault, and occur frequently on STREET or APARTMENT locations. No arrests are common in THEFT, DECEPTIVE PRACTICE, and other property crimes with less severe descriptions and residential or retail locations.

---

**Final formatted conditions:**

10 different conditions for class "0":  
- Primary Type is in [THEFT, DECEPTIVE PRACTICE, OTHER OFFENSE, CRIMINAL DAMAGE]  
- Description is in [ATTEMPT THEFT, FORGERY, TO PROPERTY, VIOLATE ORDER OF PROTECTION, RETAIL THEFT, $500 AND UNDER, SIMPLE]  
- Location Description is in [RESIDENCE, APARTMENT, SMALL RETAIL STORE, VEHICLE NON-COMMERCIAL, OTHER (SPECIFY)]  
- Domestic is 0  
- FBI Code is in [06, 10, 14, 26]  
- Beat is within range [800, 2600]  
- District is within range [8, 25]  
- Ward is within range [14, 44]  
- Community Area is within range [3, 63]  
- Date is in January 2025  

10 different conditions for class "1":  
- Primary Type is in [NARCOTICS, ASSAULT, WEAPONS VIOLATION, CRIMINAL TRESPASS]  
- Description is in [POSSESS - CANNABIS 30 GRAMS OR LESS, POSSESS - CRACK, FOUND SUSPECT NARCOTICS, AGGRAVATED - OTHER DANGEROUS WEAPON, SIMPLE, UNLAWFUL POSSESSION - HANDGUN, TO LAND]  
- Location Description is in [STREET, SIDEWALK, APARTMENT, CHA APARTMENT, SMALL RETAIL STORE]  
- Domestic is 0 or 1  
- FBI Code is in [04A, 08A, 15, 18, 26]  
- Beat is within range [100, 2500]  
- District is within range [1, 25]  
- Ward is within range [3, 40]  
- Community Area is within range [1, 33]  
- Date is in January 2025

---DIVIDER---

Answer:  
Step 1. The relationship between each feature and the task description:  

- **Date**: The date/time itself does not directly influence whether an arrest was made, but certain times of day or days might correlate with more serious crimes or arrests (e.g., nighttime or weekends might have more arrests).
- **Primary Type**: Certain crime types (e.g., weapons violations, narcotics, aggravated assault) are more likely to result in an arrest than others (e.g., simple theft, criminal damage).
- **Description**: More severe or specific descriptions (e.g., aggravated, unlawful possession) likely indicate a higher chance of arrest.
- **Location Description**: Crimes occurring in public places (streets, sidewalks) or controlled environments (apartment, vehicle) may have different arrest probabilities.
- **Domestic**: Domestic violence cases may have higher arrest rates.
- **Beat, District, Ward, Community Area**: Geographic factors might influence arrest likelihood due to policing intensity or crime patterns.
- **FBI Code**: Codes representing serious crimes or controlled substance offenses likely correlate with arrests.
- **X Coordinate, Y Coordinate, Latitude, Longitude**: Spatial location may reflect neighborhood policing or crime severity.
- **Year**: Since all examples are from 2025, year is not a discriminative feature here.

---

Step 2. Based on the above examples and Step 1's results, infer 10 different conditions per answer class:

10 different conditions for class "0" (No arrest made):  
- Primary Type is in [THEFT, CRIMINAL DAMAGE, DECEPTIVE PRACTICE, OTHER OFFENSE, BATTERY]  
- Description is in [TO PROPERTY, SIMPLE, FORGERY, VIOLATE ORDER OF PROTECTION, ATTEMPT THEFT, RETAIL THEFT, AGGRAVATED - HANDGUN]  
- Location Description is in [OTHER (SPECIFY), APARTMENT, RESIDENCE, SMALL RETAIL STORE, CHA APARTMENT, VEHICLE NON-COMMERCIAL]  
- Domestic is 0  
- FBI Code is in [14, 08A, 06, 10, 26, 04B]  
- Beat is within range of [500, 900]  
- District is within range of [5, 10]  
- Ward is within range of [3, 14]  
- Community Area is within range of [6, 49]  
- Year is 2025  

10 different conditions for class "1" (Arrest made):  
- Primary Type is in [WEAPONS VIOLATION, NARCOTICS, ASSAULT, CRIMINAL TRESPASS]  
- Description is in [UNLAWFUL POSSESSION - HANDGUN, POSSESS - CRACK, SIMPLE, FOUND SUSPECT NARCOTICS, AGGRAVATED - OTHER DANGEROUS WEAPON, POSSESS - CANNABIS 30 GRAMS OR LESS, TO LAND]  
- Location Description is in [STREET, APARTMENT, SIDEWALK, SMALL RETAIL STORE]  
- Domestic is 1 or 0 (both appear, but domestic=1 is common)  
- FBI Code is in [15, 18, 08A, 26, 04A]  
- Beat is within range of [1000, 2500]  
- District is within range of [10, 25]  
- Ward is within range of [22, 40]  
- Community Area is within range of [1, 36]  
- Year is 2025  

---

These conditions reflect observed patterns in the data and common knowledge about arrests related to certain crime types, descriptions, and locations.