Answer:  
Step 1. The relationship between each feature and the task description:

- Gender: Generally, satisfaction is not strongly dependent on gender, but cultural factors might influence expectations or communication style.
- Age: Different age groups may have varying expectations or communication preferences that impact satisfaction.
- Education: Higher education might correlate with higher expectations or better understanding of responses.
- Nationality: Nationality might influence satisfaction due to language, cultural understanding, or service expectations.
- Marital_Status: Social support or personal circumstances might affect satisfaction indirectly.
- Governorate: Geographic location might affect access to services or quality of service received.
- Aware_151: Awareness of the service might correlate with satisfaction as knowledgeable clients may have better experiences.
- Call_151: Clients who called might have more direct experience affecting their satisfaction.
- The_reason_of_the_call: The reason for calling (complaints vs inquiries vs vaccination) likely strongly influences satisfaction.
- Call_center_employee_communication_skills_evaluation: Higher ratings here likely strongly correlate with satisfaction.
- Satisfaction_with_the_doctors_response: Higher satisfaction with doctors' response likely strongly correlates with overall satisfaction.
- How_often_do_you_receive_call_center_news: Frequent updates might increase satisfaction by keeping clients informed.

Step 2.  
10 different conditions for class "0" (Not satisfied):  
- Call_center_employee_communication_skills_evaluation <= 4.0  
- Satisfaction_with_the_doctors_response <= 3.0  
- The_reason_of_the_call is in [Complaints]  
- Call_151 is Yes  
- Aware_151 is Yes  
- Age is in [25-29, 40-49]  
- Education is in [Bachelor, High school]  
- Nationality is Kuwaiti  
- Marital_Status is in [Married, Single]  
- How_often_do_you_receive_call_center_news <= 3.7  

10 different conditions for class "1" (Satisfied):  
- Call_center_employee_communication_skills_evaluation > 4.0  
- Satisfaction_with_the_doctors_response > 3.0  
- The_reason_of_the_call is in [Complaints, Inquiries_COVID19, Vaccination]  
- Call_151 is No  
- Aware_151 is No  
- Age is in [18-24, 30-39]  
- Education is in [High school, Bachelor]  
- Nationality is in [Other nationality, Unspecified]  
- Marital_Status is in [Single, Widow]  
- How_often_do_you_receive_call_center_news > 3.0

---DIVIDER---

Answer:  
Step 1. The relationship between each feature and the task description:

- Gender: Generally, gender may not strongly influence satisfaction, but there could be slight differences in communication preferences or expectations.  
- Age: Younger clients might have different expectations or tolerance levels compared to older clients.  
- Education: Higher education levels might correlate with higher expectations or more critical evaluations of service.  
- Nationality: Kuwaiti vs. other nationalities might reflect differences in expectations or familiarity with the service.  
- Marital_Status: Possibly minor effect; married clients might have different concerns or patience levels than singles.  
- Governorate: Regional differences might affect satisfaction due to local service quality or accessibility.  
- Aware_151: Awareness of the service 151 might correlate with better understanding and possibly higher satisfaction.  
- Call_151: Whether the client actually called the service might reflect engagement and influence satisfaction.  
- The_reason_of_the_call: Reason for the call is likely strongly related to satisfaction; complaints generally lower satisfaction, inquiries or vaccination might have higher satisfaction.  
- Call_center_employee_communication_skills_evaluation: Higher communication skill ratings likely increase satisfaction.  
- Satisfaction_with_the_doctors_response: Higher satisfaction with doctors’ responses likely strongly correlates with overall satisfaction.  
- How_often_do_you_receive_call_center_news: More frequent updates might increase satisfaction by keeping clients informed.  

---

Step 2. Based on the above and examples, infer 10 different conditions per class:

10 different conditions for class "0" (Client NOT satisfied):

- The_reason_of_the_call is Complaints  
- Call_center_employee_communication_skills_evaluation is within range [2.4, 4.0] (moderate to low communication skills)  
- Satisfaction_with_the_doctors_response < 3.0  
- How_often_do_you_receive_call_center_news is within range [1.7, 3.7] (moderate or low news frequency)  
- Call_151 is Yes (clients who called and complained tend to be unsatisfied)  
- Aware_151 is Yes (aware clients who called and complained tend to be unsatisfied)  
- Education is Bachelor or higher (higher education clients tend to be more critical)  
- Gender is Female (based on examples, females more often answered 0)  
- Age is within [25-29, 30-39] (middle young adults more often unsatisfied)  
- Governorate is Capital or Farwaniya (regions with more complaints and unsatisfied clients)  

10 different conditions for class "1" (Client SATISFIED):

- The_reason_of_the_call is Vaccination or Inquiries_COVID19 or Inquiries  
- Call_center_employee_communication_skills_evaluation >= 3.0 (moderate to high communication skills)  
- Satisfaction_with_the_doctors_response >= 3.0  
- How_often_do_you_receive_call_center_news > 3.0 (frequent news updates)  
- Call_151 is No (clients who did not call but still evaluated tend to be satisfied)  
- Aware_151 is No (clients unaware of service 151 tend to be satisfied)  
- Nationality is Unspecified or Other nationality (non-Kuwaiti or unspecified clients show more satisfaction)  
- Gender is Male (males more often satisfied in examples)  
- Age is within [18-24, 25-29] (younger clients more often satisfied)  
- Marital_Status is Single or Widow (single or widowed clients tend to be satisfied)  

---

These conditions reflect tendencies in the data examples and general knowledge about client satisfaction with call centers.

---DIVIDER---

Answer:  
Step 1. The relationship between each feature and the task description:

- Gender: Likely no strong direct effect on satisfaction, but might correlate with communication preferences.  
- Age: Younger clients might have different expectations or satisfaction levels compared to older clients.  
- Education: Higher education might correlate with higher expectations or better understanding of service quality.  
- Nationality: Non-Kuwaiti or unspecified nationality clients might have different satisfaction due to language or cultural barriers.  
- Marital_Status: Possibly minor effect; married clients might have different service expectations.  
- Governorate: Geographic location might influence service availability or quality, affecting satisfaction.  
- Aware_151: Clients aware of the service might have better expectations or experiences.  
- Call_151: Clients who actually called might have a more informed opinion on satisfaction.  
- The_reason_of_the_call: Complaints likely correlate with dissatisfaction; inquiries or vaccination might correlate with neutral or positive satisfaction.  
- Call_center_employee_communication_skills_evaluation: Higher evaluation likely correlates with higher satisfaction.  
- Satisfaction_with_the_doctors_response: Higher satisfaction with doctors' response likely correlates with overall satisfaction.  
- How_often_do_you_receive_call_center_news: More frequent updates might improve satisfaction or awareness.

---

Step 2. Based on the above and given examples, here are 10 conditions per answer class:

10 different conditions for class "0" (Not satisfied):  
- The_reason_of_the_call is Complaints  
- Call_center_employee_communication_skills_evaluation <= 3.0  
- Satisfaction_with_the_doctors_response <= 3.0  
- Call_151 is No  
- Aware_151 is No  
- How_often_do_you_receive_call_center_news < 3.0  
- Nationality is Kuwaiti  
- Marital_Status is Married  
- Education is Bachelor or High school  
- Governorate is Farwaniya or Capital  

10 different conditions for class "1" (Satisfied):  
- The_reason_of_the_call is Vaccination or Inquiries_COVID19 or Inquiries or Medical_Consultation  
- Call_center_employee_communication_skills_evaluation >= 4.0  
- Satisfaction_with_the_doctors_response >= 3.8  
- Call_151 is Yes  
- Aware_151 is Yes  
- How_often_do_you_receive_call_center_news >= 3.0  
- Nationality is Other nationality or Unspecified  
- Marital_Status is Single or Widow or Widower  
- Education is High school or Diploma or Other  
- Governorate is Jahra or Mubarak AlKabir or AlAhmadi  

---

These conditions are consistent with the examples and general reasoning about satisfaction drivers.

---DIVIDER---

Answer:  
Step 1. The relationship between each feature and the task description:

- Gender: No obvious direct effect on satisfaction, but possibly some cultural or communication style differences.  
- Age: Younger or older clients might have different expectations or experiences affecting satisfaction.  
- Education: Higher education might correlate with higher expectations or better understanding of service quality.  
- Nationality: Kuwaiti vs. others may reflect different experiences or expectations from the call center.  
- Marital_Status: May influence communication style or expectations but likely weak effect.  
- Governorate: Regional differences might affect service quality or accessibility, influencing satisfaction.  
- Aware_151: Awareness of the service might correlate with satisfaction due to better understanding of service scope.  
- Call_151: Whether the client actually called the service; those who called might have different satisfaction levels.  
- The_reason_of_the_call: Reason for the call likely strongly affects satisfaction (e.g., complaints may lower satisfaction, inquiries or vaccination may have higher satisfaction).  
- Call_center_employee_communication_skills_evaluation: Higher rating likely correlates positively with satisfaction.  
- Satisfaction_with_the_doctors_response: Higher satisfaction with doctors’ response strongly correlates with overall satisfaction.  
- How_often_do_you_receive_call_center_news: More frequent updates might correlate with higher satisfaction due to better information flow.

---

Step 2. Based on the above examples and Step 1's results, infer 10 different conditions per answer class:

10 different conditions for class "0" (Not satisfied):  
- The_reason_of_the_call is in [Complaints]  
- Call_center_employee_communication_skills_evaluation <= 3.0  
- Satisfaction_with_the_doctors_response <= 3.0  
- Call_151 is in [No]  
- Aware_151 is in [Yes] and The_reason_of_the_call is in [Complaints]  
- Gender is in [Female] and The_reason_of_the_call is in [Complaints]  
- How_often_do_you_receive_call_center_news <= 2.6  
- Education is in [Bachelor, High school] and Call_center_employee_communication_skills_evaluation <= 3.0  
- Marital_Status is in [Single, Married] and Satisfaction_with_the_doctors_response <= 3.0  
- Age is in [18-24, 25-29] and Call_center_employee_communication_skills_evaluation <= 3.0  

10 different conditions for class "1" (Satisfied):  
- Satisfaction_with_the_doctors_response >= 3.8  
- Call_center_employee_communication_skills_evaluation >= 4.0  
- The_reason_of_the_call is in [Vaccination, Inquiries_COVID19]  
- Call_151 is in [Yes]  
- How_often_do_you_receive_call_center_news >= 3.0  
- Nationality is in [Other nationality, Unspecified] and Satisfaction_with_the_doctors_response >= 3.5  
- Gender is in [Male] and Call_center_employee_communication_skills_evaluation >= 4.0  
- Age is in [18-24, 25-29] and Satisfaction_with_the_doctors_response >= 3.8  
- Marital_Status is in [Widow, Single] and The_reason_of_the_call is in [Inquiries_COVID19]  
- Governorate is in [Jahra, AlAhmadi] and Call_center_employee_communication_skills_evaluation >= 4.0

---DIVIDER---

Answer:  
Step 1. The relationship between each feature and the task description:

- Gender: May have little direct influence on satisfaction, but could reflect different communication preferences or expectations.  
- Age: Younger clients might be less satisfied due to higher expectations or different communication styles; older clients might be more tolerant or less demanding.  
- Education: Higher education might correlate with higher expectations and potentially lower satisfaction if expectations are unmet.  
- Nationality: Non-Kuwaiti or unspecified nationality clients might have different satisfaction levels due to language or service familiarity.  
- Marital_Status: Possibly minor influence; single or married clients might differ in expectations or experience.  
- Governorate: Regional differences might affect satisfaction due to local service quality or accessibility.  
- Aware_151: Awareness of the service might correlate with satisfaction; those unaware might have lower satisfaction or less informed expectations.  
- Call_151: Clients who called the service might have a more direct experience influencing satisfaction positively or negatively.  
- The_reason_of_the_call: The reason for the call (e.g., complaints vs inquiries) likely strongly influences satisfaction; complaint calls may have lower satisfaction.  
- Call_center_employee_communication_skills_evaluation: Higher communication skills rating likely correlates with higher satisfaction.  
- Satisfaction_with_the_doctors_response: Direct measure of satisfaction with service; higher values indicate higher satisfaction.  
- How_often_do_you_receive_call_center_news: More frequent updates might increase satisfaction by improving engagement and information.  

---

Step 2. Based on Step 1 and examples, infer 10 different conditions per answer class:

10 different conditions for class "0" (client not satisfied):  
- The_reason_of_the_call is Complaints  
- Call_center_employee_communication_skills_evaluation <= 3.0  
- Satisfaction_with_the_doctors_response <= 3.0  
- Aware_151 is Yes and Call_151 is Yes and The_reason_of_the_call is Complaints  
- Gender is Female and The_reason_of_the_call is Complaints  
- How_often_do_you_receive_call_center_news <= 2.6  
- Education is Bachelor and Satisfaction_with_the_doctors_response <= 3.0  
- Age is in [25-29, 30-39] and The_reason_of_the_call is Complaints  
- Nationality is Kuwaiti and The_reason_of_the_call is Complaints  
- Marital_Status is Married and Call_center_employee_communication_skills_evaluation <= 3.0  

10 different conditions for class "1" (client satisfied):  
- Satisfaction_with_the_doctors_response > 3.0  
- Call_center_employee_communication_skills_evaluation > 3.5  
- The_reason_of_the_call in [Vaccination, Inquiries, Inquiries_COVID19]  
- How_often_do_you_receive_call_center_news >= 3.0  
- Call_151 is Yes and Satisfaction_with_the_doctors_response > 3.5  
- Gender is Male and The_reason_of_the_call is Complaints and Satisfaction_with_the_doctors_response >= 3.0  
- Education is High school and Satisfaction_with_the_doctors_response >= 3.0  
- Nationality is Unspecified and Call_center_employee_communication_skills_evaluation >= 3.0  
- Age is in [18-24, 25-29] and Satisfaction_with_the_doctors_response > 3.0  
- Marital_Status is Single and Satisfaction_with_the_doctors_response >= 3.0