Answer:  
Step 1. The relationship between each feature and the task description:

- Gender: Satisfaction may not strongly depend on gender, but some slight differences in communication preferences could exist.  
- Age: Older clients might have different expectations or satisfaction levels compared to younger clients.  
- Education: Higher education might correlate with higher expectations or better understanding of services.  
- Nationality: Kuwaiti clients might have different satisfaction levels compared to other nationalities due to service familiarity or cultural factors.  
- Marital_Status: Marital status might influence satisfaction indirectly through social support or expectations.  
- Governorate: Regional differences in service quality or accessibility might affect satisfaction.  
- Aware_151: Clients aware of service 151 might be more satisfied due to better knowledge of available services.  
- Call_151: Clients who have called service 151 might have formed opinions based on direct experience, affecting satisfaction.  
- The_reason_of_the_call: Complaints likely correlate with dissatisfaction; inquiries or medical consultation might correlate with higher satisfaction.  
- Call_center_employee_communication_skills_evaluation: Higher communication skills rating likely correlates strongly with satisfaction.  
- Satisfaction_with_the_doctors_response: Higher satisfaction with doctors’ responses likely correlates strongly with overall satisfaction.  
- How_often_do_you_receive_call_center_news: Frequent updates might increase satisfaction through better engagement and information.  

---

Step 2. Based on the above analysis, 10 different conditions per answer class are:

10 different conditions for class "0" (Not satisfied):  
- The_reason_of_the_call is in [Complaints]  
- Call_center_employee_communication_skills_evaluation <= 3  
- Satisfaction_with_the_doctors_response <= 2  
- Aware_151 is in [No]  
- Call_151 is in [No]  
- Age is in [Under 18, 18-24]  
- Education is in [Less than high school, High school]  
- Nationality is in [Other nationality]  
- Marital_Status is in [Widow, Widower]  
- How_often_do_you_receive_call_center_news <= 1  

10 different conditions for class "1" (Satisfied):  
- The_reason_of_the_call is in [Vaccination, Inquiries, Inquiries_COVID19, Medical_Consultation]  
- Call_center_employee_communication_skills_evaluation >= 4  
- Satisfaction_with_the_doctors_response >= 4  
- Aware_151 is in [Yes]  
- Call_151 is in [Yes]  
- Age is in [30-39, 40-49, 50-59, 60 and above]  
- Education is in [Bachelor, Master, Doctor]  
- Nationality is in [Kuwaiti]  
- Marital_Status is in [Married, Single]  
- How_often_do_you_receive_call_center_news >= 2

---DIVIDER---

Answer:  
Step 1. The relationship between each feature and the task description:

- Gender: Likely no strong direct effect on satisfaction, but some demographic differences may exist in communication preferences or expectations.  
- Age: Different age groups may have different expectations or familiarity with call centers, potentially affecting satisfaction. Younger clients might be more tech-savvy and expect faster service.  
- Education: Higher education levels might correlate with higher expectations or better understanding of the service, possibly influencing satisfaction positively or negatively.  
- Nationality: Kuwaiti clients might have different expectations or experiences compared to other nationalities, influencing satisfaction.  
- Marital_Status: May have indirect influence; e.g., married clients might have different concerns or patience levels.  
- Governorate: Regional differences in service quality or access might affect satisfaction.  
- Aware_151: Being aware of service 151 likely correlates with better understanding and possibly higher satisfaction.  
- Call_151: Clients who have called service 151 are more engaged and might have formed a direct opinion about satisfaction.  
- The_reason_of_the_call: The reason for the call can strongly influence satisfaction; for example, complaints may correlate with lower satisfaction, while inquiries or medical consultation might correlate with higher satisfaction.  
- Call_center_employee_communication_skills_evaluation: Higher ratings here likely strongly correlate with higher satisfaction.  
- Satisfaction_with_the_doctors_response: Higher satisfaction with doctors' responses likely correlates with overall call center satisfaction.  
- How_often_do_you_receive_call_center_news: More frequent updates might indicate better communication and higher satisfaction.

---

Step 2. Based on the above and typical tendencies, here are 10 different conditions per answer class:

10 different conditions for class "No" (client not satisfied):  
- The_reason_of_the_call is in [Complaints]  
- Call_center_employee_communication_skills_evaluation <= 3  
- Satisfaction_with_the_doctors_response <= 3  
- Aware_151 is No  
- Call_151 is Yes and The_reason_of_the_call is in [Complaints]  
- How_often_do_you_receive_call_center_news < 2  
- Nationality is in [Other nationality] and Call_center_employee_communication_skills_evaluation <= 3  
- Age is in [60 and above, Under 18] and Satisfaction_with_the_doctors_response <= 3  
- Education is in [Less than high school, Other] and Call_center_employee_communication_skills_evaluation <= 3  
- Marital_Status is in [Widow, Widower] and Satisfaction_with_the_doctors_response <= 3  

10 different conditions for class "Yes" (client satisfied):  
- Call_center_employee_communication_skills_evaluation >= 4  
- Satisfaction_with_the_doctors_response >= 4  
- The_reason_of_the_call is in [Vaccination, Inquiries, Inquiries_COVID19, Medical_Consultation]  
- Aware_151 is Yes  
- Call_151 is Yes and Call_center_employee_communication_skills_evaluation >= 4  
- How_often_do_you_receive_call_center_news >= 3  
- Nationality is Kuwaiti and Satisfaction_with_the_doctors_response >= 4  
- Age is in [25-29, 30-39, 40-49] and Call_center_employee_communication_skills_evaluation >= 4  
- Education is in [Bachelor, Master, Doctor] and Satisfaction_with_the_doctors_response >= 4  
- Marital_Status is Married and Call_center_employee_communication_skills_evaluation >= 4  

---

These conditions reflect reasonable assumptions about factors influencing satisfaction, balancing categorical and numerical features, and covering different client profiles.

---DIVIDER---

Answer:  
Step 1. The relationship between each feature and the task description:

- Gender: Generally, satisfaction might not strongly depend on gender, but there could be slight tendencies (e.g., females might express satisfaction differently).
- Age: Older clients might have different expectations or satisfaction levels compared to younger clients.
- Education: Higher education might correlate with higher expectations or better understanding of services, influencing satisfaction.
- Nationality: Local nationals (Kuwaiti) might have different satisfaction levels compared to others due to familiarity or service priority.
- Marital_Status: Possibly minor influence; married clients might have different service needs or expectations.
- Governorate: Regional differences in service quality or accessibility might affect satisfaction.
- Aware_151: Clients aware of the service might have better expectations and thus different satisfaction levels.
- Call_151: Clients who have actually called the service might have a more direct experience influencing satisfaction.
- The_reason_of_the_call: Calls for complaints likely correlate with dissatisfaction; calls for inquiries or consultations might correlate with satisfaction.
- Call_center_employee_communication_skills_evaluation: Higher ratings likely correlate strongly with satisfaction.
- Satisfaction_with_the_doctors_response: Higher satisfaction with doctors likely correlates with overall satisfaction.
- How_often_do_you_receive_call_center_news: Frequent updates might correlate with higher satisfaction due to better communication.

---

Step 2. Based on the above analysis, 10 different conditions per answer class:

10 different conditions for class "No" (client not satisfied):  
- The_reason_of_the_call is in [Complaints]  
- Call_center_employee_communication_skills_evaluation <= 2  
- Satisfaction_with_the_doctors_response <= 2  
- Call_151 is in [Yes] and The_reason_of_the_call is in [Complaints]  
- Aware_151 is in [No] and Call_center_employee_communication_skills_evaluation <= 3  
- Nationality is in [Other nationality] and Satisfaction_with_the_doctors_response <= 2  
- Governorate is in [Jahra, Mubarak AlKabir] and Call_center_employee_communication_skills_evaluation <= 3  
- Age is in [60 and above] and Satisfaction_with_the_doctors_response <= 2  
- Education is in [Less than high school, Other] and Call_center_employee_communication_skills_evaluation <= 2  
- How_often_do_you_receive_call_center_news <= 1  

10 different conditions for class "Yes" (client satisfied):  
- Call_center_employee_communication_skills_evaluation >= 4  
- Satisfaction_with_the_doctors_response >= 4  
- The_reason_of_the_call is in [Vaccination, Inquiries, Medical_Consultation, Inquiries_COVID19]  
- Aware_151 is in [Yes] and Call_center_employee_communication_skills_evaluation >= 3  
- Call_151 is in [Yes] and Satisfaction_with_the_doctors_response >= 4  
- Nationality is in [Kuwaiti] and Call_center_employee_communication_skills_evaluation >= 3  
- Governorate is in [Capital, AlAhmadi, Farwaniya] and Satisfaction_with_the_doctors_response >= 3  
- Age is in [25-29, 30-39, 40-49] and Call_center_employee_communication_skills_evaluation >= 4  
- Education is in [Bachelor, Master, Doctor] and Satisfaction_with_the_doctors_response >= 3  
- How_often_do_you_receive_call_center_news >= 3

---DIVIDER---

Answer:  
Step 1. The relationship between each feature and the task description:

- Gender: Unlikely to have a strong direct impact on satisfaction; satisfaction is generally independent of gender.  
- Age: Older clients might have different expectations or experiences, possibly influencing satisfaction positively or negatively.  
- Education: Higher education levels might correlate with higher expectations or better understanding of services, affecting satisfaction.  
- Nationality: Local nationals might have different expectations or experiences than others, influencing satisfaction.  
- Marital_Status: Possibly minor effect; married clients may have different priorities or patience levels.  
- Governorate: Service quality or accessibility might vary by region, affecting satisfaction.  
- Aware_151: Awareness of the service might correlate with better understanding and thus higher satisfaction.  
- Call_151: Clients who actually called might have more direct experience and thus clearer satisfaction or dissatisfaction.  
- The_reason_of_the_call: The nature of the call (e.g., complaints vs inquiries) strongly affects satisfaction; complaint calls likely correlate with dissatisfaction.  
- Call_center_employee_communication_skills_evaluation: Higher ratings likely strongly correlate with satisfaction.  
- Satisfaction_with_the_doctors_response: Higher satisfaction with doctors’ responses likely correlates with overall satisfaction.  
- How_often_do_you_receive_call_center_news: More frequent updates might increase engagement and satisfaction.  

---

Step 2. Based on the above, 10 different conditions per answer class:

10 different conditions for class "0" (No, client was not satisfied):  
- The_reason_of_the_call is in [Complaints]  
- Call_center_employee_communication_skills_evaluation <= 3  
- Satisfaction_with_the_doctors_response <= 3  
- Aware_151 is in [No]  
- Call_151 is in [Yes] and The_reason_of_the_call is in [Complaints]  
- Education is in [Less than high school, Other] and Satisfaction_with_the_doctors_response <= 2  
- Age is in [Under 18, 18-24] and Call_center_employee_communication_skills_evaluation <= 2  
- Governorate is in [Jahra, Mubarak AlKabir] and Call_center_employee_communication_skills_evaluation <= 3  
- How_often_do_you_receive_call_center_news <= 1  
- Marital_Status is in [Widow, Widower] and Satisfaction_with_the_doctors_response <= 3  

10 different conditions for class "1" (Yes, client was satisfied):  
- Call_center_employee_communication_skills_evaluation >= 4  
- Satisfaction_with_the_doctors_response >= 4  
- Aware_151 is in [Yes] and Call_151 is in [No]  
- The_reason_of_the_call is in [Vaccination, Inquiries, Medical_Consultation]  
- Education is in [Bachelor, Master, Doctor] and Satisfaction_with_the_doctors_response >= 4  
- Age is in [50-59, 60 and above] and Call_center_employee_communication_skills_evaluation >= 4  
- Nationality is in [Kuwaiti] and Satisfaction_with_the_doctors_response >= 4  
- How_often_do_you_receive_call_center_news >= 3  
- Marital_Status is in [Married, Single] and Call_center_employee_communication_skills_evaluation >= 4  
- Governorate is in [Capital, AlAhmadi, Farwaniya] and Satisfaction_with_the_doctors_response >= 4

---DIVIDER---

Answer:  
Step 1. The relationship between each feature and the task description:

- Gender: Generally, satisfaction is not strongly dependent on gender, though some studies may show slight variation in communication preferences or expectations.  
- Age: Older clients might have different expectations or levels of satisfaction compared to younger clients; younger clients may be more critical or tech-savvy.  
- Education: Higher education may lead to higher expectations from the service, potentially affecting satisfaction.  
- Nationality: Local nationals might have different satisfaction levels compared to other nationalities due to cultural or service familiarity factors.  
- Marital_Status: Possibly minor effect on satisfaction; married clients might be more patient or have different service needs.  
- Governorate: Regional differences in service quality or accessibility may affect satisfaction.  
- Aware_151: Clients aware of the service may have more realistic expectations and thus different satisfaction levels.  
- Call_151: Those who have called the service might have a more direct experience influencing satisfaction.  
- The_reason_of_the_call: Reason for the call can impact satisfaction; for example, complaints may correlate with lower satisfaction, while inquiries or medical consultation may have higher satisfaction.  
- Call_center_employee_communication_skills_evaluation: Higher communication skills rating likely correlates strongly with higher satisfaction.  
- Satisfaction_with_the_doctors_response: Higher satisfaction with doctors' response likely strongly correlates with overall satisfaction.  
- How_often_do_you_receive_call_center_news: More frequent updates might increase satisfaction due to better information flow.

---

Step 2. Based on the above analysis, here are 10 different conditions per answer class:

10 different conditions for class "0" (No, client was not satisfied):  
- Call_center_employee_communication_skills_evaluation <= 3  
- Satisfaction_with_the_doctors_response <= 2  
- The_reason_of_the_call is in [Complaints]  
- Call_151 is No  
- Aware_151 is No  
- How_often_do_you_receive_call_center_news <= 1  
- Governorate is in [Jahra, Mubarak AlKabir]  
- Age is in [Under 18, 18-24]  
- Education is in [Less than high school, Other]  
- Nationality is in [Other nationality]

10 different conditions for class "1" (Yes, client was satisfied):  
- Call_center_employee_communication_skills_evaluation >= 4  
- Satisfaction_with_the_doctors_response >= 4  
- The_reason_of_the_call is in [Medical_Consultation, Vaccination, Inquiries, Inquiries_COVID19]  
- Call_151 is Yes  
- Aware_151 is Yes  
- How_often_do_you_receive_call_center_news >= 3  
- Governorate is in [Capital, AlAhmadi, Farwaniya]  
- Age is in [50-59, 60 and above, 30-39, 40-49]  
- Education is in [Bachelor, Master, Doctor]  
- Marital_Status is in [Married, Widow, Widower]

---

These conditions are logical approximations based on typical patterns of satisfaction and the given features.