Answer:  
Step 1. The relationship between each feature and the task description:

- Gender: Likely no strong direct impact on satisfaction; satisfaction depends more on service quality.
- Age: Younger clients (18-24) may have different expectations or experiences than older clients.
- Education: Higher education may correlate with higher expectations or better understanding of services.
- Nationality: Kuwaiti vs. other nationalities might affect satisfaction due to language or cultural factors.
- Marital_Status: Possibly minor influence; married or single status unlikely to strongly affect satisfaction.
- Governorate: Geographic location might influence service quality or accessibility, affecting satisfaction.
- Aware_151: Awareness of the service might correlate with better experience or expectations.
- Call_151: Whether the client called the service; actual interaction is necessary to judge satisfaction.
- The_reason_of_the_call: Complaints likely correlate with dissatisfaction; Medical_Consultation or Vaccination might correlate with satisfaction.
- Call_center_employee_communication_skills_evaluation: Higher ratings likely correlate with higher satisfaction.
- Satisfaction_with_the_doctors_response: Higher ratings strongly correlate with satisfaction.
- How_often_do_you_receive_call_center_news: More frequent updates might correlate with higher satisfaction or engagement.

---

Step 2. Based on the above and examples, infer conditions:

10 different conditions for class "0" (Not satisfied):
- The_reason_of_the_call is in [Complaints]
- Call_center_employee_communication_skills_evaluation <= 3.0
- Satisfaction_with_the_doctors_response <= 3.0
- Call_151 is in [No]
- Aware_151 is in [No]
- How_often_do_you_receive_call_center_news <= 2.0
- Age is in [18-24] and Call_center_employee_communication_skills_evaluation < 2.0
- Education is in [Bachelor, Master] and Satisfaction_with_the_doctors_response <= 3.0
- The_reason_of_the_call is in [Vaccination] and Satisfaction_with_the_doctors_response <= 2.0
- Governorate is in [AlAhmadi, Farwaniya] and Call_center_employee_communication_skills_evaluation <= 2.5

10 different conditions for class "1" (Satisfied):
- The_reason_of_the_call is in [Complaints, Medical_Consultation]
- Call_center_employee_communication_skills_evaluation >= 3.0
- Satisfaction_with_the_doctors_response >= 3.0
- Call_151 is in [No]
- How_often_do_you_receive_call_center_news >= 2.5
- Age is in [18-24] and Call_center_employee_communication_skills_evaluation >= 3.0
- Education is in [Diploma, High school] and Satisfaction_with_the_doctors_response >= 3.0
- Governorate is in [Capital, Mubarak AlKabir] and Call_center_employee_communication_skills_evaluation >= 3.0
- Aware_151 is in [Yes]
- The_reason_of_the_call is in [Medical_Consultation] and Satisfaction_with_the_doctors_response >= 4.0

---

These conditions reflect tendencies observed in the examples and plausible causal relations.

---DIVIDER---

Answer:

Step 1. The relationship between each feature and the task description:

- Gender: Likely no strong direct influence on satisfaction, but may interact with other factors.
- Age: Younger clients (18-24) appear frequently in both classes; age alone may not strongly predict satisfaction.
- Education: Higher education might correlate with higher expectations, possibly lower satisfaction if expectations unmet.
- Nationality: Kuwaiti vs. Other nationality or Unspecified might affect perception or satisfaction due to cultural or service familiarity.
- Marital_Status: Possibly minor effect, but singles appear in both classes; no clear pattern.
- Governorate: Location may affect service quality or accessibility, influencing satisfaction.
- Aware_151: Awareness of the service might increase satisfaction due to better understanding of services.
- Call_151: Whether the client called the service might indicate engagement; those who called might be more critical or more satisfied depending on experience.
- The_reason_of_the_call: Complaints likely correlate with dissatisfaction; Medical_Consultation, Vaccination, and Inquiries might correlate with more neutral or positive satisfaction.
- Call_center_employee_communication_skills_evaluation: Higher scores likely correlate positively with satisfaction.
- Satisfaction_with_the_doctors_response: Higher scores strongly indicate satisfaction.
- How_often_do_you_receive_call_center_news: More frequent updates might correlate with higher satisfaction due to better communication.

Step 2. Based on the above examples and Step 1's results, infer 10 different conditions per answer:

10 different conditions for class "0" (Not satisfied):
- Call_center_employee_communication_skills_evaluation < 2.0
- Satisfaction_with_the_doctors_response < 3.0
- The_reason_of_the_call is in [Complaints]
- Call_151 is Yes and Satisfaction_with_the_doctors_response <= 2.0
- Aware_151 is Yes and Call_center_employee_communication_skills_evaluation < 2.0
- How_often_do_you_receive_call_center_news <= 2.0
- Governorate is in [Farwaniya, AlAhmadi] and Satisfaction_with_the_doctors_response < 3.0
- Education is in [Diploma, Bachelor] and Call_center_employee_communication_skills_evaluation < 2.5
- Age is in [18-24, 25-29] and Satisfaction_with_the_doctors_response < 2.5
- Gender is Female and Call_center_employee_communication_skills_evaluation < 2.0

10 different conditions for class "1" (Satisfied):
- Call_center_employee_communication_skills_evaluation >= 3.0
- Satisfaction_with_the_doctors_response >= 3.0
- The_reason_of_the_call is in [Medical_Consultation, Vaccination, Inquiries, Inquiries_COVID19]
- How_often_do_you_receive_call_center_news > 2.0
- Call_151 is No and Satisfaction_with_the_doctors_response >= 3.0
- Governorate is Capital and Call_center_employee_communication_skills_evaluation >= 3.0
- Age is in [18-24, 25-29, 30-39] and Satisfaction_with_the_doctors_response >= 3.0
- Gender is Male and Call_center_employee_communication_skills_evaluation >= 3.0
- Nationality is in [Kuwaiti, Unspecified] and Satisfaction_with_the_doctors_response >= 3.0
- Marital_Status is in [Single, Married] and Call_center_employee_communication_skills_evaluation >= 3.0

---DIVIDER---

Answer:  
Step 1. The relationship between each feature and the task description:

- Gender: Likely no strong direct effect on satisfaction, but may influence communication style or expectations.
- Age: Younger clients might have different expectations or satisfaction levels compared to older clients.
- Education: Higher education might correlate with higher expectations or more critical evaluations.
- Nationality: Could influence satisfaction due to language, cultural expectations, or service accessibility.
- Marital_Status: Possibly minor influence, maybe related to social support or stress levels.
- Governorate: Regional differences might affect service quality or client expectations.
- Aware_151: Awareness of the service might correlate with satisfaction, as better-informed clients may have more realistic expectations.
- Call_151: Having called the service might influence satisfaction—those who called might have stronger opinions.
- The_reason_of_the_call: Reason for the call likely influences satisfaction; complaints may lead to lower satisfaction, medical consultation or vaccination might have different satisfaction patterns.
- Call_center_employee_communication_skills_evaluation: Higher ratings likely correlate with higher satisfaction.
- Satisfaction_with_the_doctors_response: Higher satisfaction with doctors’ response likely correlates with overall satisfaction.
- How_often_do_you_receive_call_center_news: Frequent updates might increase satisfaction by keeping clients informed.

Step 2. Based on the above analysis and examples, inferred conditions:

10 different conditions for class "0" (Not satisfied):  
- Call_center_employee_communication_skills_evaluation < 3.0  
- Satisfaction_with_the_doctors_response < 3.0  
- The_reason_of_the_call is in [Complaints]  
- Call_151 is Yes  
- Aware_151 is Yes  
- How_often_do_you_receive_call_center_news <= 2.0  
- Education is in [Bachelor, Master] and Satisfaction_with_the_doctors_response <= 3.0  
- Age is in [25-29, 30-39] and Call_center_employee_communication_skills_evaluation < 2.0  
- Nationality is Kuwaiti and The_reason_of_the_call is in [Vaccination] and Satisfaction_with_the_doctors_response <= 3.0  
- Gender is Female and Call_center_employee_communication_skills_evaluation < 2.5  

10 different conditions for class "1" (Satisfied):  
- Call_center_employee_communication_skills_evaluation >= 3.0  
- Satisfaction_with_the_doctors_response >= 3.0  
- The_reason_of_the_call is in [Medical_Consultation, Complaints] with high ratings  
- Call_151 is No  
- How_often_do_you_receive_call_center_news > 2.0  
- Nationality is in [Unspecified, Other nationality] and Satisfaction_with_the_doctors_response >= 3.0  
- Age is in [18-24] and Call_center_employee_communication_skills_evaluation >= 3.0  
- Education is in [Diploma, High school] and Satisfaction_with_the_doctors_response >= 3.0  
- Marital_Status is Single and Call_center_employee_communication_skills_evaluation >= 3.0  
- Governorate is in [Capital, Jahra] and Satisfaction_with_the_doctors_response >= 3.0  

These conditions align with the examples where lower communication skills and doctor satisfaction ratings tend to correspond with dissatisfaction (0), while higher ratings and certain demographic groups tend to correspond with satisfaction (1).

---DIVIDER---

Answer:  
Step 1. The relationship between each feature and the task description:

- Gender: Generally, gender itself may not strongly affect satisfaction, but cultural or communication style differences might influence perception.
- Age: Younger clients might have different expectations or communication preferences, potentially influencing satisfaction.
- Education: Higher education might correlate with higher expectations and critical evaluation of service quality.
- Nationality: Clients of different nationalities might experience or perceive service differently due to language or cultural barriers.
- Marital_Status: Marital status might influence satisfaction indirectly through stress levels or support systems.
- Governorate: Regional differences in service quality or infrastructure might affect satisfaction.
- Aware_151: Awareness of the service might influence satisfaction by setting expectations.
- Call_151: Whether the client has called the service might indicate engagement and experience, affecting satisfaction.
- The_reason_of_the_call: The reason for calling (e.g., complaints vs. inquiries) likely has a strong impact on satisfaction, with complaints generally correlating with dissatisfaction.
- Call_center_employee_communication_skills_evaluation: Higher ratings here likely correlate positively with satisfaction.
- Satisfaction_with_the_doctors_response: Higher satisfaction with doctors’ response should strongly correlate with overall satisfaction.
- How_often_do_you_receive_call_center_news: More frequent updates might increase satisfaction by keeping clients informed.

Step 2.  
10 different conditions for class "0" (Not satisfied):  
- The_reason_of_the_call is in [Complaints]  
- Call_center_employee_communication_skills_evaluation <= 2.0  
- Satisfaction_with_the_doctors_response <= 2.0  
- Aware_151 is in [No]  
- Call_151 is in [No]  
- How_often_do_you_receive_call_center_news <= 2.0  
- Age is in [18-24, 30-39] and Education is in [Bachelor, Master] and The_reason_of_the_call is Complaints  
- Gender is in [Female] and Satisfaction_with_the_doctors_response <= 3.0  
- Nationality is in [Kuwaiti] and Call_center_employee_communication_skills_evaluation <= 2.0  
- Marital_Status is in [Single] and Call_center_employee_communication_skills_evaluation <= 2.0  

10 different conditions for class "1" (Satisfied):  
- The_reason_of_the_call is in [Complaints, Medical_Consultation, Inquiries, Inquiries_COVID19, Vaccination] and Satisfaction_with_the_doctors_response >= 3.0  
- Call_center_employee_communication_skills_evaluation >= 3.0  
- Satisfaction_with_the_doctors_response >= 3.0  
- How_often_do_you_receive_call_center_news >= 2.0  
- Call_151 is in [Yes]  
- Aware_151 is in [Yes] and Call_center_employee_communication_skills_evaluation >= 3.0  
- Age is in [18-24, 25-29] and Call_center_employee_communication_skills_evaluation >= 3.0  
- Nationality is in [Unspecified, Other nationality] and Satisfaction_with_the_doctors_response >= 3.0  
- Marital_Status is in [Married] and Satisfaction_with_the_doctors_response >= 3.0  
- Education is in [Diploma, High school] and Call_center_employee_communication_skills_evaluation >= 3.0

---DIVIDER---

Answer:  
Step 1. The relationship between each feature and the task description:

- Gender: Likely no strong direct effect on satisfaction, but could influence communication style or expectations.  
- Age: Younger clients may have different expectations or communication preferences than older clients, possibly affecting satisfaction.  
- Education: Higher education might correlate with higher expectations or different interpretations of service quality.  
- Nationality: Could affect satisfaction due to language, cultural expectations, or service accessibility.  
- Marital_Status: Possibly minor influence; married clients might have different concerns or patience levels.  
- Governorate: Regional differences in service quality or accessibility might affect satisfaction.  
- Aware_151: Awareness of the service might influence expectations and satisfaction.  
- Call_151: Whether the client actually called the service might relate to their experience and satisfaction.  
- The_reason_of_the_call: Different reasons (complaints, inquiries, vaccination) likely influence satisfaction differently; complaints might correlate with dissatisfaction.  
- Call_center_employee_communication_skills_evaluation: Higher ratings likely correlate with higher satisfaction.  
- Satisfaction_with_the_doctors_response: Higher satisfaction with doctors likely strongly correlates with overall satisfaction.  
- How_often_do_you_receive_call_center_news: More frequent updates might increase satisfaction due to better information flow or engagement.

---

Step 2. Based on the above examples and Step 1's results, infer 10 different conditions per answer.

10 different conditions for class "0" (Not satisfied):  
- Call_center_employee_communication_skills_evaluation is within range [1.0, 2.0]  
- Satisfaction_with_the_doctors_response is within range [1.0, 3.0]  
- The_reason_of_the_call is in [Vaccination, Inquiries, Inquiries_COVID19, Complaints] with low satisfaction scores  
- Call_151 is Yes and Satisfaction_with_the_doctors_response <= 3.0  
- How_often_do_you_receive_call_center_news is within range [1.0, 3.0]  
- Education is in [Bachelor, Diploma, Master] with low satisfaction scores  
- Age is in [18-24, 25-29, 30-39] with low satisfaction scores  
- Nationality is Kuwaiti and Satisfaction_with_the_doctors_response <= 3.0  
- Marital_Status is Married or Single with low satisfaction scores  
- Governorate is in [Farwaniya, AlAhmadi, Capital] and low satisfaction scores  

10 different conditions for class "1" (Satisfied):  
- Call_center_employee_communication_skills_evaluation is >= 3.0  
- Satisfaction_with_the_doctors_response is >= 3.0  
- The_reason_of_the_call is in [Complaints, Medical_Consultation] with high satisfaction scores  
- Call_151 is No and Satisfaction_with_the_doctors_response >= 3.0  
- How_often_do_you_receive_call_center_news is >= 2.5  
- Education is in [High school, Bachelor] with high satisfaction scores  
- Age is in [18-24, 25-29, 30-39] with high satisfaction scores  
- Nationality is in [Other nationality, Unspecified] and Satisfaction_with_the_doctors_response >= 3.0  
- Marital_Status is Single or Married with high satisfaction scores  
- Governorate is in [Capital, Jahra, Mubarak AlKabir] and Satisfaction_with_the_doctors_response >= 3.0  

---

Summary:  
Satisfaction strongly correlates with high ratings of communication skills and doctors’ responses. Calls related to complaints or medical consultation with higher scores tend to be satisfied. Lower ratings on communication and doctor response mostly correspond to dissatisfaction. Frequency of receiving news also tends to be higher for satisfied clients.