Answer:  
Step 1. The relationship between each feature and the task description:

- Gender: Likely no strong direct impact on satisfaction, but may influence communication style or expectations.
- Age: Younger clients might have different expectations or tolerance levels than older clients.
- Education: Higher education might correlate with higher expectations or better understanding of service quality.
- Nationality: Kuwaiti vs. Other nationality might influence satisfaction due to cultural or service familiarity.
- Marital_Status: Possibly minor influence; single or married might differ in how they perceive service.
- Governorate: Regional differences might affect satisfaction due to local service quality or accessibility.
- Aware_151: Awareness of the service might increase satisfaction if expectations are set properly.
- Call_151: Whether the client actually called the service might influence satisfaction; those who called might have stronger opinions.
- The_reason_of_the_call: Reason for call (e.g., Complaints vs. Inquiries) likely strongly influences satisfaction; complaints likely correlate with dissatisfaction.
- Call_center_employee_communication_skills_evaluation: Higher scores likely indicate higher satisfaction.
- Satisfaction_with_the_doctors_response: Higher scores strongly correlate with satisfaction.
- How_often_do_you_receive_call_center_news: More frequent updates might increase satisfaction by improving client engagement or information.

---

Step 2. Based on the above and examples, 10 different conditions per answer class:

10 different conditions for class "0" (Not satisfied):  
- The_reason_of_the_call is in [Complaints]  
- Call_center_employee_communication_skills_evaluation <= 3.0  
- Satisfaction_with_the_doctors_response <= 3.0  
- How_often_do_you_receive_call_center_news <= 2.0  
- Call_151 is in [No]  
- Aware_151 is in [No]  
- Age is in [18-24, 30-39] and The_reason_of_the_call is Complaints  
- Education is in [High school, Diploma, Bachelor] and Call_center_employee_communication_skills_evaluation <= 3.0  
- Nationality is in [Kuwaiti] and Satisfaction_with_the_doctors_response <= 3.0  
- Marital_Status is in [Single, Married] and Call_center_employee_communication_skills_evaluation <= 3.0  

10 different conditions for class "1" (Satisfied):  
- Call_center_employee_communication_skills_evaluation > 3.0  
- Satisfaction_with_the_doctors_response > 3.0  
- How_often_do_you_receive_call_center_news > 2.0  
- The_reason_of_the_call is in [Medical_Consultation, Vaccination, Inquiries, Inquiries_COVID19]  
- Call_151 is in [Yes]  
- Aware_151 is in [Yes, No] and Call_center_employee_communication_skills_evaluation > 3.0  
- Age is in [18-24] and Call_center_employee_communication_skills_evaluation > 3.0  
- Education is in [Bachelor, Master, Diploma] and Satisfaction_with_the_doctors_response > 3.0  
- Nationality is in [Other nationality] and Satisfaction_with_the_doctors_response > 3.0  
- Marital_Status is in [Single] and How_often_do_you_receive_call_center_news > 2.0

---DIVIDER---

Answer:  
Step 1. The relationship between each feature and the task description:

- Gender: Generally, gender may not strongly influence satisfaction directly, but some demographic tendencies could exist.
- Age: Younger clients might have different expectations or satisfaction levels compared to older clients.
- Education: Higher education might correlate with higher expectations or better understanding of services.
- Nationality: Kuwaiti vs. other nationality might affect satisfaction due to language, cultural expectations, or service familiarity.
- Marital_Status: Possibly affects perception of service due to social or family support.
- Governorate: Regional differences might affect service quality or access, influencing satisfaction.
- Aware_151: Awareness of the service could increase satisfaction as clients know what to expect.
- Call_151: Having called the service might correlate with satisfaction if the experience was positive.
- The_reason_of_the_call: Complaints likely relate to dissatisfaction; inquiries or medical consultation might correlate with neutral or positive satisfaction.
- Call_center_employee_communication_skills_evaluation: Higher rating likely correlates with higher satisfaction.
- Satisfaction_with_the_doctors_response: Higher satisfaction with doctors’ response likely correlates with overall satisfaction.
- How_often_do_you_receive_call_center_news: Frequent updates might increase satisfaction through better information and engagement.

---

Step 2. Based on the above examples and Step 1's results, infer 10 different conditions per answer:

10 different conditions for class "0" (Not satisfied):  
- The_reason_of_the_call is in [Complaints]  
- Call_center_employee_communication_skills_evaluation (<=) 3.0  
- Satisfaction_with_the_doctors_response (<=) 3.0  
- How_often_do_you_receive_call_center_news (<) 3.0  
- Call_151 is in [No]  
- Aware_151 is in [No]  
- Age is in [50-59, 60 and above]  
- Gender is in [Male]  
- Education is in [High school, Less than high school]  
- Governorate is in [Around, Farwaniya]  

10 different conditions for class "1" (Satisfied):  
- The_reason_of_the_call is in [Complaints, Vaccination, Medical_Consultation, Inquiries] but with positive satisfaction scores  
- Call_center_employee_communication_skills_evaluation (>=) 3.0  
- Satisfaction_with_the_doctors_response (>=) 3.0  
- How_often_do_you_receive_call_center_news (>=) 2.5  
- Call_151 is in [No] (with higher news frequency and satisfaction scores)  
- Aware_151 is in [No] (with higher news frequency and satisfaction scores)  
- Age is in [18-24, 25-29]  
- Gender is in [Female]  
- Education is in [Bachelor, Master]  
- Governorate is in [Capital, Around, Jahra]  

---

These conditions reflect tendencies observed in the examples and reasonable assumptions about how each feature may influence satisfaction.

---DIVIDER---

Answer:  
Step 1. The relationship between each feature and the task description:

- Gender: May influence satisfaction due to different communication preferences or expectations, but no strong direct causal relation generally.
- Age: Different age groups might have different expectations or experiences with call centers; younger or middle-aged clients might be more critical.
- Education: Higher education might correlate with higher expectations or better understanding of service quality.
- Nationality: Cultural or language differences might affect satisfaction.
- Marital_Status: Could influence satisfaction indirectly through stress or availability.
- Governorate: Geographic location might affect service quality due to regional infrastructure or accessibility.
- Aware_151: Awareness of the service might relate to expectations or satisfaction.
- Call_151: Whether the client actually called the service might relate to satisfaction (those who called might have a direct experience).
- The_reason_of_the_call: Reason for calling (e.g., complaints vs inquiries) strongly influences satisfaction; complaints likely associate with dissatisfaction.
- Call_center_employee_communication_skills_evaluation: Higher ratings likely indicate higher satisfaction.
- Satisfaction_with_the_doctors_response: Higher satisfaction with the doctor’s response likely strongly correlates with overall satisfaction.
- How_often_do_you_receive_call_center_news: More frequent updates might increase satisfaction due to better information flow.

Step 2.  
10 different conditions for class "0" (Not satisfied):  
- The_reason_of_the_call is in [Complaints]  
- Call_center_employee_communication_skills_evaluation <= 3.0  
- Satisfaction_with_the_doctors_response <= 3.0  
- Call_151 is Yes  
- How_often_do_you_receive_call_center_news <= 3.0  
- Age is in [18-24, 30-39]  
- Education is in [Bachelor, High school]  
- Nationality is Kuwaiti  
- Gender is Male  
- Marital_Status is in [Single, Married]  

10 different conditions for class "1" (Satisfied):  
- The_reason_of_the_call is in [Complaints]  
- Call_center_employee_communication_skills_evaluation = 3.0  
- Satisfaction_with_the_doctors_response = 3.0  
- Call_151 is No  
- How_often_do_you_receive_call_center_news is within range [2.2, 3.2]  
- Age is in [18-24]  
- Education is in [Bachelor, High school]  
- Nationality is Kuwaiti  
- Gender is Female  
- Marital_Status is Single  

---

Explanation:  
From the examples, all clients with answers "0" have either called (Call_151 = Yes) or have lower or equal to 3.0 scores in communication skills and satisfaction with doctors, mostly related to complaints or medical consultation. Those with answer "1" never called (Call_151 = No), have exact 3.0 scores in communication skills and satisfaction, and mostly have complaints as the reason but are female, younger, and receive moderate news frequency. This suggests a subtle distinction where clients who complain but did not actually call and have moderate satisfaction scores tend to be satisfied, while those who called or have lower scores tend to be dissatisfied.

---DIVIDER---

Answer:  
Step 1. The relationship between each feature and the task description:

- Gender: Likely little direct effect on satisfaction; satisfaction depends more on service quality than gender.  
- Age: Younger clients may have different expectations or perceptions of service; older clients might be more critical or less satisfied.  
- Education: Higher education might correlate with higher expectations, possibly lower satisfaction if expectations unmet.  
- Nationality: Different cultural backgrounds may influence satisfaction levels or expectations.  
- Marital_Status: Possibly minor effect; married or single status unlikely to strongly impact satisfaction.  
- Governorate: Regional differences in service quality or accessibility might affect satisfaction.  
- Aware_151: Awareness of the service might correlate with satisfaction; unaware clients may have lower satisfaction due to lack of information.  
- Call_151: Having called the service might indicate more direct experience and thus affect satisfaction positively or negatively depending on the experience.  
- The_reason_of_the_call: Reason for calling (complaints, inquiries, vaccination, medical consultation) strongly influences satisfaction; complaints likely linked to lower satisfaction.  
- Call_center_employee_communication_skills_evaluation: Higher scores should correlate with higher satisfaction.  
- Satisfaction_with_the_doctors_response: Direct measure of satisfaction; higher scores indicate higher satisfaction.  
- How_often_do_you_receive_call_center_news: More frequent updates may increase satisfaction by improving engagement and information access.

---

Step 2. Based on the above analysis and examples, infer 10 different conditions per class:

10 different conditions for class "0" (client NOT satisfied):  
- The_reason_of_the_call is Complaints  
- Call_center_employee_communication_skills_evaluation <= 3.0  
- Satisfaction_with_the_doctors_response <= 3.0  
- How_often_do_you_receive_call_center_news < 2.5  
- Call_151 is No  
- Aware_151 is No  
- Age is in [18-24, 30-39, 40-49] with low satisfaction scores  
- Education is in [High school, Diploma, Bachelor] with low satisfaction scores  
- Gender is in [Male] with low satisfaction scores  
- Governorate is in [Farwaniya, Capital] with low satisfaction scores  

10 different conditions for class "1" (client satisfied):  
- The_reason_of_the_call is in [Vaccination, Medical_Consultation, Inquiries, Inquiries_COVID19]  
- Call_center_employee_communication_skills_evaluation >= 3.0  
- Satisfaction_with_the_doctors_response >= 3.0  
- How_often_do_you_receive_call_center_news >= 2.5  
- Call_151 is Yes  
- Aware_151 is Yes  
- Age is in [18-24, 25-29] with high satisfaction scores  
- Education is in [Bachelor, Master] with high satisfaction scores  
- Gender is in [Female] with high satisfaction scores  
- Governorate is in [Capital, Around, Jahra] with high satisfaction scores

---DIVIDER---

Answer:  
Step 1. The relationship between each feature and the task description:

- Gender: Likely no strong direct effect on satisfaction, but could influence communication style or expectations.  
- Age: Younger clients may have different expectations or experiences than older clients; satisfaction may vary with age.  
- Education: Higher education might correlate with higher expectations or different perceptions of service quality.  
- Nationality: Kuwaiti vs. other nationalities may affect satisfaction due to cultural or service familiarity differences.  
- Marital_Status: Possibly minor effect; married vs. single might influence service expectations or call reasons.  
- Governorate: Regional differences might affect service quality or accessibility, influencing satisfaction.  
- Aware_151: Awareness of the service could positively influence satisfaction due to better understanding or expectations.  
- Call_151: Having called the service might indicate engagement; actual experience could affect satisfaction positively or negatively.  
- The_reason_of_the_call: Reason for call (Complaints, Medical_Consultation, Inquiries, Vaccination) likely strongly affects satisfaction; complaints likely lower satisfaction.  
- Call_center_employee_communication_skills_evaluation: Higher ratings likely correlate with higher satisfaction.  
- Satisfaction_with_the_doctors_response: Direct measure of satisfaction with doctors, likely strongly correlated with overall satisfaction.  
- How_often_do_you_receive_call_center_news: More frequent updates may increase satisfaction by improving communication and transparency.  

---

Step 2. 10 different conditions for class "0" (client NOT satisfied):

- The_reason_of_the_call is in [Complaints]  
- Call_center_employee_communication_skills_evaluation < 3.0  
- Satisfaction_with_the_doctors_response < 3.0  
- How_often_do_you_receive_call_center_news < 2.5  
- Call_151 is in [Yes] and The_reason_of_the_call is in [Complaints]  
- Age is in [18-24, 25-29] and Call_center_employee_communication_skills_evaluation < 3.0  
- Education is in [High school, Diploma, Less than high school] and Satisfaction_with_the_doctors_response < 3.0  
- Nationality is in [Kuwaiti] and The_reason_of_the_call is in [Complaints] and Call_center_employee_communication_skills_evaluation < 3.0  
- Aware_151 is in [Yes] and Satisfaction_with_the_doctors_response < 3.0  
- Governorate is in [Around, Farwaniya] and Call_center_employee_communication_skills_evaluation < 3.0  

10 different conditions for class "1" (client satisfied):

- Satisfaction_with_the_doctors_response >= 3.0  
- Call_center_employee_communication_skills_evaluation >= 3.0  
- How_often_do_you_receive_call_center_news >= 2.5  
- The_reason_of_the_call is in [Vaccination, Inquiries, Medical_Consultation]  
- Gender is in [Female] and Satisfaction_with_the_doctors_response >= 3.0  
- Age is in [18-24, 30-39] and Call_center_employee_communication_skills_evaluation >= 3.0  
- Education is in [Bachelor, Master, Doctor] and Satisfaction_with_the_doctors_response >= 3.0  
- Call_151 is in [No] and The_reason_of_the_call is in [Complaints] and Call_center_employee_communication_skills_evaluation >= 3.0  
- Nationality is in [Other nationality] and Satisfaction_with_the_doctors_response >= 3.0  
- Marital_Status is in [Single] and Call_center_employee_communication_skills_evaluation >= 3.0 and Satisfaction_with_the_doctors_response >= 3.0