Answer:  
Step 1. The relationship between each feature and the task description:

- Vmag (apparent visual magnitude): Brighter stars (lower Vmag) can be either giants or dwarfs, but apparent magnitude alone is not a strong indicator of giant status because it depends on distance.
- Plx (parallax): Larger parallax means closer star; giants tend to be more luminous and can be farther away but still visible; smaller parallax could indicate distant giants.
- e_Plx (error in parallax): High error reduces reliability of distance estimation, affecting derived parameters like absolute magnitude.
- B-V (color index): Indicates star temperature and spectral class; giants often have higher B-V (redder), but spectral type is more definitive.
- SpType (spectral type): The suffix and luminosity class (e.g., III for giants, V for dwarfs) directly indicate if the star is a giant.
- Amag (absolute magnitude): Giants have lower (more negative) absolute magnitudes compared to dwarfs of the same spectral type; higher Amag values (less luminous) usually correspond to dwarfs.

From the examples:  
- Stars with SpType ending in "V" (main sequence) have answer 0 (not giants).  
- Stars with SpType containing "III" (giants) have answer 1.  
- B-V is higher for giants (around 1.1-1.4) compared to dwarfs (0.1-0.5).  
- Amag values for giants are lower (14-16 range in examples) than for dwarfs (17-18 range).  
- Plx tends to be smaller for giants (2.7-2.8) and larger for dwarfs (5-21).  

Step 2. Based on the above, 10 different conditions for each class:

10 different conditions for class "0":  
- SpType is in [G1V, F3V, F7V, A0V, B8V, B9V]  
- SpType ends with "V" (main sequence)  
- B-V <= 0.6  
- Amag >= 17  
- Plx >= 5  
- Vmag <= 8.6  
- e_Plx <= 1.0  
- Amag is within range [17, 19]  
- Plx is within range [5, 25]  
- B-V is within range [0.0, 0.6]  

10 different conditions for class "1":  
- SpType is in [K2III, K3III, G8III, B9III/IV]  
- SpType contains "III" or "III/IV" (giant or subgiant)  
- B-V >= 1.0  
- Amag <= 16  
- Plx <= 3  
- Vmag >= 7.5  
- e_Plx >= 0.8  
- Amag is within range [14, 16]  
- Plx is within range [2, 3]  
- B-V is within range [1.0, 1.5]

---DIVIDER---

Answer:  
Step 1. The relationship between each feature and the task description:

- Vmag (apparent visual magnitude): Generally, this depends on distance and intrinsic brightness; alone it does not clearly indicate if a star is giant or not, but very bright stars with low Vmag might be giants if distant.
- Plx (parallax): Larger parallax means closer star; giants tend to be luminous but often farther away, so smaller parallax may be associated with giants.
- e_Plx (error in parallax): High error reduces confidence in distance and absolute magnitude; not directly related to giant classification.
- B-V (color index): Giants often have higher B-V (redder color) due to cooler temperature, but can vary by spectral type.
- SpType (spectral type): The luminosity class in spectral type (e.g., III for giant, V for main sequence) is a direct indicator; if spectral type includes III (giant) or IV (subgiant), star is likely giant.
- Amag (absolute magnitude): Giants have lower absolute magnitude (brighter intrinsically) than main sequence stars of same spectral type; smaller or negative Amag indicates brighter star, often giant.

---

10 different conditions for class "0" (not a giant star):

- SpType is in [G1V, F3V, A0V, F7V, K5V]  
- SpType contains 'V' but not 'III' or 'IV' (main sequence stars)  
- Amag > 15  
- Amag >= 16  
- Plx >= 5  
- Vmag < 8  
- B-V < 0.5  
- B-V <= 0.6  
- Plx is within range of [5, 30]  
- e_Plx < 1  

---

10 different conditions for class "1" (giant star):

- SpType is in [K2III, K3III, B9III/IV]  
- SpType contains 'III' or 'IV' (giants or subgiants)  
- Amag < 17  
- Amag <= 16  
- Plx < 5  
- Vmag >= 7  
- B-V > 1.0  
- B-V >= 1.1  
- Plx is within range of [0, 5]  
- e_Plx >= 0.8  

---

These conditions are consistent with the given examples and general stellar classification knowledge.

---DIVIDER---

Answer:  
Step 1. The relationship between each feature and the task description:

- Vmag (apparent visual magnitude): Brighter stars (lower Vmag) tend to be either closer or intrinsically luminous. However, giant stars can be bright or faint depending on distance; alone, Vmag is not a strong indicator of giant status without distance information.

- Plx (parallax): Larger parallax means the star is closer. Giants are often luminous but can be distant, so smaller parallax might indicate a giant if the star is bright intrinsically.

- e_Plx (error in parallax): High error reduces reliability of distance estimate; not directly linked to giant status but affects confidence in Amag.

- B-V (color index): Indicates temperature and spectral class. Giants often have certain B-V ranges depending on spectral type, typically redder (higher B-V) for cooler giants.

- SpType (spectral type): The luminosity class in SpType (e.g., V for main sequence, III for giants) directly indicates whether the star is a giant or not.

- Amag (absolute magnitude): Intrinsic brightness; giants have lower (brighter) absolute magnitudes compared to dwarfs of the same spectral type. Lower Amag values indicate more luminous stars (giants).

Step 2. Based on the above and examples, conditions for each class:

10 different conditions for class "0" (Not giant star):  
- SpType is in [G1V, F3V, A0V, F7V, K5V, B8/B9V]  
- Amag > 15  
- Amag >= 16  
- Plx >= 5  
- Plx > 3  
- B-V < 0.6  
- B-V <= 0.5  
- Vmag <= 8.6  
- e_Plx < 1  
- SpType ends with "V" (main sequence star)  

10 different conditions for class "1" (Giant star):  
- SpType is in [K2III, K3III, B9III/IV]  
- Amag < 17  
- Amag <= 16  
- Plx < 3  
- Plx <= 3  
- B-V > 1.0  
- B-V >= 1.1  
- Vmag > 7  
- e_Plx >= 0.8  
- SpType contains "III" (giant luminosity class) or "III/IV" (subgiant/giant)  

These conditions reflect the spectral classification and absolute magnitude as the strongest indicators, supported by parallax and color index ranges.

---DIVIDER---

Answer:  
Step 1. The relationship between each feature and the task description:

- Vmag (apparent magnitude): Brighter stars (lower Vmag) can be either giants or dwarfs, but giants tend to be intrinsically brighter, so Vmag alone is less decisive without distance.
- Plx (parallax): Larger parallax means the star is closer. Giants tend to be luminous and seen at greater distances with smaller parallax.
- e_Plx (error in parallax): Higher error may reduce confidence in derived distance or absolute magnitude, but not directly related to giant/dwarf classification.
- B-V (color index): Indicates star temperature/color. Giants often have redder colors (higher B-V), but color alone doesn't confirm giant status.
- SpType (spectral type): The luminosity class in spectral type is critical; "III" or "III/IV" indicates giants or subgiants, "V" indicates main-sequence (dwarf) stars.
- Amag (absolute magnitude): Giants have lower (more negative) absolute magnitudes (brighter intrinsically) than dwarfs.

Step 2. Based on above and examples, 10 different conditions for each class:

10 different conditions for class "0" (not giant star):
- SpType is in [G1V, F3V, F7V, A0V, K5V, B8V, B9V]
- SpType is in categories ending with "V" (main sequence)
- Amag >= 10
- Amag is within range [15, 20]
- Plx >= 5
- Plx is within range [5, 25]
- B-V <= 0.5
- B-V is within range [0, 0.6]
- Vmag >= 6
- e_Plx <= 1

10 different conditions for class "1" (giant star):
- SpType is in [K2III, K3III, G8III, B9III/IV, K1III, M0III]
- SpType contains "III" or "III/IV" (giant or subgiant luminosity class)
- Amag <= 15
- Amag is within range [10, 16]
- Plx < 5
- Plx is within range [0, 5]
- B-V >= 1.0
- B-V is within range [1.0, 1.5]
- Vmag <= 8.9
- e_Plx <= 1

These conditions reflect that giant stars generally have spectral types with luminosity class III or III/IV, lower absolute magnitudes (brighter intrinsically), smaller parallax (farther away), and redder colors (higher B-V). Non-giants tend to have luminosity class V, higher absolute magnitudes (fainter intrinsically), larger parallax (closer), and bluer colors (lower B-V).

---DIVIDER---

Answer:  
Step 1. The relationship between each feature and the task description:

- Vmag (apparent visual magnitude): Brighter stars (lower Vmag) may be giants or dwarfs, but Vmag depends on distance, so it is less directly indicative of giant status.
- Plx (parallax): Smaller parallax means greater distance. Giants tend to be luminous but distant stars; dwarfs may be closer. So small Plx can indicate giants if combined with brightness.
- e_Plx (error in parallax): High error reduces reliability of distance estimation; less useful directly.
- B-V (color index): Indicates star temperature and spectral class. Giants often have specific color ranges, generally redder (higher B-V).
- SpType (spectral type): Crucial. The luminosity class in SpType (e.g., "III" for giants, "V" for dwarfs) directly indicates giant status.
- Amag (absolute magnitude): Intrinsic brightness. Giants have lower (brighter) absolute magnitudes compared to dwarfs of the same spectral type.

---

Step 2. Based on the above and examples, 10 different conditions per class:

10 different conditions for class "0" (not giant):
- SpType is in [G1V, F3V, A0V, F7V, K5V, B8V, B9V, etc. with luminosity class "V"]
- Amag > 10
- B-V < 0.8
- Plx >= 5
- Vmag < 8
- Amag is within range of [15, 20]
- SpType ends with "V" (main sequence stars)
- B-V is within range of [0.0, 0.7]
- Plx is within range of [5, 25]
- e_Plx < 1

10 different conditions for class "1" (giant):
- SpType is in [K2III, K3III, G8III, B9III/IV, etc. with luminosity class "III" or "III/IV"]
- Amag < 15
- B-V > 1.0
- Plx < 3
- Vmag > 7
- Amag is within range of [10, 16]
- SpType contains "III"
- B-V is within range of [1.0, 2.0]
- Plx is within range of [0, 4]
- e_Plx >= 0.8

---

These conditions align with the examples given and general astrophysical knowledge about giants vs dwarfs.