Answer:  
Step 1. The relationship between each feature and the task description:

- Vmag (apparent magnitude): Brighter stars (lower Vmag) can be giants or dwarfs depending on distance; alone, Vmag is not definitive. However, very bright apparent magnitude combined with distance can indicate a giant.
- Plx (parallax): Larger parallax means closer star; combined with apparent magnitude, it helps calculate absolute magnitude, which is critical for distinguishing giants.
- e_Plx (error in parallax): High error reduces confidence in distance and thus in absolute magnitude calculation; less reliable for classification.
- B-V (color index): Indicates star temperature and spectral class; giants tend to have specific B-V ranges depending on spectral type.
- SpType (spectral type): Giants have specific spectral classifications often including luminosity classes III, IV, or III/IV, while dwarfs are class V.
- Amag (absolute magnitude): This is the key feature; giants have brighter absolute magnitudes (lower Amag values) compared to dwarfs of the same spectral type.

---

Step 2. Based on the above and typical astrophysical knowledge, here are 10 different conditions per class:

10 different conditions for class "0" (Not a giant star):

- SpType is in [G1V, F3V, K5V, B8V, B9V]  
- Amag >= 4.0  
- Amag is within range of [5.0, 15.0]  
- Vmag > 8.0  
- Plx >= 10.0 (star is close, but faint absolute magnitude suggests dwarf)  
- B-V <= 0.8 (bluer stars tend to be dwarfs in certain spectral types)  
- SpType is in [F5V, G2V, K3V]  
- Amag >= 3.5 and B-V < 1.0  
- Vmag >= 7.0 and Plx >= 5.0  
- e_Plx >= 1.0 (high parallax error, classification uncertain but likely not giant if Amag is faint)  

10 different conditions for class "1" (Giant star):

- SpType is in [G8III, K0III, B9III/IV, G5III, K3III]  
- Amag <= 2.0  
- Amag is within range of [-5.0, 1.5]  
- B-V >= 1.0 (redder stars tend to be giants)  
- Plx <= 5.0 and Vmag <= 6.0 (far but bright, typical for giants)  
- SpType is in [K1III, G7III, F8III]  
- Amag <= 0.0 and B-V >= 0.9  
- Vmag <= 6.5 and Plx <= 3.0  
- SpType is in [G9III, K2III, K5III]  
- Amag <= 1.0 and e_Plx < 0.5 (accurate parallax and bright absolute magnitude typical for giants)  

---

These conditions capture the typical patterns of giant stars (luminosity class III or IV, bright absolute magnitude, redder color) versus non-giants (dwarfs, luminosity class V, fainter absolute magnitude, bluer color).

---DIVIDER---

Answer:  
Step 1. The relationship between each feature and the task description:

- Vmag (apparent visual magnitude): This indicates how bright the star appears from Earth but depends on distance. Alone, it is not a strong indicator of whether a star is a giant because giants can be bright or faint depending on distance.
- Plx (parallax): Larger parallax means the star is closer. Combined with Vmag, it helps determine the absolute magnitude, which is crucial to distinguish giants from dwarfs.
- e_Plx (error in parallax): High error reduces confidence in distance and thus in absolute magnitude calculation, making classification less certain.
- B-V (color index): Indicates the star's temperature/color. Giants tend to have certain B-V ranges depending on their spectral type, often redder (higher B-V) than main sequence stars of the same spectral type.
- SpType (spectral type): The spectral type combined with luminosity class (e.g., V = dwarf, III = giant) directly indicates if the star is a giant. Luminosity classes III, II, Ib, and I indicate giant or supergiant stars; class V indicates dwarfs.
- Amag (absolute magnitude): This is the intrinsic brightness of the star and a key feature to distinguish giants from dwarfs. Giants are more luminous and have lower (more negative) absolute magnitudes compared to dwarfs of the same spectral type.

---

Step 2. Based on the above and typical stellar classification knowledge, here are 10 different conditions per class:

10 different conditions for class "0" (Not a giant star):

- SpType is in [G1V, F3V, K5V, B8V, A0V]  (luminosity class V = dwarf)
- Amag > 4.0  (dwarfs generally have higher absolute magnitudes)
- B-V < 1.0  (dwarfs tend to be bluer or less red than giants of same spectral type)
- SpType ends with "V" (main sequence stars)
- Amag is within range of [5.0, 10.0]
- Vmag > 8.0 and Plx < 10  (faint apparent magnitude and distant star often a dwarf)
- Plx >= 20 and Amag > 5.0  (close but faint star likely dwarf)
- e_Plx < 0.5 and Amag > 3.5
- B-V is within range of [0.0, 0.8] and Amag > 4.0
- Vmag is within range of [6.0, 12.0] and SpType ends with "V"

10 different conditions for class "1" (Giant star):

- SpType is in [G9III, K0III, B9III/IV, M1III, K2III]  (luminosity class III or IV = giant/subgiant)
- Amag < 2.0  (giants are intrinsically bright with low absolute magnitude)
- B-V > 1.0  (giants tend to be redder)
- SpType ends with "III" or "IV" or "II"  (luminosity classes indicating giants or subgiants)
- Amag is within range of [-5.0, 2.0]
- Plx < 10 and Vmag < 6.0  (bright apparent magnitude but distant star, consistent with giant)
- e_Plx < 1.0 and Amag < 3.0
- B-V is within range of [1.0, 2.0] and Amag < 2.0
- Vmag < 7.0 and SpType ends with "III"
- Plx is within range of [1.0, 15.0] and Amag < 1.0

---

These conditions match typical stellar classification knowledge and can be refined further with actual examples and data.

---DIVIDER---

Answer:  
Step 1. The relationship between each feature and the task description:

- Vmag (apparent visual magnitude): Brighter stars (lower Vmag) can be either giants or dwarfs depending on distance; alone, Vmag is not a strong indicator without distance.
- Plx (parallax): Larger parallax means closer star; combined with Vmag, it helps calculate absolute magnitude, which is key to distinguishing giants.
- e_Plx (error in parallax): High error reduces confidence in distance and thus in absolute magnitude; less reliable classification if error is large.
- B-V (color index): Giants tend to have specific color indices depending on spectral type; generally, giants are cooler and redder (higher B-V) than dwarfs of the same spectral class.
- SpType (spectral type): Luminosity class in SpType (e.g., V = main sequence/dwarf, III = giant, IV = subgiant) directly indicates if the star is giant or not.
- Amag (absolute magnitude): Giants have brighter absolute magnitudes (lower Amag) than dwarfs of same spectral type; Amag is a strong indicator for giant classification.

---

Step 2. Based on above and typical stellar classification knowledge:

10 different conditions for class "0" (No, star is NOT a giant):

- SpType is in [G1V, F3V, K5V, B8V, B9V]  
- Amag >= 4.0  
- Amag is within range of [4.0, 10.0]  
- B-V <= 0.8  
- Vmag > 6.0  
- Plx >= 10.0 (star is close and faint, likely dwarf)  
- e_Plx <= 1.0 (good parallax, confirms distance and faintness)  
- SpType is in [any spectral type ending with "V"]  
- B-V is within range of [0.0, 0.6] and Amag >= 4.5  
- Plx is within range of [5.0, 20.0] and Amag >= 4.0  

10 different conditions for class "1" (Yes, star IS a giant):

- SpType is in [B9III/IV, G5III, K2III, any spectral type with luminosity class III or IV]  
- Amag <= 2.0  
- Amag is within range of [-5.0, 2.0]  
- B-V >= 1.0  
- Vmag <= 5.0 and Plx <= 5.0 (bright but distant star, likely giant)  
- Plx <= 5.0 and Amag <= 2.0  
- SpType is in [any spectral type with luminosity class III or IV]  
- B-V is within range of [0.8, 1.8] and Amag <= 2.5  
- Vmag <= 4.0 and B-V >= 1.0  
- e_Plx <= 2.0 and Amag <= 3.0 and Plx <= 10.0  

---

These conditions combine spectral type luminosity class, absolute magnitude, color index, and parallax-based distance to distinguish giants from non-giants reliably.

---DIVIDER---

Answer:  
Step 1. The relationship between each feature and the task description:

- Vmag (apparent visual magnitude): This depends on both the intrinsic brightness and the distance of the star. Alone, it is not a good indicator of giant status, but very bright apparent stars could be giants or nearby dwarfs.  
- Plx (parallax): Larger parallax means closer star. Giants tend to be luminous and thus can be seen at larger distances with smaller parallax.  
- e_Plx (error in parallax): Large error reduces confidence in distance and absolute magnitude calculation, making classification harder.  
- B-V (color index): Giants generally have characteristic color indices depending on spectral type; they tend to be redder (higher B-V) than dwarfs of the same spectral class.  
- SpType (spectral type): Luminosity class in spectral type is a key indicator (e.g., III or IV indicates giant or subgiant), while V indicates dwarf.  
- Amag (absolute magnitude): Giants have brighter (lower) absolute magnitudes compared to dwarfs of the same spectral type.  

Step 2. Based on the above and the examples, infer 10 different conditions per answer class.

10 different conditions for class "0" (No, star is NOT a giant):

- SpType is in [G1V, F3V, K5V, B8V, B9V]  
- Amag >= 4.0  
- B-V <= 0.6  
- Vmag > 8.0 and Plx >= 10  
- Amag is within range [5.0, 10.0]  
- Plx >= 20 and Amag >= 5.0  
- e_Plx <= 1.0 and Amag >= 4.5  
- SpType ends with "V" (main sequence stars)  
- B-V < 0.4 and Amag > 3.5  
- Vmag > 7.0 and Plx >= 15 and Amag >= 4.0  

10 different conditions for class "1" (Yes, star IS a giant):

- SpType includes "III" or "IV" (e.g., G8III, K3III, B9III/IV)  
- Amag <= 2.0  
- B-V >= 1.0  
- Plx <= 5 and Amag <= 1.5  
- Vmag <= 6.0 and Amag <= 2.5  
- SpType is in [G8III, K3III, B9III/IV, K2III, G5III]  
- B-V is within range [0.8, 1.6] and Amag <= 1.0  
- Plx is within range [0.5, 7.0] and Amag <= 2.0  
- Vmag <= 5.0 and B-V >= 1.1  
- SpType ends with "III" or "IV" and Amag <= 2.5

---DIVIDER---

Answer:  
Step 1. The relationship between each feature and the task description:

- Vmag (apparent magnitude): Brighter stars (lower Vmag) can be giants but apparent magnitude depends on distance, so less directly informative alone.
- Plx (parallax): Larger parallax means closer star; combined with apparent magnitude, it helps calculate absolute magnitude (intrinsic brightness).
- e_Plx (error in parallax): High error reduces confidence in distance and thus in absolute magnitude; less reliable classification.
- B-V (color index): Indicates star temperature and spectral type; giants tend to have certain B-V ranges depending on their spectral class.
- SpType (spectral type): Giants have spectral types with luminosity classes III or IV (e.g., G8III, K5III), while dwarfs have V.
- Amag (absolute magnitude): Giants have brighter absolute magnitudes (lower or negative Amag) compared to dwarfs of similar spectral type.

Step 2. 10 different conditions for class "0" (Not a giant star):  
- SpType is in [G1V, F3V, K5V, B8V, B9V]  
- Amag > 3  
- Amag >= 4  
- B-V < 0.7  
- B-V <= 0.5  
- Vmag > 8  
- Plx >= 10  
- Plx is within range of [5, 50]  
- e_Plx <= 0.5  
- SpType is in [A0V, F5V, G2V]  

10 different conditions for class "1" (Is a giant star):  
- SpType is in [G8III, K5III, B9III/IV, G5III, K0III]  
- Amag < 2  
- Amag <= 1  
- B-V > 0.9  
- B-V >= 1.0  
- Vmag < 6  
- Plx < 5  
- Plx is within range of [0.1, 5]  
- e_Plx <= 1.0  
- SpType is in [G9III, K3III, M0III]