Answer:  
Step 1. The relationship between each feature and the task description:

- Gender: Likely little direct effect on satisfaction; no clear pattern observed.  
- Age: Younger clients (18-24) seem more likely to be satisfied (answer=1) compared to older ones.  
- Education: Higher education (Bachelor, Master) might relate to higher expectations, possibly less satisfaction; lower education (High school, Diploma) aligns more with satisfaction=1 in examples.  
- Nationality: Mostly Kuwaiti in examples; no clear differentiation.  
- Marital_Status: Single clients appear more in satisfied group; married clients more in dissatisfied.  
- Governorate: No strong pattern, but some satisfied clients from Capital, Around, AlAhmadi, Jahra.  
- Aware_151: Those unaware (No) of service 151 tend to be more satisfied (answer=1) in examples.  
- Call_151: Clients who did not call 151 are more often satisfied (answer=1).  
- The_reason_of_the_call: Complaints mostly align with dissatisfaction (answer=0), Inquiries and Vaccination tend to align with satisfaction (answer=1).  
- Call_center_employee_communication_skills_evaluation: Higher scores (around 3.0 or above) align with satisfaction=1; lower scores (<3) align with dissatisfaction=0.  
- Satisfaction_with_the_doctors_response: Higher values (>=3) associate with satisfaction=1; lower values (<3) with dissatisfaction=0.  
- How_often_do_you_receive_call_center_news: Higher frequency (>=3) tends to align with satisfaction=1; lower frequency (<3) with dissatisfaction=0.  

---

Step 2. Conditions per class:

10 different conditions for class "0" (Not satisfied):  
- The_reason_of_the_call is in [Complaints]  
- Call_center_employee_communication_skills_evaluation < 3.0  
- Satisfaction_with_the_doctors_response < 3.0  
- How_often_do_you_receive_call_center_news < 3.0  
- Call_151 is Yes  
- Aware_151 is Yes  
- Age is in [25-29, 30-39, 40-49, 50-59]  
- Marital_Status is in [Married]  
- Education is in [Bachelor, Master]  
- Gender is in [Male]  

10 different conditions for class "1" (Satisfied):  
- The_reason_of_the_call is in [Inquiries, Inquiries_COVID19, Vaccination]  
- Call_center_employee_communication_skills_evaluation >= 3.0  
- Satisfaction_with_the_doctors_response >= 3.0  
- How_often_do_you_receive_call_center_news >= 3.0  
- Call_151 is No  
- Aware_151 is No  
- Age is in [18-24]  
- Marital_Status is in [Single]  
- Education is in [High school, Diploma]  
- Gender is in [Female]

---DIVIDER---

Answer:  
Step 1. The relationship between each feature and the task description:

- Gender: Generally, satisfaction is not strongly dependent on gender, but cultural or communication style differences might influence perception.
- Age: Younger clients might have different expectations or tolerance levels compared to older clients.
- Education: Higher education might correlate with higher expectations or better understanding of service quality.
- Nationality: Local nationals might have different satisfaction levels compared to others due to cultural familiarity or service expectations.
- Marital_Status: Possibly minor influence; married clients might have different needs or expectations.
- Governorate: Regional differences could affect service quality or client expectations.
- Aware_151: Awareness of the service might increase satisfaction due to better understanding of what to expect.
- Call_151: Having called the service might influence satisfaction based on direct experience.
- The_reason_of_the_call: Reason for calling (e.g., complaints vs inquiries) strongly impacts satisfaction; complaints likely correlate with dissatisfaction.
- Call_center_employee_communication_skills_evaluation: Higher scores likely correlate with higher satisfaction.
- Satisfaction_with_the_doctors_response: Higher scores likely correlate with higher satisfaction.
- How_often_do_you_receive_call_center_news: More frequent updates might increase satisfaction by keeping clients informed.

---

Step 2.  
10 different conditions for class "0" (Not satisfied):

- The_reason_of_the_call is in [Complaints]  
- Call_center_employee_communication_skills_evaluation <= 3.143  
- Satisfaction_with_the_doctors_response < 3.0  
- Call_151 is Yes  
- Aware_151 is Yes  
- Age is in [18-24, 25-29, 30-39] and The_reason_of_the_call is Complaints  
- How_often_do_you_receive_call_center_news < 3.0  
- Education is in [Bachelor, High school] and Satisfaction_with_the_doctors_response < 3.0  
- Governorate is in [Farwaniya, Jahra] and Call_center_employee_communication_skills_evaluation < 3.5  
- Gender is Female and The_reason_of_the_call is Complaints and Satisfaction_with_the_doctors_response < 3.0  

10 different conditions for class "1" (Satisfied):

- Call_center_employee_communication_skills_evaluation = 3.0  
- Satisfaction_with_the_doctors_response = 3.0  
- How_often_do_you_receive_call_center_news >= 2.2  
- The_reason_of_the_call is in [Inquiries, Vaccination]  
- Call_151 is No  
- Aware_151 is No  
- Age is in [18-24] and The_reason_of_the_call is Complaints and Satisfaction_with_the_doctors_response = 3.0  
- Education is in [Diploma, High school, Bachelor] and Call_center_employee_communication_skills_evaluation = 3.0  
- Marital_Status is in [Single, Married] and Satisfaction_with_the_doctors_response = 3.0  
- Gender is Female and Call_151 is No and Satisfaction_with_the_doctors_response = 3.0  

---

These conditions reflect the patterns observed in the examples and the logical influence of features on client satisfaction.

---DIVIDER---

Answer:  
Step 1. The relationship between each feature and the task description:  

- Gender: Likely little to no direct effect on satisfaction; satisfaction depends more on service quality than gender.  
- Age: Younger clients might have different expectations or experiences; older clients might be less satisfied if service is not tailored well.  
- Education: Higher education may correlate with higher expectations and possibly more critical evaluations, or better understanding and thus higher satisfaction.  
- Nationality: Kuwaiti clients might have different expectations or experiences compared to other nationalities.  
- Marital_Status: Possibly minor effect; married clients might have different concerns or expectations.  
- Governorate: Regional differences could affect satisfaction due to local service quality or accessibility.  
- Aware_151: Awareness of the service might correlate with satisfaction as more informed clients may have realistic expectations.  
- Call_151: Whether the client actually called the service might affect satisfaction, as those who called might have direct experience.  
- The_reason_of_the_call: Reason for calling is likely important; complaints might correlate with dissatisfaction, inquiries or vaccination might correlate with satisfaction.  
- Call_center_employee_communication_skills_evaluation: Higher ratings likely correlate with higher satisfaction.  
- Satisfaction_with_the_doctors_response: Higher satisfaction with doctor’s response likely correlates strongly with overall satisfaction.  
- How_often_do_you_receive_call_center_news: More frequent updates might increase satisfaction by keeping clients informed.  

---

Step 2. Based on the above and examples, 10 different conditions per class:

10 different conditions for class "0" (Not satisfied):  
- The_reason_of_the_call is in [Complaints]  
- Call_center_employee_communication_skills_evaluation < 3.0  
- Satisfaction_with_the_doctors_response < 3.0  
- Call_151 is Yes  
- Aware_151 is Yes  
- Age is in [18-24, 25-29, 40-49] and Satisfaction_with_the_doctors_response < 3.0  
- How_often_do_you_receive_call_center_news <= 2.0  
- Education is in [Bachelor, High school] and Call_center_employee_communication_skills_evaluation < 3.0  
- Gender is in [Male, Female] and The_reason_of_the_call is Vaccination and Satisfaction_with_the_doctors_response < 2.0  
- Marital_Status is in [Single, Married] and The_reason_of_the_call is Complaints and Call_center_employee_communication_skills_evaluation < 2.0  

10 different conditions for class "1" (Satisfied):  
- Call_center_employee_communication_skills_evaluation >= 3.0  
- Satisfaction_with_the_doctors_response >= 3.0  
- The_reason_of_the_call is in [Inquiries, Medical_Consultation]  
- Call_151 is No  
- Aware_151 is No  
- How_often_do_you_receive_call_center_news > 2.0  
- Age is in [18-24] and Call_center_employee_communication_skills_evaluation = 3.0 and Satisfaction_with_the_doctors_response = 3.0  
- Education is in [High school, Diploma] and Call_151 is No  
- Marital_Status is in [Single, Married] and The_reason_of_the_call is Complaints and Call_center_employee_communication_skills_evaluation = 3.0 and Satisfaction_with_the_doctors_response = 3.0  
- Gender is Female and The_reason_of_the_call is in [Inquiries, Complaints] and Satisfaction_with_the_doctors_response >= 3.0  

---

These conditions reflect the observed patterns: low ratings and complaint calls associate with dissatisfaction (0), while moderate to high ratings, non-complaint calls, and less frequent calling associate with satisfaction (1).

---DIVIDER---

Answer:  
Step 1. The relationship between each feature and the task description:

- Gender: Likely minimal direct impact on satisfaction, but could reflect different communication preferences.
- Age: Younger clients might have different expectations or satisfaction levels than older clients.
- Education: Higher education might correlate with higher expectations or more critical evaluations.
- Nationality: Could influence satisfaction due to cultural or language differences.
- Marital_Status: Possibly minor effect; married or single might have different stress or expectations.
- Governorate: Regional differences might affect service quality or perception.
- Aware_151: Awareness of the service might correlate with satisfaction (more informed clients might have higher expectations).
- Call_151: Whether the client has called the service might indicate engagement and influence satisfaction.
- The_reason_of_the_call: The call reason likely strongly affects satisfaction (e.g., complaints may correlate with dissatisfaction).
- Call_center_employee_communication_skills_evaluation: Higher scores should correlate with higher satisfaction.
- Satisfaction_with_the_doctors_response: Direct measure of satisfaction with the doctor, likely strongly correlated with overall satisfaction.
- How_often_do_you_receive_call_center_news: More frequent updates might increase satisfaction due to better communication.

Step 2.  
10 different conditions for class "0" (client NOT satisfied):  
- Satisfaction_with_the_doctors_response < 3.0  
- Call_center_employee_communication_skills_evaluation < 3.0  
- The_reason_of_the_call is in [Complaints, Medical_Consultation]  
- Call_151 is Yes  
- Aware_151 is Yes  
- Age is in [18-24, 25-29] and Satisfaction_with_the_doctors_response < 3.0  
- How_often_do_you_receive_call_center_news <= 3.0  
- Education is in [Bachelor, High school] and Satisfaction_with_the_doctors_response < 3.0  
- Governorate is in [Capital, Jahra] and Call_center_employee_communication_skills_evaluation < 3.0  
- Marital_Status is Married and Satisfaction_with_the_doctors_response < 3.0  

10 different conditions for class "1" (client satisfied):  
- Satisfaction_with_the_doctors_response >= 3.0  
- Call_center_employee_communication_skills_evaluation >= 3.0  
- The_reason_of_the_call is in [Inquiries, Vaccination]  
- Call_151 is No  
- Aware_151 is No  
- How_often_do_you_receive_call_center_news > 2.0  
- Age is in [18-24] and Satisfaction_with_the_doctors_response >= 3.0  
- Education is in [Diploma, High school] and Call_center_employee_communication_skills_evaluation >= 3.0  
- Governorate is in [Around, AlAhmadi, Mubarak AlKabir] and Satisfaction_with_the_doctors_response >= 3.0  
- Marital_Status is Single and Satisfaction_with_the_doctors_response >= 3.0

---DIVIDER---

Answer:  
Step 1. The relationship between each feature and the task description:

- Gender: Likely no strong direct effect on satisfaction; satisfaction depends more on service quality than gender.  
- Age: Younger clients (especially 18-24) seem more satisfied in examples; older clients tend to be less satisfied.  
- Education: No clear pattern, but higher education might correlate with higher expectations and lower satisfaction.  
- Nationality: Mostly Kuwaiti in examples; no clear difference in satisfaction by nationality.  
- Marital_Status: No obvious direct relationship with satisfaction.  
- Governorate: No clear pattern; satisfaction appears independent of region.  
- Aware_151: Awareness might correlate with better satisfaction if clients know the service well.  
- Call_151: Those who actually called 151 tend to be less satisfied in examples; those who did not call sometimes more satisfied.  
- The_reason_of_the_call: Complaints calls mostly correspond to dissatisfaction; inquiries and vaccination calls more often correspond to satisfaction.  
- Call_center_employee_communication_skills_evaluation: Higher scores generally indicate higher satisfaction.  
- Satisfaction_with_the_doctors_response: Higher scores strongly correlate with higher satisfaction.  
- How_often_do_you_receive_call_center_news: Higher frequency of receiving news correlates with higher satisfaction.

---

Step 2.  
10 different conditions for class "0" (Not satisfied):  
- The_reason_of_the_call is Complaints  
- Call_center_employee_communication_skills_evaluation < 3.0  
- Satisfaction_with_the_doctors_response < 3.0  
- Age is in [25-29, 30-39, 40-49, 50-59, 60 and above]  
- Call_151 is Yes  
- How_often_do_you_receive_call_center_news < 3.0  
- Gender is in [Female, Male] and The_reason_of_the_call is Complaints and Satisfaction_with_the_doctors_response < 3.0  
- Education is in [Bachelor, Master] and Call_center_employee_communication_skills_evaluation < 3.5  
- Marital_Status is Married and The_reason_of_the_call is Complaints  
- Aware_151 is Yes and Call_151 is Yes and Satisfaction_with_the_doctors_response < 3.0  

10 different conditions for class "1" (Satisfied):  
- The_reason_of_the_call is in [Inquiries, Vaccination, Inquiries_COVID19]  
- Satisfaction_with_the_doctors_response >= 3.0  
- Call_center_employee_communication_skills_evaluation >= 3.0  
- How_often_do_you_receive_call_center_news >= 2.5  
- Age is in [18-24]  
- Call_151 is No  
- Aware_151 is No and Satisfaction_with_the_doctors_response >= 3.0  
- Marital_Status is in [Single, Married] and The_reason_of_the_call is Complaints and Satisfaction_with_the_doctors_response >= 3.0  
- Education is in [High school, Diploma] and Satisfaction_with_the_doctors_response >= 3.0  
- Gender is Female and The_reason_of_the_call is Complaints and Satisfaction_with_the_doctors_response >= 3.0  

---

These conditions reflect tendencies found in the examples and general reasoning about satisfaction with call center service.