Answer:  
Step 1. The relationship between each feature and the task description (high credit scoring = Yes (1), low credit scoring = No (0)):

- Debt: Generally, higher debt might indicate more credit usage; if managed well, could indicate trustworthiness, but too high debt might be risky.
- Overdue days: More overdue days usually imply worse credit scoring.
- Initial limit: Higher initial credit limit usually reflects higher creditworthiness.
- BIRTHDATE: Older clients might have more stable credit history, but age alone is less direct.
- SEX: Gender generally has no direct effect on credit score.
- EDU (education level): Higher education might correlate with better income and creditworthiness.
- INCOME: Higher income usually supports higher credit scoring.
- TERM: Longer term might indicate trust in client to repay over time.
- Credit history rating: Better rating (like A1, A2, B1) likely correlates with higher credit scoring.
- LV_AREA: Region might reflect economic conditions; some areas may have better average credit scoring.
- LV_SETTLEMENTNAME: More granular location info, similar to LV_AREA.
- INDUSTRYNAME: Certain industries (Finance, IT) might imply more stable income.
- PDN (probability of default number): Higher PDN indicates higher default risk, so lower credit scoring.
- UNDERAGECHILDRENCOUNT: More dependents might reduce disposable income, potentially lower credit scoring.
- FAMILYSTATUS: Marital status might influence financial stability.

Step 2. Based on the above and examples, infer 10 different conditions per class:

10 different conditions for class "0" (No high credit scoring):
- PDN is >= 0.24
- Credit history rating is in [C2, C3, D1, D2, D3, E1, E2, E3]
- INCOME is <= 2000
- Initial limit is <= 3300
- Debt is <= 3000
- EDU is in [High school, Incomplete]
- TERM is >= 36 and <= 60
- UNDERAGECHILDRENCOUNT is >= 1
- LV_AREA is in [BRESTSKAJa, GOMEL'SKAJa, MOGILEVSKAJa]
- SEX is Female and INCOME is <= 1600

10 different conditions for class "1" (Yes high credit scoring):
- PDN is < 0.24
- Credit history rating is in [A1, A2, A3, B1, B2, B3]
- INCOME is >= 3000
- Initial limit is >= 10000
- Debt is >= 9000
- EDU is in [University, College]
- TERM is >= 36 and <= 60
- UNDERAGECHILDRENCOUNT is 0
- LV_AREA is in [g. Minsk, Minskaja oblast, Grodnenskaja oblast]
- SEX is Male and INCOME is >= 1500

---

These conditions are derived from the patterns in the examples, e.g., all "1" answers have PDN below 0.4 but mostly below 0.3, better credit ratings (A or B categories), higher income and initial limit, and no overdue days. The "0" answers have lower income, worse credit ratings, higher PDN, and lower initial limits.

---DIVIDER---

Answer:  
Step 1. The relationship between each feature and the task description:  

- Debt: Higher debt might indicate higher credit usage, but if managed well (no overdue), it could correlate with higher credit score. Excessive debt with overdue days likely lowers credit score.  
- Overdue days: More overdue days generally mean worse credit scoring. Zero overdue days is preferable.  
- Initial limit: Higher initial credit limit generally indicates higher creditworthiness.  
- BIRTHDATE (Age): Older clients may have longer credit history and potentially higher credit scores, but very young clients with good income and history can also have high scores.  
- SEX: Gender is unlikely to have a direct causal effect on credit score, but could have indirect correlations.  
- EDU (Education): Higher education level (University, College) may correlate with higher income and better credit scores.  
- INCOME: Higher income generally correlates with higher credit scoring due to better repayment capacity.  
- TERM: Longer credit term might indicate trust from bank or larger loans, but also higher risk.  
- Credit history rating: This is a strong indicator; better ratings (A1, A2, A3, B1, B2, B3) generally correlate with higher credit scores, worse ratings (C1, C2, C3, D1, D2, D3, E1, E2, E3) correlate with lower scores.  
- LV_AREA and LV_SETTLEMENTNAME: Location could influence credit scoring due to regional economic conditions or bank policies.  
- INDUSTRYNAME: Industry might influence income stability and creditworthiness.  
- PDN (Probability of Default Number): Higher PDN indicates higher risk, so lower PDN correlates with higher credit scoring.  
- UNDERAGECHILDRENCOUNT: More dependents might reduce disposable income, potentially lowering credit score.  
- FAMILYSTATUS: Marital status might influence financial stability; married clients might have better credit scores.  

---

Step 2. Based on the above examples and Step 1's results, infer 10 different conditions per answer.

10 different conditions for class "0":  
- Credit history rating is in [C2, C3, D1, D2, D3, E1, E2, E3]  
- PDN > 0.25  
- Initial limit < 5000  
- INCOME < 2000  
- Debt < 5000  
- Overdue days > 0 (although examples have 0 overdue days, if overdue days > 0, likely class 0)  
- EDU is in [High school, Incomplete]  
- TERM <= 36  
- UNDERAGECHILDRENCOUNT >= 1  
- FAMILYSTATUS is in [0, 1] (assuming 0 = single, 1 = married, but possibly lower stability compared to 2)  

10 different conditions for class "1":  
- Credit history rating is in [A1, A2, A3, B1, B2, B3]  
- PDN <= 0.25  
- Initial limit >= 10000  
- INCOME >= 1500  
- Debt >= 9000  
- Overdue days = 0  
- EDU is in [University, College]  
- TERM >= 60  
- UNDERAGECHILDRENCOUNT = 0  
- FAMILYSTATUS = 2 (assuming 2 indicates more stable family status, e.g., married with children or similar)  

---

These conditions reflect tendencies seen in the examples and general credit scoring principles.

---DIVIDER---

Answer:  
Step 1. The relationship between each feature and the task description:

- Debt: Higher debt might indicate higher credit usage and possibly higher credit score if managed well, but excessive debt could be negative.  
- Overdue days: More overdue days generally indicate poor credit behavior, thus lower credit score.  
- Initial limit: Higher initial credit limit usually means the bank trusts the client more, indicating higher credit score.  
- BIRTHDATE: Age might correlate with credit score; middle-aged clients might have more stable credit history.  
- SEX: Gender is unlikely to have a strong causal effect on credit score.  
- EDU: Higher education often correlates with better income and financial literacy, potentially higher credit score.  
- INCOME: Higher income generally supports higher credit scores.  
- TERM: Longer credit terms might indicate trust from the bank or riskier loans; unclear direct relation.  
- Credit history rating: This is a direct indicator of creditworthiness; better ratings (A1, A2, A3, B1, B2, B3) correlate with higher credit score.  
- LV_AREA: Area might reflect economic conditions; urban areas might have better credit scores.  
- LV_SETTLEMENTNAME: Similar to LV_AREA, location might influence credit behavior.  
- INDUSTRYNAME: Employment sector might affect income stability and credit score.  
- PDN: Probability of default number; higher PDN means higher risk, thus lower credit score.  
- UNDERAGECHILDRENCOUNT: More dependents might reduce disposable income, possibly lowering credit score.  
- FAMILYSTATUS: Marital status might affect financial stability; married clients might have better credit scores.

---

Step 2. 10 different conditions for class "0": (No high credit score)

- Credit history rating is in [C2, C3, D1, D2, D3, E1, E2, E3]  
- PDN >= 0.3  
- Initial limit < 5000  
- INCOME < 2000  
- Debt < 5000  
- Overdue days > 0  
- EDU is in [High school, Incomplete]  
- TERM is within range [36, 60] and INCOME < 1500  
- INDUSTRYNAME is in [Trade, Agriculture, Public services] with PDN > 0.25  
- FAMILYSTATUS is 1 or 2 with UNDERAGECHILDRENCOUNT > 1  

10 different conditions for class "1": (High credit score)

- Credit history rating is in [A1, A2, A3, B1, B2, B3]  
- PDN <= 0.25  
- Initial limit >= 10000  
- INCOME >= 3000  
- Debt >= 9000  
- Overdue days = 0  
- EDU is in [University, College]  
- INDUSTRYNAME is in [Information Technology, Medicine and healthcare, Construction, Production]  
- TERM = 60 and INCOME >= 2000  
- LV_AREA is in [g. Minsk, Minskaja oblast] with PDN < 0.3  

---

These conditions align with the examples and general knowledge, effectively separating clients with high credit scores (1) from those without (0).

---DIVIDER---

Answer:  
Step 1. The relationship between each feature and the task description (high credit scoring = 1, low = 0):

- Debt: Higher debt might indicate more credit usage but can be risky; moderate to high debt with good repayment history might correlate with high credit scoring.
- Overdue days: More overdue days likely reduce credit scoring; 0 overdue days is better.
- Initial limit: Higher initial credit limit suggests bank confidence and likely higher credit scoring.
- BIRTHDATE (Age): Older clients might have more stable financial history; very young clients might have less credit history.
- SEX: Gender generally should not affect scoring, but data might show some tendencies.
- EDU (Education): Higher education (University, College) may correlate with higher income and better credit scoring.
- INCOME: Higher income usually supports higher credit scoring.
- TERM: Longer term loans might be riskier but also indicate trust; relationship unclear but could influence scoring.
- Credit history rating: This is a direct indicator; ratings like A1, A2, A3, B1, B2, B3 likely correlate with higher scoring; lower ratings (C, D, E) correlate with low scoring.
- LV_AREA and LV_SETTLEMENTNAME: Certain regions might have different economic conditions affecting scoring.
- INDUSTRYNAME: Some industries might be more stable or higher income, affecting scoring positively.
- PDN (Probability of Default Number): Lower PDN correlates with higher credit scoring.
- UNDERAGECHILDRENCOUNT: More dependents might reduce disposable income, possibly lowering scoring.
- FAMILYSTATUS: Marital status may affect financial stability; married or stable status might correlate with higher scoring.

---

Step 2.  
10 different conditions for class "0" (No high credit scoring):

- Credit history rating is in [C3, C2, C1, D3, D2, D1, E3, E2, E1]
- PDN >= 0.3
- Debt <= 10000
- Initial limit <= 5000
- INCOME <= 2500
- Overdue days > 0
- EDU is in [High school, Incomplete]
- TERM <= 36
- UNDERAGECHILDRENCOUNT >= 1
- FAMILYSTATUS is in [1, 3] (assuming 2 is married/stable, others less stable)

10 different conditions for class "1" (High credit scoring):

- Credit history rating is in [A1, A2, A3, B1, B2, B3]
- PDN < 0.3
- Debt >= 9000
- Initial limit >= 10000
- INCOME >= 3000
- Overdue days = 0
- EDU is in [University, College]
- TERM >= 60
- UNDERAGECHILDRENCOUNT = 0
- FAMILYSTATUS = 2 (married/stable)

---

These conditions align with the examples given, general financial logic, and observed patterns in the data.

---DIVIDER---

Answer:  
Step 1. The relationship between each feature and the task description:

- Debt: Higher debt might indicate higher risk, but if the client has high credit scoring, the debt might be well managed or within limits.  
- Overdue days: More overdue days typically indicate poor credit scoring; 0 overdue days suggest better credit.  
- Initial limit: A higher initial credit limit usually correlates with higher credit scoring.  
- BIRTHDATE: Older clients might have more stable credit history; younger clients might have less credit history.  
- SEX: Gender usually has no direct causal effect on credit scoring.  
- EDU (Education): Higher education levels (University, College) might correlate with better credit scoring due to stable income and job.  
- INCOME: Higher income usually correlates with better credit scoring.  
- TERM: Longer credit terms might indicate trust from the bank, or possibly higher risk depending on context.  
- Credit history rating: Better ratings (A1, A2, A3, B1, B2, B3) indicate better credit scoring; worse ratings (C, D, E) indicate lower credit scoring.  
- LV_AREA and LV_SETTLEMENTNAME: Some regions might have different economic conditions affecting credit scoring; less important overall.  
- INDUSTRYNAME: Some industries might be more stable (Finance, IT) and correlate with better credit scoring.  
- PDN (Probability of Default Number): Lower PDN indicates better credit scoring.  
- UNDERAGECHILDRENCOUNT: More children might increase financial burden, potentially lowering credit scoring.  
- FAMILYSTATUS: Married or stable family status might correlate with better credit scoring due to financial stability.

---

Step 2. Based on the above and examples, 10 different conditions per class:

10 different conditions for class "0" (No high credit scoring):  
- Debt < 2000  
- Overdue days > 0  
- Initial limit <= 3300  
- INCOME < 2000  
- Credit history rating is in [C1, C2, C3, D1, D2, D3, E1, E2, E3]  
- PDN >= 0.3  
- EDU is in [Incomplete, High school]  
- INDUSTRYNAME is in [Trade, Agriculture]  
- UNDERAGECHILDRENCOUNT >= 1  
- FAMILYSTATUS <= 1 (e.g., single or unstable family status)

10 different conditions for class "1" (High credit scoring):  
- Debt >= 9000  
- Initial limit >= 10000  
- INCOME >= 1500  
- Credit history rating is in [A1, A2, A3, B1, B2, B3]  
- PDN < 0.3  
- EDU is in [University, College]  
- TERM <= 60  
- INDUSTRYNAME is in [Information Technology, Construction, Medicine and healthcare, Ministry of Internal Affairs/Ministry of Emergency Situations/Ministry of Defense, Public services]  
- UNDERAGECHILDRENCOUNT = 0  
- FAMILYSTATUS >= 1 (e.g., married or stable family status)

---

These conditions are consistent with the provided examples and general knowledge about credit scoring.