Answer:  
Step 1. The relationship between each feature and the task description:

- **social_connection_frequency**: Higher frequency of social connection (Daily, Weekly) suggests more active maintenance of friendships, possibly including long-distance calls; lower frequency (Monthly, Never) may indicate less maintenance but could still include calls if other factors support it.  
- **gathering_size_preference**: Preference for small gatherings or "Never" may indicate less in-person socializing, possibly compensated by calls to maintain long-distance friendships; preference for large events may indicate more local socializing.  
- **valued_friendship_traits**: Valuing "Support," "Loyalty," or "Honesty" suggests a desire to maintain meaningful connections, potentially through calls; "All" or complex categories indicate strong friendship values.  
- **conflict_resolution_style**: "Talk it out" or "Apologize first" implies willingness to communicate openly, which supports maintaining friendships via calls; "Avoid conflict" or "Let time fix it" may indicate less direct communication.  
- **family_support_level**: Higher family support (Yes, Sometimes) might reduce the need to maintain long-distance friendships actively; low or no support might motivate maintaining friendships through calls.  
- **social_battery_recharge**: Preference for "Talking to someone" or "Social media" suggests social engagement including calls; "Alone time" or "None of the above" suggests less social interaction.  
- **social_orientation_type**: Extroverts and ambiverts are more likely to maintain active social connections including calls; introverts may do so less frequently.  
- **social_anxiety_level**: "Avoid it" or "Nervous" suggests reluctance to engage socially including calls; "Excited" or "Neutral" suggests comfort with social contact.  
- **emotional_expression_method**: "Talk openly" or "Express emotion strongly" indicates comfort with communication, supporting maintenance of friendships via calls; "Stay silent" or "Other" may indicate less communication.  
- **primary_anger_sources**: Triggers like "Being interrupted" or "Unnecessary criticism" might make calls less comfortable; "Injustice" or "Selfishness" may not directly affect calls.

---

Step 2. Based on the above and examples, infer conditions:

10 different conditions for class "0" (Does NOT maintain long-distance friendships through calls):  
- social_connection_frequency is in [Daily, Weekly]  
- gathering_size_preference is in [Never, Large events]  
- valued_friendship_traits is in [Loyalty, Honesty]  
- conflict_resolution_style is in [Apologize first, Avoid conflict]  
- family_support_level is in [Never, No, Sometimes]  
- social_battery_recharge is in [None of the above, Alone time]  
- social_orientation_type is in [Introvert, Extrovert]  
- social_anxiety_level is in [Avoid it, Nervous]  
- emotional_expression_method is in [Other, Stay silent]  
- primary_anger_sources is in [Injustice, Being interrupted]  

10 different conditions for class "1" (Does maintain long-distance friendships through calls):  
- social_connection_frequency is Monthly  
- gathering_size_preference is in [Large events, Never]  
- valued_friendship_traits is in [Support, Honesty]  
- conflict_resolution_style is in [Avoid conflict, Apologize first]  
- family_support_level is Sometimes  
- social_battery_recharge is in [Social media, Alone time]  
- social_orientation_type is in [Extrovert, Ambivert]  
- social_anxiety_level is in [Excited, Neutral]  
- emotional_expression_method is in [Express emotion strongly, Talk openly]  
- primary_anger_sources is Unnecessary criticism

---DIVIDER---

Answer:  
Step 1. The relationship between each feature and the task description:

- **social_connection_frequency**: Higher frequency (Daily, Weekly) suggests active social interaction; lower frequency (Monthly, Never) may indicate less frequent contact, but monthly contact could still support long-distance friendships if intentional.
- **gathering_size_preference**: Preference for small gatherings or both might indicate closer, more intimate relationships, possibly maintained over distance; preference for large events or never might indicate less focus on close individual connections.
- **valued_friendship_traits**: Valuing support, loyalty, honesty, or all traits suggests a desire for strong, meaningful friendships, which may motivate maintaining long-distance friendships.
- **conflict_resolution_style**: Styles like "Talk it out" or "Apologize first" indicate willingness to maintain relationships actively, which may support maintaining long-distance friendships; avoiding conflict might reduce maintenance efforts.
- **family_support_level**: Higher family support could reduce the need to maintain distant friendships; lower family support might motivate maintaining friendships elsewhere.
- **social_battery_recharge**: Preferring "Talking to someone" or "Social media" indicates active social engagement, possibly including calls; "Alone time" or "None of the above" suggests less social interaction.
- **social_orientation_type**: Extroverts and ambiverts are more likely to maintain active social contacts, including long-distance friendships; introverts may do so less often.
- **social_anxiety_level**: "Excited" or "Neutral" indicates comfort with social interaction; "Avoid it" or "Nervous" may reduce likelihood of maintaining long-distance friendships via calls.
- **emotional_expression_method**: Preferring to "Talk openly" or "Express emotion strongly" suggests active communication, supporting long-distance friendship maintenance; "Stay silent" or "Other" may indicate less communication.
- **primary_anger_sources**: Less directly related, but being triggered by "Injustice" or "Selfishness" might affect relationship maintenance; "Being interrupted" or "Unnecessary criticism" might affect communication quality.

---

Step 2.  
10 different conditions for class "0" (Does NOT maintain long-distance friendships through calls):

- social_connection_frequency is in [Daily, Weekly]
- gathering_size_preference is in [Large events, Never]
- valued_friendship_traits is in [Loyalty]
- conflict_resolution_style is in [Apologize first, Avoid conflict]
- family_support_level is in [Never, No]
- social_battery_recharge is in [Alone time, None of the above]
- social_orientation_type is in [Introvert]
- social_anxiety_level is in [Nervous, Avoid it]
- emotional_expression_method is in [Stay silent, Other]
- primary_anger_sources is in [Unnecessary criticism]

---

10 different conditions for class "1" (Does maintain long-distance friendships through calls):

- social_connection_frequency is in [Monthly]
- gathering_size_preference is in [Large events, Small gatherings, Both]
- valued_friendship_traits is in [Support, Honesty, All, All the three and trust, Understanding person]
- conflict_resolution_style is in [Talk it out, Apologize first]
- family_support_level is in [Sometimes, Yes, yes]
- social_battery_recharge is in [Social media, Talking to someone]
- social_orientation_type is in [Extrovert, Ambivert]
- social_anxiety_level is in [Excited, Neutral]
- emotional_expression_method is in [Talk openly, Express emotion strongly]
- primary_anger_sources is in [Injustice, Selfishness]

---

These conditions align with the examples and logical inference about social behavior and communication patterns relevant to maintaining long-distance friendships through calls.

---DIVIDER---

Answer:  
Step 1. The relationship between each feature and the task description:

- **social_connection_frequency**: Higher frequency of social connection (Daily, Weekly) generally indicates more active maintenance of friendships; Monthly or Never suggests less frequent contact, which might indicate less active maintenance, but for long-distance friendships, monthly calls can still be a sign of maintenance.
- **gathering_size_preference**: Preference for small gatherings or "Never" might indicate introversion or less frequent in-person socializing, possibly compensated by calls; preference for large events might indicate more in-person socialization rather than calls.
- **valued_friendship_traits**: Valuing support, loyalty, honesty, or all indicates a strong desire for meaningful friendships, which might motivate maintaining long-distance friendships through calls.
- **conflict_resolution_style**: Those who prefer to talk it out or apologize first may be more communicative, which is important for maintaining long-distance friendships; avoiding conflict or letting time fix it may indicate less communication.
- **family_support_level**: Higher family support might reduce the need for maintaining long-distance friendships; low or sometimes might motivate maintaining friendships through calls.
- **social_battery_recharge**: People who recharge by talking to someone likely maintain friendships actively; those who prefer alone time or social media may be less inclined to maintain calls.
- **social_orientation_type**: Extroverts and ambiverts are more likely to maintain social contacts actively, including calls; introverts may maintain fewer or more selective long-distance friendships.
- **social_anxiety_level**: Those excited or neutral about social interactions may maintain calls more readily; those who avoid or are nervous may maintain fewer long-distance calls.
- **emotional_expression_method**: Talking openly or expressing emotions strongly suggests active communication, supporting maintenance of long-distance friendships; staying silent or other methods suggest less communication.
- **primary_anger_sources**: Anger triggered by injustice or selfishness might indicate sensitivity in relationships, possibly affecting maintenance; this is less directly related but might influence communication frequency.

---

Step 2. Based on the above and examples, infer 10 different conditions per answer class.

10 different conditions for class "0" (Does NOT maintain long-distance friendships through calls):  
- social_connection_frequency is in [Daily, Weekly]  
- gathering_size_preference is in [Large events, Never]  
- valued_friendship_traits is in [Loyalty]  
- conflict_resolution_style is in [Apologize first, Avoid conflict]  
- family_support_level is in [Never, Yes]  
- social_battery_recharge is in [Alone time, None of the above]  
- social_orientation_type is in [Extrovert, Introvert]  
- social_anxiety_level is in [Avoid it, Nervous]  
- emotional_expression_method is in [Other, Stay silent]  
- primary_anger_sources is in [Injustice, Being interrupted]  

---

10 different conditions for class "1" (Does maintain long-distance friendships through calls):  
- social_connection_frequency is in [Monthly]  
- gathering_size_preference is in [Never, Large events]  
- valued_friendship_traits is in [Support, Honesty]  
- conflict_resolution_style is in [Avoid conflict, Apologize first]  
- family_support_level is in [Sometimes]  
- social_battery_recharge is in [Social media, Alone time]  
- social_orientation_type is in [Introvert, Extrovert]  
- social_anxiety_level is in [Excited]  
- emotional_expression_method is in [Express emotion strongly, Talk openly]  
- primary_anger_sources is in [Unnecessary criticism]

---DIVIDER---

Answer:  
Step 1. The relationship between each feature and the task description:

- **social_connection_frequency**: Higher frequency (Daily, Weekly) likely indicates active maintenance of friendships, including long-distance calls; lower frequency (Monthly, Never) might indicate less maintenance.
- **gathering_size_preference**: Preference for large events or both might indicate more social engagement, but small gatherings or never might reflect limited social interaction or preference for close, possibly local, friends.
- **valued_friendship_traits**: Valuing support, loyalty, honesty, or all traits suggests a committed approach to friendships, which may correlate with maintaining long-distance friendships.
- **conflict_resolution_style**: Talking it out or apologizing may indicate active communication, supporting maintenance of friendships; avoiding conflict or letting time fix it might indicate less proactive communication.
- **family_support_level**: Higher family support (Yes, Sometimes) may correlate with better social skills or motivation to maintain friendships, though this may vary.
- **social_battery_recharge**: Preferring talking to someone or social media suggests engagement with others, possibly including calls; alone time or none of the above may indicate less social interaction.
- **social_orientation_type**: Extroverts and ambiverts are more likely to maintain social contacts actively, including calls; introverts may do so less.
- **social_anxiety_level**: Being excited or neutral about social interactions suggests comfort with calls; nervous or avoidant may reduce likelihood.
- **emotional_expression_method**: Talking openly or expressing emotions strongly indicates comfort with communication, supporting maintenance of friendships through calls.
- **primary_anger_sources**: Triggers like injustice or selfishness may affect relationship dynamics, but less directly linked to maintaining long-distance friendships.

---

Step 2. Based on the above and the examples given, infer 10 different conditions per answer class.

10 different conditions for class "0" (does NOT maintain long-distance friendships through calls):  
- social_connection_frequency is in [Daily, Weekly]  
- gathering_size_preference is in [Large events, Never]  
- valued_friendship_traits is in [Loyalty]  
- conflict_resolution_style is in [Apologize first, Avoid conflict]  
- family_support_level is in [Never]  
- social_battery_recharge is in [Alone time, None of the above]  
- social_orientation_type is in [Introvert]  
- social_anxiety_level is in [Nervous, Avoid it]  
- emotional_expression_method is in [Talk openly, Other, Stay silent]  
- primary_anger_sources is in [Unnecessary criticism, Injustice]  

10 different conditions for class "1" (does maintain long-distance friendships through calls):  
- social_connection_frequency is in [Monthly]  
- gathering_size_preference is in [Never, Large events]  
- valued_friendship_traits is in [Support, Honesty]  
- conflict_resolution_style is in [Apologize first, Avoid conflict]  
- family_support_level is in [Sometimes]  
- social_battery_recharge is in [Social media, Alone time]  
- social_orientation_type is in [Extrovert]  
- social_anxiety_level is in [Excited]  
- emotional_expression_method is in [Express emotion strongly, Stay silent]  
- primary_anger_sources is in [Unnecessary criticism]

---DIVIDER---

Answer:  
Step 1. The relationship between each feature and the task description:

- **social_connection_frequency**: Higher frequency (Daily, Weekly) likely indicates active social maintenance including calls; lower frequency (Monthly, Never) suggests less frequent contact, possibly less maintenance of long-distance friendships.
- **gathering_size_preference**: Preference for small gatherings or both might indicate more intimate connections, possibly maintaining close friendships including long-distance via calls; preference for large events or never might indicate less intimate or less frequent contact.
- **valued_friendship_traits**: Valuing support, loyalty, honesty, or all traits suggests a strong desire to maintain friendships, possibly through calls; less emphasis on these traits might indicate weaker maintenance.
- **conflict_resolution_style**: Those who "Talk it out" or "Apologize first" may be more proactive in maintaining relationships, including long-distance friendships; "Avoid conflict" or "Let time fix it" may indicate less active maintenance.
- **family_support_level**: Higher family support (Yes, Sometimes) might correlate with better social skills and more active friendship maintenance; no or low support might reduce likelihood.
- **social_battery_recharge**: Preference for "Talking to someone" or "Social media" suggests social engagement and possibly maintaining friendships via calls; "Alone time" or "None of the above" may indicate less social maintenance.
- **social_orientation_type**: Extroverts and ambiverts are more likely to maintain friendships actively including calls; introverts or "Not sure" might maintain fewer or less active friendships.
- **social_anxiety_level**: "Excited" or "Neutral" levels indicate comfort with social interaction, supporting maintenance through calls; "Avoid it" or "Nervous" might hinder it.
- **emotional_expression_method**: "Talk openly" or "Express emotion strongly" suggest comfort with communication, facilitating maintenance of long-distance friendships; "Stay silent" or "Other" may indicate less communication.
- **primary_anger_sources**: Less directly related, but those angered by "Injustice" or "Being interrupted" might avoid calls if they cause conflict; those with other triggers may not affect friendship maintenance.

---

Step 2. Based on Step 1 and examples, 10 different conditions per answer class:

10 different conditions for class "0" (Does NOT maintain long-distance friendships through calls):  
- social_connection_frequency is in [Daily, Weekly]  
- gathering_size_preference is in [Large events, Never]  
- valued_friendship_traits is in [Loyalty]  
- conflict_resolution_style is in [Apologize first, Avoid conflict]  
- family_support_level is in [Never, No]  
- social_battery_recharge is in [Alone time, None of the above]  
- social_orientation_type is in [Introvert, Not sure]  
- social_anxiety_level is in [Nervous, Avoid it]  
- emotional_expression_method is in [Talk openly, Stay silent]  
- primary_anger_sources is in [Unnecessary criticism, Injustice]  

10 different conditions for class "1" (Does maintain long-distance friendships through calls):  
- social_connection_frequency is in [Monthly, Weekly]  
- gathering_size_preference is in [Small gatherings, Both]  
- valued_friendship_traits is in [Support, Honesty, All, All the three and trust, Understanding person]  
- conflict_resolution_style is in [Talk it out, Apologize first]  
- family_support_level is in [Yes, Sometimes]  
- social_battery_recharge is in [Talking to someone, Social media]  
- social_orientation_type is in [Extrovert, Ambivert]  
- social_anxiety_level is in [Excited, Neutral]  
- emotional_expression_method is in [Express emotion strongly, Talk openly]  
- primary_anger_sources is in [Selfishness, Injustice]  

---

These conditions reflect tendencies from the examples and general understanding of social behavior relevant to maintaining long-distance friendships through calls.