Answer:  
Step 1. The relationship between each feature and the task description:  
- Vmag (apparent magnitude): Brighter stars have lower Vmag; however, Vmag alone cannot distinguish giants from dwarfs since distance affects apparent brightness.  
- Plx (parallax): Larger parallax means closer star; distance helps calculate absolute magnitude but not directly giant/dwarf classification.  
- e_Plx (parallax error): Measurement uncertainty; high error reduces reliability of distance and absolute magnitude but does not directly indicate giant status.  
- B-V (color index): Indicates star temperature and spectral class; giants tend to have larger B-V (redder) compared to dwarfs of the same spectral type.  
- SpType (spectral type): The luminosity class in spectral type (e.g., V for main sequence, III for giants, II for bright giants) directly indicates if star is giant or not.  
- Amag (absolute magnitude): Intrinsic brightness; giants have lower (brighter) absolute magnitudes compared to dwarfs of similar spectral type.  

Step 2. Based on the above and examples, infer 10 different conditions per answer class:  

10 different conditions for class "0":  
- SpType is in [types ending with "V"] (main sequence stars)  
- Amag (absolute magnitude) is >= 14.4  
- B-V is within range [-0.15, 0.5] for spectral types B and F with SpType ending in "V"  
- Plx is within range [2.0, 13.0] with SpType ending in "V" and Amag >= 14.4  
- Vmag is > 6.0 and SpType ends with "V"  
- Amag is >= 14.4 and B-V < 0.5  
- SpType is in [B5V, B9V, A0V, F0V, F3V, F5V, F7V, G6V, K5V]  
- B-V <= 0.5 and Amag >= 14.4  
- Plx is within range [2.0, 10.0] and e_Plx < 1.2 with SpType ending in "V"  
- Vmag is within range [6.5, 10.0] and SpType ends with "V" and Amag >= 14.4  

10 different conditions for class "1":  
- SpType is in [types ending with "III", "II"] (giants and bright giants)  
- Amag (absolute magnitude) is < 14.7  
- B-V is within range [0.7, 1.4] for K-type giants (SpType ending with "III")  
- SpType is in [K0III, K1III, K2III, K3III, F3III, A3III, B7II]  
- Amag < 16.7 with SpType ending in "III" or "II"  
- B-V >= 0.7 and SpType ends with "III"  
- Plx is within range [1.5, 12.0] and SpType ends with "III" or "II"  
- Vmag is < 8.0 and SpType ends with "III" or "II"  
- Amag is within range [13.8, 17.1] and SpType ends with "III" or "II"  
- B-V is within range [1.0, 1.4] and SpType ends with "III"  

These conditions reflect the strong influence of spectral luminosity class and absolute magnitude on identifying giant stars.

---DIVIDER---

Answer:  
Step 1. The relationship between each feature and the task description:

- Vmag (apparent magnitude): Brighter stars (lower Vmag) can be either giants or dwarfs depending on distance; alone not a strong indicator.
- Plx (parallax): Larger parallax means closer stars; giants tend to be more luminous and can be seen at larger distances with certain brightness.
- e_Plx (parallax error): High error reduces reliability of distance and absolute magnitude calculations.
- B-V (color index): Indicates star temperature and spectral class; giants often have distinct color indices compared to dwarfs of same spectral type.
- SpType (spectral type): The luminosity class in SpType (e.g., "III" for giants, "V" for dwarfs) directly indicates whether the star is giant or not.
- Amag (absolute magnitude): Giants have lower (brighter) absolute magnitudes compared to main sequence (dwarf) stars of similar spectral types.

Step 2. Based on Step 1 and examples, infer 10 different conditions per class:

10 different conditions for class "0" (not giant):

- SpType is in [any spectral types ending with "V" such as G1V, F3V, B9V, K5V, F7V, A0V, B5V, F0V, B9V, B5V, F5V, G6V]
- Amag (absolute magnitude) >= 14.4
- Amag is within range of [14.4, 19.6]
- Plx >= 2.0
- Plx is within range of [2.0, 21.5]
- B-V is within range of [-0.1, 0.7]
- Vmag >= 5.7
- Vmag is within range of [5.7, 10.1]
- e_Plx <= 1.64
- B-V <= 1.0

10 different conditions for class "1" (giant):

- SpType is in [any spectral types containing "III" or "II" such as K0III, B7II, F3III, K3III, K1III, A3III, K2III]
- Amag < 14.4
- Amag is within range of [13.8, 17.1]
- Plx <= 11.4
- Plx is within range of [1.6, 11.4]
- B-V is within range of [0.1, 1.4]
- Vmag <= 8.9
- Vmag is within range of [4.7, 8.9]
- e_Plx <= 1.4
- B-V >= 0.1

---

Summary:  
- The strongest indicator is SpType luminosity class: "V" means dwarf (class 0), "III" or "II" means giant (class 1).  
- Amag is generally brighter (lower) for giants (<14.4) and fainter (>=14.4) for dwarfs.  
- B-V color index tends to be higher for giants (redder colors), but with some overlap.  
- Parallax tends to be smaller for giants (more distant), but not strictly exclusive.  
- Vmag and e_Plx ranges overlap but generally giants have Vmag < 9 and dwarfs > 5.7.

---DIVIDER---

Answer:  
Step 1. The relationship between each feature and the task description:  

- Vmag (apparent magnitude): Brighter stars have lower Vmag values. Giant stars can be bright but are often farther away, so Vmag alone is not a strong indicator.  
- Plx (parallax): Larger parallax means closer star; giants are often farther away (smaller Plx), but this is not definitive alone.  
- e_Plx (error in parallax): Measurement uncertainty; high error may reduce reliability but not directly related to giant classification.  
- B-V (color index): Indicates star temperature and spectral class; giants often have larger B-V (redder), but this depends on spectral type.  
- SpType (spectral type): The luminosity class (e.g., V for main sequence, III for giants, II for bright giants) is a key indicator—stars with III or II in SpType are giants.  
- Amag (absolute magnitude): Giants are intrinsically brighter; lower (more negative) absolute magnitudes indicate greater luminosity. However, in the examples, Amag values are large and positive, which may be a scaled or transformed value, so direct interpretation is unclear without domain context. Still, relative differences may help.  

Step 2. Based on the above and examples, infer 10 different conditions per class:  

10 different conditions for class "0" (not giant):  
- SpType is in [G1V, F3V, F5V, F7V, G6V, B9V, B5V, F0V, A0V, A3V]  
- SpType ends with "V" (main sequence stars)  
- B-V is within range [-0.1, 0.5]  
- Plx is >= 5.0  
- Vmag is within range [5.0, 9.0]  
- Amag is >= 14.4  
- Amag is within range [14.4, 19.6]  
- Plx is within range [2.0, 21.5] and SpType does not contain "III" or "II"  
- B-V is <= 0.5  
- e_Plx is <= 1.0  

10 different conditions for class "1" (giant):  
- SpType is in [B7II, K0III, K2III, F3III, K3III, A3III, K1III]  
- SpType contains "III" or "II" (luminosity class for giants)  
- B-V is >= 0.3  
- B-V is within range [0.3, 1.4]  
- Plx is <= 11.5  
- Vmag is within range [4.7, 8.9]  
- Amag is <= 17.1  
- Amag is within range [13.8, 17.1]  
- Plx is within range [1.6, 11.4] and SpType contains "III" or "II"  
- B-V is >= 0.3 and SpType contains "III" or "II"  

These conditions reflect the strong importance of spectral type (especially luminosity class) and color index in determining whether a star is a giant, supported by the example data.

---DIVIDER---

Answer:  
Step 1. The relationship between each feature and the task description:  

- Vmag (apparent magnitude): Brighter stars (lower Vmag) could be giants but apparent magnitude alone is not conclusive because it depends on distance.  
- Plx (parallax): Larger parallax means the star is closer; combined with apparent magnitude, it helps determine absolute magnitude and thus luminosity class.  
- e_Plx (error in parallax): Large errors reduce reliability of distance-based features but do not directly indicate giant status.  
- B-V (color index): Indicates star temperature and spectral class; giants often have higher B-V (redder), but this depends on spectral type.  
- SpType (spectral type): The luminosity class suffix (e.g., V for main sequence, III for giants, II for bright giants) directly indicates if a star is a giant.  
- Amag (absolute magnitude): Giants have lower absolute magnitude values (more luminous) compared to dwarfs of the same spectral type; thus, Amag can indicate giant status.  

Step 2. Based on the above examples and Step 1's results, infer 10 different conditions per answer:  

10 different conditions for class "0" (not giant):  
- SpType is in [all spectral types ending with "V"] (e.g., G1V, F3V, B5V, K5V, etc.)  
- Amag >= 14.5  
- B-V <= 0.7  
- Vmag > 5.5  
- Plx >= 2.0  
- e_Plx <= 1.0  
- Amag is within range of [14.5, 20]  
- B-V is within range of [-0.1, 0.7]  
- Plx is within range of [2.0, 22.0]  
- Vmag is within range of [5.5, 10.0]  

10 different conditions for class "1" (giant):  
- SpType is in [all spectral types containing "III" or "II"] (e.g., K1III, F3III, B7II, K3III, A3III, K0III)  
- Amag < 17.1  
- B-V >= 1.0  
- Vmag <= 8.9  
- Plx <= 12.0  
- e_Plx >= 0.8  
- Amag is within range of [13.8, 17.1]  
- B-V is within range of [1.0, 1.4]  
- Plx is within range of [1.5, 12.0]  
- Vmag is within range of [4.7, 8.9]

---DIVIDER---

Answer:  
Step 1. The relationship between each feature and the task description:

- Vmag (apparent magnitude): Brighter stars (lower Vmag) can be either giants or dwarfs depending on distance; by itself, Vmag is not a strong indicator of giant status without distance info.
- Plx (parallax): Larger parallax means closer star; giants tend to be more luminous and visible at larger distances (smaller parallax), but this alone is not definitive.
- e_Plx (parallax error): High error reduces reliability of distance and absolute magnitude estimates, making classification harder.
- B-V (color index): Indicates star temperature and spectral type; giants often have redder colors (higher B-V), but spectral type is more precise.
- SpType (spectral type): The luminosity class within the spectral type (e.g., III for giants, V for dwarfs) is the most direct indicator of giant status.
- Amag (absolute magnitude): Giants have brighter absolute magnitudes (lower numerical value) than dwarfs of the same spectral type; however, in the examples Amag values are high numerically, which suggests a different scale or unit (possibly distance modulus or some other measure), so interpretation should be cautious.

Step 2. Based on the above examples and Step 1's results, infer 10 different conditions per answer:

10 different conditions for class "0" (not giant):
- SpType is in [G1V, F3V, B9V, B5V, F0V, G6V, F7V, A0V, F5V, A3V]
- SpType contains "V" (luminosity class V, main sequence)
- B-V <= 0.5
- Amag > 17
- Plx >= 5
- Vmag >= 6
- e_Plx <= 1.0
- B-V is within range [-0.1, 0.5]
- Amag is within range [14, 20]
- Plx is within range [2, 22]

10 different conditions for class "1" (giant):
- SpType is in [K1III, A3III, B7II, K3III, K0III, K2III, F3III]
- SpType contains "III" or "II" (luminosity class III or II, giants or bright giants)
- B-V > 1.0
- Amag <= 17
- Plx < 10
- Vmag <= 8.9
- e_Plx <= 1.5
- B-V is within range [1.0, 1.5]
- Amag is within range [13, 17]
- Plx is within range [1.5, 9.5]