Answer:  
Step 1. The relationship between each feature and the task description:

- Fear of pregnancy: Experiencing fear related to pregnancy may increase the risk of postpartum depression (PPD) due to anxiety and stress.  
- Need for Support: A higher need for support likely indicates emotional or psychological distress, which can be linked to PPD.  
- Trust and share feelings: Being unable to trust or share feelings may increase isolation and risk of PPD.  
- Disease before pregnancy: Having chronic diseases before pregnancy may increase stress and risk of PPD.  
- Occupation After Your Latest Childbirth: Certain occupations or being a housewife may influence social support and stress levels, affecting PPD risk.  
- Mode of delivery: Caesarean section may be associated with higher PPD risk due to complications or recovery issues.  
- Relationship between father and newborn: Poor or neutral relationship may increase stress and PPD risk.  
- Number of the latest pregnancy: Higher number of pregnancies might increase stress or decrease risk depending on experience; unclear but can be a factor.  
- Newborn illness: If the newborn is ill, this increases stress and risk of PPD.  
- Diseases during pregnancy: Having chronic or non-chronic diseases during pregnancy can increase physical and emotional stress, raising PPD risk.  

---

Step 2. Based on the above and examples, infer 10 different conditions per answer:

10 different conditions for class "0" (No postpartum depression):  
- Fear of pregnancy is in [No]  
- Need for Support is in [Low, No]  
- Trust and share feelings is Yes  
- Disease before pregnancy is in [No, Non-Chronic Disease]  
- Occupation After Your Latest Childbirth is in [Housewife, Student]  
- Mode of delivery is in [Normal Delivery, Caesarean Section]  
- Relationship between father and newborn is Good  
- Number of the latest pregnancy is within range of [1, 5]  
- Newborn illness is No  
- Diseases during pregnancy is in [No, Non-Chronic Disease]  

10 different conditions for class "1" (Yes postpartum depression):  
- Fear of pregnancy is Yes  
- Need for Support is in [Low, Medium, No] (Note: examples show Low or No but with other factors)  
- Trust and share feelings is No  
- Disease before pregnancy is Chronic Disease or No  
- Occupation After Your Latest Childbirth is in [Housewife, Teacher, Other, Student, Business]  
- Mode of delivery is in [Normal Delivery, Caesarean Section]  
- Relationship between father and newborn is in [Neutral, Good] (Good but with other risk factors)  
- Number of the latest pregnancy is within range of [1, 5]  
- Newborn illness is Yes or No (both appear but more often Yes)  
- Diseases during pregnancy is in [Chronic Disease, Non-Chronic Disease]  

---

Summary of key differentiators:  
- Trust and share feelings = No strongly associates with PPD = 1  
- Fear of pregnancy = Yes more common in PPD = 1  
- Disease before pregnancy = Chronic Disease more in PPD = 1  
- Diseases during pregnancy = Chronic or Non-Chronic Disease more in PPD = 1  
- Newborn illness presence supports PPD = 1  
- Relationship father-newborn neutral or worse supports PPD = 1  
- Need for Support alone is not a strong discriminator but Low/No with other factors can indicate PPD = 1  
- Occupation less clear but some occupations appear more in PPD cases  

These conditions fit the examples and common knowledge on postpartum depression risk factors.

---DIVIDER---

Answer:  
Step 1. The relationship between each feature and the task description:

- Monthly income before latest pregnancy: Lower income may increase stress and risk of postpartum depression; higher income might reduce risk.
- Occupation before latest pregnancy: Occupations with more stress or less social support (e.g., Housewife, Student) might increase risk; professional jobs may reduce risk.
- Need for Support: Higher need for support likely correlates with higher risk of postpartum depression.
- Residence: Living in a city might provide better access to healthcare and support, possibly reducing risk; rural/village might increase isolation and risk.
- Pregnancy length: Shorter pregnancy length (preterm) might increase risk due to complications and stress.
- Fear of pregnancy: Experiencing fear during pregnancy likely increases risk of postpartum depression.
- Mode of delivery: Caesarean section might be associated with higher risk due to complications or recovery issues compared to normal delivery.
- Relationship with the in-laws: Poor or bad relationships likely increase risk due to family stress; good or friendly relationships reduce risk.
- Age of newborn: Younger newborns (0 to 6 months) might correlate with higher risk due to early postpartum challenges.
- Pregnancy plan: Unplanned pregnancy may increase risk due to stress and lack of preparedness.

---

Step 2. Based on the above and examples, infer 10 different conditions per answer class:

10 different conditions for class "0" (No postpartum depression):  
- Need for Support is in [Medium, No]  
- Fear of pregnancy is No  
- Relationship with the in-laws is in [Good, Neutral, Friendly]  
- Occupation before latest pregnancy is in [Service, Business, Doctor, Teacher]  
- Age of newborn is in [Older than 1.5 year, 6 months to 1 year]  
- Pregnancy plan is Yes  
- Residence is City  
- Monthly income before latest pregnancy is in [10000 to 20000, 20000 to 30000, More than 30000]  
- Mode of delivery is Caesarean Section when Fear of pregnancy is No  
- Pregnancy length is in [9 months, 10 months]  

10 different conditions for class "1" (Has postpartum depression):  
- Need for Support is Low  
- Fear of pregnancy is Yes  
- Relationship with the in-laws is in [Bad, Poor]  
- Occupation before latest pregnancy is in [Housewife, Student, Other]  
- Age of newborn is in [0 to 6 months, 1 year to 1.5 year]  
- Pregnancy plan is No or Yes (both appear, but mostly Yes with other risk factors)  
- Residence is in [City, Village] (no strong pattern, but often City)  
- Monthly income before latest pregnancy is No or More than 30000 (both extremes)  
- Mode of delivery is Normal Delivery or Caesarean Section with Fear of pregnancy Yes  
- Pregnancy length is in [8 months, 9 months, 10 months] with other risk factors  

---

Summary:  
Class 0 (No postpartum depression) is associated with medium or no need for support, no fear, good/neutral relationships, planned pregnancy, older baby, city residence, and moderate to high income.  
Class 1 (Postpartum depression) is associated with low need for support (possibly indicating unexpressed needs), fear of pregnancy, bad relationships, housewife/student occupation, younger baby, unplanned or planned pregnancy but with other risk factors, and extremes of income.

---DIVIDER---

Step 1. The relationship between each feature and the task description:

- Family type: Joint families might provide more social support or sometimes more stress depending on relationships; nuclear families might be more isolated or supportive depending on context.
- Breastfeed: Breastfeeding is often linked with better mother-infant bonding and possibly lower risk of postpartum depression.
- Angry after latest child birth: Feeling angry after childbirth can be a sign of emotional distress, possibly linked to postpartum depression.
- Major changes or losses during pregnancy: Experiencing major losses or changes during pregnancy can increase stress and risk of postpartum depression.
- Occupation After Your Latest Childbirth: Occupation might influence stress levels and social interaction; housewives might have different stressors compared to working mothers.
- Fear of pregnancy: Fear related to pregnancy can increase anxiety and risk of postpartum depression.
- Trust and share feelings: Inability to trust and share feelings can indicate poor social support, increasing risk of postpartum depression.
- Husband’s monthly income: Lower income might increase financial stress, increasing risk of postpartum depression.
- Relationship with the in-laws: Poor or bad relationships can increase stress, increasing risk of postpartum depression.
- Pregnancy length: Abnormal pregnancy length (too short or too long) might be linked to complications and stress, possibly affecting postpartum depression risk.

---

Step 2. Based on the above analysis and examples, here are 10 different conditions per answer class:

10 different conditions for class "0" (No postpartum depression):
- Angry after latest child birth is No
- Trust and share feelings is Yes
- Major changes or losses during pregnancy is No
- Breastfeed is Yes
- Family type is Nuclear
- Fear of pregnancy is No
- Relationship with the in-laws is Good or Friendly
- Husband’s monthly income is 20000 to 30000 or More than 30000
- Occupation After Your Latest Childbirth is Student or Doctor or Business
- Pregnancy length is 9 months or 10 months

10 different conditions for class "1" (Yes postpartum depression):
- Angry after latest child birth is Yes
- Trust and share feelings is No
- Major changes or losses during pregnancy is Yes
- Fear of pregnancy is Yes
- Family type is Joint
- Relationship with the in-laws is Bad or Poor or Neutral
- Breastfeed is No
- Husband’s monthly income is Less than 5000 or 5000 to 10000 or 10000 to 20000
- Occupation After Your Latest Childbirth is Housewife or Teacher or Other
- Pregnancy length is 8 months or 10 months or Less than 5 months

---DIVIDER---

Answer:  
Step 1. The relationship between each feature and the task description (postpartum depression):

- Birth compliancy: Complications during birth may increase stress and risk of postpartum depression.  
- Received Support: Higher support likely reduces risk of postpartum depression; low support increases risk.  
- Major changes or losses during pregnancy: Experiencing major changes or losses increases emotional stress, raising risk.  
- Relax/sleep when newborn is tended: Ability to relax or sleep when newborn is tended suggests better coping, lower risk.  
- Marital status: Being married may provide emotional support; divorced status may increase risk. (Though only Married and Divorced present)  
- Feeling for regular activities: Feeling worried, tired, or afraid indicates emotional distress and higher risk; no negative feelings suggest lower risk.  
- Total children: More children might increase burden and stress, possibly increasing risk; however, first-time mothers may also have anxiety.  
- Monthly income before latest pregnancy: Higher income may reduce financial stress and risk; no or low income may increase risk.  
- Occupation After Your Latest Childbirth: Occupation may reflect social engagement and self-esteem; housewife status may correlate with higher risk due to isolation.  
- Fear of pregnancy: Fear related to pregnancy indicates emotional distress, increasing risk of postpartum depression.  

---

Step 2. Based on examples and Step 1, 10 different conditions per class:

10 different conditions for class "0" (No postpartum depression):  
- Received Support is in [High, Medium]  
- Relax/sleep when newborn is tended is Yes  
- Feeling for regular activities is in [No, Tired] (mostly No)  
- Birth compliancy is No  
- Major changes or losses during pregnancy is No or Yes (both appear, but mostly No)  
- Fear of pregnancy is Yes or No (mostly Yes or No, no exclusive pattern)  
- Marital status is Married  
- Total children is in [Two, More than two]  
- Monthly income before latest pregnancy is in [20000 to 30000, 10000 to 20000, No] (varied)  
- Occupation After Your Latest Childbirth is in [Housewife, Service, Business, Student, Teacher]  

(These conditions reflect mostly cases with high support, ability to relax/sleep, no or mild negative feelings, and no birth complications or manageable ones.)

---

10 different conditions for class "1" (Has postpartum depression):  
- Received Support is Low  
- Relax/sleep when newborn is tended is No  
- Feeling for regular activities is in [Afraid, Worried, Tired] (mostly Afraid or Worried)  
- Birth compliancy is Yes or No (both appear, but more Yes in some cases)  
- Major changes or losses during pregnancy is Yes or No (both appear)  
- Fear of pregnancy is Yes  
- Marital status is Married  
- Total children is in [One, Two]  
- Monthly income before latest pregnancy is in [No, More than 30000, 10000 to 20000] (varied but includes No income)  
- Occupation After Your Latest Childbirth is in [Housewife, Student, Teacher, Other]  

(These conditions reflect low support, inability to relax/sleep, negative feelings like afraid or worried, and fear of pregnancy.)

---

Summary: The strongest indicators for postpartum depression (class 1) are low support, inability to relax/sleep, negative feelings (worried, afraid), and fear of pregnancy. For no postpartum depression (class 0), high support, ability to relax/sleep, and neutral feelings predominate.

---

Final formatted conditions:

10 different conditions for class "0":  
- Received Support is in [High, Medium]  
- Relax/sleep when newborn is tended is Yes  
- Feeling for regular activities is in [No, Tired]  
- Birth compliancy is No  
- Major changes or losses during pregnancy is No  
- Fear of pregnancy is Yes  
- Marital status is Married  
- Total children is in [Two, More than two]  
- Monthly income before latest pregnancy is in [10000 to 20000, 20000 to 30000]  
- Occupation After Your Latest Childbirth is in [Housewife, Service, Business, Teacher]  

10 different conditions for class "1":  
- Received Support is Low  
- Relax/sleep when newborn is tended is No  
- Feeling for regular activities is in [Afraid, Worried, Tired]  
- Birth compliancy is Yes  
- Major changes or losses during pregnancy is Yes  
- Fear of pregnancy is Yes  
- Marital status is Married  
- Total children is in [One, Two]  
- Monthly income before latest pregnancy is in [No, More than 30000]  
- Occupation After Your Latest Childbirth is in [Housewife, Student, Teacher, Other]

---DIVIDER---

Answer:  
Step 1. The relationship between each feature and the task description:

- History of pregnancy loss: Having a history of pregnancy loss (miscarriage, still-born) may increase risk of postpartum depression due to grief or trauma.  
- Feeling for regular activities: Feeling worried, tired, afraid, or no motivation likely indicates emotional distress related to postpartum depression.  
- Major changes or losses during pregnancy: Experiencing major changes or losses during pregnancy can increase stress and risk of depression.  
- Relax/sleep when newborn is tended: Difficulty relaxing or sleeping when newborn is tended indicates stress and possible depression symptoms.  
- Gender of newborn: No strong direct effect expected, but cultural factors might influence mood depending on newborn gender.  
- Total children: Having more children might increase stress but could also indicate experience; fewer children might mean less experience coping.  
- Relationship with the newborn: Poor or neutral relationship with newborn may indicate bonding problems, a sign of postpartum depression.  
- Number of the latest pregnancy: Higher pregnancy number might relate to experience or cumulative stress.  
- Relationship with the in-laws: Poor or bad relationship with in-laws might increase stress and risk of depression.  
- Trust and share feelings: Inability to trust or share feelings is a key indicator of emotional isolation and depression risk.  

---

Step 2.  
10 different conditions for class "0":  
- History of pregnancy loss is No  
- Feeling for regular activities is in [Tired, No, Afraid]  
- Major changes or losses during pregnancy is No  
- Relax/sleep when newborn is tended is Yes  
- Relationship with the newborn is Good or Very good  
- Relationship with the in-laws is in [Good, Friendly, Neutral]  
- Trust and share feelings is Yes  
- Total children is in [One, Two, More than two]  
- Number of the latest pregnancy (>=) 1  
- Gender of newborn is in [Boy, Girl] (no effect)  

10 different conditions for class "1":  
- History of pregnancy loss is in [Miscarriage, Still-born Delivery]  
- Feeling for regular activities is in [Worried, Afraid, No, Tired] but combined with other stressors  
- Major changes or losses during pregnancy is Yes  
- Relax/sleep when newborn is tended is No  
- Relationship with the newborn is Neutral or Bad  
- Relationship with the in-laws is in [Bad, Poor, Neutral]  
- Trust and share feelings is No  
- Total children is in [One, Two] (stress with fewer children)  
- Number of the latest pregnancy (<=) 2  
- Feeling for regular activities is Worried or Afraid combined with Trust and share feelings is No  

---

Explanation:  
Class 0 (No postpartum depression) generally corresponds to patients with no pregnancy loss history, good relationships (newborn, in-laws), ability to relax/sleep, and trust others. Feeling tired or afraid alone without other negative factors does not imply depression.  

Class 1 (Yes postpartum depression) corresponds to patients with pregnancy loss history or major losses, poor relaxation, poor relationships, inability to share feelings, and worried or afraid feelings. These combined increase depression risk.