Step 1. The relationship between each feature and the task description:

- Vmag (apparent magnitude): Brighter stars (lower Vmag) can be giants or nearby stars; however, apparent magnitude alone is insufficient without distance.
- Plx (parallax): Larger parallax means closer star; combined with Vmag, can estimate absolute magnitude to infer luminosity class.
- e_Plx (error in parallax): High error reduces reliability of distance and thus absolute magnitude estimation.
- B-V (color index): Indicates star temperature and spectral class; giants tend to have certain B-V ranges depending on spectral type.
- SpType (spectral type): Spectral class plus luminosity class (e.g., III for giants, V for dwarfs) directly indicates if star is giant or not.
- Amag (absolute magnitude): Giants have brighter (lower) absolute magnitude compared to dwarfs of same spectral type; a key indicator.

---

Step 2. 10 different conditions for class "0" (No, the star is not a giant):

- SpType is in [G1V, F3V, K5V, B8V, B9V]  (luminosity class V = main-sequence/dwarf)
- Amag >= 4.5  (dwarfs have higher absolute magnitudes, i.e. less luminous)
- B-V <= 0.8 and Amag >= 3.5  (typical for dwarfs)
- Plx >= 10 and Vmag > 6  (nearby faint stars likely dwarfs)
- SpType does not contain "III" or "IV"  (no giant or subgiant luminosity class)
- Amag is within range of [5, 15]  (typical for dwarfs)
- B-V < 1.0 and Amag > 3.0
- Vmag >= 8 and Plx >= 5  (faint and relatively close, likely dwarf)
- e_Plx / Plx > 0.3  (high parallax error, unreliable giant classification, default to no)
- SpType is in [F5V, G2V, K3V, M0V]

10 different conditions for class "1" (Yes, the star is a giant):

- SpType contains "III" or "III/IV" or "IV"  (luminosity class giant or subgiant)
- Amag <= 2.0  (giants are intrinsically bright)
- B-V >= 1.0 and Amag <= 1.5  (redder and more luminous)
- Plx <= 5 and Vmag <= 6  (farther but bright, likely giants)
- SpType is in [K3III, G8III, M2III, B9III/IV]
- Amag is within range of [-5, 2]  (typical absolute magnitude range for giants)
- B-V is within range of [0.9, 1.6]
- Vmag <= 5 and Plx <= 3  (bright but distant, giant stars)
- e_Plx / Plx < 0.2 and Amag < 3.0  (good parallax accuracy and bright absolute magnitude)
- SpType contains "III" and B-V > 0.8

---

These conditions leverage spectral type luminosity class, absolute magnitude, and color index to distinguish giants from non-giants, using parallax and apparent magnitude to confirm distance and intrinsic brightness.

---DIVIDER---

Answer:  
Step 1. The relationship between each feature and the task description:

- Vmag (apparent visual magnitude): This depends on both intrinsic brightness and distance. Alone, it is not a reliable indicator of giant status because a distant giant and a nearby dwarf can have similar Vmag.
- Plx (parallax): Larger parallax means closer star. Combined with Vmag, it helps calculate Amag (absolute magnitude), which is a better indicator of luminosity class (giant or dwarf).
- e_Plx (error in parallax): Large errors reduce reliability of distance and Amag estimation, making classification less certain.
- B-V (color index): Indicates star temperature and spectral type. Giants and dwarfs of the same spectral type have similar B-V, but giants tend to be more luminous.
- SpType (spectral type): The luminosity class is often included (e.g., V = main sequence/dwarf, III = giant, IV = subgiant). Spectral type with luminosity class is a direct indicator of giant status.
- Amag (absolute magnitude): Intrinsic brightness. Giants have brighter (lower) Amag than dwarfs of the same spectral type. Generally, Amag less than about +3 or +4 indicates giant luminosity.

Summary:  
- Spectral type luminosity class is the most direct indicator.  
- Amag is a strong numerical indicator of giant status.  
- B-V helps identify spectral type and temperature.  
- Plx and Vmag help calculate Amag.  
- Large e_Plx reduces confidence.

---

Step 2. Based on the above and examples, infer 10 different conditions per answer class.

10 different conditions for class "0" (Not a giant star):

- SpType is in [G1V, F3V, K5V, B8V, B9V]  
- Amag > 4  
- Amag is within range of [5, 15]  
- Vmag > 8  
- Plx >= 10  
- B-V is within range of [0.3, 1.0] and Amag > 5  
- SpType ends with "V" (main sequence)  
- e_Plx < 1 and Amag > 5  
- Plx >= 5 and Vmag > 7 and Amag > 4  
- B-V < 0.5 and Amag > 4  

10 different conditions for class "1" (Giant star):

- SpType is in [G9III, K1III, B9III/IV, G8III]  
- Amag <= 3  
- Amag is within range of [-5, 3]  
- Vmag < 6 and Plx <= 10 and Amag <= 3  
- B-V is within range of [1.0, 2.0] and Amag <= 3  
- SpType contains "III" or "III/IV"  
- Plx < 5 and Vmag < 8 and Amag <= 3  
- e_Plx < 1 and Amag <= 3  
- B-V > 1.2 and Amag <= 2  
- SpType is not in main sequence classes and Amag <= 3  

---

These conditions incorporate spectral type luminosity class, absolute magnitude, color index, parallax, and magnitude to differentiate giants from non-giants.

---DIVIDER---

Answer:  
Step 1. The relationship between each feature and the task description:

- Vmag (apparent magnitude): This depends on both intrinsic brightness and distance; alone it is not a reliable indicator of giant status but can help when combined with distance.
- Plx (parallax): Larger parallax means closer star; combined with apparent magnitude, it helps calculate absolute magnitude, which is crucial in distinguishing giants.
- e_Plx (error in parallax): High error reduces confidence in distance and thus in absolute magnitude, making classification less certain.
- B-V (color index): Indicates star temperature; giants tend to have certain color indices depending on spectral type and evolutionary stage.
- SpType (spectral type): The luminosity class in spectral type (e.g., V for main sequence, III for giants) directly indicates whether a star is a giant.
- Amag (absolute magnitude): This is the intrinsic brightness; giants have brighter (lower) absolute magnitudes than main sequence stars of the same spectral type.

Step 2. Based on the above and typical stellar classification knowledge:

10 different conditions for class "0" (Not a giant star):

- SpType is in [G1V, F3V, K5V, B8V, B9V, A0V, F5V, G2V, K0V, M0V]  
- Amag > 3.0  
- Amag is within range of [4.0, 10.0]  
- B-V < 1.0  
- Vmag > 6.0  
- Plx >= 10.0  
- e_Plx <= 1.0  
- SpType does not contain "III" or "IV" luminosity class  
- Amag >= 2.5 and Amag <= 6.0  
- B-V is within range of [0.0, 0.8]  

10 different conditions for class "1" (Is a giant star):

- SpType is in [G8III, K0III, K5III, B9III/IV, G5III, F8III, M0III, G9III, K3III, G7III]  
- Amag < 2.0  
- Amag is within range of [-5.0, 1.5]  
- B-V > 1.0  
- Vmag < 6.0  
- Plx < 10.0  
- e_Plx <= 2.0  
- SpType contains "III" or "IV" luminosity class  
- Amag <= 1.0 and Amag >= -5.0  
- B-V is within range of [1.0, 1.8]  

These conditions reflect typical ranges for giants (brighter absolute magnitude, spectral types with luminosity class III/IV, redder colors) versus main sequence stars (luminosity class V, fainter absolute magnitude, bluer or moderate B-V).

---DIVIDER---

Answer:  
Step 1. The relationship between each feature and the task description:

- Vmag (apparent magnitude): Brighter stars (lower Vmag) can be either giants or nearby dwarfs; apparent magnitude alone is not definitive without distance but can give hints combined with distance.
- Plx (parallax): Larger parallax means closer star; combined with Vmag, this helps derive absolute magnitude, which is key to distinguish giants from dwarfs.
- e_Plx (parallax error): Large errors reduce confidence in distance and thus in absolute magnitude estimation.
- B-V (color index): Indicates star temperature and spectral class; giants often have certain color ranges depending on spectral type.
- SpType (spectral type): Luminosity class is embedded in spectral type (e.g., III for giants, V for dwarfs). Spectral types ending with III, III/IV, or IV usually indicate giant or subgiant stars.
- Amag (absolute magnitude): Most reliable feature; giants have brighter absolute magnitudes (lower or negative values) compared to dwarfs of the same spectral type.

Step 2. Based on the above and typical stellar classification knowledge, here are 10 different conditions per class:

10 different conditions for class "0" (Not a giant star):

- SpType is in [list of spectral types with luminosity class V only, e.g., G1V, F3V, K5V]
- Amag > 4.0
- Amag is within range of [5.0, 15.0]
- B-V < 0.8
- Vmag >= 8.0
- Plx >= 10.0 (star is very close, likely a dwarf)
- e_Plx <= 0.5 (good parallax accuracy, confirming dwarf absolute magnitude)
- SpType is in [spectral types ending with V]
- Amag >= 5.0 and B-V < 1.0
- Plx > 5.0 and Amag > 4.5

10 different conditions for class "1" (Giant star):

- SpType is in [list of spectral types with luminosity class III, III/IV, or IV, e.g., B9III/IV, G8III]
- Amag < 2.0
- Amag is within range of [-5.0, 2.0]
- B-V > 0.9
- Vmag < 6.0
- Plx < 5.0 (star is farther away but still bright, consistent with giants)
- e_Plx <= 1.0 (parallax error reasonable for distant stars)
- SpType is in [spectral types ending with III or IV]
- Amag <= 1.5 and B-V > 1.0
- Plx < 3.0 and Amag < 1.0

---DIVIDER---

Step 1. The relationship between each feature and the task description:

- Vmag (apparent visual magnitude): Brighter stars (lower Vmag) may be giants if they are distant; however, Vmag alone is not reliable without distance.
- Plx (parallax): Smaller parallax indicates greater distance; giants tend to be luminous and often visible at larger distances with smaller parallax.
- e_Plx (error in parallax): Large errors reduce reliability of distance and thus of absolute magnitude estimates.
- B-V (color index): Giants tend to have specific color indices depending on their spectral type; generally, giants are cooler and redder (higher B-V) than dwarfs of the same spectral class.
- SpType (spectral type): Luminosity class in SpType (e.g., III for giants, V for dwarfs) directly indicates if a star is giant or not.
- Amag (absolute magnitude): Giants have brighter absolute magnitudes (lower or negative Amag) than dwarfs of the same spectral type.

---

Step 2. Based on the above and typical astrophysical knowledge:

10 different conditions for class "0" (Not a giant star):

- SpType is in [G1V, F3V, K5V, B8V, B9V]
- Amag > 4.0
- Amag is within range of [4.0, 10.0]
- B-V < 0.5
- Vmag >= 6.0
- Plx >= 10.0
- e_Plx <= 0.5
- SpType contains "V" (luminosity class V)
- Amag > 3.5 and B-V < 0.7
- Plx > 5.0 and Amag > 3.0

10 different conditions for class "1" (Giant star):

- SpType is in [G8III, K0III, B9III/IV, G5III, K3III]
- Amag < 2.0
- Amag is within range of [-5.0, 2.0]
- B-V >= 0.8
- Vmag < 6.0
- Plx < 5.0
- SpType contains "III" or "IV" (luminosity class III or IV)
- Amag < 1.5 and B-V > 0.7
- Plx < 3.0 and Amag < 1.0
- B-V is within range of [0.7, 1.6]

---

These conditions reflect typical characteristics of giant stars (luminosity class III or IV, brighter absolute magnitudes, redder colors) versus dwarf stars (luminosity class V, fainter absolute magnitudes, bluer colors).