Answer:  
Step 1. The relationship between each feature and the task description:

- Temperature: Higher temperatures can indicate overheating or stress in the machine, which increases the risk of failure.  
- Vibration: Higher vibration levels usually indicate mechanical issues or imbalance, increasing failure risk.  
- Power_Usage: Abnormal power usage (either too high or too low compared to normal) may suggest malfunction or inefficiency, potentially signaling failure risk.  
- Humidity: Higher humidity can cause corrosion or electrical issues, increasing failure risk.  
- Machine_Type: Different machine types may have different baseline tolerances or failure modes, affecting risk assessment.

---

Step 2. Based on the examples and Step 1, infer 10 different conditions per answer class:

10 different conditions for class "0":  
- Temperature < 75  
- Vibration is within range of [40, 55]  
- Power_Usage is within range of [8, 13]  
- Humidity < 35  
- Machine_Type is in [Drill]  
- Machine_Type is in [Lathe] and Temperature < 80  
- Machine_Type is in [Mill] and Power_Usage >= 12  
- Vibration <= 52  
- Temperature is within range of [55, 75]  
- Power_Usage < 11  

10 different conditions for class "1":  
- Temperature >= 75  
- Vibration > 48  
- Power_Usage >= 9  
- Humidity >= 30  
- Machine_Type is in [Lathe]  
- Machine_Type is in [Mill] and Temperature >= 65  
- Power_Usage is within range of [9, 14]  
- Vibration is within range of [45, 57]  
- Temperature is within range of [65, 90]  
- Humidity is within range of [25, 37]  

---

These conditions reflect the patterns seen in the examples and align with the causal intuition from Step 1.

---DIVIDER---

Answer:  
Step 1. The relationship between each feature and the task description:

- Temperature: Higher temperatures often indicate overheating or stress on the machine, increasing risk of failure.  
- Vibration: Elevated vibration levels usually signal mechanical wear or imbalance, suggesting higher failure risk.  
- Power_Usage: Abnormal power consumption (too high or too low) can indicate malfunction or inefficiency, increasing failure risk.  
- Humidity: High humidity may cause corrosion or electrical issues, raising failure risk; low humidity might be safer.  
- Machine_Type: Different machines may have different normal operating ranges and failure modes, affecting risk assessment.

---

Step 2. Based on examples and Step 1, inferred conditions:

10 different conditions for class "0" (No risk of failure):  
- Temperature < 80  
- Vibration is within range of [40, 55]  
- Power_Usage is within range of [8, 13]  
- Humidity is within range of [24, 37]  
- Machine_Type is in [Drill]  
- Machine_Type is in [Mill] and Temperature < 75  
- Machine_Type is in [Lathe] and Temperature < 80 and Vibration < 55  
- Power_Usage >= 9 and Power_Usage <= 11  
- Vibration < 54  
- Humidity < 37  

10 different conditions for class "1" (At risk of failure):  
- Temperature >= 80  
- Vibration >= 45 and Vibration <= 57  
- Power_Usage < 9 or Power_Usage > 13  
- Humidity >= 30  
- Machine_Type is in [Lathe] and Temperature >= 79  
- Machine_Type is in [Mill] and Power_Usage > 12  
- Temperature >= 73 and Vibration >= 48  
- Power_Usage >= 10 and Power_Usage <= 14 and Temperature >= 65  
- Vibration >= 50  
- Humidity >= 32 and Temperature >= 65  

---

These conditions reflect the observed trends in the data and align with general domain knowledge about machine failure risk factors.

---DIVIDER---

Answer:  
Step 1. The relationship between each feature and the task description:

- Temperature: Higher temperatures often indicate overheating, which increases the risk of machine failure. So higher temperature likely correlates with "Yes" (risk).
- Vibration: Higher vibration levels generally suggest mechanical issues or wear, increasing failure risk.
- Power_Usage: Abnormal power usage (either too high or too low) can indicate malfunction or inefficiency; higher or unusual power usage might correlate with risk.
- Humidity: Higher humidity in the environment can contribute to corrosion or electrical issues, increasing failure risk.
- Machine_Type: Different machine types may have different baseline risk levels or tolerances; for example, Mills and Lathes may have different thresholds for risk compared to Drills.

---

Step 2. Based on the examples and Step 1, infer 10 different conditions per answer class.

10 different conditions for class "0" (No risk):
- Temperature < 75
- Vibration < 50
- Power_Usage is within range of [8, 11]
- Humidity < 35
- Machine_Type is in [Drill]
- Temperature <= 73
- Vibration <= 49
- Power_Usage <= 11
- Humidity <= 33
- Machine_Type is in [Lathe] and Temperature < 73

10 different conditions for class "1" (At risk):
- Temperature >= 73
- Vibration >= 48
- Power_Usage > 11
- Humidity >= 32
- Machine_Type is in [Mill, Lathe]
- Temperature > 70 and Vibration > 45
- Power_Usage >= 12 and Temperature >= 72
- Humidity > 30 and Vibration > 50
- Machine_Type is in [Lathe] and Temperature >= 73
- Temperature >= 80

---

These conditions align with the examples given and the general knowledge about machine failure risk factors.

---DIVIDER---

Answer:  
Step 1. The relationship between each feature and the task description:

- Temperature: Higher temperatures generally increase the risk of machine failure due to overheating or stress on components.  
- Vibration: Higher vibration levels often indicate mechanical issues or imbalance, increasing failure risk.  
- Power_Usage: Abnormal power usage (too high or too low) can signal malfunction or inefficiency, potentially indicating risk.  
- Humidity: Higher humidity can cause corrosion or electrical issues, increasing failure risk, but moderate humidity may be normal.  
- Machine_Type: Different machine types may have different baseline tolerances and failure modes; e.g., Lathes might fail differently than Mills or Drills.

---

Step 2. Based on the above examples and Step 1's results, infer 10 different conditions per answer.

10 different conditions for class "0":  
- Temperature <= 80  
- Vibration <= 53  
- Power_Usage is within range of [8.0, 13.0]  
- Humidity is within range of [24, 37]  
- Machine_Type is in [Drill]  
- Machine_Type is in [Lathe] and Temperature < 80  
- Machine_Type is in [Mill] and Power_Usage >= 12  
- Temperature is within range of [55, 75] and Vibration < 50  
- Power_Usage <= 11 and Humidity >= 30  
- Vibration < 55 and Temperature < 85  

10 different conditions for class "1":  
- Temperature >= 67  
- Vibration >= 45  
- Power_Usage is within range of [8.0, 14.1]  
- Humidity is within range of [25, 37]  
- Machine_Type is in [Lathe] and Temperature >= 67  
- Machine_Type is in [Mill] and Vibration >= 48  
- Temperature >= 72 and Vibration >= 46  
- Power_Usage >= 9.8 and Temperature >= 70  
- Vibration >= 48 and Humidity <= 33  
- Machine_Type is in [Lathe] and Power_Usage < 9  

---

These conditions reflect observed patterns from examples and make logical sense given the features and domain knowledge.

---DIVIDER---

Answer:  
Step 1. The relationship between each feature and the task description:

- Temperature: Higher temperatures often indicate increased stress or overheating, which can increase the risk of machine failure.  
- Vibration: Higher vibration levels typically suggest mechanical issues or imbalance, increasing failure risk.  
- Power_Usage: Abnormal power usage (too high or too low) may indicate malfunction or inefficiency, signaling potential failure.  
- Humidity: High humidity can cause corrosion or electrical issues, increasing failure risk; low humidity is generally safer.  
- Machine_Type: Different machine types may have different baseline tolerances and failure modes; some types may be more prone to failure under certain conditions.

---

10 different conditions for class "0":  
- Temperature is within range of [55, 75]  
- Vibration is within range of [40, 55]  
- Power_Usage is within range of [8, 13]  
- Humidity is within range of [24, 37]  
- Machine_Type is in [Lathe, Drill]  
- Temperature <= 75  
- Vibration < 53  
- Power_Usage <= 12  
- Humidity < 36  
- Machine_Type is Drill  

10 different conditions for class "1":  
- Temperature >= 65  
- Vibration >= 46  
- Power_Usage is within range of [8, 14]  
- Humidity is within range of [25, 37]  
- Machine_Type is in [Lathe, Mill]  
- Temperature > 70  
- Vibration > 48  
- Power_Usage > 9  
- Humidity >= 30  
- Machine_Type is Lathe  

---

Explanation:  
Class "0" examples tend to have moderate temperatures (mostly below ~75), moderate vibration (mostly below ~53), and power usage mostly under 13, with humidity mostly under 37. Machine types for class 0 are mostly Drill or Lathe with lower power usage and vibration.  
Class "1" examples show higher temperature (mostly above 65), vibration (above 46), and power usage that can be higher (up to 14), with Machine_Type mostly Lathe or Mill. Humidity in class 1 tends to be slightly higher or similar but often above 30.