Answer:  
Step 1. The relationship between each feature and the task description:

- Debt: Higher debt may indicate higher risk, possibly lower credit scoring. Lower debt might indicate better creditworthiness.  
- Overdue days: More overdue days generally indicate bad credit behavior, so more overdue days → lower credit scoring.  
- Initial limit: Higher initial credit limit may indicate better credit scoring.  
- BIRTHDATE: Older clients might have more stable credit history, possibly better scoring; younger clients might have less credit history and lower scoring.  
- SEX: Gender usually has no direct effect on credit scoring, but could have minor statistical correlations.  
- EDU: Higher education level (University, College) often correlates with better creditworthiness.  
- INCOME: Higher income usually correlates with higher credit scoring.  
- TERM: Longer credit term might imply more risk or more trust; unclear but could be neutral or slightly positive.  
- Credit history rating: Better ratings (A1, A2, A3, B1, B2, B3) imply better credit scoring; worse ratings (C1, C2, C3, D1, D2, D3, E1, E2, E3) imply worse scoring.  
- LV_AREA and LV_SETTLEMENTNAME: Certain regions might have better economic conditions and thus better scoring; no clear pattern from examples.  
- INDUSTRYNAME: Some industries might be more stable (Finance, Medicine) and correlate with better scoring.  
- PDN (probability of default number): Higher PDN means higher risk, so lower credit scoring.  
- UNDERAGECHILDRENCOUNT: More children might indicate higher financial burden, possibly lower credit scoring.  
- FAMILYSTATUS: Married or stable family status might correlate with better credit scoring.

Step 2. Based on the above and the examples, infer conditions:

10 different conditions for class "0" (low credit scoring):  
- Overdue days > 0  
- Credit history rating is in [C1, C2, C3, D1, D2, D3, E1, E2, E3]  
- PDN >= 0.3  
- Debt < 7000  
- INCOME < 1500  
- EDU is in [Incomplete, High school]  
- Initial limit <= 3500  
- TERM >= 36  
- UNDERAGECHILDRENCOUNT >= 1  
- Age (calculated from BIRTHDATE) <= 40 years old (born after 1983, assuming current year ~2023)  

10 different conditions for class "1" (high credit scoring):  
- Overdue days = 0  
- Credit history rating is in [A1, A2, A3, B1, B2, B3]  
- PDN < 0.2  
- Debt >= 2000  
- INCOME >= 1500  
- EDU is in [University, College]  
- Initial limit >= 2000  
- TERM = 60  
- UNDERAGECHILDRENCOUNT = 0  
- Age > 40 years old (born before 1983)  

---

These conditions are consistent with the provided examples and general credit scoring logic.

---DIVIDER---

Answer:  
Step 1. The relationship between each feature and the task description (high credit scoring = 1, low credit scoring = 0):

- Debt: Higher debt might indicate higher risk but could also indicate higher credit usage; very high debt with good repayment could be positive.
- Overdue days: More overdue days likely indicate poor credit scoring (negative correlation).
- Initial limit: Higher initial credit limit likely indicates higher credit scoring.
- BIRTHDATE (age): Older clients might have more stable credit history; very young clients might have less credit history.
- SEX: Gender usually has little direct impact on credit scoring.
- EDU (education): Higher education level (University, College) might correlate with better credit scoring.
- INCOME: Higher income generally correlates with better credit scoring.
- TERM: Longer credit terms might be riskier, but it depends.
- Credit history rating: This is a direct indicator of creditworthiness; ratings like A1, A2, A3 are likely better than C or D or E.
- LV_AREA: Region might have some influence due to economic factors, but less clear.
- LV_SETTLEMENTNAME: Specific city might have less direct impact.
- INDUSTRYNAME: Stable industries (Finance, IT, Science) might correlate with better credit scoring.
- PDN (probability of default number): Higher PDN indicates higher risk (lower credit scoring).
- UNDERAGECHILDRENCOUNT: More dependents might increase financial burden, possibly negative impact.
- FAMILYSTATUS: Marital status might influence financial stability.

Step 2. Based on the above and examples, infer 10 different conditions per class:

10 different conditions for class "0":  
- Overdue days > 0  
- Credit history rating is in [C3, C2, C1, D3, D2, D1, E3, E2, E1]  
- PDN >= 0.3  
- Debt is within range [900, 20000] and Overdue days > 0  
- Initial limit <= 3500  
- INCOME < 1500  
- EDU is in [High school, Incomplete]  
- TERM >= 36 and Credit history rating not in [A1, A2, A3, B1, B2, B3]  
- INDUSTRYNAME is in [Trade, Agriculture, Retired] and Credit history rating is in [C3, E2]  
- UNDERAGECHILDRENCOUNT >= 2 and PDN >= 0.3  

10 different conditions for class "1":  
- Overdue days = 0 and Credit history rating is in [A1, A2, A3, B1, B2, B3]  
- PDN < 0.2  
- Initial limit >= 4000  
- INCOME >= 1500  
- EDU is in [University, College]  
- Debt >= 4000 and Overdue days = 0 and PDN < 0.25  
- TERM <= 60 and Credit history rating in [A1, A2, A3]  
- INDUSTRYNAME is in [Finance and Insurance, Science and Education, Medicine and healthcare]  
- FAMILYSTATUS is in [1, 2] and PDN < 0.3  
- SEX is Male and INCOME > 1000 and Credit history rating in [B1, B2, B3]  

These conditions are consistent with the provided examples and general credit scoring logic.

---DIVIDER---

Answer:  
Step 1. The relationship between each feature and the task description:

- Debt: Higher debt usually implies higher financial burden, which may lower credit scoring, but very high debt combined with high income and good history may still be acceptable.
- Overdue days: More overdue days generally indicate bad payment behavior, lowering credit score.
- Initial limit: Higher initial credit limit may indicate better creditworthiness.
- BIRTHDATE (age): Older clients tend to have more stable financial history, possibly higher credit scoring.
- SEX: Gender usually has little direct impact on credit scoring.
- EDU (education): Higher education level may correlate with better income and financial literacy, thus higher credit score.
- INCOME: Higher income generally supports better credit scoring.
- TERM: Longer credit term may imply higher risk, but also depends on other factors.
- Credit history rating: Better ratings (A1, A2, A3) imply better creditworthiness.
- LV_AREA: Region may affect credit risk due to economic conditions.
- LV_SETTLEMENTNAME: Specific city or settlement might influence risk, but less significant than LV_AREA.
- INDUSTRYNAME: Some industries may have more stable income, affecting creditworthiness.
- PDN (probability of default number): Higher PDN means higher risk, thus lower credit score.
- UNDERAGECHILDRENCOUNT: More children may imply higher financial burden, potentially lowering credit score.
- FAMILYSTATUS: Marital status may affect financial stability.

---

Step 2.  
10 different conditions for class "0" (No high credit scoring):  
- Overdue days > 0  
- Credit history rating is in [C3, C1, D3, D2, D1, E1, E2, E3]  
- PDN >= 0.3  
- Debt is within range [2000, 20000] and INCOME < 2000  
- Initial limit <= 3500  
- EDU is in [High school, Incomplete]  
- TERM >= 36 and INCOME < 1500  
- UNDERAGECHILDRENCOUNT >= 2  
- Age (calculated from BIRTHDATE) < 35 years  
- SEX is Male and Credit history rating is in [C3, C1]  

10 different conditions for class "1" (High credit scoring):  
- Credit history rating is in [A1, A2, A3, B1, B2, B3]  
- PDN < 0.2  
- INCOME >= 1500  
- Initial limit >= 5000  
- Overdue days = 0  
- EDU is in [University, College]  
- Debt is within range [5000, 20000] and INCOME >= 1500  
- TERM <= 60 and INCOME >= 2000  
- Age (calculated from BIRTHDATE) >= 35 years  
- INDUSTRYNAME is in [Finance and Insurance, Medicine and healthcare, Science and Education]  

---

These conditions combine numerical thresholds and categorical groupings that align with the examples and general credit scoring principles.

---DIVIDER---

Answer:  
Step 1. The relationship between each feature and the task description:

- Debt: Higher debt may indicate higher risk, possibly lower credit scoring, but large debt with high limit and payment on time could mean good credit.
- Overdue days: More overdue days typically indicate worse credit scoring.
- Initial limit: Higher credit limit usually suggests higher credit scoring.
- BIRTHDATE (Age): Older clients might have more stable credit history, implying higher credit scoring.
- SEX: Gender may not have a strong causal relationship but could show some demographic tendencies.
- EDU (Education): Higher education levels (University, College) might correlate with better credit scoring.
- INCOME: Higher income generally supports higher credit scoring.
- TERM: Longer credit terms might be given to more trusted clients, suggesting higher credit scoring.
- Credit history rating: Better ratings (A1, A2, A3, B1, B2, B3) imply better credit scoring; worse ratings (C, D, E) imply lower credit scoring.
- LV_AREA / LV_SETTLEMENTNAME: Region might affect credit scoring due to economic differences.
- INDUSTRYNAME: Some industries might be more stable, positively influencing credit scoring.
- PDN (Probability of Default Number): Higher PDN means higher risk, thus lower credit scoring.
- UNDERAGECHILDRENCOUNT: More dependents might reduce creditworthiness.
- FAMILYSTATUS: Marital status might influence stability and thus credit scoring.

Step 2. Based on the above and examples, infer 10 different conditions per answer class:

10 different conditions for class "0":  
- Overdue days > 0  
- Credit history rating is in [C1, C2, C3, D1, D2, D3, E1, E2, E3]  
- PDN >= 0.3  
- Initial limit <= 3500  
- Income < 1500  
- Debt is within range [900, 4000] with Overdue days > 0  
- EDU is in [Incomplete, High school]  
- TERM >= 36 and PDN >= 0.2  
- Credit history rating is in [C3] and PDN > 0.35  
- SEX is Female and PDN >= 0.3  

10 different conditions for class "1":  
- Overdue days = 0  
- Credit history rating is in [A1, A2, A3, B1, B2, B3]  
- PDN < 0.2  
- Initial limit >= 4000  
- Income >= 1500  
- Debt > 5000 and PDN < 0.25  
- EDU is in [University, College]  
- TERM >= 24 and PDN < 0.2  
- Age (based on BIRTHDATE) > 40 years old (e.g., born before 1983)  
- INDUSTRYNAME is in [Finance and Insurance, Science and Education, Medicine and healthcare]  

These conditions reflect patterns from the examples and general knowledge on credit scoring.

---DIVIDER---

Answer:  
Step 1. The relationship between each feature and the task description:

- Debt: Higher debt might indicate more financial burden, potentially lowering credit score, but if well-managed (no overdue), may not negatively affect.
- Overdue days: More overdue days likely indicate poor credit behavior, lowering credit score.
- Initial limit: Higher initial credit limit may indicate higher creditworthiness.
- BIRTHDATE (Age): Older clients may have more stable financial history, potentially higher credit score.
- SEX: Gender usually does not directly affect credit score.
- EDU (Education): Higher education generally correlates with better income and creditworthiness.
- INCOME: Higher income usually correlates with higher credit score.
- TERM: Longer credit term might indicate more trust from bank or more risk.
- Credit history rating: Better ratings (A1, A2, A3, B1, B2) indicate better credit history.
- LV_AREA: Regional economic differences might influence credit scoring.
- LV_SETTLEMENTNAME: Specific city may reflect economic status.
- INDUSTRYNAME: Some industries might have more stable income, affecting credit score.
- PDN (Probability of Default Number): Lower PDN implies higher credit score.
- UNDERAGECHILDRENCOUNT: More dependents might increase financial burden, lowering credit score.
- FAMILYSTATUS: Marital status can affect financial stability.

Step 2. Based on the above and examples, infer 10 different conditions per answer class.

10 different conditions for class "0":
- Overdue days > 0
- PDN >= 0.3
- Credit history rating is in [C3, C2, C1, D3, D2, D1, E3, E2, E1]
- Debt is within range [900, 7000]
- INCOME < 1300
- Initial limit <= 4000
- EDU is in [High school, Incomplete, University (Incomplete or less stable)]
- TERM >= 36
- UNDERAGECHILDRENCOUNT >= 1
- Age (calculated from BIRTHDATE) <= 35 years old (born after 1988)

10 different conditions for class "1":
- Overdue days = 0
- PDN < 0.3
- Credit history rating is in [A1, A2, A3, B1, B2, B3]
- Debt > 5000
- INCOME >= 1300
- Initial limit >= 5000
- EDU is in [College, University]
- TERM <= 60
- UNDERAGECHILDRENCOUNT = 0
- Age >= 40 years old (born before 1984)

These conditions reflect the tendencies seen in the examples and general credit scoring logic.