Answer:  
Step 1. The relationship between each feature and the task description:

- **Primary Type**: Certain crime types are more likely to result in arrests (e.g., NARCOTICS, WEAPONS VIOLATION, THEFT - RETAIL THEFT), while others (e.g., DECEPTIVE PRACTICE, BATTERY - simple, PUBLIC PEACE VIOLATION) rarely lead to arrests.
- **Description**: More serious or specific descriptions (e.g., UNLAWFUL POSSESSION - HANDGUN, MANUFACTURE/DELIVER - CANNABIS) correlate with arrests; vague or minor descriptions (e.g., CREDIT CARD FRAUD, HARASSMENT BY TELEPHONE) tend not to.
- **Location Description**: Crimes occurring in public places like STREET or SIDEWALK might have higher arrest rates compared to private places like APARTMENT or DEPARTMENT STORE.
- **Domestic**: Domestic crimes (Domestic = 1) seem less likely to have arrests in given examples.
- **FBI Code**: Certain FBI codes (e.g., 15 for weapons, 18 for narcotics) are associated with arrests; others (e.g., 11, 24, 26) less so.
- **Year**: All examples are from 2025, so no variation or effect.
- **Date / Time**: No clear pattern, but time of day might slightly influence arrest likelihood (e.g., nighttime arrests might be less frequent).
- **Beat, District, Ward, Community Area, Coordinates (X, Y, Latitude, Longitude)**: These geographical features might correlate with arrest likelihood due to policing patterns, but no clear pattern from examples.
- **Primary Type + Description + Location + FBI Code** combined provide the strongest predictive power for arrest likelihood.

---

Step 2.  
10 different conditions for class "0" (No arrest made):  
- Primary Type is in [DECEPTIVE PRACTICE, BATTERY, PUBLIC PEACE VIOLATION, THEFT, OTHER OFFENSE]  
- Description is in [CREDIT CARD FRAUD, DOMESTIC BATTERY SIMPLE, TIRE DEFLATION DEVICE DEPLOYMENT, OVER $500, HARASSMENT BY TELEPHONE, VEHICLE TITLE / REGISTRATION OFFENSE]  
- Location Description is in [APARTMENT, DEPARTMENT STORE]  
- Domestic = 1  
- FBI Code is in [11, 08B, 24, 26, 06]  
- Primary Type is THEFT and Description is OVER $500  
- Primary Type is BATTERY and Domestic = 1  
- Location Description is DEPARTMENT STORE and Primary Type is OTHER OFFENSE  
- Primary Type is OTHER OFFENSE and Description is HARASSMENT BY TELEPHONE  
- Primary Type is PUBLIC PEACE VIOLATION and Location Description is STREET  

10 different conditions for class "1" (Arrest made):  
- Primary Type is in [NARCOTICS, WEAPONS VIOLATION, MOTOR VEHICLE THEFT, CRIMINAL DAMAGE, THEFT]  
- Description is in [FOUND SUSPECT NARCOTICS, UNLAWFUL POSSESSION - HANDGUN, MANUFACTURE / DELIVER - CANNABIS OVER 10 GRAMS, THEFT / RECOVERY - AUTOMOBILE, RETAIL THEFT, TO VEHICLE]  
- Location Description is in [STREET, SIDEWALK

---DIVIDER---

Answer:  
Step 1. The relationship between each feature and the task description:

- **Date**: The specific date/time itself likely has no direct causal relation to whether an arrest was made, but time of day or day of week might influence arrest likelihood (not shown here).  
- **Primary Type**: Certain crime types (e.g., narcotics, weapons violations, thefts) tend to have arrests more often than others (e.g., public peace violations, deceptive practice).  
- **Description**: More serious or specific descriptions (e.g., unlawful possession, manufacture/deliver) may correlate with arrests.  
- **Location Description**: Crimes on the street or public places might have higher arrest rates due to police presence; private locations like apartments may have fewer arrests.  
- **Domestic**: Domestic crimes may have different arrest rates; in examples, domestic battery did not result in arrest, but some domestic crimes might.  
- **Beat, District, Ward, Community Area**: Geographic variables might influence arrest likelihood due to policing intensity or area characteristics.  
- **FBI Code**: FBI crime codes categorize crimes; certain codes (e.g., 18 for narcotics, 15 for weapons violations) correlate with arrests.  
- **Coordinates (X, Y, Latitude, Longitude)**: Spatial location might influence arrest likelihood indirectly through area crime patterns or police activity.  
- **Year**: All examples are from 2025, so no variability.  

Step 2. Based on Step 1 and examples, here are 10 conditions for each class:

10 different conditions for class "0":  
- Primary Type is in [THEFT, DECEPTIVE PRACTICE, PUBLIC PEACE VIOLATION, OTHER OFFENSE, MOTOR VEHICLE THEFT, BATTERY]  
- Description is in [OVER $500, CREDIT CARD FRAUD, TIRE DEFLATION DEVICE DEPLOYMENT, VEHICLE TITLE / REGISTRATION OFFENSE, AUTOMOBILE, DOMESTIC BATTERY SIMPLE]  
- Location Description is in [APARTMENT, DEPARTMENT STORE, STREET]  
- Domestic is 1 and Primary Type is BATTERY  
- FBI Code is in [06, 11, 24, 26, 07, 08B]  
- Beat is within range [1100, 2000] and Primary Type is THEFT  
- District is in [3, 10, 18, 19, 25] and Domestic is 0  
- Year is 2025 and Primary Type is OTHER OFFENSE  
- X Coordinate is within range [1150000, 1180000] and Location Description is APARTMENT  
- Description is HARASSMENT BY TELEPHONE and Domestic is in [0,1]  

10 different conditions for class "1":  
- Primary Type is in [NARCOTICS, WEAPONS VIOLATION, THEFT, MOTOR VEHICLE THEFT, CRIMINAL DAMAGE]  
- Description is in [FOUND SUSPECT NARCOTICS, UNLAWFUL POSSESSION - HANDGUN, RETAIL THEFT, THEFT / RECOVERY - AUTOMOBILE, TO VEHICLE, MANUFACTURE / DELIVER - CANNABIS OVER 10 GRAMS]  
- Location Description is in [STREET, DEPARTMENT STORE, APARTMENT, SIDEWALK]  
- FBI Code is in [18, 15, 06, 07, 14]  
- Domestic is 1 and Primary Type is MOTOR VEHICLE THEFT  
- Beat is within range [1500, 2300] and Primary Type is WEAPONS VIOLATION  
- District is in [4, 11, 15, 22, 25] and Primary Type is NARCOTICS  
- X Coordinate is within range [1130000, 1199000] and Location Description is STREET  
- Latitude is within range [41.7, 41.9] and Primary Type is WEAPONS VIOLATION  
- Description is RETAIL THEFT and Location Description is DEPARTMENT STORE  

These conditions align with the examples, general knowledge, and observed patterns for arrests made (1) vs no arrests (0).

---DIVIDER---

Answer:

Step 1. The relationship between each feature and the task description:

- Date: The time of report may have slight influence, e.g., crimes reported late at night might differ in arrest likelihood, but no strong pattern observed.
- Primary Type: Certain crime types (e.g., WEAPONS VIOLATION, NARCOTICS, THEFT) are more likely to result in arrests; others (e.g., OTHER OFFENSE, PUBLIC PEACE VIOLATION) less so.
- Description: More serious or specific descriptions (e.g., UNLAWFUL POSSESSION - HANDGUN, RETAIL THEFT) may correlate with arrests.
- Location Description: Crimes occurring in public places (STREET, SIDEWALK) or commercial places (DEPARTMENT STORE) might have higher arrest rates than private residences (APARTMENT).
- Domestic: Domestic crimes (Domestic=1) do not clearly correlate with arrests in examples; some domestic batteries have no arrests.
- Beat, District, Ward, Community Area: These spatial variables may affect arrest likelihood due to policing patterns; some districts show arrests more frequently.
- FBI Code: Certain FBI codes (e.g., 15 for weapons, 18 for narcotics, 06 for theft) are associated with arrests.
- Coordinates (X, Y, Latitude, Longitude): Geographical location may influence arrest rates indirectly via district or community area.
- Year: All examples are from 2025, so no temporal variation.
  
Overall, crimes involving weapons, narcotics, theft (especially retail theft), and occurring in public or commercial locations are more likely to have arrests. Other offenses, harassment, or minor public peace violations tend not to have arrests.

---

Step 2. Conditions for each class:

10 different conditions for class "0" (No arrest):

- Primary Type is in [OTHER OFFENSE, PUBLIC PEACE VIOLATION, BATTERY]
- Description is in [HARASSMENT BY TELEPHONE, DOMESTIC BATTERY SIMPLE

---DIVIDER---

Answer:  
Step 1. The relationship between each feature and the task description:  

- **Date**: The exact date/time may not directly influence arrest likelihood, but certain time frames (like late night or early morning) might correlate with types of crimes more likely to have arrests.  
- **Primary Type**: Strongly related; some crime types (e.g., NARCOTICS, WEAPONS VIOLATION) have higher arrest rates, while others (e.g., THEFT, BATTERY) might have lower or variable arrest rates.  
- **Description**: More detailed crime descriptions can indicate severity or specific circumstances which might affect arrest likelihood. For example, "UNLAWFUL POSSESSION" suggests arrest, while "HARASSMENT BY TELEPHONE" might not.  
- **Location Description**: Certain locations (e.g., STREET, SIDEWALK) might be more associated with arrests than private or less public locations (e.g., APARTMENT).  
- **Domestic**: Domestic violence crimes may have different arrest rates; often lower or more complex to arrest, depending on circumstances.  
- **Beat, District, Ward, Community Area**: Geographic location might influence arrest rates due to policing intensity or crime type prevalence.  
- **FBI Code**: FBI crime classification code correlates with crime seriousness and arrest likelihood. Codes related to narcotics or weapons likely have higher arrest rates.  
- **Coordinates (X, Y, Latitude, Longitude)**: Geographic coordinates relate to location features above.  
- **Year**: Constant in examples (2025), no direct influence.  

Step 2. Based on the above examples and Step 1's results, infer 10 different conditions per answer:

10 different conditions for class "0":  
- Primary Type is in [BATTERY, THEFT, OTHER OFFENSE, PUBLIC PEACE VIOLATION, DECEPTIVE PRACTICE, MOTOR VEHICLE THEFT]  
- Description is in [SIMPLE, OVER $500, HARASSMENT BY TELEPHONE, VEHICLE TITLE / REGISTRATION OFFENSE, DOMESTIC BATTERY SIMPLE, TIRE DEFLATION DEVICE DEPLOYMENT]  
- Location Description is in [APARTMENT, STREET, DEPARTMENT STORE, NURSING / RETIREMENT HOME]  
- Domestic = 1 and Primary Type is BATTERY  
- FBI Code is in [06, 08B, 11, 14, 24, 26]  
- Date is within range of [01/01/2025 12:00:00 AM, 01/15/2025 11:59:59 PM] and Primary Type is OTHER OFFENSE  
- Beat is within range of [100, 400] and Location Description is APARTMENT  
- District is within range of [1, 5] and Primary Type is BATTERY  
- Ward is within range of [20, 30] and Domestic = 1  
- Community Area is within range of [25, 50] and Primary Type is MOTOR VEHICLE THEFT  

10 different conditions for class "1":  
- Primary Type is in [NARCOTICS, WEAPONS VIOLATION, MOTOR VEHICLE THEFT, THEFT, CRIMINAL DAMAGE]  
- Description is in [UNLAWFUL POSSESSION - HANDGUN, MANUFACTURE / DELIVER - CANNABIS OVER 10 GRAMS, RETAIL THEFT, THEFT / RECOVERY - AUTOMOBILE, TO VEHICLE]  
- Location Description is in [STREET, DEPARTMENT STORE, SIDEWALK, APARTMENT]  
- Domestic = 1 and Primary Type is MOTOR VEHICLE THEFT  
- FBI Code is in [07, 15, 18, 06, 14]  
- Date is within range of [01/10/2025 12:00:00 AM, 01/31/2025 11:59:59 PM] and Primary Type is WEAPONS VIOLATION  
- Beat is within range of [1500, 1900] and Primary Type is NARCOTICS  
- District is within range of [15, 25] and Primary Type is NARCOTICS  
- Ward is within range of [9, 42] and Primary Type is THEFT and Description is RETAIL THEFT  
- Community Area is within range of [8, 29] and Primary Type is CRIMINAL DAMAGE  

These conditions reflect patterns observed in examples and align with general knowledge about arrest likelihood for different crime types, descriptions, and locations.

---DIVIDER---

Answer:  
Step 1. The relationship between each feature and the task description:  

- **Date**: The exact date/time likely has no direct causal effect on arrest likelihood, though some times (e.g., nighttime) might correlate with different crime types or police activity.  
- **Primary Type**: Strongly related; some crime types (e.g., theft, narcotics, weapons violations) are more likely to lead to arrests, while others (e.g., public peace violations, harassment) less so.  
- **Description**: Provides more specific detail on the crime; certain descriptions may indicate more serious or arrestable offenses.  
- **Location Description**: Certain locations (e.g., street, department store) might be more associated with arrests due to visibility or police presence, versus private locations like apartments.  
- **Domestic**: Domestic crimes may have different arrest patterns; some domestic incidents might result in fewer arrests due to complexity or victim reluctance.  
- **Beat/District/Ward/Community Area**: Geographic location may influence arrest likelihood due to police resources or crime patterns, but less directly causal.  
- **FBI Code**: Categorizes crime severity/type; codes linked to violent or controlled substances offenses likely correlate with arrests.  
- **X Coordinate/Y Coordinate/Latitude/Longitude**: Geographic data similar to Beat/District; less direct causal relation but can reflect high or low arrest areas.  
- **Year**: All data is from the same year (2025), so no variation here.  

Summary: Arrests are more likely for crimes involving narcotics, weapons violations, vehicle theft, retail theft, and serious property damage; less likely for harassment, public peace violations, or minor offenses. Domestic violence cases tend to have fewer arrests here. Location and geographic features provide supporting context but are less determinative alone.

---

Step 2. Based on the above examples and Step 1's results, infer 10 different conditions per answer.

10 different conditions for class "0":  
- Primary Type is in [OTHER OFFENSE, PUBLIC PEACE VIOLATION]  
- Description is in [HARASSMENT BY TELEPHONE, TIRE DEFLATION DEVICE DEPLOYMENT, VEHICLE TITLE / REGISTRATION OFFENSE]  
- Location Description is in [APARTMENT, STREET] and Primary Type is OTHER OFFENSE  
- Domestic = 1 and Primary Type is BATTERY and Description is DOMESTIC BATTERY SIMPLE  
- FBI Code is in [24, 26] (codes associated with minor offenses or harassment)  
- Primary Type is THEFT and Description is OVER $500 and Location Description is APARTMENT  
- Primary Type is MOTOR VEHICLE THEFT and Description is AUTOMOBILE and Location Description is STREET  
- Primary Type is DECEPTIVE PRACTICE and Description is CREDIT CARD FRAUD  
- Domestic = 0 and Primary Type is PUBLIC PEACE VIOLATION  
- Beat is within range of [100, 500] and Primary Type is OTHER OFFENSE and Description is HARASSMENT BY TELEPHONE  

10 different conditions for class "1":  
- Primary Type is in [NARCOTICS, WEAPONS VIOLATION]  
- Description is in [UNLAWFUL POSSESSION - HANDGUN, MANUFACTURE / DELIVER - CANNABIS OVER 10 GRAMS, FOUND SUSPECT NARCOTICS]  
- Primary Type is MOTOR VEHICLE THEFT and Description is THEFT / RECOVERY - AUTOMOBILE  
- Primary Type is THEFT and Description is RETAIL THEFT and Location Description is DEPARTMENT STORE  
- Primary Type is CRIMINAL DAMAGE and Description is TO VEHICLE and Domestic = 1  
- FBI Code is in [07, 15, 18] (codes associated with weapons, narcotics, and vehicle theft)  
- Location Description is STREET and Primary Type is WEAPONS VIOLATION  
- Domestic = 0 and Primary Type is NARCOTICS  
- Beat is within range of [1500, 2300] and Primary Type is NARCOTICS or WEAPONS VIOLATION  
- Year = 2025 and Primary Type is THEFT and Description is RETAIL THEFT  

---

These conditions align with the examples and general knowledge of crime and arrest likelihood in Chicago.