Answer:  
Step 1. The relationship between each feature and the task description:

- Gender: Generally, gender does not directly affect satisfaction, but cultural or communication style differences might influence perception.
- Age: Older clients might have different expectations or experiences that affect satisfaction.
- Education: Higher education may correlate with higher expectations or better understanding of services.
- Nationality: Cultural background might influence satisfaction or expectations.
- Marital_Status: Possibly influences communication preferences or satisfaction indirectly.
- Governorate: Regional differences might affect service quality or client expectations.
- Aware_151: Awareness of the service might influence satisfaction positively.
- Call_151: Whether the client has called before might affect their satisfaction (repeat callers might be more or less satisfied).
- The_reason_of_the_call: Reason for the call can greatly impact satisfaction (e.g., complaints likely linked to dissatisfaction).
- Call_center_employee_communication_skills_evaluation: Higher ratings likely correlate with higher satisfaction.
- Satisfaction_with_the_doctors_response: Directly related to satisfaction.
- How_often_do_you_receive_call_center_news: More frequent updates might increase satisfaction or awareness.

Step 2.  
10 different conditions for class "0" (client not satisfied):

- The_reason_of_the_call is in [Vaccination, Inquiries, Inquiries_COVID19, Medical_Consultation]
- Call_center_employee_communication_skills_evaluation < 3.0
- Satisfaction_with_the_doctors_response < 3.0
- Call_151 is Yes
- Aware_151 is Yes
- How_often_do_you_receive_call_center_news <= 2.1
- Education is in [Bachelor, High school, Master]
- Age is in [18-24, 30-39, 40-49]
- Nationality is Kuwaiti
- Marital_Status is Single

10 different conditions for class "1" (client satisfied):

- The_reason_of_the_call is Complaints
- Call_center_employee_communication_skills_evaluation >= 3.0
- Satisfaction_with_the_doctors_response >= 3.0
- Call_151 is No
- Aware_151 is No
- How_often_do_you_receive_call_center_news >= 2.2
- Age is in [18-24, 30-39, 50-59]
- Gender is in [Female, Male]
- Education is in [Bachelor, Master, High school, Diploma]
- Marital_Status is in [Married, Single]

Explanation:  
From the examples, all clients with reasons other than Complaints are labeled "0" (not satisfied). Those with Complaints and higher communication skills and satisfaction scores, who have not called 151 and are less aware of the service, tend to be satisfied (class 1). Numerical thresholds around 3.0 for communication and satisfaction scores separate the classes. Also, frequency of news updates seems higher for satisfied clients.

---DIVIDER---

Answer:  
Step 1. The relationship between each feature and the task description:

- Gender: Satisfaction might not strongly depend on gender, but there could be subtle differences in perception or expectations.
- Age: Younger clients might have different satisfaction levels than older clients due to differing expectations or familiarity with services.
- Education: Higher education might correlate with higher expectations and possibly lower satisfaction if expectations are unmet.
- Nationality: Kuwaiti vs. other nationalities might influence satisfaction due to cultural or service familiarity differences.
- Marital_Status: Possibly little direct effect, but single vs. married might reflect lifestyle differences affecting satisfaction.
- Governorate: Regional differences could affect satisfaction due to local service quality or accessibility.
- Aware_151: Awareness of service 151 might correlate with better understanding and possibly higher satisfaction.
- Call_151: Whether the client actually called service 151 might affect satisfaction, as those who called might have different experiences.
- The_reason_of_the_call: Reason for calling (e.g., Complaints vs. Inquiries) likely strongly influences satisfaction; complaint calls may have lower satisfaction.
- Call_center_employee_communication_skills_evaluation: Higher evaluation likely correlates with higher satisfaction.
- Satisfaction_with_the_doctors_response: Higher satisfaction with doctor’s response likely correlates with overall satisfaction.
- How_often_do_you_receive_call_center_news: More frequent updates might increase satisfaction due to better communication.

---

Step 2.  
10 different conditions for class "0" (Not satisfied):

- The_reason_of_the_call is in [Vaccination, Inquiries, Inquiries_COVID19, Medical_Consultation]
- Call_center_employee_communication_skills_evaluation < 3.0
- Satisfaction_with_the_doctors_response < 3.0
- Call_151 is Yes
- Aware_151 is Yes
- How_often_do_you_receive_call_center_news < 2.0
- Age is in [18-24, 30-39, 40-49]
- Education is in [Master, Doctor]
- Gender is Female
- Nationality is Kuwaiti

---

10 different conditions for class "1" (Satisfied):

- The_reason_of_the_call is Complaints
- Call_center_employee_communication_skills_evaluation >= 3.0
- Satisfaction_with_the_doctors_response >= 3.0
- Call_151 is No
- Aware_151 is No
- How_often_do_you_receive_call_center_news >= 2.0
- Age is in [18-24, 30-39, 50-59]
- Education is in [Bachelor, Diploma, High school]
- Gender is Male or Female (both appear in examples)
- Nationality is Kuwaiti

---

Explanation:  
From the examples, dissatisfied clients (class 0) mostly called for reasons other than complaints, rated communication skills and doctor's response lower, and had called service 151 and were aware of it. Satisfied clients (class 1) mostly called for complaints, rated communication skills and doctor's response at or above 3.0, did not call service 151, and were often unaware of it. Frequency of receiving news also tends to be higher for satisfied clients. Age and education also show some pattern, with higher education and middle age groups tending to be less satisfied.

---DIVIDER---

Answer:  
Step 1. The relationship between each feature and the task description:  

- Gender: Generally, gender may not strongly affect satisfaction, but there could be subtle tendencies based on communication style preferences.  
- Age: Older or younger clients might have different expectations or satisfaction levels. Younger clients might be less satisfied if their expectations are higher or communication is less effective.  
- Education: Higher education may correlate with higher expectations, possibly affecting satisfaction negatively if expectations are unmet.  
- Nationality: Kuwaiti vs. other nationalities might affect satisfaction due to language or cultural differences.  
- Marital_Status: Possibly minor effect; married clients may have different concerns or expectations.  
- Governorate: Regional differences might influence satisfaction due to service accessibility or quality variability.  
- Aware_151: Awareness of the service might correlate with satisfaction; those aware might have clearer expectations or better experience.  
- Call_151: Whether the client has actually called the service could influence satisfaction (those who called might have more direct experience).  
- The_reason_of_the_call: The reason for the call likely strongly influences satisfaction; complaints might correlate with dissatisfaction, inquiries or medical consultations with neutral or positive satisfaction.  
- Call_center_employee_communication_skills_evaluation: Higher scores likely correlate with higher satisfaction.  
- Satisfaction_with_the_doctors_response: Higher satisfaction with doctors likely correlates positively with overall satisfaction.  
- How_often_do_you_receive_call_center_news: More frequent updates might increase satisfaction by keeping clients informed.  

---

Step 2. Based on the above examples and Step 1's results, infer 10 different conditions per answer.

10 different conditions for class "0" (client not satisfied):  
- Call_center_employee_communication_skills_evaluation < 3.0  
- Satisfaction_with_the_doctors_response < 3.5  
- The_reason_of_the_call is in [Vaccination, Inquiries, Inquiries_COVID19, Medical_Consultation]  
- Call_151 is Yes  
- Aware_151 is Yes  
- Age is in [18-24, 25-29, 30-39]  
- Education is in [Master, Bachelor]  
- Gender is Female  
- How_often_do_you_receive_call_center_news <= 2.0  
- Governorate is in [AlAhmadi, Jahra]  

10 different conditions for class "1" (client satisfied):  
- Call_center_employee_communication_skills_evaluation >= 3.0  
- Satisfaction_with_the_doctors_response >= 3.0  
- The_reason_of_the_call is Complaints  
- Call_151 is No  
- Aware_151 is No  
- How_often_do_you_receive_call_center_news > 2.0  
- Age is in [18-24, 30-39, 50-59]  
- Education is in [High school, Diploma, Bachelor]  
- Gender is in [Male, Female]  
- Governorate is in [Around, Capital, Farwaniya]  

---

These conditions are inferred by observing patterns in the examples:  
- Unsatisfied clients tended to have lower communication skill ratings and had called the service, often for inquiries or vaccination.  
- Satisfied clients mostly had complaints as the reason for call but had not called the service themselves, had better communication skill ratings, and received news updates more frequently.  
- The satisfaction with doctors' response is generally similar but slightly higher for satisfied clients.  
- Awareness and calling the service tend to associate with dissatisfaction, possibly due to unmet expectations.

---DIVIDER---

Answer:  
Step 1. The relationship between each feature and the task description:

- Gender: Likely no strong direct effect on satisfaction; satisfaction depends more on service quality than gender.  
- Age: Possibly older clients might have different expectations or satisfaction levels, but no clear strong trend.  
- Education: Higher education might correlate with higher expectations, potentially lower satisfaction if expectations unmet.  
- Nationality: Could affect satisfaction due to cultural or communication differences.  
- Marital_Status: Probably minimal direct influence on satisfaction with call center service.  
- Governorate: Regional differences might affect satisfaction due to local service quality or accessibility.  
- Aware_151: Awareness of service 151 could correlate with satisfaction if knowledge improves experience.  
- Call_151: Whether the client actually called the service may influence satisfaction based on direct experience.  
- The_reason_of_the_call: Reason for calling (e.g., Complaints vs. Inquiries) likely strongly affects satisfaction; complaint calls may have lower satisfaction or possibly higher if resolved well.  
- Call_center_employee_communication_skills_evaluation: Higher ratings should correlate positively with satisfaction.  
- Satisfaction_with_the_doctors_response: Higher satisfaction with doctor response should strongly correlate with overall satisfaction.  
- How_often_do_you_receive_call_center_news: More frequent updates may improve satisfaction by keeping clients informed.

---

Step 2. Based on the above and the examples, 10 different conditions per answer class:

10 different conditions for class "0" (Not satisfied):  
- Call_center_employee_communication_skills_evaluation < 3.0  
- Satisfaction_with_the_doctors_response < 3.0  
- The_reason_of_the_call is in [Vaccination, Inquiries, Inquiries_COVID19, Medical_Consultation]  
- Call_151 is Yes  
- Aware_151 is Yes  
- How_often_do_you_receive_call_center_news < 2.0  
- Education is in [Bachelor, High school, Master] with low satisfaction scores  
- Age is in [18-24, 25-29, 30-39] with low communication skills evaluation  
- Gender is Male with low satisfaction scores  
- Nationality is Kuwaiti with low satisfaction scores  

10 different conditions for class "1" (Satisfied):  
- Call_center_employee_communication_skills_evaluation >= 3.0  
- Satisfaction_with_the_doctors_response >= 3.0  
- The_reason_of_the_call is Complaints  
- Call_151 is No  
- Aware_151 is No  
- How_often_do_you_receive_call_center_news >= 2.0  
- Marital_Status is in [Married, Single] with high satisfaction scores  
- Governorate is in [Around, Capital] with high satisfaction scores  
- Education is in [Bachelor, Diploma, Master, Doctor] with high satisfaction scores  
- Gender is Female with high satisfaction scores  

---

These conditions reflect the patterns observed in the examples and the reasonable interpretation of the features' influence on client satisfaction.

---DIVIDER---

Answer:  
Step 1. The relationship between each feature and the task description:

- Gender: Unlikely to strongly affect satisfaction; satisfaction should be independent of gender.  
- Age: Younger clients might be more critical or less satisfied; older clients might have different expectations.  
- Education: Higher education may correlate with higher expectations or different satisfaction levels.  
- Nationality: Local nationals (Kuwaiti) might have different expectations or familiarity with the service than others.  
- Marital_Status: Possibly minor influence; single or married clients may have different communication needs.  
- Governorate: Regional differences might affect satisfaction due to service availability or quality.  
- Aware_151: Awareness of the service might correlate with satisfaction (more informed clients might be more satisfied).  
- Call_151: Clients who actually called the service may have more concrete opinions (positive or negative).  
- The_reason_of_the_call: Reason for calling (e.g., complaints vs inquiries) is likely strongly linked to satisfaction.  
- Call_center_employee_communication_skills_evaluation: Higher ratings likely correlate with higher satisfaction.  
- Satisfaction_with_the_doctors_response: Higher satisfaction with the doctor’s response likely correlates with overall satisfaction.  
- How_often_do_you_receive_call_center_news: More frequent updates might increase satisfaction or awareness, possibly positive correlation.  

Step 2. Based on the examples and Step 1, infer 10 different conditions per answer class:

10 different conditions for class "0" (Not satisfied):  
- The_reason_of_the_call is in [Vaccination, Inquiries, Inquiries_COVID19, Medical_Consultation]  
- Call_center_employee_communication_skills_evaluation <= 3.571  
- Satisfaction_with_the_doctors_response <= 3.143  
- Call_151 is Yes  
- Aware_151 is Yes  
- Age is in [18-24, 30-39, 40-49, 50-59]  
- Education is in [Bachelor, Master, Doctor, High school]  
- Nationality is Kuwaiti  
- How_often_do_you_receive_call_center_news <= 2.7  
- Marital_Status is in [Single, Married]  

10 different conditions for class "1" (Satisfied):  
- The_reason_of_the_call is Complaints  
- Call_center_employee_communication_skills_evaluation = 3.0  
- Satisfaction_with_the_doctors_response = 3.0  
- Call_151 is No  
- Aware_151 is No  
- Age is in [18-24, 30-39, 50-59]  
- Education is in [Bachelor, High school, Diploma, Master]  
- Nationality is Kuwaiti  
- How_often_do_you_receive_call_center_news >= 2.2  
- Marital_Status is in [Single, Married]