Answer:  
Step 1. The relationship between each feature and the task description:

- Gender: Generally, gender may not strongly influence satisfaction directly, but it might correlate with communication preferences or expectations.  
- Age: Younger clients (e.g., 18-24) might have different satisfaction levels compared to older clients due to differing expectations or familiarity with services.  
- Education: Higher education levels might correlate with higher expectations or more critical evaluation of service.  
- Nationality: Kuwaiti vs. Other nationality might influence satisfaction due to cultural or service familiarity differences.  
- Marital_Status: Possibly minor impact, but married clients might have different concerns or expectations.  
- Governorate: Regional differences might influence satisfaction due to service availability or local management.  
- Aware_151: Awareness of the service might increase satisfaction due to better understanding of service scope.  
- Call_151: Whether the client called the service might affect satisfaction, as those who called might have stronger opinions based on experience.  
- The_reason_of_the_call: Reason for calling (e.g., Complaints vs. Inquiries) likely affects satisfaction; complaint calls more likely to be dissatisfied.  
- Call_center_employee_communication_skills_evaluation: Higher scores likely correlate positively with satisfaction.  
- Satisfaction_with_the_doctors_response: Higher satisfaction here likely strongly correlates with overall satisfaction.  
- How_often_do_you_receive_call_center_news: More frequent updates might increase satisfaction due to feeling informed.

---

Step 2. 10 different conditions for class "0" (Not satisfied):

- The_reason_of_the_call is in [Complaints, Inquiries_COVID19]  
- Call_center_employee_communication_skills_evaluation < 3.5  
- Satisfaction_with_the_doctors_response < 3.5  
- Call_151 is Yes  
- Aware_151 is Yes  
- Age is in [18-24, 25-29, 30-39] and The_reason_of_the_call is Complaints  
- Gender is Male and Call_center_employee_communication_skills_evaluation < 3.0  
- How_often_do_you_receive_call_center_news <= 2.7  
- Education is in [High school, Less than high school] and Satisfaction_with_the_doctors_response < 3.0  
- Governorate is in [Jahra, Around] and Call_151 is Yes  

10 different conditions for class "1" (Satisfied):

- The_reason_of_the_call is Complaints and Call_151 is No  
- Call_center_employee_communication_skills_evaluation = 3.0  
- Satisfaction_with_the_doctors_response = 3.0  
- How_often_do_you_receive_call_center_news > 2.8  
- Aware_151 is No and Call_151 is No  
- Gender is Female and The_reason_of_the_call is Complaints and Call_151 is No  
- Age is 18-24 and Marital_Status is Single and Call_151 is No  
- Governorate is in [Capital, Farwaniya, Mubarak AlKabir] and How_often_do_you_receive_call_center_news >= 2.5  
- Education is Bachelor and Satisfaction_with_the_doctors_response = 3.0  
- Nationality is Kuwaiti and Call_center_employee_communication_skills_evaluation = 3.0 and Call_151 is No  

---

These conditions reflect patterns from the examples: dissatisfaction is linked to calling the service (Call_151 = Yes), low communication skills evaluation, and complaints or COVID inquiries; satisfaction is linked to not calling the service (Call_151 = No), moderate communication skills evaluation (mostly 3.0), moderate satisfaction with doctors’ response (3.0), and higher frequency of receiving call center news.

---DIVIDER---

Answer:  
Step 1. The relationship between each feature and the task description:

- Gender: Likely no strong direct effect on satisfaction, but could influence communication style or expectations.
- Age: Younger clients may have different expectations or satisfaction levels compared to older clients.
- Education: Higher education may lead to higher expectations and potentially lower satisfaction if expectations are unmet.
- Nationality: Cultural or language differences might affect satisfaction.
- Marital_Status: May influence communication needs or expectations, but likely minor effect.
- Governorate: Regional differences in service quality or access could influence satisfaction.
- Aware_151: Awareness of the service might correlate with satisfaction if expectations are managed.
- Call_151: Whether the client actually called the service could relate to satisfaction (e.g., those who called might be more critical).
- The_reason_of_the_call: Complaints likely correlate with dissatisfaction; inquiries or consultations might correlate with neutral or positive satisfaction.
- Call_center_employee_communication_skills_evaluation: Higher ratings likely correlate with higher satisfaction.
- Satisfaction_with_the_doctors_response: Directly related to satisfaction; higher values indicate higher satisfaction.
- How_often_do_you_receive_call_center_news: More frequent updates might improve satisfaction through better information.

---

Step 2. Based on the above examples and Step 1's results, infer 10 different conditions per answer.

10 different conditions for class "0" (Not satisfied):  
- Call_151 is Yes  
- The_reason_of_the_call is in [Complaints]  
- Call_center_employee_communication_skills_evaluation <= 3.143  
- Satisfaction_with_the_doctors_response <= 3.143  
- How_often_do_you_receive_call_center_news < 3.0  
- Aware_151 is Yes  
- Age is in [18-24, 30-39, 40-49] with low communication skills evaluation  
- Gender is in [Female, Male] with low satisfaction scores  
- Nationality is Kuwaiti with complaint reason and low satisfaction  
- Marital_Status is in [Single, Married] with low communication skills evaluation  

10 different conditions for class "1" (Satisfied):  
- Call_151 is No  
- The_reason_of_the_call is in [Complaints]  
- Call_center_employee_communication_skills_evaluation = 3.0  
- Satisfaction_with_the_doctors_response = 3.0  
- How_often_do_you_receive_call_center_news >= 2.5  
- Aware_151 is No  
- Age is 18-24  
- Gender is Female  
- Nationality is Kuwaiti  
- Marital_Status is Single  

---

Summary:  
Class "0" (Not satisfied) is strongly associated with having called the service (Call_151 = Yes), complaints as reason for call, lower employee communication skill ratings, lower satisfaction with doctor's response, and less frequent receipt of call center news. Awareness of the service (Aware_151 = Yes) also correlates with dissatisfaction in these examples.

Class "1" (Satisfied) is associated with not having called the service (Call_151 = No), complaints as the reason for call but with moderate employee communication skill ratings and satisfaction with doctor's response, higher frequency of receiving call center news, lack of awareness of the service, and younger female clients who are single and Kuwaiti.

---

This completes the requested analysis and condition extraction.

---DIVIDER---

Answer:  
Step 1. The relationship between each feature and the task description:

- Gender: Generally, gender does not strongly influence satisfaction directly, but cultural or service expectations may differ.
- Age: Younger clients might have different expectations or experiences than older clients.
- Education: Higher education might correlate with higher or more critical expectations.
- Nationality: Kuwaiti vs. other nationalities might experience or perceive service differently.
- Marital_Status: Possibly affects expectations or communication style but weakly related to satisfaction.
- Governorate: Geographic location might influence service quality or access, affecting satisfaction.
- Aware_151: Awareness of the service might influence expectations and satisfaction.
- Call_151: Whether the client actually called the service might affect their satisfaction (those who called might be more critical or more satisfied).
- The_reason_of_the_call: The reason for calling (e.g., Complaints vs. Inquiries) is likely strongly related to satisfaction.
- Call_center_employee_communication_skills_evaluation: Higher ratings should correlate with higher satisfaction.
- Satisfaction_with_the_doctors_response: Directly related to satisfaction, higher values mean more satisfied.
- How_often_do_you_receive_call_center_news: More frequent updates might increase satisfaction by keeping clients informed.

---

Step 2.  
10 different conditions for class "0" (Not satisfied):  
- The_reason_of_the_call is in [Vaccination, Inquiries, Inquiries_COVID19, Medical_Consultation]  
- Call_center_employee_communication_skills_evaluation < 3.5  
- Satisfaction_with_the_doctors_response < 3.5  
- Call_151 is Yes  
- Aware_151 is Yes  
- How_often_do_you_receive_call_center_news < 2.8  
- Age is in [25-29, 30-39, 40-49]  
- Gender is Male  
- Education is in [High school, Less than high school]  
- Marital_Status is Married  

10 different conditions for class "1" (Satisfied):  
- The_reason_of_the_call is Complaints  
- Call_center_employee_communication_skills_evaluation >= 3.0  
- Satisfaction_with_the_doctors_response >= 3.0  
- Call_151 is No  
- Aware_151 is No  
- How_often_do_you_receive_call_center_news >= 2.5  
- Age is in [18-24]  
- Gender is Female  
- Education is in [Bachelor, Master]  
- Marital_Status is Single

---DIVIDER---

Answer:  
Step 1. The relationship between each feature and the task description:

- Gender: Likely no strong direct effect on satisfaction, but may influence communication preferences.
- Age: Younger clients might be less satisfied due to higher expectations or different communication styles.
- Education: Higher education may correlate with higher expectations or more critical evaluation.
- Nationality: May affect satisfaction due to cultural expectations or service accessibility.
- Marital_Status: Possibly minor effect; single or married might differ in expectations or call reasons.
- Governorate: Regional differences could affect satisfaction due to service quality or availability.
- Aware_151: Awareness of the service might correlate with satisfaction, as informed clients have clearer expectations.
- Call_151: Whether the client actually called might influence satisfaction; those who called might have stronger opinions.
- The_reason_of_the_call: Reason for calling (e.g., Complaints vs. Inquiries) likely affects satisfaction directly.
- Call_center_employee_communication_skills_evaluation: Higher ratings likely correlate positively with satisfaction.
- Satisfaction_with_the_doctors_response: Higher satisfaction with doctor response likely correlates positively with overall satisfaction.
- How_often_do_you_receive_call_center_news: Higher frequency of receiving news might correlate with higher satisfaction due to better information flow.

---

Step 2.  
10 different conditions for class "0" (client NOT satisfied):

- Call_151 is Yes  
- The_reason_of_the_call is in [Vaccination, Inquiries, Inquiries_COVID19, Medical_Consultation]  
- Call_center_employee_communication_skills_evaluation < 3.5  
- Satisfaction_with_the_doctors_response < 3.2  
- Aware_151 is Yes  
- Gender is in [Male, Female] and Age is in [18-24, 25-29, 30-39]  
- How_often_do_you_receive_call_center_news <= 2.8  
- Marital_Status is in [Single, Married] and The_reason_of_the_call is Complaints but Call_151 is Yes  
- Governorate is in [Jahra, Farwaniya] and Call_151 is Yes  
- Education is in [High school, Bachelor] and Call_151 is Yes  

10 different conditions for class "1" (client satisfied):

- Call_151 is No  
- The_reason_of_the_call is Complaints  
- Call_center_employee_communication_skills_evaluation = 3.0  
- Satisfaction_with_the_doctors_response = 3.0  
- Aware_151 is No  
- How_often_do_you_receive_call_center_news >= 2.5  
- Gender is Female and Age is 18-24  
- Governorate is in [Capital, Mubarak AlKabir, AlAhmadi, Around] and Call_151 is No  
- Marital_Status is Single and Call_151 is No and The_reason_of_the_call is Complaints  
- Education is in [Bachelor, High school] and Call_151 is No  

---

These conditions are inferred from the examples showing that satisfied clients mostly did not call 151, were not aware of 151, had the reason Complaints, had communication and satisfaction scores exactly 3.0, and received call center news more frequently. Dissatisfied clients mostly called 151, were aware of 151, had lower communication and satisfaction scores, and had reasons other than Complaints.

---DIVIDER---

Answer:  
Step 1. The relationship between each feature and the task description:

- Gender: Likely little direct influence on satisfaction; satisfaction depends more on service quality.  
- Age: Younger clients might have different expectations; older clients might be more critical or more satisfied depending on service.  
- Education: Higher education might correlate with higher expectations, potentially affecting satisfaction negatively if expectations unmet.  
- Nationality: Local nationals might have different levels of satisfaction due to familiarity or expectations of service.  
- Marital_Status: Possibly minor effect; single or married clients might have different priorities or expectations.  
- Governorate: Regional differences might influence satisfaction due to local service quality or accessibility.  
- Aware_151: Awareness of the service might correlate with more realistic expectations or more informed usage, possibly affecting satisfaction.  
- Call_151: Having called the service might indicate direct experience, influencing satisfaction.  
- The_reason_of_the_call: Complaints probably correlate with dissatisfaction; inquiries might correlate with neutral or positive satisfaction.  
- Call_center_employee_communication_skills_evaluation: Higher scores likely correlate positively with satisfaction.  
- Satisfaction_with_the_doctors_response: Higher scores likely correlate positively with satisfaction.  
- How_often_do_you_receive_call_center_news: More frequent updates might correlate with higher satisfaction due to better information.  

---

Step 2. Based on the above and examples, infer 10 different conditions per answer:

10 different conditions for class "0" (client NOT satisfied):  
- Call_center_employee_communication_skills_evaluation < 3.5  
- Satisfaction_with_the_doctors_response < 3.5  
- The_reason_of_the_call is in [Vaccination, Inquiries, Inquiries_COVID19, Medical_Consultation]  
- Call_151 is Yes  
- Aware_151 is Yes  
- How_often_do_you_receive_call_center_news <= 2.8  
- Age is in [18-24, 25-29, 30-39, 40-49]  
- Education is in [High school, Bachelor]  
- Nationality is in [Kuwaiti, Unspecified]  
- Marital_Status is Single  

10 different conditions for class "1" (client satisfied):  
- Call_center_employee_communication_skills_evaluation = 3.0  
- Satisfaction_with_the_doctors_response = 3.0  
- The_reason_of_the_call is Complaints  
- Call_151 is No  
- Aware_151 is No  
- How_often_do_you_receive_call_center_news >= 2.5  
- Age is in [18-24]  
- Education is in [Bachelor, High school]  
- Nationality is Kuwaiti  
- Marital_Status is Single  

---

Summary:  
Clients who called the service, gave lower communication and doctor satisfaction scores, and had reasons other than complaints tend to be dissatisfied (class 0). Clients who did not call, had average satisfaction scores (around 3.0), called mainly about complaints, and received more frequent news tend to be satisfied (class 1).