Answer:  
Step 1. The relationship between each feature and the task description:  
- Temperature: Higher temperatures often indicate overheating or stress on the machine, which can increase the risk of failure.  
- Vibration: Increased vibration levels usually signal mechanical issues or wear, leading to higher failure risk.  
- Power_Usage: Abnormal power consumption (either too high or too low) can indicate malfunction or inefficiency, contributing to failure risk.  
- Humidity: High humidity can cause corrosion or electrical issues, increasing failure risk.  
- Machine_Type: Different machine types may have different baseline tolerances and failure modes; some types may be more prone to failure under certain conditions.

---

10 different conditions for class "0":  
- Temperature < 73  
- Vibration < 50  
- Power_Usage < 12  
- Humidity < 35  
- Machine_Type is in [Drill, Lathe]  
- Temperature is within range of [60, 73]  
- Vibration is within range of [40, 50]  
- Power_Usage is within range of [6, 11.5]  
- Humidity is within range of [20, 35]  
- Machine_Type is Drill and Temperature < 73  

10 different conditions for class "1":  
- Temperature >= 72  
- Vibration >= 45  
- Power_Usage >= 9  
- Humidity >= 30  
- Machine_Type is Mill  
- Temperature is within range of [67, 75]  
- Vibration is within range of [44, 52]  
- Power_Usage is within range of [9, 14]  
- Humidity is within range of [30, 42]  
- Machine_Type is Mill and Temperature >= 72  

---

These conditions are consistent with the examples and the general knowledge about machine failure risk factors.

---DIVIDER---

Answer:  
Step 1. The relationship between each feature and the task description:

- Temperature: Higher operating temperature may indicate overheating or stress on the machine, increasing risk of failure.
- Vibration: Elevated vibration levels often signal mechanical issues or imbalance, contributing to failure risk.
- Power_Usage: Abnormally high or low power consumption may reflect malfunction or inefficiency, implying potential failure.
- Humidity: High humidity can cause corrosion or electrical issues, raising failure risk.
- Machine_Type: Different machine types may have different baseline operational parameters and failure modes.

---

Step 2. Based on the above examples and Step 1's results, infer 10 different conditions per answer:

10 different conditions for class "0" (No risk of failure):  
- Temperature is within range of [60, 70]  
- Vibration is within range of [44, 50]  
- Power_Usage is within range of [6, 12]  
- Humidity is within range of [23, 32]  
- Machine_Type is in [Mill, Lathe, Drill]  
- Temperature < 70  
- Vibration <= 50  
- Power_Usage < 12  
- Humidity < 35  
- Machine_Type is in [Lathe, Drill] and Temperature < 70  

10 different conditions for class "1" (At risk of failure):  
- Temperature >= 70  
- Vibration > 50  
- Power_Usage >= 9  
- Humidity >= 30  
- Machine_Type is in [Mill, Drill]  
- Temperature is within range of [70, 75]  
- Vibration is within range of [49, 60]  
- Power_Usage is within range of [9, 15]  
- Humidity is within range of [30, 42]  
- Machine_Type is Mill and Temperature >= 70  

---

These conditions reflect the general tendencies in the data and common knowledge about machine failure risk factors.

---DIVIDER---

Answer:  
Step 1. The relationship between each feature and the task description:

- Temperature: Higher temperatures in machines can indicate overheating, which increases risk of failure. However, moderate temperatures may be normal.
- Vibration: Increased vibration often signals mechanical issues or imbalance, thus higher vibration usually correlates with higher failure risk.
- Power_Usage: Abnormally high or low power consumption can indicate malfunction or inefficiency, so deviations from normal ranges may increase failure risk.
- Humidity: High humidity can cause corrosion or electrical issues, increasing failure risk; low or moderate humidity is generally safer.
- Machine_Type: Different machine types may have different baseline risk profiles; some types may be more prone to failure under certain conditions.

Step 2.  
10 different conditions for class "0":  
- Temperature < 70  
- Vibration < 50  
- Power_Usage < 12  
- Humidity < 35  
- Machine_Type is in [Drill, Lathe]  
- Temperature is within range [60, 70]  
- Vibration is within range [40, 50]  
- Power_Usage is within range [6, 11]  
- Humidity is within range [20, 35]  
- Machine_Type is Lathe  

10 different conditions for class "1":  
- Temperature >= 70  
- Vibration >= 45  
- Power_Usage >= 9  
- Humidity >= 30  
- Machine_Type is Mill  
- Temperature is within range [70, 75]  
- Vibration is within range [45, 52]  
- Power_Usage is within range [9, 14]  
- Humidity is within range [30, 42]  
- Machine_Type is in [Mill, Drill]

---DIVIDER---

Answer:  
Step 1. The relationship between each feature and the task description:

- Temperature: Higher temperature often indicates overheating, which can increase risk of failure.  
- Vibration: Higher vibration levels generally imply mechanical issues or wear, increasing failure risk.  
- Power_Usage: Abnormal power usage (either too high or too low) can indicate malfunction or inefficiency, raising failure risk.  
- Humidity: High humidity can cause corrosion or electrical issues, potentially increasing failure risk.  
- Machine_Type: Different machine types may have different baseline operating conditions and failure modes.

---

Step 2. Based on examples and Step 1, infer 10 different conditions per answer class:

10 different conditions for class "0" (Not at risk):  
- Temperature < 70  
- Vibration < 50  
- Power_Usage < 12  
- Humidity < 35  
- Machine_Type is in [Mill, Drill, Lathe] (general, but combined with other conditions)  
- Temperature is within range [60, 70]  
- Vibration is within range [40, 50]  
- Power_Usage is within range [6, 12]  
- Humidity is within range [20, 35]  
- Machine_Type is Drill and Temperature < 70  

10 different conditions for class "1" (At risk):  
- Temperature >= 70  
- Vibration >= 45  
- Power_Usage >= 9  
- Humidity >= 30  
- Machine_Type is Mill and Temperature >= 70  
- Machine_Type is Mill and Vibration >= 49  
- Machine_Type is Drill and Power_Usage >= 14  
- Temperature is within range [70, 77]  
- Vibration is within range [49, 60]  
- Power_Usage is within range [9, 15]  

---

These conditions reflect the tendency that higher temperature, vibration, and power usage, especially for Mill type machines, indicate risk of failure. Lower values generally correspond to no risk.

---DIVIDER---

Answer:  
Step 1. The relationship between each feature and the task description:

- Temperature: Higher temperatures may indicate overheating, which can increase the risk of failure.  
- Vibration: Higher vibration levels generally signal mechanical issues or imbalance, increasing failure risk.  
- Power_Usage: Abnormal power consumption (too high or too low) can indicate malfunction or inefficiency, suggesting risk.  
- Humidity: Higher humidity can cause corrosion or electrical issues, raising failure risk.  
- Machine_Type: Different machine types may have different baseline tolerances and failure modes affecting risk assessment.

---

Step 2. Based on the examples and Step 1, the inferred conditions:

10 different conditions for class "0" (Not at risk):  
- Temperature <= 76.8  
- Vibration <= 58.2  
- Power_Usage <= 11.5  
- Humidity <= 41.6  
- Machine_Type is in [Lathe, Drill]  
- Temperature is within range [61.7, 76.8]  
- Vibration is within range [44.8, 58.2]  
- Power_Usage is within range [6.4, 11.5]  
- Humidity is within range [23.1, 41.6]  
- Machine_Type is in [Mill] and Vibration <= 58.2 and Power_Usage <= 11.5  

10 different conditions for class "1" (At risk):  
- Temperature < 75.0 and Power_Usage > 9.0  
- Vibration > 49.0  
- Power_Usage > 9.8  
- Humidity > 30.0  
- Machine_Type is Mill and Temperature < 73.0  
- Machine_Type is Drill and Power_Usage > 14.0  
- Temperature is within range [67.0, 74.9] and Vibration is within range [45.0, 52.0]  
- Power_Usage is within range [9.0, 14.1]  
- Vibration > 44.8 and Power_Usage > 9.0  
- Machine_Type is in [Mill, Drill] and Humidity >= 30.0 and Power_Usage > 9.0  

---

These conditions reflect the patterns seen in the examples and the common-sense relationships from Step 1.