Answer:  
Step 1. The relationship between each feature and the task description:

- **social_connection_frequency**: More frequent social connection (Daily, Weekly) likely indicates maintaining long-distance friendships through calls; less frequent (Monthly, Never) suggests less likelihood.  
- **gathering_size_preference**: Preference for large events or both small and large may indicate a more socially active person who maintains friendships actively, including long-distance; preference for small gatherings or never may indicate less social outreach.  
- **valued_friendship_traits**: Valuing Loyalty, Support, or All traits suggests a strong commitment to friendships, possibly maintaining them over distance. Valuing only Honesty or less encompassing traits may indicate less active maintenance.  
- **conflict_resolution_style**: Those who prefer to "Talk it out" or "Apologize first" are more proactive in maintaining relationships, including long-distance friendships. Avoiding conflict or letting time fix it may indicate less active maintenance.  
- **family_support_level**: Higher family support (Yes, Sometimes) may correlate with better social skills and more active friendship maintenance; No or Never may correlate with less.  
- **social_battery_recharge**: Recharging by "Talking to someone" or "Social media" suggests comfort with social interaction, including calls; "Alone time" suggests introversion and less frequent maintenance.  
- **social_orientation_type**: Extroverts and Ambiverts are more likely to maintain long-distance friendships through calls; Introverts and Not sure less so.  
- **social_anxiety_level**: Being Excited or Neutral about social situations suggests more likely to maintain friendships; Avoid it or Nervous suggests less likely.  
- **emotional_expression_method**: "Talk openly" or "Express emotion strongly" indicates readiness to communicate, supporting long-distance friendship maintenance; "Stay silent" or "Other" less so.  
- **primary_anger_sources**: Less directly relevant, but being triggered by Injustice or Selfishness may indicate sensitivity affecting communication; Being interrupted or Unnecessary criticism may be linked to social engagement style.

---

Step 2.  
10 different conditions for class "0" (Does NOT maintain long-distance friendships through calls):  
- social_connection_frequency is in [Never, Monthly]  
- gathering_size_preference is in [Small gatherings, Never]  
- valued_friendship_traits is in [Honesty]  
- conflict_resolution_style is in [Avoid conflict, Let time fix it]  
- family_support_level is in [No, Never]  
- social_battery_recharge is in [Alone time]  
- social_orientation_type is in [Introvert, Not sure]  
- social_anxiety_level is in [Nervous, Avoid it]  
- emotional_expression_method is in [Stay silent, Other]  
- primary_anger_sources is in [Unnecessary criticism, Selfishness]

10 different conditions for class "1" (Does maintain long-distance friendships through calls):  
- social_connection_frequency is in [Daily, Weekly]  
- gathering_size_preference is in [Large events, Both]  
- valued_friendship_traits is in [Loyalty, Support, All, All the three and trust, Understanding person]  
- conflict_resolution_style is in [Talk it out, Apologize first]  
- family_support_level is in [Yes, Sometimes]  
- social_battery_recharge is in [Talking to someone, Social media]  
- social_orientation_type is in [Extrovert, Ambivert]  
- social_anxiety_level is in [Excited, Neutral]  
- emotional_expression_method is in [Talk openly, Express emotion strongly]  
- primary_anger_sources is in [Being interrupted, Injustice]

---

These conditions align with the examples and the inferred tendencies from the features.

---DIVIDER---

Answer:  
Step 1. The relationship between each feature and the task description:

- **social_connection_frequency**: Higher frequency (Daily, Weekly) suggests maintaining active connections, possibly including long-distance calls; lower frequency (Monthly, Never) suggests less frequent contact, less likely to maintain long-distance friendships through calls.  
- **gathering_size_preference**: Preference for large events or both might indicate more social openness and more opportunities for maintaining friendships, including long-distance; preference for small gatherings or never may indicate less social interaction or more intimate/local relationships.  
- **valued_friendship_traits**: Valuing traits like Loyalty, Support, or All (including trust) implies a deeper commitment to friendships, possibly including efforts to maintain them over distance; Honesty alone may not strongly indicate maintaining long-distance friendships.  
- **conflict_resolution_style**: Active styles like Talk it out or Apologize first suggest engagement and effort in relationships, which may correlate with maintaining long-distance friendships; Avoid conflict or Let time fix it may indicate less proactive maintenance.  
- **family_support_level**: Having family support (Yes, Sometimes) could provide emotional resources to maintain friendships; No or Never might reduce social support systems, possibly impacting friendship maintenance.  
- **social_battery_recharge**: Preferring Talking to someone or Social media suggests social engagement and communication, which may support maintaining long-distance friendships through calls; Alone time or None of the above suggests less social interaction.  
- **social_orientation_type**: Extroverts and Ambiverts are more likely to maintain active social connections including long-distance calls; Introverts or Not sure might prefer fewer or local social connections.  
- **social_anxiety_level**: Being Excited or Neutral about social interaction suggests comfort with socializing, supporting maintaining friendships through calls; Nervous or Avoid it suggests discomfort, reducing likelihood.  
- **emotional_expression_method**: Talking openly or Express emotion strongly indicates willingness to communicate, which facilitates maintaining friendships through calls; Stay silent or Other may indicate less verbal communication.  
- **primary_anger_sources**: This feature is less directly related to maintaining friendships through calls; however, triggers like Injustice or Being interrupted may affect communication style but do not strongly predict friendship maintenance.

---

Step 2. Based on the above analysis and examples, infer 10 different conditions per answer class.

10 different conditions for class "0":  
- social_connection_frequency is in [Monthly, Never]  
- gathering_size_preference is in [Small gatherings, Never]  
- valued_friendship_traits is in [Honesty]  
- conflict_resolution_style is in [Avoid conflict, Let time fix it]  
- family_support_level is in [No, Never]  
- social_battery_recharge is in [Alone time, None of the above]  
- social_orientation_type is in [Introvert, Not sure]  
- social_anxiety_level is in [Nervous, Avoid it]  
- emotional_expression_method is in [Stay silent, Other]  
- social_connection_frequency is Monthly and gathering_size_preference is Small gatherings  

10 different conditions for class "1":  
- social_connection_frequency is in [Daily, Weekly]  
- gathering_size_preference is in [Large events, Both]  
- valued_friendship_traits is in [Loyalty, Support, All, All the three and trust, Understanding person]  
- conflict_resolution_style is in [Talk it out, Apologize first]  
- family_support_level is in [Yes, Sometimes]  
- social_battery_recharge is in [Talking to someone, Social media]  
- social_orientation_type is in [Extrovert, Ambivert]  
- social_anxiety_level is in [Excited, Neutral]  
- emotional_expression_method is in [Talk openly, Express emotion strongly]  
- social_connection_frequency is Weekly and gathering_size_preference is Large events

---DIVIDER---

Answer:  
Step 1. The relationship between each feature and the task description (Does this person maintain long-distance friendships through calls?):

- **social_connection_frequency**: Higher frequency (Daily, Weekly) likely indicates maintaining friendships through calls; lower frequency (Monthly, Never) suggests less maintenance.
- **gathering_size_preference**: Preference for large events or both might indicate more social engagement and possibly maintaining long-distance friendships; preference for small gatherings or never may indicate limited social interaction.
- **valued_friendship_traits**: Traits like Support, Loyalty, Honesty may motivate maintaining friendships actively; valuing all or multiple traits may indicate stronger motivation.
- **conflict_resolution_style**: Styles like "Talk it out" or "Apologize first" suggest proactive communication, possibly maintaining friendships through calls; "Avoid conflict" or "Let time fix it" may indicate less active maintenance.
- **family_support_level**: Higher family support ("Yes") may correlate with stronger social skills and maintaining friendships; lower support ("No", "Never") may reduce maintenance.
- **social_battery_recharge**: Preferences like "Talking to someone" or "Social media" suggest active social engagement, possibly through calls; "Alone time" or "None of the above" may indicate less social contact.
- **social_orientation_type**: Extroverts and Ambiverts are more likely to maintain friendships actively; Introverts or "Not sure" may be less likely.
- **social_anxiety_level**: Levels like "Excited" or "Neutral" suggest comfort with social interaction, facilitating calls; "Avoid it" or "Nervous" may reduce likelihood.
- **emotional_expression_method**: "Talk openly" or "Express emotion strongly" indicate willingness to communicate, supporting maintenance of friendships; "Stay silent" or "Other" may indicate less communication.
- **primary_anger_sources**: Less directly related, but triggers like "Being interrupted" or "Selfishness" may affect communication style; not a strong predictor alone.

---

Step 2.  
10 different conditions for class "0" (Does NOT maintain long-distance friendships through calls):

- social_connection_frequency is in [Never, Monthly]  
- gathering_size_preference is in [Small gatherings, Never]  
- valued_friendship_traits is in [Honesty, Support]  
- conflict_resolution_style is in [Avoid conflict, Let time fix it]  
- family_support_level is in [No, Never]  
- social_battery_recharge is in [Alone time, None of the above]  
- social_orientation_type is in [Introvert, Not sure]  
- social_anxiety_level is in [Nervous, Avoid it]  
- emotional_expression_method is in [Stay silent, Other]  
- social_connection_frequency is Monthly and gathering_size_preference is Small gatherings  

---

10 different conditions for class "1" (Does maintain long-distance friendships through calls):

- social_connection_frequency is in [Daily, Weekly]  
- gathering_size_preference is in [Large events, Both]  
- valued_friendship_traits is in [Loyalty, Support]  
- conflict_resolution_style is in [Talk it out, Apologize first]  
- family_support_level is in [Yes, Sometimes]  
- social_battery_recharge is in [Talking to someone, Social media]  
- social_orientation_type is in [Extrovert, Ambivert]  
- social_anxiety_level is in [Excited, Neutral]  
- emotional_expression_method is in [Talk openly, Express emotion strongly]  
- social_connection_frequency is Weekly and emotional_expression_method is Talk openly  

---

These conditions align with the examples and common-sense understanding of social behavior relevant to maintaining long-distance friendships through calls.

---DIVIDER---

Answer:  
Step 1. The relationship between each feature and the task description:

- social_connection_frequency: Higher frequency (Daily, Weekly) suggests active maintenance of friendships, including long-distance calls; lower frequency (Monthly, Never) suggests less active maintenance.  
- gathering_size_preference: Preference for large events or both might indicate more social engagement and networking, which could include long-distance friendships. Preference for small gatherings or never might indicate less social interaction or more intimate/local connections.  
- valued_friendship_traits: Valuing loyalty, support, or honesty could motivate maintaining friendships through calls; more general or vague traits may not strongly indicate this.  
- conflict_resolution_style: Talking it out or apologizing first indicates active communication, which aligns with maintaining friendships through calls; avoiding conflict or letting time fix it may indicate less active communication.  
- family_support_level: Higher family support (Yes) might correlate with stronger social ties overall, possibly including long-distance friendships; no or low support might reduce motivation or opportunity.  
- social_battery_recharge: Preferring talking to someone suggests comfort with verbal communication, supporting maintaining friendships by calls; preferring alone time or social media might not strongly indicate calls.  
- social_orientation_type: Extroverts or ambiverts are more likely to maintain active social connections including calls; introverts or unsure may be less likely.  
- social_anxiety_level: Excited or neutral levels suggest comfort or positive attitude towards social interaction, supporting calls; avoid it or nervous might indicate reluctance.  
- emotional_expression_method: Talking openly or expressing emotions strongly indicates comfort with verbal communication, supporting calls; staying silent or other methods less so.  
- primary_anger_sources: Not strongly indicative, but being triggered by selfishness or interruptions might affect communication style; less relevant overall.

---

Step 2. Based on Step 1 and examples, infer 10 different conditions per answer class:

10 different conditions for class "0" (Does NOT maintain long-distance friendships through calls):  
- social_connection_frequency is in [Monthly, Never]  
- gathering_size_preference is in [Never, Small gatherings]  
- valued_friendship_traits is in [Support, Honesty] (without Loyalty)  
- conflict_resolution_style is in [Avoid conflict, Let time fix it]  
- family_support_level is in [No, Sometimes]  
- social_battery_recharge is in [Alone time, Social media]  
- social_orientation_type is in [Introvert, Not sure]  
- social_anxiety_level is in [Nervous, Avoid it]  
- emotional_expression_method is in [Stay silent, Other]  
- primary_anger_sources is in [Selfishness, Injustice] (less relevant but seen in 0 answers)

10 different conditions for class "1" (Does maintain long-distance friendships through calls):  
- social_connection_frequency is in [Daily, Weekly]  
- gathering_size_preference is in [Large events, Both]  
- valued_friendship_traits is in [Loyalty, Support, Honesty] (especially Loyalty)  
- conflict_resolution_style is in [Talk it out, Apologize first]  
- family_support_level is in [Yes]  
- social_battery_recharge is in [Talking to someone]  
- social_orientation_type is in [Extrovert, Ambivert]  
- social_anxiety_level is in [Excited, Neutral]  
- emotional_expression_method is in [Talk openly, Express emotion strongly]  
- primary_anger_sources is in [Being interrupted, Unnecessary criticism] (less relevant but seen in 1 answers)

---

These conditions align with the examples given and general knowledge about social behavior and communication.

---DIVIDER---

Answer:  
Step 1. The relationship between each feature and the task description:

- **social_connection_frequency**: Higher frequency (Daily, Weekly) likely indicates maintaining long-distance friendships through calls; lower frequency (Monthly, Never) suggests less communication, thus less likely to maintain such friendships.  
- **gathering_size_preference**: Preference for large events or both might indicate more social openness and effort to maintain broader friendships, including long-distance; preference for small gatherings or never might indicate limited social interaction, less likely to maintain long-distance friendships.  
- **valued_friendship_traits**: Valuing loyalty, support, or all traits may correlate with maintaining long-distance friendships; valuing only honesty or other singular traits may not strongly indicate maintaining such friendships.  
- **conflict_resolution_style**: Proactive styles like "Talk it out" or "Apologize first" suggest active communication, helpful in maintaining long-distance friendships; avoidance styles might indicate less engagement.  
- **family_support_level**: Higher family support (Yes, Sometimes) might encourage social connectivity; no or never might correlate with less social engagement.  
- **social_battery_recharge**: Preference for "Talking to someone" or "Social media" suggests social engagement, possibly maintaining long-distance friendships; "Alone time" or "None of the above" suggests less social interaction.  
- **social_orientation_type**: Extroverts and ambiverts are more likely to maintain long-distance friendships; introverts or "Not sure" less likely.  
- **social_anxiety_level**: Excited or Neutral social anxiety levels suggest comfort in social interactions, supporting maintenance of long-distance friendships; Avoid it or Nervous suggest reluctance or anxiety, less likely to maintain.  
- **emotional_expression_method**: Talking openly or expressing emotions strongly suggests active communication, supporting maintenance; staying silent or other methods may indicate less communication.  
- **primary_anger_sources**: Less directly related, but being triggered by injustice or selfishness might correlate with stronger social values and thus maintaining friendships; being triggered by interruptions or criticism may relate to social discomfort.

---

Step 2. Based on Step 1 and examples, infer 10 different conditions per answer:

10 different conditions for class "0":  
- social_connection_frequency is in [Monthly, Never]  
- gathering_size_preference is in [Small gatherings, Never]  
- valued_friendship_traits is in [Honesty]  
- conflict_resolution_style is in [Avoid conflict, Let time fix it]  
- family_support_level is in [No, Never]  
- social_battery_recharge is in [Alone time, None of the above]  
- social_orientation_type is in [Introvert, Not sure]  
- social_anxiety_level is in [Nervous, Avoid it]  
- emotional_expression_method is in [Stay silent, Other]  
- primary_anger_sources is in [Being interrupted, Selfishness]

10 different conditions for class "1":  
- social_connection_frequency is in [Daily, Weekly]  
- gathering_size_preference is in [Large events, Both]  
- valued_friendship_traits is in [Loyalty, Support, All, All the three and trust]  
- conflict_resolution_style is in [Talk it out, Apologize first]  
- family_support_level is in [Yes, Sometimes]  
- social_battery_recharge is in [Talking to someone, Social media]  
- social_orientation_type is in [Extrovert, Ambivert]  
- social_anxiety_level is in [Excited, Neutral]  
- emotional_expression_method is in [Talk openly, Express emotion strongly]  
- primary_anger_sources is in [Injustice, Unnecessary criticism]

---

These conditions align with the provided examples and reflect reasonable causal relationships between features and the likelihood of maintaining long-distance friendships through calls.