Answer:  
Step 1. The relationship between each feature and the task description:

- Vmag (apparent magnitude): This indicates how bright the star appears from Earth. Giant stars tend to be intrinsically luminous but may appear faint if far away. Alone, Vmag is not a strong indicator of giant status without distance.

- Plx (parallax): Larger parallax means closer star. Giants can be near or far, but generally, nearby stars with small absolute magnitude (bright) might be giants.

- e_Plx (error in parallax): High error reduces confidence in distance and thus in absolute magnitude calculation; less reliable for classification.

- B-V (color index): Indicates star temperature and spectral type; giants often have larger B-V (redder colors) but this depends on spectral class.

- SpType (spectral type): The luminosity class encoded in SpType (e.g., III, II, IV, V) is a direct indicator of giant status. Giants are usually class III or II; main sequence stars are class V.

- Amag (absolute magnitude): Intrinsic brightness. Giants typically have lower (more negative or smaller positive) Amag values than dwarfs, but the examples show very large Amag values, possibly due to some scaling. Since Amag is given numerically, it can be used to differentiate giants from dwarfs.

Step 2. Based on the above and examples, infer 10 different conditions per answer.

10 different conditions for class "0" (not giant):

- SpType is in [G1V, F3V, F5V, K5V, B8V, B9V]  
- Amag >= 17  
- B-V <= 0.5  
- Plx >= 5  
- Vmag >= 7  
- e_Plx <= 1.0  
- SpType ends with 'V' (main sequence stars)  
- Amag is within range [17, 20]  
- B-V is within range [0.3, 0.6]  
- Plx is within range [5, 10]

10 different conditions for class "1" (giant):

- SpType is in [K1IIICN, G8III, B9III/IV, K3III, G5III]  
- Amag <= 15  
- B-V >= 0.9  
- Plx <= 2  
- Vmag <= 7.5  
- e_Plx >= 0.5  
- SpType contains 'III' or 'II' (luminosity class giant or bright giant)  
- Amag is within range [13, 16]  
- B-V is within range [0.9, 1.5]  
- Plx is within range [0, 3]

These conditions reflect spectral types indicating luminosity class, Amag ranges, and color indices consistent with giant stars or main sequence stars.

---DIVIDER---

Answer:  
Step 1. The relationship between each feature and the task description:

- Vmag (apparent visual magnitude): Brighter stars (lower Vmag) are often closer or intrinsically brighter; giants tend to have lower absolute magnitudes but apparent magnitude depends on distance, so alone not definitive.
- Plx (parallax): Larger parallax means closer star; giants can be at various distances, but combined with brightness can help infer absolute magnitude.
- e_Plx (error in parallax): High error reduces confidence in distance measurement; less useful directly for classification.
- B-V (color index): Indicates star temperature; giants usually have a range of B-V values depending on spectral type but can be redder (higher B-V) than main-sequence stars of same spectral class.
- SpType (spectral type): The luminosity class embedded (e.g., V = main sequence, III = giant, II = bright giant) is a strong indicator; stars with III, II, or intermediate classes are giants.
- Amag (absolute magnitude): Giants have lower absolute magnitudes (brighter intrinsically) compared to main-sequence stars of similar spectral type; higher Amag values mean fainter stars (note: the examples show large Amag values which might be due to scaling or distance modulus).

Step 2.  
10 different conditions for class "0" (not giant):  
- SpType is in [G1V, F3V, F5V, K5V, B8V, B9V]  
- Amag >= 17  
- Vmag > 7  
- Plx >= 5  
- B-V <= 0.5  
- SpType contains "V" but not "III" or "II" (i.e., main sequence only)  
- Amag is within range [17, 20]  
- Plx is within range [5, 10]  
- Vmag >= 7 and B-V <= 0.6  
- e_Plx < 1.5 and SpType ends with "V"  

10 different conditions for class "1" (giant):  
- SpType is in [G8III, K1IIICN, B9III/IV, K1III, G5III]  
- Amag < 17  
- Vmag <= 7  
- Plx < 5  
- B-V > 0.8  
- SpType contains "III" or "II" (luminosity class giant or bright giant)  
- Amag is within range [13, 17]  
- Plx is within range [0, 5]  
- Vmag < 7 and B-V >= 1.0  
- e_Plx < 1.0 and SpType contains "III"  

These conditions reflect the spectral classification (luminosity class), absolute magnitude ranges, and color indices typical of giants and non-giants, consistent with the examples given.

---DIVIDER---

Answer:  
Step 1. The relationship between each feature and the task description:

- Vmag (apparent visual magnitude): Brighter stars (lower Vmag) might be giants if they are distant, but apparent magnitude alone is not a strong indicator because it depends on distance.
- Plx (parallax): Smaller parallax means larger distance; giants tend to be luminous and visible at greater distances with smaller parallax values.
- e_Plx (error in parallax): Large errors reduce reliability of distance and absolute magnitude estimates.
- B-V (color index): Giants often have redder colors (higher B-V), but this depends on spectral type.
- SpType (spectral type): Luminosity class in spectral type (e.g., III for giants, V for dwarfs) is a strong indicator of giant status.
- Amag (absolute magnitude): Giants have lower absolute magnitudes (brighter) than dwarfs; higher Amag values (numerically smaller or negative) indicate brighter stars.

Step 2.  
10 different conditions for class "0" (not a giant star):  
- SpType is in [G1V, F3V, F5V, K5V, B8V, B9V]  
- Amag > 15  
- Plx >= 5  
- B-V < 0.7  
- Vmag > 7  
- Amag is within range of [16, 20]  
- Plx is within range of [5, 15]  
- e_Plx < 1.5  
- SpType ends with "V" (indicating main sequence stars)  
- B-V <= 0.5  

10 different conditions for class "1" (giant star):  
- SpType is in [K1IIICN, G8III, B9III/IV]  
- Amag <= 15  
- Plx < 5  
- B-V >= 0.8  
- Vmag <= 7.5  
- Amag is within range of [10, 15]  
- Plx is within range of [0, 5]  
- e_Plx >= 0.5  
- SpType contains "III" or "II" (indicating giant or bright giant luminosity class)  
- B-V > 1.0

---DIVIDER---

Answer:  
Step 1. The relationship between each feature and the task description:

- Vmag (apparent visual magnitude): Brighter stars (lower Vmag) tend to be giants if they are intrinsically bright and far away; however, apparent brightness alone is not a reliable indicator because it depends on distance.
- Plx (parallax): Smaller parallax means the star is farther away; giants tend to be luminous and visible at larger distances with smaller parallaxes.
- e_Plx (error in parallax): High error reduces reliability of distance estimation; less relevant directly to classification.
- B-V (color index): Indicates star temperature and spectral type; giants often have specific B-V ranges depending on their spectral type.
- SpType (spectral type): Luminosity class in spectral type (e.g., III for giants, V for main-sequence) is a direct indicator of whether the star is a giant.
- Amag (absolute magnitude): Giants have lower (brighter) absolute magnitudes compared to dwarfs; a key feature for classification.

---

10 different conditions for class "0" (not giant):

- SpType is in [G1V, F3V, F0V, B8/B9V, K5V]  
- SpType is in categories ending with 'V' (luminosity class V, main sequence)  
- Amag (absolute magnitude) >= 15  
- Amag (absolute magnitude) is within range of [16, 20]  
- Vmag (apparent magnitude) > 7.5  
- Plx (parallax) >= 5  
- B-V < 0.5  
- e_Plx (parallax error) < 1.0 (indicating reliable parallax but still main sequence)  
- B-V is within range of [0.3, 0.6]  
- Plx is within range of [5, 10]  

---

10 different conditions for class "1" (giant):

- SpType is in categories containing 'III' or 'III/IV' (luminosity class III or intermediate giant)  
- Amag (absolute magnitude) < 15  
- Amag (absolute magnitude) is within range of [10, 15]  
- Vmag (apparent magnitude) <= 7.5  
- Plx (parallax) < 5  
- B-V > 0.9  
- B-V is within range of [0.9, 1.5]  
- e_Plx (parallax error) >= 0.5 (less reliable parallax but consistent with distant giants)  
- Plx is within range of [1, 5]  
- Vmag is within range of [4, 7.5]  

---

These conditions align with the examples and astrophysical understanding: giants have spectral types with luminosity class III, lower absolute magnitudes (brighter intrinsically), redder colors (higher B-V), smaller parallaxes (farther away), and generally brighter apparent magnitudes if nearby. Non-giants (dwarfs) have luminosity class V, fainter absolute magnitudes, bluer colors, larger parallaxes, and fainter apparent magnitudes at similar distances.

---DIVIDER---

Answer:  
Step 1. The relationship between each feature and the task description:

- Vmag (apparent visual magnitude): Brighter stars (lower Vmag) are often closer or intrinsically luminous; giants tend to have lower Amag but Vmag alone is less direct since it depends on distance.  
- Plx (parallax): Larger parallax means closer star; distance affects apparent brightness but not intrinsic classification; giants can be nearby or far.  
- e_Plx (error in parallax): Measurement uncertainty; high error reduces confidence in distance and absolute magnitude calculation.  
- B-V (color index): Indicates star temperature and spectral class; giants often have distinct B-V values compared to dwarfs.  
- SpType (spectral type): The luminosity class in spectral type (e.g., III for giants, V for main sequence dwarfs) directly relates to whether the star is giant or not.  
- Amag (absolute magnitude): Intrinsic brightness; giants have lower (brighter) absolute magnitudes compared to dwarfs, so Amag is a strong indicator.

Step 2. Based on the above and examples, infer 10 different conditions per answer class:

10 different conditions for class "0" (not giant):  
- SpType is in [G1V, F3V, F5V, F0V, K5V]  
- Amag >= 16  
- B-V <= 0.6  
- Vmag > 7  
- Plx >= 5  
- e_Plx <= 1  
- Amag is within range of [16, 20]  
- B-V is within range of [0.3, 0.6]  
- SpType ends with "V" (main sequence)  
- Amag > 15  

10 different conditions for class "1" (giant):  
- SpType contains "III" or "IIICN" or "III/IV"  
- Amag < 16  
- B-V > 0.9  
- Vmag <= 7.5  
- Plx < 5  
- e_Plx >= 0.5  
- Amag is within range of [13, 16]  
- B-V is within range of [0.9, 1.3]  
- SpType ends with "III" or "II" (luminosity class for giants)  
- Amag < 15  

These conditions reflect typical giant star properties: spectral type with luminosity class III, brighter intrinsic magnitude (lower Amag), redder color index (higher B-V), and often lower parallax due to being farther away. Non-giants (dwarfs) have main sequence spectral types (V), fainter absolute magnitude, and bluer colors.