Answer:  
Step 1. The relationship between each feature and the task description:

- Gender: Satisfaction may not strongly depend on gender, but subtle differences in communication preferences or expectations might exist.  
- Age: Older clients might have different expectations or experiences with the call center, possibly influencing satisfaction.  
- Education: Higher education might correlate with higher expectations or more critical evaluation of service quality.  
- Nationality: Cultural or language differences could affect satisfaction with service.  
- Marital_Status: Possibly minor effect; married clients might have different concerns or expectations.  
- Governorate: Regional differences in service quality or accessibility might influence satisfaction.  
- Aware_151: Awareness of the service might increase satisfaction if clients know what to expect.  
- Call_151: Whether the client actually called the service could affect satisfaction (those who called might have stronger opinions).  
- The_reason_of_the_call: Calls for complaints are likely associated with dissatisfaction; inquiries or consultations might be linked to higher satisfaction.  
- Call_center_employee_communication_skills_evaluation: Higher ratings likely correlate positively with satisfaction.  
- Satisfaction_with_the_doctors_response: Higher satisfaction with doctors’ responses likely strongly correlates with overall satisfaction.  
- How_often_do_you_receive_call_center_news: More frequent updates might increase satisfaction through better communication or perceived transparency.

---

Step 2. 10 different conditions for class "0" (client not satisfied):  
- The_reason_of_the_call is Complaints  
- Call_center_employee_communication_skills_evaluation < 3.0  
- Satisfaction_with_the_doctors_response < 3.0  
- Call_151 is Yes  
- Aware_151 is Yes  
- Gender is Male  
- Age is in [18-24, 25-29]  
- Education is in [High school, Diploma]  
- How_often_do_you_receive_call_center_news <= 2.9  
- Nationality is Other nationality  

---

10 different conditions for class "1" (client satisfied):  
- The_reason_of_the_call is in [Inquiries, Medical_Consultation]  
- Call_center_employee_communication_skills_evaluation >= 3.0  
- Satisfaction_with_the_doctors_response >= 3.0  
- Call_151 is No  
- Aware_151 is No  
- Gender is Female  
- Age is in [30-39, 40-49, 50-59]  
- Education is in [Bachelor, Master]  
- How_often_do_you_receive_call_center_news > 2.5  
- Marital_Status is in [Married, Widow, Widower]  

---

These conditions are inferred from the example data patterns and general reasoning about customer satisfaction factors in call center contexts.

---DIVIDER---

Answer:  
Step 1. The relationship between each feature and the task description:

- Gender: Likely no strong direct effect on satisfaction, but could reflect different communication preferences or expectations.  
- Age: Older clients might be more satisfied due to different expectations or experiences; younger clients might be more critical.  
- Education: Higher education might correlate with higher expectations or better understanding, influencing satisfaction positively or negatively.  
- Nationality: Kuwaiti clients might have different satisfaction levels compared to other nationalities due to cultural or service familiarity.  
- Marital_Status: Possibly minor effect; married clients might have different needs or patience levels.  
- Governorate: Regional differences could affect satisfaction due to local service quality or accessibility.  
- Aware_151: Awareness of the service might increase satisfaction as expectations are better aligned.  
- Call_151: Having called the service might relate to satisfaction depending on the experience.  
- The_reason_of_the_call: Complaints likely correlate with lower satisfaction; inquiries or medical consultation might correlate with higher satisfaction.  
- Call_center_employee_communication_skills_evaluation: Higher ratings likely strongly correlate with higher satisfaction.  
- Satisfaction_with_the_doctors_response: Higher satisfaction with doctor responses likely strongly correlates with overall satisfaction.  
- How_often_do_you_receive_call_center_news: More frequent news reception might correlate with higher satisfaction due to better engagement or information flow.

---

Step 2.  
10 different conditions for class "0" (Not satisfied):  
- The_reason_of_the_call is in [Complaints]  
- Call_center_employee_communication_skills_evaluation <= 3.0  
- Satisfaction_with_the_doctors_response <= 3.0  
- How_often_do_you_receive_call_center_news < 3.0  
- Call_151 is in [No]  
- Age is in [18-24, 25-29]  
- Nationality is in [Other nationality]  
- Education is in [High school, Diploma]  
- Marital_Status is in [Single]  
- Governorate is in [Around, AlAhmadi, Farwaniya]

10 different conditions for class "1" (Satisfied):  
- The_reason_of_the_call is in [Inquiries, Medical_Consultation]  
- Call_center_employee_communication_skills_evaluation > 3.0  
- Satisfaction_with_the_doctors_response > 3.0  
- How_often_do_you_receive_call_center_news >= 3.0  
- Call_151 is in [Yes]  
- Age is in [30-39, 40-49, 50-59]  
- Nationality is in [Kuwaiti]  
- Education is in [Bachelor, Master, Diploma]  
- Marital_Status is in [Married, Widow]  
- Governorate is in [Capital, Mubarak AlKabir, Jahra]

---

These conditions are derived from the tendencies observed in the examples and the logical relationships inferred from the features.

---DIVIDER---

Answer:  
Step 1. The relationship between each feature and the task description:

- Gender: Probably no strong direct effect on satisfaction, but could influence communication style or expectations.  
- Age: Older clients might have different expectations or experience levels, possibly affecting satisfaction.  
- Education: Higher education might correlate with higher expectations or better understanding of services, influencing satisfaction.  
- Nationality: Cultural or language differences might affect satisfaction or communication.  
- Marital_Status: May influence emotional state or expectations but likely weak effect on satisfaction.  
- Governorate: Regional differences in service quality or access could influence satisfaction.  
- Aware_151: Awareness of the service might affect satisfaction positively if expectations are aligned.  
- Call_151: Having called the service might indicate more engagement or experience, possibly influencing satisfaction.  
- The_reason_of_the_call: Complaints likely correlate with dissatisfaction; inquiries or medical consultation might correlate with higher satisfaction.  
- Call_center_employee_communication_skills_evaluation: Higher ratings likely correlate strongly with satisfaction.  
- Satisfaction_with_the_doctors_response: Higher satisfaction with doctors likely correlates strongly with overall satisfaction.  
- How_often_do_you_receive_call_center_news: More frequent updates might increase satisfaction due to better information flow.

---

Step 2.  
10 different conditions for class "0" (client was NOT satisfied):

- The_reason_of_the_call is Complaints  
- Call_center_employee_communication_skills_evaluation <= 3.0  
- Satisfaction_with_the_doctors_response <= 3.0  
- How_often_do_you_receive_call_center_news < 3.0  
- Call_151 is No  
- Aware_151 is Yes and The_reason_of_the_call is Complaints  
- Education is High school or Less than high school and The_reason_of_the_call is Complaints  
- Gender is Male and The_reason_of_the_call is Complaints  
- Age is 18-24 and The_reason_of_the_call is Complaints  
- Governorate is Farwaniya or Jahra and The_reason_of_the_call is Complaints  

10 different conditions for class "1" (client was satisfied):

- The_reason_of_the_call is Inquiries or Medical_Consultation  
- Call_center_employee_communication_skills_evaluation > 2.5  
- Satisfaction_with_the_doctors_response > 2.5  
- How_often_do_you_receive_call_center_news >= 2.5  
- Call_151 is Yes  
- Aware_151 is No and The_reason_of_the_call is Complaints and How_often_do_you_receive_call_center_news >= 2.5  
- Education is Bachelor or Master and The_reason_of_the_call is Inquiries  
- Gender is Female and The_reason_of_the_call is Inquiries or Medical_Consultation  
- Age is 30-39 or 40-49 and Satisfaction_with_the_doctors_response > 2.5  
- Governorate is Mubarak AlKabir or AlAhmadi and Call_center_employee_communication_skills_evaluation > 2.5  

---

These conditions are derived by correlating the feature values and the given answers in the examples, matching the patterns of satisfaction (1) and dissatisfaction (0).

---DIVIDER---

Answer:  
Step 1. The relationship between each feature and the task description:  

- Gender: Gender likely has minimal direct impact on satisfaction but may show demographic tendencies.  
- Age: Older clients might have different expectations and satisfaction levels than younger ones.  
- Education: Higher education might correlate with higher expectations or better understanding of services.  
- Nationality: Kuwaiti vs. other nationality might influence satisfaction due to cultural or service familiarity.  
- Marital_Status: Possibly minor impact, but married or single might have different communication preferences.  
- Governorate: Regional differences might affect service quality perception or accessibility.  
- Aware_151: Awareness of the service could increase satisfaction due to better understanding of offerings.  
- Call_151: Whether the client has called the service could indicate engagement and influence satisfaction.  
- The_reason_of_the_call: Reason for calling (complaints vs. inquiries vs. medical consultation) likely strongly influences satisfaction. Complaints might correlate with dissatisfaction.  
- Call_center_employee_communication_skills_evaluation: Higher ratings likely correlate with higher satisfaction.  
- Satisfaction_with_the_doctors_response: Direct measure of satisfaction, higher values mean more satisfaction.  
- How_often_do_you_receive_call_center_news: Frequent updates might increase satisfaction through better communication.  

---

Step 2. Based on the above examples and Step 1's results, infer 10 different conditions per answer:

10 different conditions for class "0" (client not satisfied):  
- The_reason_of_the_call is Complaints  
- Call_center_employee_communication_skills_evaluation < 3.0  
- Satisfaction_with_the_doctors_response < 3.5  
- Gender is Male  
- Age is in [18-24, 25-29]  
- Nationality is Other nationality  
- Call_151 is Yes  
- Aware_151 is Yes  
- How_often_do_you_receive_call_center_news is within range [2.5, 3.0]  
- Education is in [High school, Diploma]  

10 different conditions for class "1" (client satisfied):  
- The_reason_of_the_call is in [Inquiries, Medical_Consultation]  
- Call_center_employee_communication_skills_evaluation >= 3.0  
- Satisfaction_with_the_doctors_response >= 3.0  
- Gender is Female  
- Age is in [30-39, 40-49, 50-59]  
- Nationality is Kuwaiti  
- Call_151 is No  
- Aware_151 is No  
- How_often_do_you_receive_call_center_news > 3.0  
- Education is in [Bachelor, Master, Diploma]

---DIVIDER---

Answer:  
Step 1. The relationship between each feature and the task description:

- Gender: Gender itself may not strongly influence satisfaction, but cultural or communication differences could exist.
- Age: Older clients might have different expectations or satisfaction levels than younger ones.
- Education: Higher education might correlate with higher expectations or better understanding of services.
- Nationality: Kuwaiti clients might have different satisfaction levels than others due to cultural or service familiarity.
- Marital_Status: Married or single status may influence satisfaction due to different communication needs or expectations.
- Governorate: Regional differences might affect satisfaction due to service availability or quality.
- Aware_151: Awareness of the service could increase satisfaction by setting expectations.
- Call_151: Clients who called the service might be more or less satisfied based on their experience.
- The_reason_of_the_call: Reason for calling (e.g., complaints vs inquiries) likely strongly affects satisfaction.
- Call_center_employee_communication_skills_evaluation: Higher scores likely correlate with higher satisfaction.
- Satisfaction_with_the_doctors_response: Higher satisfaction with doctors likely leads to overall satisfaction.
- How_often_do_you_receive_call_center_news: More frequent updates might increase satisfaction by keeping clients informed.

---

Step 2. Based on the above examples and Step 1's results, infer 10 different conditions per answer class:

10 different conditions for class "0" (client NOT satisfied):  
- The_reason_of_the_call is Complaints  
- Call_center_employee_communication_skills_evaluation <= 3.0  
- Satisfaction_with_the_doctors_response <= 3.0  
- Call_151 is No  
- Aware_151 is Yes  
- How_often_do_you_receive_call_center_news < 3.0  
- Gender is Male  
- Age is 18-24  
- Education is High school  
- Nationality is Other nationality  

10 different conditions for class "1" (client satisfied):  
- The_reason_of_the_call is Inquiries or Medical_Consultation or Vaccination  
- Call_center_employee_communication_skills_evaluation >= 3.0  
- Satisfaction_with_the_doctors_response >= 3.0  
- Call_151 is No or Yes (both appear, but mostly No in examples)  
- Aware_151 is No or Yes (both appear)  
- How_often_do_you_receive_call_center_news >= 2.5  
- Gender is Female  
- Age is 30-39 or 40-49 or 50-59  
- Education is Bachelor or Master or Diploma  
- Nationality is Kuwaiti  

---

These conditions reflect tendencies seen in the examples and align with common sense interpretations of satisfaction drivers.