Answer:  
Step 1. The relationship between each feature and the task description:

- Gender: Likely no strong direct effect on satisfaction; satisfaction depends more on service quality than gender.
- Age: Older clients might have different expectations; younger clients might be less satisfied if service is slow or unclear.
- Education: Higher education might correlate with higher expectations and possibly lower satisfaction if expectations are unmet.
- Nationality: Local (Kuwaiti) clients might have different satisfaction levels compared to others due to cultural or service familiarity.
- Marital_Status: Possibly no strong direct effect on satisfaction.
- Governorate: Regional differences might affect satisfaction due to service availability or quality variations.
- Aware_151: Awareness of the service might correlate with higher satisfaction as clients understand the service better.
- Call_151: Clients who have called might have stronger opinions; repeated callers might be less satisfied if issues unresolved.
- The_reason_of_the_call: Complaints likely correlate with dissatisfaction; Medical_Consultation or Vaccination might correlate with higher satisfaction if service is good.
- Call_center_employee_communication_skills_evaluation: Higher scores likely correlate with higher satisfaction.
- Satisfaction_with_the_doctors_response: Higher satisfaction with doctor's response likely strongly correlates with overall satisfaction.
- How_often_do_you_receive_call_center_news: More frequent updates might increase satisfaction due to better information.

Step 2. Based on the above and the examples, infer 10 different conditions per answer class:

10 different conditions for class "0" (Not satisfied):
- The_reason_of_the_call is in [Complaints]
- Call_center_employee_communication_skills_evaluation < 3.0
- Satisfaction_with_the_doctors_response < 3.0
- How_often_do_you_receive_call_center_news < 3.0
- Call_151 is in [Yes]
- Aware_151 is in [No]
- Education is in [High school, Less than high school]
- Age is in [18-24]
- Nationality is in [Other nationality]
- Governorate is in [AlAhmadi, Jahra]

10 different conditions for class "1" (Satisfied):
- The_reason_of_the_call is in [Medical_Consultation, Vaccination, Inquiries, Inquiries_COVID19]
- Call_center_employee_communication_skills_evaluation >= 3.0
- Satisfaction_with_the_doctors_response >= 3.0
- How_often_do_you_receive_call_center_news >= 3.0
- Call_151 is in [No]
- Aware_151 is in [Yes]
- Education is in [Bachelor, Master, Doctor]
- Age is in [25-29, 30-39, 40-49, 50-59, 60 and above]
- Nationality is in [Kuwaiti]
- Governorate is in [Farwaniya, Capital, Around, Mubarak AlKabir]

---DIVIDER---

Answer:  
Step 1. The relationship between each feature and the task description:

- Gender: May influence satisfaction due to gender-specific expectations or communication preferences, but generally weak direct effect.  
- Age: Different age groups may have different expectations or familiarity with call centers, affecting satisfaction.  
- Education: Higher education might correlate with higher expectations or better communication skills, influencing satisfaction.  
- Nationality: Cultural differences might affect perception and satisfaction with service.  
- Marital_Status: Possibly minor effect; single or married status might influence expectations or patience levels.  
- Governorate: Regional differences could impact satisfaction due to service availability or local issues.  
- Aware_151: Awareness of the service might increase satisfaction due to better understanding or expectations.  
- Call_151: Having called the service might influence satisfaction based on personal experience.  
- The_reason_of_the_call: Reason for calling (complaints vs inquiries vs medical consultation) likely strongly affects satisfaction. Complaints likely correlate with dissatisfaction.  
- Call_center_employee_communication_skills_evaluation: Higher scores likely strongly correlate with satisfaction.  
- Satisfaction_with_the_doctors_response: Higher satisfaction with doctor’s response likely strongly correlates with overall satisfaction.  
- How_often_do_you_receive_call_center_news: More frequent updates might increase satisfaction by keeping clients informed.

---

Step 2. Based on Step 1 and examples, infer 10 different conditions per answer class:

10 different conditions for class "0" (client NOT satisfied):  
- The_reason_of_the_call is Complaints  
- Call_center_employee_communication_skills_evaluation <= 3.0  
- Satisfaction_with_the_doctors_response <= 3.0  
- Call_151 is Yes  
- Aware_151 is Yes  
- Gender is Male  
- Age is 18-24  
- How_often_do_you_receive_call_center_news >= 2.5  
- Education is High school or Bachelor  
- Nationality is Kuwaiti

10 different conditions for class "1" (client satisfied):  
- The_reason_of_the_call is Medical_Consultation or Inquiries or Vaccination or Inquiries_COVID19  
- Call_center_employee_communication_skills_evaluation >= 3.0  
- Satisfaction_with_the_doctors_response >= 2.8  
- Call_151 is No  
- Aware_151 is No  
- Gender is Female  
- Age is 30-39 or 25-29  
- How_often_do_you_receive_call_center_news <= 2.5  
- Education is Bachelor or Diploma or Master  
- Marital_Status is Widow or Single

---

These conditions capture tendencies from the examples and general knowledge about satisfaction drivers.

---DIVIDER---

Answer:  
Step 1. The relationship between each feature and the task description:

- Gender: Likely no strong direct effect on satisfaction, but might correlate with communication preferences or expectations.
- Age: Younger clients might be less satisfied if expectations are higher or if communication is less effective; older clients might have different expectations.
- Education: Higher education might lead to higher expectations and possibly lower satisfaction if expectations unmet.
- Nationality: Kuwaiti vs. Other nationality might influence satisfaction due to cultural or service differences.
- Marital_Status: Possibly minor effect; single or married might have different communication needs or expectations.
- Governorate: Regional differences might affect service quality or client perception.
- Aware_151: Awareness of the service might increase satisfaction due to better understanding.
- Call_151: Having called the service might influence satisfaction positively or negatively depending on experience.
- The_reason_of_the_call: Complaints likely correlate with dissatisfaction; Medical_Consultation or Vaccination might correlate with higher satisfaction.
- Call_center_employee_communication_skills_evaluation: Higher scores likely correlate with higher satisfaction.
- Satisfaction_with_the_doctors_response: Directly related to satisfaction; higher scores indicate higher satisfaction.
- How_often_do_you_receive_call_center_news: More frequent updates might increase satisfaction by keeping clients informed.

---

Step 2.  
10 different conditions for class "0" (Not satisfied):  
- The_reason_of_the_call is Complaints  
- Call_center_employee_communication_skills_evaluation <= 3.0  
- Satisfaction_with_the_doctors_response <= 3.0  
- Call_151 is No  
- Aware_151 is Yes  
- Gender is Male  
- Age is 18-24  
- Education is in [High school, Diploma]  
- Nationality is in [Kuwaiti, Other nationality]  
- How_often_do_you_receive_call_center_news is within range [2.0, 4.1]  

10 different conditions for class "1" (Satisfied):  
- The_reason_of_the_call is in [Medical_Consultation, Vaccination, Inquiries, Inquiries_COVID19]  
- Call_center_employee_communication_skills_evaluation >= 3.0  
- Satisfaction_with_the_doctors_response >= 2.857  
- Call_151 is Yes or No (both possible, but more often Yes)  
- Aware_151 is No or Yes (both possible)  
- Gender is Female  
- Age is in [18-24, 30-39]  
- Education is Bachelor or Diploma or higher (Master, Doctor)  
- Nationality is Kuwaiti  
- How_often_do_you_receive_call_center_news is within range [1.6, 3.5]  

---

These conditions are derived from the examples and general knowledge about factors influencing satisfaction with call center services.

---DIVIDER---

Answer:  
Step 1. The relationship between each feature and the task description:

- Gender: Generally, gender may not directly affect satisfaction, but there might be some tendencies (e.g., females might report differently than males).  
- Age: Different age groups may have different expectations and satisfaction levels; younger clients might be less satisfied or more critical.  
- Education: Higher education might lead to higher expectations and possibly lower satisfaction if expectations are unmet.  
- Nationality: Local clients (Kuwaiti) might have different satisfaction levels compared to other nationalities due to cultural or service familiarity.  
- Marital_Status: Could influence satisfaction indirectly through emotional state or expectations.  
- Governorate: Regional differences might affect service experience and satisfaction.  
- Aware_151: Awareness of the service might correlate with satisfaction; those unaware might be less satisfied or indifferent.  
- Call_151: Whether the client has called the service might strongly influence satisfaction; those who called may have clearer opinions.  
- The_reason_of_the_call: The nature of the call (complaints vs. inquiries vs. medical consultation) likely affects satisfaction; complaints likely correlate with dissatisfaction.  
- Call_center_employee_communication_skills_evaluation: Higher communication skill ratings likely correlate with higher satisfaction.  
- Satisfaction_with_the_doctors_response: Direct measure of satisfaction with doctor’s response, likely strongly correlated with overall satisfaction.  
- How_often_do_you_receive_call_center_news: More frequent updates might correlate with higher satisfaction due to better information flow.

---

Step 2. Based on the above and examples, infer 10 different conditions per answer class:

10 different conditions for class "0" (client NOT satisfied):  
- The_reason_of_the_call is Complaints  
- Call_center_employee_communication_skills_evaluation <= 3.0  
- Satisfaction_with_the_doctors_response <= 3.0  
- Gender is Male  
- Age is 18-24  
- Call_151 is No  
- Aware_151 is No  
- How_often_do_you_receive_call_center_news <= 3.0  
- Nationality is Kuwaiti  
- Education is High school  

10 different conditions for class "1" (client satisfied):  
- Call_center_employee_communication_skills_evaluation > 3.0  
- Satisfaction_with_the_doctors_response > 3.0  
- Gender is Female  
- The_reason_of_the_call is Medical_Consultation  
- Call_151 is Yes  
- Aware_151 is Yes  
- How_often_do_you_receive_call_center_news > 3.0  
- Age is 30-39  
- Marital_Status is Widow  
- Governorate is Farwaniya  

---

These conditions reflect tendencies observed from the examples and general knowledge about customer satisfaction in call centers.

---DIVIDER---

Answer:  
Step 1. The relationship between each feature and the task description:

- Gender: Generally, gender itself does not strongly influence satisfaction, but cultural or communication style differences may exist.  
- Age: Younger clients might have different expectations or communication preferences, possibly affecting satisfaction.  
- Education: Higher education might correlate with higher expectations or better understanding, influencing satisfaction positively or negatively.  
- Nationality: Cultural background or language barriers could affect satisfaction levels.  
- Marital_Status: May indirectly influence satisfaction through stress levels or availability to engage with services.  
- Governorate: Regional differences in service quality or accessibility may affect satisfaction.  
- Aware_151: Awareness of the service might correlate with more realistic expectations and thus affect satisfaction.  
- Call_151: Actual usage of the service likely impacts satisfaction (those who called might have stronger opinions).  
- The_reason_of_the_call: Reason for calling (e.g., complaints vs. medical consultation) directly affects satisfaction; complaints likely correlate with dissatisfaction.  
- Call_center_employee_communication_skills_evaluation: Higher ratings likely correlate positively with satisfaction.  
- Satisfaction_with_the_doctors_response: Higher satisfaction with doctors’ response strongly correlates with overall satisfaction.  
- How_often_do_you_receive_call_center_news: Frequent updates might increase satisfaction by keeping clients informed.  

Step 2. Conditions inferred from examples and Step 1:

10 different conditions for class "0" (Not satisfied):  
- The_reason_of_the_call is in [Complaints]  
- Call_center_employee_communication_skills_evaluation <= 3.0  
- Satisfaction_with_the_doctors_response <= 3.0  
- Call_151 is in [No]  
- Aware_151 is in [No]  
- How_often_do_you_receive_call_center_news < 3.0  
- Age is in [18-24]  
- Education is in [High school, Bachelor]  
- Nationality is in [Other nationality]  
- Gender is in [Male]  

10 different conditions for class "1" (Satisfied):  
- The_reason_of_the_call is in [Medical_Consultation, Inquiries, Vaccination, Inquiries_COVID19]  
- Call_center_employee_communication_skills_evaluation > 3.0  
- Satisfaction_with_the_doctors_response > 3.0  
- Call_151 is in [Yes]  
- Aware_151 is in [Yes]  
- How_often_do_you_receive_call_center_news >= 2.0  
- Age is in [30-39, 40-49, 50-59]  
- Education is in [Diploma, Master, Doctor]  
- Gender is in [Female]  
- Marital_Status is in [Widow, Married]