Answer:  
Step 1. The relationship between each feature and the task description:

- Date: The time or date of the crime may influence arrest likelihood; crimes reported late at night or on weekends might have different arrest rates due to police availability or crime type.
- Primary Type: Certain crime types (e.g., violent crimes like BATTERY or AGGRAVATED ASSAULT) are more likely to result in arrests than minor offenses (e.g., LIQUOR LAW VIOLATION).
- Description: More severe or aggravated descriptions (e.g., AGGRAVATED P.O.) likely correlate with arrests.
- Location Description: Crimes in public or high-police-presence areas (e.g., STREET, CTA BUS STOP) may have higher arrest rates than those in private or less accessible locations (e.g., NURSING HOME).
- Domestic: Domestic crimes might have different arrest likelihoods due to reporting and investigation nuances.
- Beat, District, Ward, Community Area: Geographic areas differ in policing intensity, crime rates, and arrest likelihood.
- FBI Code: Specific FBI codes represent crime severity and type, impacting arrest probability.
- X Coordinate, Y Coordinate, Latitude, Longitude: Spatial coordinates relate to geographic areas and thus indirectly to arrest likelihood.
- Year: Year might capture trends or policy changes affecting arrests.

Step 2. Based on the above and typical patterns, here are 10 conditions per class:

10 different conditions for class "0" (No arrest made):
- Primary Type is in [LIQUOR LAW VIOLATION, OTHER OFFENSE, NON-CRIMINAL]
- Description is in [SIMPLE, OVER $500]
- Location Description is in [NURSING / RETIREMENT HOME, RESIDENCE]
- Domestic = 0
- FBI Code is in [26 (NON-CRIMINAL), 22 (LIQUOR LAW VIOLATION)]
- Year <= 2024
- Date is in [01/22/2025 09:50:00 PM, 01/04/2025 10:00:00 PM] (late night hours)
- Beat is within range of [200, 300] (areas with lower arrest rates)
- Ward is within range of [30, 50] (wards with lower arrest rates)
- Primary Type is in [THEFT, MOTOR VEHICLE THEFT]

10 different conditions for class "1" (Arrest made):
- Primary Type is in [BATTERY, ASSAULT, CRIMINAL SEXUAL ASSAULT, ROBBERY]
- Description is in [AGGRAVATED P.O. - HANDS, FISTS, FEET, SERIOUS INJURY, AGGRAVATED]
- Location Description is in [STREET, CTA BUS STOP, ALLEY]
- Domestic = 1
- FBI Code is in [08B (AGGRAVATED ASSAULT), 06 (BATTERY)]
- Year >= 2025
- Date is in [01/29/2025 01:41:00 AM] (early morning hours, possibly higher arrest likelihood)
- Beat is within range of [100, 150] (high arrest rate beats)
- Ward is within range of [1, 20] (wards with higher arrest rates)
- Primary Type is in [HOMICIDE, SEX OFFENSE]

These conditions reflect typical patterns where violent, aggravated, domestic crimes, and certain locations and times are more likely to have arrests, while minor offenses, non-domestic, and less serious crimes at certain locations and times are less likely to have arrests.

---DIVIDER---

Answer:  
Step 1. The relationship between each feature and the task description:

- Date: The date/time itself likely has little direct causal effect on whether an arrest was made, but crimes reported at certain times (e.g., late night) might have different arrest probabilities due to police presence or response.
- Primary Type: Certain crime types (e.g., violent crimes like BATTERY, ASSAULT) are more likely to result in arrest than others (e.g., THEFT, LIQUOR LAW VIOLATION).
- Description: More severe descriptions (e.g., AGGRAVATED, SERIOUS INJURY) may correlate with higher arrest likelihood.
- Location Description: Crimes occurring in public or monitored places (e.g., STREET, CTA BUS STOP) might have higher arrest rates compared to private or less surveilled locations.
- Domestic: Domestic violence crimes (Domestic=1) often have mandatory arrest policies, so likely higher arrest rates.
- Beat, District, Ward, Community Area: Some police beats/districts/wards may have higher arrest rates due to policing strategy or crime severity in the area.
- FBI Code: Certain FBI codes correspond to crimes that typically lead to arrest (e.g., violent crimes).
- X Coordinate, Y Coordinate, Latitude, Longitude: Geographical location might indirectly influence arrest likelihood due to varying police coverage or community characteristics.
- Year: Arrest policies or crime patterns might change over years, but within a short range (2025), limited effect.

---

Step 2. Based on Step 1 and the examples, 10 different conditions per class:

10 different conditions for class "0" (No arrest made):

- Primary Type is in [THEFT, NARCOTICS, LIQUOR LAW VIOLATION, OTHER OFFENSE]
- Description is in [OVER $500, SIMPLE, POSS: CANNABIS 30GMS OR LESS]
- Location Description is in [APARTMENT, RESIDENCE, NURSING / RETIREMENT HOME]
- Domestic = 0
- FBI Code is in [06, 23, 18]  (e.g., theft, narcotics, non-violent codes)
- Year = 2025
- Beat is within range of [100, 150] (beats with lower arrest rates)
- Ward is within range of [30, 50] (wards with lower arrest rates)
- X Coordinate is within range of [1150000, 1170000] (areas with fewer arrests)
- Date is in [01/22/2025 09:50:00 PM, 01/29/2025 01:41:00 AM] (late night times with fewer arrests)

10 different conditions for class "1" (Arrest made):

- Primary Type is in [BATTERY, ASSAULT, CRIMINAL SEXUAL ASSAULT, ROBBERY]
- Description is in [AGGRAVATED P.O. - HANDS, FISTS, FEET, SERIOUS INJURY

---DIVIDER---

Answer:  
Step 1. The relationship between each feature and the task description:  

- Date: Certain dates or times (e.g., nighttime vs. daytime) may correlate with likelihood of arrest due to police activity patterns or crime types prevalent at those times.  
- Primary Type: Some crime types (e.g., violent crimes like BATTERY, ASSAULT) are more likely to result in arrests than others (e.g., minor theft or liquor law violations).  
- Description: More severe descriptions (e.g., AGGRAVATED) are more likely to have arrests made.  
- Location Description: Crimes occurring in public places (e.g., STREET, CTA BUS STOP) may have higher arrest rates due to presence of witnesses or police patrols compared to private or less accessible locations.  
- Domestic: Domestic violence cases (Domestic=1) often have higher arrest rates due to mandatory arrest policies or police protocol.  
- Beat/District/Ward/Community Area: Certain beats or districts with higher police presence or resources may have higher arrest rates.  
- FBI Code: FBI codes representing serious offenses (e.g., 08B - Battery, 06 - Theft) may be associated with higher arrest likelihood.  
- X Coordinate / Y Coordinate / Latitude / Longitude: Geographic location may correlate with arrest likelihood due to socio-economic factors or policing intensity in certain areas.  
- Year: Year may indicate changes in law enforcement policies or crime trends affecting arrest rates.  

Step 2. Based on the above and typical patterns, here are inferred conditions:

10 different conditions for class "0" (No arrest made):  
- Primary Type is in [THEFT, MOTOR VEHICLE THEFT, NARCOTICS, LIQUOR LAW VIOLATION]  
- Description is in [OVER $500, SIMPLE]  
- Location Description is in [RESIDENCE, APARTMENT, NURSING / RETIREMENT HOME]  
- Domestic = 0  
- FBI Code is in [06, 23]  (e.g., Theft and other minor offenses)  
- Date is within range of [01/22/2025 06:00:00 AM, 01/22/2025 06:00:00 PM] (daytime hours)  
- Beat is within range of [100, 150] (beats known for lower arrest rates)  
- Ward is within range of [10, 20]  
- Year = 2025  
- Latitude is within range of [41.85, 41.87] (areas with lower arrest rates)  

10 different conditions for class "1" (Arrest made):  
- Primary Type is in [BATTERY, ASSAULT, CRIM SEXUAL ASSAULT, ROBBERY]  
- Description is in [AGGRAVATED P.O. - HANDS, FISTS, FEET, SERIOUS INJURY, WEAPON USED]  
- Location Description is in [STREET, CTA BUS STOP, ALLEY]  
- Domestic = 1  
- FBI Code is in [08B, 04A] (Battery, Assault)  
- Date is within range of [01/22/2025 08:00:00 PM, 01/23/2025 04:00:00 AM] (nighttime hours)  
- Beat is within range of [200, 250] (beats with higher arrest rates)  
- Ward is within range of [30, 40]  
- Year = 2025  
- Longitude is within range of [-87.65, -87.60] (areas with higher arrest rates)

---DIVIDER---

Answer:  
Step 1. The relationship between each feature and the task description:

- Date: Certain times or dates might correlate with higher arrest rates, e.g., crimes reported during late night hours might have different arrest likelihoods than daytime.
- Primary Type: Some crime types (e.g., violent crimes like battery, assault) are more likely to result in arrests than non-violent crimes (e.g., theft, liquor law violations).
- Description: More severe descriptions (e.g., aggravated, serious injury) likely correspond to higher arrest probability.
- Location Description: Crimes in public or monitored places (e.g., STREET, CTA BUS STOP) might have higher arrest rates than those in private or less accessible locations.
- Domestic: Domestic violence cases (Domestic=1) may have different arrest tendencies compared to non-domestic cases.
- Beat, District, Ward, Community Area: Some police beats or districts might have higher arrest rates due to policing intensity or local policies.
- FBI Code: Certain FBI crime codes (e.g., violent crimes) likely correlate with arrests.
- Coordinates (X, Y, Latitude, Longitude): Geographic location might influence arrest likelihood due to neighborhood crime rates and police presence.
- Year: Year might reflect policy changes affecting arrest rates.

Step 2. Based on the above analysis and typical crime/arrest patterns, here are 10 different conditions per class.

10 different conditions for class "0" (No arrest made):
- Primary Type is in [THEFT, NARCOTICS, LIQUOR LAW VIOLATION, MOTOR VEHICLE THEFT]
- Description is in [OVER $500, SIMPLE, UNLAWFUL ENTRY]
- Location Description is in [RESIDENCE, APARTMENT, NURSING / RETIREMENT HOME]
- Domestic = 0
- FBI Code is in [06 (Theft), 08A (Theft From Motor Vehicle)]
- Date is within range of [06:00:00 AM, 06:00:00 PM] (daytime)
- Beat is within range of [100, 150]
- Ward is within range of [20, 30]
- Year <= 2023
- Latitude is within range of [41.85, 41.87]

10 different conditions for class "1" (Arrest made):
- Primary Type is in [BATTERY, ASSAULT, CRIMINAL SEXUAL ASSAULT, ROBBERY]
- Description is in [AGGRAVATED P.O. - HANDS, FISTS, FEET, SERIOUS INJURY, AGGRAVATED, ATTEMPT ARSON]
- Location Description is in [STREET, CTA BUS STOP, ALLEY]
- Domestic = 1
- FBI Code is in [08B (Battery), 04A (Aggravated Assault)]
- Date is within range of [08:00:00 PM, 04:00:00 AM] (nighttime)
- Beat is within range of [0100, 0700]
- Ward is within range of [5, 15]
- Year >= 2024
- Longitude is within range of [-87.65, -87.60]

These conditions reflect the typical patterns where violent or aggravated crimes, domestic violence cases, night-time incidents, and certain locations or police districts tend to have arrests, while less severe or property crimes, daytime incidents, and residential locations tend not to.

---DIVIDER---

Answer:  
Step 1. The relationship between each feature and the task description:

- Date: The time or date itself may have minimal direct impact on whether an arrest was made, but some time frames (e.g., night vs. day) might correlate with crime types or police activity.
- Primary Type: Certain crime types (e.g., violent crimes like BATTERY, HOMICIDE) are more likely to result in arrests than others (e.g., LIQUOR LAW VIOLATION, THEFT).
- Description: Specific descriptions (e.g., AGGRAVATED, SERIOUS INJURY) indicate severity, which may increase likelihood of arrest.
- Location Description: Some locations (e.g., STREET, RESIDENCE) might be associated with higher arrest rates due to police presence or crime nature.
- Domestic: Domestic-related crimes often have higher arrest rates due to legal protocols.
- Beat, District, Ward, Community Area: Geographic and jurisdictional factors may influence arrest likelihood due to policing strategies or resource allocation.
- FBI Code: Codes representing serious offenses (e.g., 08B - Aggravated Assault) are more likely to have arrests.
- X Coordinate, Y Coordinate, Latitude, Longitude: Spatial coordinates may correlate with arrest likelihood indirectly through location.
- Year: Changes over years could reflect policing policy changes affecting arrest rates.

---

Step 2. Conditions for each class:

10 different conditions for class "0" (No arrest made):  
- Primary Type is in [THEFT, MOTOR VEHICLE THEFT, NARCOTICS, LIQUOR LAW VIOLATION]  
- Description is in [OVER $500, SIMPLE, POSS: CANNABIS 30GMS OR LESS]  
- Location Description is in [RESIDENCE, APARTMENT, CTA TRAIN, GAS STATION]  
- Domestic = 0  
- FBI Code is in [06, 23, 35]  (e.g., codes associated with minor crimes or non-violent offenses)  
- Year <= 2023  
- Beat is within range of [100, 150]  
- Ward is within range of [10, 20]  
- X Coordinate < 1150000  
- Date is in [01/04/2025 10:00:00 PM, 01/10/2025 11:00:00 AM]  

10 different conditions for class "1" (Arrest made):  
- Primary Type is in [BATTERY, ASSAULT, ROBBERY, CRIM SEXUAL ASSAULT]  
- Description is in [AGGRAVATED P.O. - HANDS, FISTS, FEET, SERIOUS INJURY, AGGRAVATED]  
- Location Description is in [STREET, ALLEY, PARKING LOT, SIDEWALK]  
- Domestic = 1  
- FBI Code is in [08B, 04, 09] (codes associated with violent or serious crimes)  
- Year >= 2024  
- Beat is within range of [200, 250]  
- Ward is within range of [30, 40]  
- X Coordinate >= 1170000  
- Date is in [01/22/2025 09:50:00 PM, 01/29/2025 01:41:00 AM]  

---

These conditions reflect typical tendencies: serious violent crimes, aggravated descriptions, domestic cases, and certain locations tend to have arrests, while minor or property crimes, non-domestic cases, and less severe descriptions tend not to. Geographic and temporal conditions capture possible policing or crime pattern variations.