Answer:  
Step 1. The relationship between each feature and the task description:

- Temperature: Higher temperatures can indicate overheating, which may increase the risk of machine failure. However, extremely low temperatures might also cause issues depending on the machine type.
- Vibration: Increased vibration levels generally correlate with mechanical wear or imbalance, signaling potential failure risk.
- Power_Usage: Abnormal power usage (either too high or too low compared to normal operation) can indicate malfunction or inefficiency, hinting at failure risk.
- Humidity: High humidity might cause corrosion or electrical issues, increasing failure risk, while very low humidity might be less risky.
- Machine_Type: Different machine types might have different baseline thresholds for safe operation and failure risk.

---

Step 2. Based on the examples and Step 1, infer 10 different conditions per answer class.

10 different conditions for class "0" (No risk of failure):
- Temperature is within range of [60, 85]
- Vibration is within range of [48, 55]
- Power_Usage is within range of [10, 13]
- Humidity is within range of [22, 45]
- Machine_Type is in [Mill, Lathe, Drill]
- Temperature < 70
- Vibration < 55
- Power_Usage > 10
- Humidity > 25
- Temperature <= 85

10 different conditions for class "1" (At risk of failure):
- Temperature >= 70
- Vibration >= 50
- Power_Usage < 10
- Humidity < 33
- Machine_Type is in [Mill, Drill, Lathe]
- Temperature > 75
- Vibration > 52
- Power_Usage <= 8.7
- Humidity <= 30
- Temperature >= 85

---

These conditions reflect the patterns seen in the examples: higher temperature, moderate to high vibration, and lower power usage combined with moderate to low humidity and certain machine types tend to indicate risk of failure (class 1). Conversely, moderate temperature, vibration, and power usage with moderate humidity indicate no risk (class 0).

---DIVIDER---

Answer:  
Step 1. The relationship between each feature and the task description:

- Temperature: Higher temperature often indicates overheating, which increases the risk of failure. However, very low temperatures might also indicate abnormal conditions. So, higher temperature generally correlates with higher risk.
- Vibration: Increased vibration usually signals mechanical issues or wear, so higher vibration levels tend to indicate higher failure risk.
- Power_Usage: Unusual power consumption (either too low or too high) can suggest abnormal machine behavior or inefficiency, potentially indicating risk.
- Humidity: Excessive humidity can cause corrosion or electrical issues, so higher humidity might increase failure risk, but moderate humidity might be normal.
- Machine_Type: Different machine types may have different baseline operating parameters and risk profiles. For example, Mills might be more prone to certain failures under specific conditions than Drills or Lathes.

---

10 different conditions for class "0" (Not at risk):  
- Temperature < 70  
- Vibration is within range of [45, 55]  
- Power_Usage is within range of [8, 12]  
- Humidity is within range of [20, 35]  
- Machine_Type is in [Mill, Lathe, Drill]  
- Temperature is within range of [50, 70] and Vibration < 55  
- Power_Usage > 10 and Temperature < 75  
- Vibration < 60 and Humidity < 40  
- Temperature is within range of [60, 75] and Power_Usage > 8  
- Machine_Type is Drill and Vibration < 55  

10 different conditions for class "1" (At risk):  
- Temperature >= 70  
- Vibration > 55  
- Power_Usage < 9  
- Humidity > 30  
- Machine_Type is in [Mill, Lathe, Drill]  
- Temperature >= 75 and Power_Usage < 8.5  
- Vibration > 50 and Power_Usage < 10  
- Temperature > 80  
- Machine_Type is Mill and Temperature >= 70  
- Humidity >= 30 and Vibration > 50  

---

These conditions reflect the tendencies observed in the examples and common sense about machine failure risk factors.

---DIVIDER---

Answer:  
Step 1. The relationship between each feature and the task description:

- Temperature: Higher temperatures often indicate overheating or stress in the machine, which can increase the risk of failure. So higher temperature → higher risk.
- Vibration: Elevated vibration levels typically signal mechanical issues or imbalance, increasing failure risk. So higher vibration → higher risk.
- Power_Usage: Unusually low or high power usage can indicate malfunction or inefficiency. Lower power usage might mean the machine is struggling or failing. So abnormal power usage (especially lower) → higher risk.
- Humidity: High humidity can cause corrosion or electrical issues, increasing failure risk. So higher humidity → higher risk.
- Machine_Type: Different machine types may have different failure thresholds or typical operating ranges; some types might be more prone to failure under certain conditions.

Step 2. Based on Step 1 and the examples, infer 10 different conditions per answer class.

10 different conditions for class "0" (No risk of failure):  
- Temperature is within range of [50, 80]  
- Vibration is within range of [40, 55]  
- Power_Usage is within range of [10, 13]  
- Humidity is within range of [20, 35]  
- Machine_Type is in [Mill, Drill, Lathe] (all types, no exclusion for no risk)  
- Temperature < 80  
- Vibration < 55  
- Power_Usage >= 10  
- Humidity < 35  
- Temperature is within range of [60, 75]

10 different conditions for class "1" (At risk of failure):  
- Temperature > 75  
- Vibration > 50  
- Power_Usage < 9  
- Humidity > 30  
- Machine_Type is in [Mill, Drill, Lathe] (all types can be at risk)  
- Temperature >= 75  
- Vibration >= 50  
- Power_Usage <= 9  
- Humidity >= 30  
- Temperature is within range of [70, 90]

---

Explanation of conditions:  
- Examples with answer 1 often have temperature above ~75 or near that, while answer 0 examples have temperature mostly below 80.  
- Vibration for class 1 tends to be above 50, while class 0 is often below 55.  
- Power_Usage for class 1 tends to be lower (<9 or around 7-8), while class 0 is mostly above 10.  
- Humidity for class 1 tends to be above 30, while class 0 is mostly below 35.  
- Machine_Type alone does not determine risk, since all types have examples in both classes.

This set of conditions captures the main tendencies observed in the data and aligns with general knowledge about machine failure risks.

---DIVIDER---

Answer:  
Step 1. The relationship between each feature and the task description:

- Temperature: Higher temperature generally indicates more stress on the machine, increasing the risk of failure. So, higher temperature → higher risk.  
- Vibration: High vibration levels often signal mechanical issues or wear, increasing failure risk. However, some moderate vibration may be normal depending on machine type.  
- Power_Usage: Lower power usage might indicate underperformance or malfunction, while unusually high power usage can also signal problems. The relationship may be non-linear or machine-type dependent.  
- Humidity: High humidity can cause corrosion and electrical issues, increasing failure risk. Low to moderate humidity is generally safer.  
- Machine_Type: Different machine types may have different normal operating ranges and failure modes, so risk thresholds may vary by type.

---

Step 2. Based on the examples and Step 1, infer 10 different conditions per answer class.

10 different conditions for class "0" (Not at risk):  
- Temperature is within range of [50, 80]  
- Vibration is within range of [50, 60]  
- Power_Usage is within range of [7, 13]  
- Humidity is within range of [20, 45]  
- Machine_Type is in [Mill, Lathe, Drill]  
- Temperature < 80  
- Vibration >= 50  
- Power_Usage >= 7  
- Humidity <= 45  
- Machine_Type is in [Lathe, Mill]

10 different conditions for class "1" (At risk):  
- Temperature >= 70  
- Vibration < 55  
- Power_Usage < 10  
- Humidity < 35  
- Machine_Type is in [Mill, Drill, Lathe]  
- Temperature > 75  
- Vibration < 50  
- Power_Usage <= 8.7  
- Humidity <= 32  
- Machine_Type is in [Mill, Drill]

---

Explanation:  
Class 0 examples tend to have moderate to high vibration (mostly 50+), temperature mostly below 80, power usage mostly above 7, and humidity mostly below 45.  
Class 1 examples tend to have somewhat lower vibration (<55), lower power usage (<10), higher temperature (often above 70), and humidity mostly below 35. Machine type Mill and Drill appear frequently in class 1.  
These conditions capture the tendencies seen in the examples and align with the causal reasoning from Step 1.

---DIVIDER---

Answer:  
Step 1. The relationship between each feature and the task description:

- Temperature: Higher temperature often indicates overheating, which can increase the risk of machine failure. So, higher temperature → higher risk.
- Vibration: Excessive vibration usually signals mechanical issues or imbalance, increasing failure risk. So, higher vibration → higher risk.
- Power_Usage: Lower or abnormal power usage might indicate inefficiency or malfunction, or very high power usage might indicate overload. So, abnormal power usage (too low or too high) → higher risk.
- Humidity: High humidity can cause corrosion or electrical issues, increasing failure risk. So, higher humidity → higher risk.
- Machine_Type: Different machines have different tolerance ranges; some types may be more prone to failure under certain conditions.

---

Step 2. Based on the examples and Step 1, infer conditions for each class.

10 different conditions for class "0" (No risk of failure):

- Temperature is within range of [50, 75]
- Vibration is within range of [40, 55]
- Power_Usage is within range of [10, 13]
- Humidity is within range of [20, 35]
- Machine_Type is in [Mill]
- Machine_Type is in [Lathe]
- Machine_Type is in [Drill]
- Temperature < 80
- Vibration < 60
- Power_Usage > 7

10 different conditions for class "1" (At risk of failure):

- Temperature >= 75
- Vibration >= 50
- Power_Usage < 9
- Humidity > 30
- Machine_Type is in [Mill]
- Machine_Type is in [Drill]
- Temperature is within range of [50, 70]
- Vibration is within range of [45, 57]
- Power_Usage is within range of [7, 10]
- Humidity is within range of [20, 35]

---

Explanation:  
Class "0" examples mostly show moderate temperature (50-75), moderate vibration (40-60), power usage mostly above 7 and up to ~13, and humidity mostly below 35. All machine types appear in class 0.

Class "1" examples tend to have higher temperature (>=75) or lower power usage (<9), humidity >30, vibration around 50-57, and mostly Mill or Drill types. Some class 1 examples have lower temperature but still risk due to other factors.

This set of conditions captures the main tendencies from the dataset and common sense about machine failure risk.