Answer:  
Step 1. The relationship between each feature and the task description:

- **social_connection_frequency**: Higher frequency (Daily, Weekly) suggests maintaining active contact, which likely includes calls for long-distance friendships. Lower frequency (Never, Rarely) suggests less maintenance of such friendships.

- **gathering_size_preference**: Preference for small gatherings or both small and large may reflect a tendency to maintain closer, more personal relationships, potentially including calls. Preference for large events or never attending may indicate less intimate contact.

- **valued_friendship_traits**: Valuing support, loyalty, honesty, or all traits suggests a deeper commitment to friendships, which may correlate with maintaining long-distance friendships via calls.

- **conflict_resolution_style**: Those who prefer to "Talk it out" or "Apologize first" are more communicative and proactive, indicating a higher likelihood of maintaining friendships through calls.

- **family_support_level**: Higher family support (Yes, Sometimes) may reflect a supportive social environment that encourages maintaining friendships; no or low family support may reduce motivation or opportunity.

- **social_battery_recharge**: Preference for "Talking to someone" as a recharge method indicates comfort and desire for verbal social interaction, supporting maintenance of friendships via calls.

- **social_orientation_type**: Extroverts and ambiverts are more likely to engage in regular social contact including calls; introverts may be less likely.

- **social_anxiety_level**: Those who are "Avoid it" or "Nervous" may avoid calls; "Neutral" or "Excited" suggests comfort with social interaction, supporting maintaining friendships via calls.

- **emotional_expression_method**: Preference for "Talk openly" or "Express emotion strongly" suggests comfort with verbal communication, supporting calls; "Stay silent" or "Other" may indicate less verbal engagement.

- **primary_anger_sources**: Not directly related, but people whose anger sources involve interpersonal issues (Injustice, Being interrupted, Selfishness) may affect communication style and thus maintenance of friendships.

---

Step 2. Conditions for each class:

10 different conditions for class "0" (Does NOT maintain long-distance friendships through calls):  
- social_connection_frequency is in [Never, Rarely, Monthly]  
- gathering_size_preference is in [Never, Large events]  
- valued_friendship_traits is in [Honesty, Understanding person]  
- conflict_resolution_style is in [Avoid conflict, Let time fix it]  
- family_support_level is in [No, Never]  
- social_battery_recharge is in [Alone time, None of the above, Social media]  
- social_orientation_type is in [Introvert, Not sure]  
- social_anxiety_level is in [Avoid it, Nervous]  
- emotional_expression_method is in [Stay silent, Other]  
- primary_anger_sources is in [Unnecessary criticism, Selfishness]  

10 different conditions for class "1" (Does maintain long-distance friendships through calls):  
- social_connection_frequency is in [Daily, Weekly]  
- gathering_size_preference is in [Small gatherings, Both]  
- valued_friendship_traits is in [Support, Loyalty, All, All the three and trust]  
- conflict_resolution_style is in [Talk it out, Apologize first]  
- family_support_level is in [Yes, Sometimes, yes]  
- social_battery_recharge is in [Talking to someone]  
- social_orientation_type is in [Extrovert, Ambivert]  
- social_anxiety_level is in [Neutral, Excited]  
- emotional_expression_method is in [Talk openly, Express emotion strongly]  
- primary_anger_sources is in [Injustice, Being interrupted]

---DIVIDER---

Step 1. The relationship between each feature and the task description:

- **social_connection_frequency**: A person who maintains long-distance friendships through calls is likely to connect socially at least weekly or more frequently, as calls require active engagement. Rare or never connecting socially suggests less likelihood of maintaining such friendships.
- **gathering_size_preference**: Preference for small gatherings or both small and large events may indicate closer, more intimate relationships, which can include maintaining long-distance friendships. Preference for never or only large events may indicate less focus on intimate or ongoing personal connections.
- **valued_friendship_traits**: Valuing traits like support, loyalty, honesty, or all combined suggests a person who values deep and sustained friendships, which aligns with maintaining long-distance friendships through calls.
- **conflict_resolution_style**: A style of talking it out or apologizing first indicates active communication, which is necessary to maintain long-distance friendships. Avoiding conflict or letting time fix it may suggest less active maintenance.
- **family_support_level**: Higher family support may correlate with better social skills and motivation to maintain social ties, including long-distance friendships.
- **social_battery_recharge**: Preferring to recharge by talking to someone suggests a social person who likely maintains contact through calls; preferring alone time or social media might indicate less direct verbal communication.
- **social_orientation_type**: Extroverts and ambiverts are more likely to maintain active long-distance friendships through calls, while introverts may do so less often.
- **social_anxiety_level**: Those excited or neutral about social interaction are more likely to maintain long-distance friendships through calls, while those who avoid it or feel nervous may not.
- **emotional_expression_method**: People who talk openly or express emotions strongly are more likely to maintain friendships through calls; those who stay silent or use other methods may be less likely.
- **primary_anger_sources**: While less directly related, those triggered by injustice or selfishness might be motivated to maintain clear communication to avoid conflict in friendships.

---

Step 2. Conditions for each class:

10 different conditions for class "0" (Does NOT maintain long-distance friendships through calls):

- social_connection_frequency is in [Never, Rarely, Monthly]
- gathering_size_preference is in [Never, Large events]
- valued_friendship_traits is in [Honesty, Understanding person]
- conflict_resolution_style is in [Avoid conflict, Let time fix it]
- family_support_level is in [No, Never, Sometimes]
- social_battery_recharge is in [Alone time, Social media, None of the above]
- social_orientation_type is in [Introvert, Not sure]
- social_anxiety_level is in [Avoid it, Nervous]
- emotional_expression_method is in [Stay silent, Other]
- primary_anger_sources is in [Being interrupted, Unnecessary criticism]

10 different conditions for class "1" (Does maintain long-distance friendships through calls):

- social_connection_frequency is in [Daily, Weekly, weekly]
- gathering_size_preference is in [Small gatherings, Both]
- valued_friendship_traits is in [Support, Loyalty, All, All the three and trust]
- conflict_resolution_style is in [Talk it out, Apologize first]
- family_support_level is in [Yes, yes]
- social_battery_recharge is in [Talking to someone]
- social_orientation_type is in [Extrovert, Ambivert]
- social_anxiety_level is in [Neutral, Excited]
- emotional_expression_method is in [Talk openly, Express emotion strongly]
- primary_anger_sources is in [Injustice, Selfishness]

---DIVIDER---

Answer:  
Step 1. The relationship between each feature and the task description:  

- **social_connection_frequency**: Higher frequency of social connection (Daily, Weekly) suggests maintaining friendships actively, including long-distance ones via calls. Rare or Never suggests less maintenance.  
- **gathering_size_preference**: Preference for small gatherings or both might indicate closer, more intimate connections, possibly sustained through calls. Preference for large events or never might correlate less with maintaining long-distance friendships via calls.  
- **valued_friendship_traits**: Valuing traits like Support, Loyalty, Understanding suggests a tendency to maintain friendships actively, possibly through calls. Valuing humor or honesty alone may not strongly indicate maintenance via calls.  
- **conflict_resolution_style**: People who "Talk it out" or "Apologize first" are more likely to maintain relationships actively, including long-distance friendships via calls. Avoiding conflict or letting time fix it might correlate with less active maintenance.  
- **family_support_level**: High family support (Yes) may correlate with overall social engagement, including maintaining friendships via calls. No or Never might suggest less social maintenance.  
- **social_battery_recharge**: Those who recharge by "Talking to someone" are more likely to maintain social connections actively, including long-distance friendships via calls. Those who prefer "Alone time" or "Social media" might be less likely.  
- **social_orientation_type**: Extroverts and ambiverts are more likely to maintain friendships actively, including long-distance ones via calls. Introverts or "Not sure" might be less likely.  
- **social_anxiety_level**: Lower anxiety levels (Neutral, Excited) suggest more likelihood of maintaining friendships via calls. Avoiding or nervousness suggests less likelihood.  
- **emotional_expression_method**: Those who "Talk openly" or "Express emotion strongly" may be more likely to maintain friendships actively via calls. Those who "Stay silent" or use "Other" methods might be less likely.  
- **primary_anger_sources**: Those sensitive to "Injustice" or "Selfishness" might be more motivated to maintain friendships carefully, including long-distance ones via calls. Others less so.  

---

Step 2. Based on the above, 10 different conditions for each class:  

10 different conditions for class "0" (Does NOT maintain long-distance friendships through calls):  
- social_connection_frequency is in [Never, Rarely, Monthly]  
- gathering_size_preference is in [Large events, Never]  
- valued_friendship_traits is in [Honesty, Humor]  
- conflict_resolution_style is in [Avoid conflict, Let time fix it]  
- family_support_level is in [No, Never, Sometimes]  
- social_battery_recharge is in [Alone time, Social media, None of the above]  
- social_orientation_type is in [Introvert, Not sure]  
- social_anxiety_level is in [Avoid it, Nervous]  
- emotional_expression_method is in [Stay silent, Other]  
- primary_anger_sources is in [Being interrupted, Unnecessary criticism]  

10 different conditions for class "1" (Does maintain long-distance friendships through calls):  
- social_connection_frequency is in [Daily, Weekly]  
- gathering_size_preference is in [Small gatherings, Both]  
- valued_friendship_traits is in [Support, Loyalty, Understanding person, All, All the three and trust]  
- conflict_resolution_style is in [Talk it out, Apologize first]  
- family_support_level is in [Yes, yes]  
- social_battery_recharge is in [Talking to someone]  
- social_orientation_type is in [Extrovert, Ambivert]  
- social_anxiety_level is in [Neutral, Excited]  
- emotional_expression_method is in [Talk openly, Express emotion strongly]  
- primary_anger_sources is in [Injustice, Selfishness]

---DIVIDER---

Answer:  
Step 1. The relationship between each feature and the task description:  

- **social_connection_frequency**: Higher frequency (Daily, Weekly) suggests active maintenance of friendships, possibly including long-distance ones via calls; lower frequency (Rarely, Never) suggests less maintenance.  
- **gathering_size_preference**: Preference for small gatherings or both might indicate closer, more intimate relationships, which can correlate with maintaining long-distance friendships; preference for large events or never may indicate less focus on close friendships.  
- **valued_friendship_traits**: Valuing traits like support, loyalty, honesty indicates a deeper commitment to friendships, which may motivate maintaining long-distance friendships through calls.  
- **conflict_resolution_style**: Those who prefer to talk it out or apologize first may be more proactive in maintaining friendships, including long-distance ones; avoidance styles may correlate with less maintenance.  
- **family_support_level**: Higher family support might correlate with better social skills and motivation to maintain friendships, including long-distance.  
- **social_battery_recharge**: People who recharge by talking to someone are more likely to engage in calls to maintain friendships; those who prefer alone time might be less likely.  
- **social_orientation_type**: Extroverts and ambiverts are more likely to maintain friendships actively, including long-distance calls; introverts might be less likely.  
- **social_anxiety_level**: Lower anxiety (Neutral, Excited) suggests more comfort with communication, including calls; high anxiety or avoidance indicates less maintenance.  
- **emotional_expression_method**: Those who talk openly or express emotions strongly may be more inclined to maintain friendships through calls; those who stay silent may be less inclined.  
- **primary_anger_sources**: Not directly related, but if anger sources involve interpersonal issues (e.g., being interrupted), it might negatively affect maintenance of friendships.  

---

Step 2. Based on the above, infer 10 different conditions per answer class:

10 different conditions for class "0" (Does NOT maintain long-distance friendships through calls):  
- social_connection_frequency is in [Never, Rarely]  
- gathering_size_preference is in [Never, Large events]  
- valued_friendship_traits is in [Humor, None (if possible), or traits not related to deep connection] *(Note: humor is not listed but assuming if it were, else pick less deep traits)*  
- conflict_resolution_style is in [Avoid conflict, Let time fix it]  
- family_support_level is in [No, Never]  
- social_battery_recharge is in [Alone time, None of the above, Social media]  
- social_orientation_type is in [Introvert, Not sure]  
- social_anxiety_level is in [Avoid it, Nervous]  
- emotional_expression_method is in [Stay silent, Other (if implies less verbal communication)]  
- primary_anger_sources is in [Selfishness, Unnecessary criticism] (possibly indicating interpersonal difficulties)  

10 different conditions for class "1" (Does maintain long-distance friendships through calls):  
- social_connection_frequency is in [Daily, Weekly, monthly]  
- gathering_size_preference is in [Small gatherings, Both]  
- valued_friendship_traits is in [Support, Loyalty, Honesty, All, All the three and trust, Understanding person]  
- conflict_resolution_style is in [Talk it out, Apologize first]  
- family_support_level is in [Yes, Sometimes, yes]  
- social_battery_recharge is in [Talking to someone]  
- social_orientation_type is in [Extrovert, Ambivert]  
- social_anxiety_level is in [Neutral, Excited]  
- emotional_expression_method is in [Talk openly, Express emotion strongly]  
- primary_anger_sources is in [Injustice, Being interrupted] (less likely to cause avoidance of calls)

---DIVIDER---

Answer:  
Step 1. The relationship between each feature and the task description:

- **social_connection_frequency**: Higher frequency of social connection (Daily, Weekly) likely correlates with maintaining long-distance friendships through calls, as frequent interaction is needed to sustain such relationships. Rarely or Never suggests less likelihood.

- **gathering_size_preference**: Preference for small gatherings or both small and large gatherings may indicate comfort with closer, more intimate connections, potentially supporting maintaining long-distance friendships. Preference for large events or Never may indicate less personal connection or social engagement.

- **valued_friendship_traits**: Valuing traits like support, loyalty, honesty, and understanding suggests a deeper commitment to friendships, which may motivate maintaining long-distance friendships via calls.

- **conflict_resolution_style**: Those who prefer to "Talk it out" or "Apologize first" may be more proactive in maintaining relationships, including long-distance ones, through communication such as calls. Avoiding conflict or letting time fix it may reduce efforts to sustain friendships.

- **family_support_level**: Higher family support (Yes, Sometimes) may indicate a supportive social environment encouraging maintenance of friendships, including long-distance ones. No or Never may correlate with less social support overall.

- **social_battery_recharge**: Preferring "Talking to someone" or "Social media" as recharge methods suggests comfort and preference for social interaction, which supports maintaining friendships through calls.

- **social_orientation_type**: Extroverts and ambiverts are more likely to maintain social connections actively, including long-distance friendships through calls. Introverts or "Not sure" may be less likely.

- **social_anxiety_level**: Those who are "Excited" or "Neutral" about social interaction are more likely to maintain friendships through calls. Those who "Avoid it" or feel "Nervous" may avoid such contact.

- **emotional_expression_method**: People who "Talk openly" or "Express emotion strongly" are more likely to maintain friendships through calls, which require verbal emotional exchange. Those who "Stay silent" or prefer "Write down" may be less likely.

- **primary_anger_sources**: While less direct, people sensitive to "Injustice" or "Selfishness" may be motivated to maintain friendships through communication to manage conflicts, supporting calls. Those triggered by "Being interrupted" or "Unnecessary criticism" may avoid calls to prevent conflict.

---

Step 2. Conditions for class "0" (Does NOT maintain long-distance friendships through calls):

- social_connection_frequency is in [Never, Rarely, Monthly]  
- gathering_size_preference is in [Large events, Never]  
- valued_friendship_traits is in [Honesty, Understanding person]  
- conflict_resolution_style is in [Avoid conflict, Let time fix it]  
- family_support_level is in [No, Never]  
- social_battery_recharge is in [Alone time, None of the above]  
- social_orientation_type is in [Introvert, Not sure]  
- social_anxiety_level is in [Avoid it, Nervous]  
- emotional_expression_method is in [Stay silent, Other]  
- primary_anger_sources is in [Being interrupted, Unnecessary criticism]  

---

10 different conditions for class "1" (Does maintain long-distance friendships through calls):

- social_connection_frequency is in [Daily, Weekly]  
- gathering_size_preference is in [Small gatherings, Both]  
- valued_friendship_traits is in [Support, Loyalty, All, All the three and trust]  
- conflict_resolution_style is in [Talk it out, Apologize first]  
- family_support_level is in [Yes, Sometimes, yes]  
- social_battery_recharge is in [Talking to someone, Social media]  
- social_orientation_type is in [Extrovert, Ambivert]  
- social_anxiety_level is in [Excited, Neutral]  
- emotional_expression_method is in [Talk openly, Express emotion strongly]  
- primary_anger_sources is in [Injustice, Selfishness]