Answer:  
Step 1. The relationship between each feature and the task description:

- Vmag (apparent magnitude): Brighter stars (lower Vmag) can be either giants or dwarfs depending on distance; less direct correlation alone.
- Plx (parallax): Larger parallax means closer star; absolute magnitude depends on distance, so important to distinguish giants.
- e_Plx (parallax error): High error reduces reliability of distance and absolute magnitude estimates.
- B-V (color index): Indicates star temperature; giants tend to have redder colors (higher B-V), but not definitive alone.
- SpType (spectral type): The luminosity class in spectral type (e.g., III for giants, V for dwarfs) directly indicates if star is giant or not.
- Amag (absolute magnitude): Giants are intrinsically brighter (lower absolute magnitude values) than dwarfs of similar spectral type.

Step 2.  
10 different conditions for class "0" (star is NOT a giant):  
- SpType is in [types with luminosity class V or IV/V or Vm or V: e.g., B9V, A0IV/V, F6V, G3V, A0Vm, B1V:nn, A0V]  
- Amag (absolute magnitude) is greater than 14.7 (fainter stars are likely dwarfs)  
- B-V is less than 0.5 (bluer stars tend to be dwarfs)  
- Plx is greater than or equal to 2.0 (closer stars with dwarf spectral types)  
- Vmag is greater than 5.0 (generally fainter apparent magnitude for dwarfs at given distance)  
- SpType is in [B9V, A0IV/V, F6V, G3V, A0Vm]  
- Amag is within range of [15, 20] (consistent with dwarf absolute magnitudes in examples)  
- B-V is within range of [-0.05, 0.5] (bluer colors typical of dwarfs in examples)  
- e_Plx is less than 1.1 (more reliable parallax measurements for dwarfs in examples)  
- Plx is within range of [0.05, 15.8] (distance range observed for dwarfs in examples)  

10 different conditions for class "1" (star IS a giant):  
- SpType is in [types with luminosity class III or III/IV or K5/M0III, G8/K0III, K2/K3III, K0III, G8III, K3III, B9III]  
- Amag (absolute magnitude) is less than or equal to 16.3 (giants are brighter, thus lower absolute magnitude)  
- B-V is greater than or equal to 0.9 (redder stars tend to be giants)  
- Plx is less than or equal to 7.5 (giants can be farther, but parallax lower or moderate)  
- Vmag is less than or equal to 8.0 (giants tend to be brighter in apparent magnitude at similar distances)  
- SpType is in [G8/K0III, K2/K3III, K0III, G8III, K3III, K5/M0III, B9III]  
- Amag is within range of [14.7, 16.5] (absolute magnitude range observed for giants)  
- B-V is within range of [0.9, 1.5] (color index range for giants)  
- e_Plx is less than or equal to 1.0 (parallax measurements generally reliable for giants in examples)  
- Plx is within range of [2.3, 7.5] (parallax range observed for giants)

These conditions align well with the provided examples and astrophysical knowledge about giants vs. dwarfs.

---DIVIDER---

Answer:  
Step 1. The relationship between each feature and the task description:  

- Vmag (apparent magnitude): Brighter stars (lower Vmag) tend to be giants if they are distant or intrinsically luminous; however, apparent magnitude alone is not a reliable indicator of giant status because it depends on distance.  
- Plx (parallax): Smaller parallax means larger distance; giants tend to be luminous and thus visible at larger distances with smaller parallaxes.  
- e_Plx (parallax error): Large error reduces reliability of distance and absolute magnitude estimation, less useful directly for classification.  
- B-V (color index): Giants typically have redder colors (higher B-V), indicating cooler temperatures compared to dwarfs of the same spectral class.  
- SpType (spectral type): The luminosity class indicated by the suffix (e.g., V for dwarfs, III for giants) is a direct indicator of giant status. Spectral types with III or III/IV indicate giants or subgiants.  
- Amag (absolute magnitude): Giants have lower absolute magnitude (more negative or smaller number) than dwarfs of the same spectral type, indicating higher intrinsic brightness. However, the given Amag values in examples seem unusually high (positive and large), possibly scaled or inverted, so interpretation should be cautious. Still, relative differences can be informative.

Step 2. Based on the above and examples, infer 10 different conditions per answer class:

10 different conditions for class "0":  
- SpType is in [G1V, F3V, B9V, A0Vm, A0V, F6V, G3V, B1V:nn, B9V, A0IV/V]  
- SpType ends with "V" (main sequence/dwarf stars)  
- B-V <= 0.5  
- Amag >= 15  
- Plx >= 2.5  
- Vmag >= 4.9  
- B-V is within range [ -0.05, 0.5 ]  
- Plx is within range [2.0, 16.0]  
- Amag is within range [15, 20]  
- e_Plx <= 1.1  

10 different conditions for class "1":  
- SpType is in [K0III, K3III, G8/K0III, K2/K3III, G8III, B9III, K5/M0III]  
- SpType contains "III" (giant stars)  
- B-V >= 0.9  
- Amag < 16  
- Plx <= 7.5  
- Vmag <= 8.6  
- B-V is within range [0.9, 1.5]  
- Plx is within range [2.0, 7.5]  
- Amag is within range [14, 16]  
- e_Plx <= 1.5  

These conditions reflect the strong role of spectral luminosity class and color index in identifying giants, supported by parallax and absolute magnitude ranges consistent with the examples.

---DIVIDER---

Answer:  
Step 1. The relationship between each feature and the task description:

- Vmag (apparent magnitude): Not directly indicative of giant status because it depends on distance; a star can appear bright or dim regardless of size.
- Plx (parallax): Smaller parallax means greater distance; giants tend to be luminous and visible at larger distances, so giants might have smaller parallax values.
- e_Plx (error in parallax): Measurement uncertainty; less relevant to classification but large errors reduce confidence.
- B-V (color index): Indicates star temperature and spectral type; giants often have redder colors (higher B-V), but this alone is not definitive.
- SpType (spectral type): Crucial; giants have spectral types with luminosity class III (e.g., K3III), while dwarfs have V (e.g., G3V).
- Amag (absolute magnitude): Direct measure of intrinsic brightness; giants have brighter absolute magnitudes (lower numerical values) compared to dwarfs of similar spectral type.

Step 2.  
10 different conditions for class "0" (not giant):  
- SpType is in [types ending with V, e.g., G1V, F3V, B9V, A0V, B1V:nn, F6V]  
- Amag >= 15  
- B-V <= 0.5  
- Plx >= 5  
- Vmag >= 7  
- SpType is in [types containing "IV" or "V", e.g., A0IV/V, A0Vm]  
- Amag is within range [15, 20]  
- Plx is within range [3, 20]  
- B-V < 0.2  
- SpType does not contain "III"  

10 different conditions for class "1" (giant):  
- SpType is in [types containing "III", e.g., K3III, B9III, G8III, K0III, K2/K3III, K5/M0III, G8/K0III]  
- Amag < 15  
- B-V >= 0.9  
- Plx < 5  
- Vmag < 8  
- Amag is within range [14, 16]  
- B-V is within range [0.9, 1.5]  
- Plx is within range [2, 5]  
- SpType contains "III" or "III/IV"  
- Vmag is within range [6, 8]

---DIVIDER---

Answer:  
Step 1. The relationship between each feature and the task description:

- Vmag (apparent magnitude): Brighter stars (lower Vmag) can be either giants or dwarfs depending on distance; alone it is not definitive.
- Plx (parallax): Larger parallax means closer star; combined with Vmag, can help estimate absolute magnitude and thus luminosity class.
- e_Plx (error in parallax): High error reduces reliability of distance and absolute magnitude estimates.
- B-V (color index): Indicates star temperature; giants and dwarfs can have overlapping B-V but giants tend to be redder for same spectral type.
- SpType (spectral type): The luminosity class embedded in spectral type (e.g., V = dwarf/main sequence, III = giant, IV = subgiant) is a strong direct indicator of giant status.
- Amag (absolute magnitude): Giants have lower absolute magnitude values (more luminous) than dwarfs; higher Amag means less luminous, likely not giant.

Step 2. Based on the above, and the examples, infer 10 conditions per answer:

10 different conditions for class "0" (Not giant):

- SpType is in [G1V, F3V, B9V, A0V, A0Vm, A0IV/V, G3V, F6V, B1V:nn, B9V]
- Amag (absolute magnitude) >= 13
- Vmag > 7.5
- Plx >= 3.5
- B-V <= 0.5
- e_Plx <= 1.1
- SpType contains "V" but not "III" or "IV" (main sequence stars)
- Amag is within range [13, 20]
- Plx is within range [3.5, 20]
- B-V < 0.7

10 different conditions for class "1" (Giant):

- SpType is in [K3III, G8III, K2/K3III, B9III, G8/K0III, K0III, K5/M0III]
- Amag < 16
- Vmag <= 8
- Plx < 5
- B-V >= 0.9
- e_Plx > 0.7
- SpType contains "III" (giant luminosity class)
- Amag is within range [13, 16]
- Plx is within range [1.5, 5]
- B-V > 0.8

---DIVIDER---

Answer:  
Step 1. The relationship between each feature and the task description:

- Vmag (apparent magnitude): Brighter stars (lower Vmag) can be either giants or dwarfs, so Vmag alone is not a strong indicator of giant status.  
- Plx (parallax): Smaller parallax means greater distance. Giants tend to be luminous and visible at larger distances, so giants may have smaller parallaxes compared to dwarfs of similar apparent magnitude.  
- e_Plx (error in parallax): Measurement uncertainty; high error reduces reliability of distance estimate but does not directly indicate giant status.  
- B-V (color index): Giants often have redder colors (higher B-V), especially K and M giants, while dwarfs can have a wide range but often lower B-V for hotter stars.  
- SpType (spectral type): The luminosity class in SpType (e.g., III for giants, V for dwarfs) is a direct indicator of giant or dwarf status.  
- Amag (absolute magnitude): Giants have lower (brighter) absolute magnitudes than dwarfs of the same spectral type, so Amag can help distinguish giants from dwarfs.  

Step 2. Based on Step 1 and examples, infer 10 different conditions per class:

10 different conditions for class "0" (not giant):  
- SpType is in [types containing "V" only, e.g., G1V, F3V, B9V, A0V, K5V]  
- Amag is greater than 13.5  
- B-V is less than 0.5  
- Plx is greater than or equal to 3.5  
- Vmag is greater than 7.5  
- SpType is in [types containing "IV" or "V" but not "III", e.g., A0IV/V, A0Vm]  
- Amag is within range of [14, 20]  
- Plx is within range of [3, 20]  
- B-V is within range of [-0.05, 0.5]  
- e_Plx is less than or equal to 1.1  

10 different conditions for class "1" (giant):  
- SpType is in [types containing "III", e.g., B9III, K3III, K5/M0III, G8III, K2/K3III, G8/K0III]  
- Amag is less than or equal to 16.5  
- B-V is greater than or equal to 0.9  
- Plx is less than or equal to 7.5  
- Vmag is less than or equal to 8.0  
- Amag is within range of [14, 17]  
- B-V is within range of [0.9, 1.5]  
- Plx is within range of [1.5, 7.5]  
- e_Plx is less than or equal to 1.5  
- SpType is in [types containing "III" or "III/IV"]  

These conditions collectively capture the typical features of giants (luminosity class III, redder color, brighter absolute magnitude, smaller parallax) and dwarfs (luminosity class V, bluer color, fainter absolute magnitude, larger parallax).