Step 1. The relationship between each feature and the task description:

- Date: The time or date itself likely has no direct causal relationship to whether an arrest was made, but certain times (e.g., night vs. day) might correlate with crime types or police activity.
- Primary Type: Certain crime types (e.g., violent crimes like battery) are more likely to result in an arrest than others (e.g., theft without a suspect).
- Description: More specific descriptions might indicate severity or circumstances that influence arrest likelihood.
- Location Description: Some locations (e.g., street, public places) may have higher police presence and thus higher arrest likelihood.
- Domestic: Domestic violence cases often have higher arrest rates due to mandatory arrest policies.
- Beat/District/Ward/Community Area: These geographic indicators may reflect policing intensity or crime patterns affecting arrest likelihood.
- FBI Code: This categorizes the crime by federal classification; some codes correspond to crimes with higher arrest rates.
- X Coordinate/Y Coordinate/Latitude/Longitude: Geographic location may indirectly relate to arrest likelihood through neighborhood crime dynamics.
- Year: Likely constant in the dataset; no direct effect.
  
Step 2. Based on the above and examples, infer conditions:

10 different conditions for class "0" (No arrest made):
- Primary Type is in [MOTOR VEHICLE THEFT, THEFT, CRIMINAL DAMAGE, BURGLARY, NARCOTICS]
- Description is in [THEFT / RECOVERY - AUTOMOBILE, TO PROPERTY, SIMPLE THEFT]
- Location Description is in [ALLEY, RESIDENCE, APARTMENT, PARKING LOT, GAS STATION]
- Domestic = 0
- FBI Code is in [07, 14, 06]  # e.g., theft, damage, non-violent codes
- Beat is within range of [900, 1100]
- District is within range of [8, 11]
- Ward is within range of [15, 25]
- Community Area is within range of [20, 40]
- Date is within range of [01/01/2025 12:00:00 AM, 01/30/2025 11:59:59 PM] but time is between 6 AM and 6 PM (daytime)

10 different conditions for class "1" (Arrest made):
- Primary Type is in [BATTERY, NARCOTICS, ASSAULT, ROBBERY, SEX OFFENSE]
- Description is in [SIMPLE, POSSESS - PCP, AGGRAVATED P.O. - HANDS, FISTS, FEET, SERIOUS INJURY]
- Location Description is in [STREET, CTA BUS STOP, SIDEWALK, PARK]
- Domestic = 1 or Domestic = 0 but violent crime type
- FBI Code is in [08B, 18, 03]  # e.g., battery, narcotics, assault codes
- Beat is within range of [1100, 2000]
- District is within range of [12, 25]
- Ward is within range of [30, 50]
- Community Area is within range of [1, 20]
- Date is within range of [01/01/2025 12:00:00 AM, 01/30/2025 11:59:59 PM] but time is between 6 PM and 6 AM (nighttime)

---

This set of conditions captures tendencies from the examples and general knowledge about crime and arrest likelihood in Chicago.

---DIVIDER---

Answer:  
Step 1. The relationship between each feature and the task description:

- Date: The date/time itself may not directly influence arrest likelihood, but crimes reported at certain times (e.g., night) may have different arrest rates.  
- Primary Type: Certain crime types are more likely to result in arrests (e.g., narcotics, battery) while others (e.g., theft, criminal damage) less so.  
- Description: More severe or specific descriptions (e.g., aggravated battery) may correlate with arrests.  
- Location Description: Some locations (e.g., street, public places) may have higher arrest rates than private or ambiguous locations.  
- Domestic: Domestic violence cases might have distinct arrest patterns, possibly higher arrest rates.  
- Beat, District, Ward, Community Area: Geographic/police jurisdiction may affect arrest likelihood due to policing intensity or resources.  
- FBI Code: FBI crime codes correspond to crime severity/type, influencing arrest probability.  
- Coordinates (X, Y, Latitude, Longitude): Spatial data can reflect crime hotspots where arrests may be more frequent.  
- Year: Arrest policies or crime trends might change by year, but here only 2025 is shown, so limited influence.  

Step 2. Based on the above and examples, infer 10 different conditions per answer class:

10 different conditions for class "0" (No arrest made):  
- Primary Type is in [MOTOR VEHICLE THEFT, THEFT, CRIMINAL DAMAGE, BURGLARY]  
- Description is in [THEFT / RECOVERY - AUTOMOBILE, TO PROPERTY, OVER $500]  
- Location Description is in [ALLEY, RESIDENCE, APARTMENT]  
- Domestic = 0  
- FBI Code is in [07, 14, 06]  
- Beat is within range of [900, 950]  
- District is in [9, 10]  
- Ward is within range of [20, 25]  
- Community Area is within range of [30, 40]  
- Date is in [01/01/2025 12:00:00 AM, 01/31/2025 11:59:59 PM] (general, no specific effect)  

10 different conditions for class "1" (Arrest made):  
- Primary Type is in [NARCOTICS, BATTERY, ASSAULT, WEAPONS VIOLATION]  
- Description is in [SIMPLE, POSSESS - PCP, AGGRAVATED P.O. - HANDS, FISTS, FEET, SERIOUS INJURY]  
- Location Description is in [STREET, CTA BUS STOP, SIDEWALK]  
- Domestic = 1 or 0 (domestic might increase arrest likelihood but examples show 0 too)  
- FBI Code is in [08B, 18, 15]  
- Beat is within range of [1100, 1200] or [1900, 2000]  
- District is in [11, 19]  
- Ward is within range of [40, 45]  
- Community Area is within range of [5, 25]  
- Date is within early morning or evening hours (e.g., 6 PM to 11 PM)  

These conditions are derived from the example data and common sense about crime and arrest patterns.

---DIVIDER---

Answer:  
Step 1. The relationship between each feature and the task description:

- Date: The time or date of crime might have some effect (e.g., night crimes might have different arrest rates), but generally not strongly predictive alone.  
- Primary Type: Certain crime types (e.g., violent crimes like BATTERY, NARCOTICS) are more likely to result in arrests than property crimes like THEFT or CRIMINAL DAMAGE.  
- Description: More serious or specific descriptions (e.g., AGGRAVATED, POSSESSION) might correlate with arrests.  
- Location Description: Some locations (e.g., STREET, ALLEY) might have different arrest likelihoods; private or less public places may have fewer arrests.  
- Domestic: Domestic violence crimes may have a higher or lower arrest rate depending on reporting and police response.  
- Beat, District, Ward, Community Area: These geographical divisions might reflect policing intensity or crime severity but are less directly interpretable without more context.  
- FBI Code: Different FBI crime codes correspond to different crime categories; some codes are more likely to involve arrests.  
- X Coordinate, Y Coordinate, Latitude, Longitude: Geographical coordinates might indirectly reflect areas with higher arrest rates but are not directly interpretable without mapping.  
- Year: Since all examples are from 2025, year might not be discriminative here.

From the examples and common knowledge, arrests are more likely in violent or drug-related crimes (e.g., BATTERY, NARCOTICS) and less likely in theft or property damage crimes.

---

Step 2. Based on the above and examples, 10 different conditions per class:

10 different conditions for class "0" (No arrest made):  
- Primary Type is in [THEFT, MOTOR VEHICLE THEFT, CRIMINAL DAMAGE]  
- Description is in [THEFT / RECOVERY - AUTOMOBILE, TO PROPERTY]  
- Location Description is in [ALLEY, NURSING / RETIREMENT HOME, RESIDENCE]  
- FBI Code is in [07, 14]  
- Domestic is 0  
- Primary Type is THEFT and Description is OVER $500  
- Beat is within range [900, 1100]  
- District is within range [8, 10]  
- Ward is within range [20, 25]  
- Community Area is within range [25, 40]

10 different conditions for class "1" (Arrest made):  
- Primary Type is in [BATTERY, NARCOTICS]  
- Description is in [SIMPLE, POSSESS - PCP]  
- Location Description is STREET  
- FBI Code is in [08B, 18]  
- Domestic is 0 or 1 (no strong restriction)  
- Primary Type is BATTERY and Description is SIMPLE  
- Beat is within range [1100, 2000]  
- District is within range [11, 20]  
- Ward is within range [40, 50]  
- Community Area is within range [5, 30]

---

These conditions align with the examples and general knowledge about which crimes tend to lead to arrests in Chicago.

---DIVIDER---

Answer:  
Step 1. The relationship between each feature and the task description:

- Date: The time or date itself may not directly indicate arrest likelihood, but some crimes at certain times (e.g., night) might have different arrest rates.
- Primary Type: Certain crime types (e.g., violent crimes like BATTERY) are more likely to result in arrests than property crimes (e.g., THEFT, CRIMINAL DAMAGE).
- Description: More severe or specific descriptions (e.g., AGGRAVATED) might correlate with arrests.
- Location Description: Some locations (e.g., STREET, RESIDENCE) may have higher arrest rates due to police presence or crime nature.
- Domestic: Domestic violence cases (Domestic=1) might have higher arrest rates due to legal protocols.
- Beat, District, Ward, Community Area: These geographic identifiers might correlate with arrest likelihood due to policing intensity or crime patterns.
- FBI Code: Certain FBI codes correspond to serious crimes, more likely to have arrests.
- X Coordinate, Y Coordinate, Latitude, Longitude: Geographic coordinates relate to location and thus indirectly to arrest likelihood.
- Year: Year is constant here (2025), likely not a factor.
  
Step 2. Based on the above and examples, infer 10 different conditions per answer class.

10 different conditions for class "0" (No arrest made):
- Primary Type is in [THEFT, MOTOR VEHICLE THEFT, CRIMINAL DAMAGE, BURGLARY, NARCOTICS]
- Description is in [TO PROPERTY, OVER $500, UNDER $500, SIMPLE PROPERTY DAMAGE]
- Location Description is in [ALLEY, STREET, RESIDENCE, APARTMENT]
- Domestic is 0
- FBI Code is in [14, 07, 06, 23]  # property and theft related codes
- Beat is within range of [900, 1100]
- District is within range of [9, 11]
- Ward is within range of [20, 30]
- Community Area is within range of [30, 40]
- Date is within range of [01/01/2025 12:00:00 AM, 01/31/2025 11:59:59 PM] and time is between 6:00 AM and 6:00 PM (daytime crimes less likely arrested immediately)

10 different conditions for class "1" (Arrest made):
- Primary Type is in [BATTERY, NARCOTICS, ASSAULT, CRIM SEXUAL ASSAULT, ROBBERY]
- Description is in [SIMPLE, AGGRAVATED, POSSESS - PCP, HANDGUN, AGGRAVATED P.O. - HANDS, FISTS, FEET, SERIOUS INJURY]
- Location Description is in [STREET, RESIDENCE, APARTMENT, SIDEWALK, CTA BUS STOP]
- Domestic is 1
- FBI Code is in [08B, 18, 03, 04]  # violent and drug-related crimes
- Beat is within range of [1100, 2000]
- District is within range of [10, 20]
- Ward is within range of [40, 50]
- Community Area is within range of [5, 15]
- Date is within range of [01/01/2025 12:00:00 AM, 01/31/2025 11:59:59 PM] and time is between 6:00 PM and 6:00 AM (nighttime crimes more likely arrests)

---

These conditions reflect tendencies from the examples and general knowledge: violent crimes, domestic cases, and narcotics offenses are more likely to have arrests; property crimes and thefts less so. Location and time also influence arrest likelihood.

---DIVIDER---

Answer:  
Step 1. The relationship between each feature and the task description:

- Date: The time or date itself likely does not directly determine if an arrest was made, but crimes reported at certain times (e.g., night) might have different arrest probabilities.
- Primary Type: Certain crime types (e.g., violent crimes, narcotics) are more likely to result in arrests than others (e.g., property damage, theft).
- Description: More severe or specific descriptions (e.g., aggravated assault) might correlate with arrests.
- Location Description: Some locations (e.g., streets, public places) might have higher arrest rates compared to private or less accessible areas.
- Domestic: Domestic violence crimes might have different arrest likelihoods.
- Beat, District, Ward, Community Area: Geographic areas might have different policing intensities or arrest rates.
- FBI Code: FBI crime classification codes group crimes by severity/type, which influences arrest likelihood.
- X Coordinate, Y Coordinate, Latitude, Longitude: Geographic coordinates correlate with location features and policing patterns.
- Year: All examples are from 2025, so no temporal variation.
  
Step 2. Based on the above and the examples, infer 10 different conditions per answer class:

10 different conditions for class "0" (No arrest made):  
- Primary Type is in [MOTOR VEHICLE THEFT, CRIMINAL DAMAGE, THEFT, BURGLARY]  
- Description is in [THEFT / RECOVERY - AUTOMOBILE, TO PROPERTY, OVER $500]  
- Location Description is in [ALLEY, RESIDENCE, APARTMENT]  
- Domestic = 0  
- FBI Code is in [07, 14, 06]  
- Beat is within range of [900, 1100]  
- District is within range of [8, 12]  
- Ward is within range of [15, 25]  
- Community Area is within range of [20, 40]  
- Date is in [01/01/2025 12:00:00 AM, 01/20/2025 11:59:59 PM]  

10 different conditions for class "1" (Arrest made):  
- Primary Type is in [NARCOTICS, BATTERY, ASSAULT, CRIMINAL SEXUAL ASSAULT]  
- Description is in [POSSESS - PCP, SIMPLE, AGGRAVATED P.O. - HANDS, FISTS, FEET, SERIOUS INJURY]  
- Location Description is in [STREET, SIDEWALK, CTA BUS STOP]  
- Domestic = 1 or 0 (domestic might be less predictive)  
- FBI Code is in [08B, 18, 04]  
- Beat is within range of [1100, 2000]  
- District is within range of [10, 20]  
- Ward is within range of [30, 50]  
- Community Area is within range of [5, 30]  
- Date is in [01/21/2025 12:00:00 AM, 01/30/2025 11:59:59 PM]  

These conditions reflect typical patterns where violent and drug-related crimes in public places more often result in arrests, while property crimes and thefts often do not. Geographic and temporal ranges are inferred to reflect policing patterns and example data distribution.