Answer:  
Step 1. The relationship between each feature and the task description:  
- Vmag (apparent magnitude) indicates how bright the star appears from Earth, but brightness alone cannot distinguish giants from dwarfs because distance affects apparent magnitude.  
- Plx (parallax) measures distance; smaller parallax means greater distance. Giants tend to be more luminous and can be seen at greater distances with moderate brightness.  
- e_Plx (error in parallax) impacts reliability of distance measurement but is not directly indicative of giant status.  
- B-V (color index) correlates with star temperature and spectral type; giants and dwarfs can have similar B-V but giants tend to be cooler and redder for certain spectral types.  
- SpType (spectral type) contains luminosity class: V = main sequence (dwarf), III = giant, IV = subgiant, etc. This is the most direct indicator of giant status.  
- Amag (absolute magnitude) is intrinsic brightness; giants have lower (brighter) absolute magnitudes compared to dwarfs of the same spectral type.  

Step 2.  
10 different conditions for class "0" (not giant):  
- SpType is in [G1V, F3V, A5V, A1V, G8V, B5V, B2IV-V, G6IV:]  
- SpType contains "V" but not "III" or "IV" (main sequence stars)  
- Amag (absolute magnitude) is greater than 15  
- Amag is within range of [16, 20]  
- Plx is greater than 4  
- Vmag is less than 9  
- B-V is within range of [-0.2, 0.5]  
- e_Plx is less than 1.5  
- Plx is within range of [4, 13]  
- B-V is less than 1.0  

10 different conditions for class "1" (giant):  
- SpType is in [K0/K1III:, K0III, K1III, B2III, G8/K0III, G8III, F3III]  
- SpType contains "III" (giant luminosity class)  
- Amag is less than 16  
- Amag is within range of [12, 16]  
- Plx is less than 4  
- B-V is greater than 0.9  
- Vmag is greater than 7  
- e_Plx is less than 1.5  
- Plx is within range of [0.5, 3.9]  
- B-V is within range of [0.9, 1.4]

---DIVIDER---

Step 1. The relationship between each feature and the task description:

- Vmag (apparent magnitude): Brighter stars (lower Vmag) might be giants but apparent magnitude alone is not reliable because it depends on distance.
- Plx (parallax): Larger parallax means closer star; giants tend to be luminous but can be far, so smaller Plx might indicate giant if brightness is high.
- e_Plx (parallax error): High error reduces reliability of distance and absolute magnitude calculation.
- B-V (color index): Giants often have redder colors (higher B-V), but some giants can be blue or yellow; dwarfs tend to have smaller B-V.
- SpType (spectral type): The luminosity class in SpType (e.g., III, IV, V) directly indicates star type; III is giant, V is dwarf.
- Amag (absolute magnitude): Giants have lower absolute magnitude (brighter) than dwarfs of the same spectral type; higher Amag means fainter.

Step 2. Based on the above and examples:

10 different conditions for class "0" (not giant):

- SpType is in [types ending with 'V' or 'IV' or 'IV-V', e.g., G1V, F3V, A5V, B5V, B2IV-V, G3V, F0IV]
- Amag (absolute magnitude) > 15
- Plx >= 3.5
- B-V < 0.7
- Vmag >= 7.5
- e_Plx <= 1.1
- SpType does not contain "III"
- Amag is within range [16, 19]
- B-V is within range [0, 0.7]
- Plx is within range [4, 13]

10 different conditions for class "1" (giant):

- SpType is in [types containing 'III' or 'III:' or 'III/IV', e.g., F3III, K1III, K0III, B2III, G8III, K0/K1III:]
- Amag <= 16
- Plx < 3.5
- B-V > 0.7
- Vmag < 8.0
- e_Plx > 0.8 (some giants have higher parallax errors due to distance)
- SpType contains "III"
- Amag is within range [12, 16]
- B-V is within range [0.9, 1.4]
- Plx is within range [0.5, 3.1]

These conditions align well with the examples given and general astrophysical knowledge: giants have spectral type luminosity class III, tend to have brighter absolute magnitude (lower Amag), are often redder (higher B-V), and tend to have smaller parallax because they are further away.

---DIVIDER---

Answer:  
Step 1. The relationship between each feature and the task description:

- **Vmag (apparent magnitude):** Brighter stars (lower Vmag) can be giants or dwarfs depending on distance; alone, Vmag is not a strong indicator of giant status because it depends on distance.
- **Plx (parallax):** Larger parallax means closer stars; giants tend to be more luminous and visible at larger distances (smaller parallax), but this is not definitive alone.
- **e_Plx (error in parallax):** High error reduces reliability of distance and absolute magnitude; less useful for classification.
- **B-V (color index):** Indicates star temperature and spectral type; giants tend to have certain B-V ranges depending on spectral type, often redder (higher B-V).
- **SpType (spectral type):** The luminosity class in spectral type (e.g., V for main sequence, III for giants, IV subgiants) is a strong indicator; giants have III or III/IV in SpType.
- **Amag (absolute magnitude):** Giants have lower absolute magnitude (brighter) than dwarfs of the same spectral type; lower Amag (numerically smaller) indicates brighter stars, often giants.

Step 2. 10 different conditions for each class inferred from examples and Step 1:

10 different conditions for class "0" (not giant stars):
- SpType is in [types ending with 'V', e.g., G1V, F3V, A1V, B5V, G8V, A5V, G3V]
- Amag (absolute magnitude) >= 16
- B-V is within range [-0.2, 0.7]
- Plx >= 4
- Vmag >= 6.5
- e_Plx <= 1.1
- SpType does not contain 'III' or 'IV' (i.e., no subgiant or giant luminosity class)
- Amag is within range [16, 19]
- B-V < 1.0
- Plx is within range [4, 13]

10 different conditions for class "1" (giant stars):
- SpType is in [types containing 'III', 'III:', 'III/IV', 'IV', e.g., K0III, G8III, K1III, F0IV, B2III, G8/K0III]
- Amag < 16
- B-V >= 0.9
- Plx <= 4
- Vmag <= 9.5
- e_Plx >= 0.8
- SpType contains 'III' or 'IV' (luminosity class indicating giant or subgiant)
- Amag is within range [12, 16]
- B-V is within range [0.9, 1.4]
- Plx is within range [0.5, 4]

---

These conditions reflect the typical characteristics of giants vs dwarfs/subgiants in the dataset and match the examples given.

---DIVIDER---

Answer:  
Step 1. The relationship between each feature and the task description:  

- **Vmag (apparent magnitude):** Brighter stars (lower Vmag) can be giants or dwarfs; alone it is not a strong indicator because apparent brightness depends on distance.  
- **Plx (parallax):** Larger parallax means closer star; distance affects apparent magnitude but not intrinsic classification. Giants tend to be luminous and can be seen at larger distances with moderate brightness.  
- **e_Plx (parallax error):** High error reduces reliability of distance and absolute magnitude estimates; less useful directly.  
- **B-V (color index):** Indicates star temperature and spectral class; giants often have specific B-V ranges depending on spectral type, generally redder (higher B-V) for late-type giants.  
- **SpType (spectral type):** The spectral luminosity class (e.g., V for main sequence, III for giants, IV subgiants) is the strongest indicator; stars labeled III or III/IV are giants or subgiants, V are dwarfs.  
- **Amag (absolute magnitude):** Absolute magnitude is intrinsic brightness; giants are brighter (lower Amag) than dwarfs of the same spectral type, but in examples Amag values are very high (likely distance modulus or some transformed scale). Still, a difference in Amag can help distinguish giants from dwarfs.  

Step 2.  
10 different conditions for class "0":  
- SpType is in [G1V, F3V, B8V, K5V, A1V, A5V, B5V, G8V, B2IV-V, F0IV]  
- SpType ends with "V" (main sequence stars)  
- Amag is >= 16  
- B-V is < 0.5  
- Plx is > 3.5  
- Vmag is > 6.5  
- e_Plx is <= 1.5  
- B-V is within range [-0.2, 0.5]  
- Plx is within range [4, 13]  
- Amag is within range [14.7, 18.7]  

10 different conditions for class "1":  
- SpType is in [K1III, K0/K1III, G8/K0III, G8III, K0III, B2III, F3III]  
- SpType contains "III" (giant luminosity class)  
- Amag is < 16  
- B-V is > 0.9  
- Plx is <= 3.9  
- Vmag is < 8.0  
- e_Plx is > 0.8  
- B-V is within range [0.9, 1.4]  
- Plx is within range [0.5, 3.9]  
- Amag is within range [12.6, 16.7]

---DIVIDER---

Answer:  
Step 1. The relationship between each feature and the task description:

- Vmag (apparent magnitude): Brighter stars (lower Vmag) might be giants, but apparent magnitude depends on distance, so it's not a strong direct indicator alone.
- Plx (parallax): Larger parallax means closer stars. Giants tend to be more luminous and can be seen farther away, so stars with small parallax but bright absolute magnitude might be giants.
- e_Plx (error in parallax): High error reduces reliability of distance and absolute magnitude estimation, making classification harder.
- B-V (color index): Giants often have distinct color indices, typically redder (higher B-V) for cooler giants, but this depends on spectral type.
- SpType (spectral type): The luminosity class in spectral type (e.g., III for giants, IV for subgiants, V for main sequence dwarfs) is a direct indicator of giant status.
- Amag (absolute magnitude): Giants have lower absolute magnitude (are more luminous) than dwarfs of the same spectral type, so a lower Amag is indicative of giants.

Step 2.  
10 different conditions for class "0" (not giant):  
- SpType is in [G1V, F3V, B8V, B9V, A1V, A5V, G3V, G8V, F0IV, B5V, B2IV-V]  
- Amag (>) 16  
- Vmag (>) 7.5  
- Plx (>=) 4  
- B-V (<) 0.5  
- e_Plx (>) 1.0  
- Amag is within range of [16, 20]  
- Vmag (>=) 6 and Vmag (<=) 10 and SpType ends with "V"  
- Plx (>) 5 and Amag (>) 15  
- B-V (<) 0.7 and SpType ends with "V"  

10 different conditions for class "1" (giant):  
- SpType is in [F3III, B2III, K0III, K1III, K0/K1III, G8III, G8/K0III]  
- Amag (<) 16  
- Vmag (<) 8  
- Plx (<) 4  
- B-V (>=) 0.9  
- Amag is within range of [12, 16]  
- Vmag (<) 8 and SpType contains "III"  
- Plx (>=) 1 and Plx (<=) 4 and SpType contains "III"  
- B-V (>=) 1.0 and SpType contains "III"  
- Amag (<) 15 and B-V (>=) 0.9  

These conditions reflect the spectral luminosity class as the strongest indicator, supported by absolute magnitude, parallax, and color index ranges from the examples.