Answer:

Step 1. The relationship between each feature and the task description:

- Date: The date/time itself likely has little direct effect on whether an arrest was made, though some times (e.g., night vs day) might correlate with arrest likelihood.
- Primary Type: Certain crime types (e.g., violent crimes, narcotics) are more likely to lead to arrests than minor offenses or regulatory violations.
- Description: More severe or specific descriptions (e.g., aggravated battery) might increase arrest likelihood.
- Location Description: Crimes in public places (street, alley) might have higher arrest rates than inside residences.
- Domestic: Domestic crimes might have different arrest rates due to reporting and investigation differences.
- Beat, District, Ward, Community Area: Geographic areas might influence arrest likelihood due to policing intensity or crime type prevalence.
- FBI Code: FBI codes classify crime severity and type, which affect arrest probability.
- X Coordinate, Y Coordinate, Latitude, Longitude: Spatial coordinates relate to location and thus might correlate with arrest likelihood.
- Year: Year is constant here (2025), so no effect.
  
Step 2. 10 different conditions for class "0" (No arrest made):

- Primary Type is in [THEFT, BATTERY, OTHER OFFENSE, WEAPONS VIOLATION]
- Description is in [SIMPLE, $500 AND UNDER, RECKLESS FIREARM DISCHARGE, VEHICLE TITLE / REGISTRATION OFFENSE]
- Location Description is in [RESIDENCE - PORCH / HALLWAY, STREET]
- Domestic is 0
- FBI Code is in [06, 08B, 15, 26]
- Beat is within range [300, 400]
- District is in [3, 12, 18]
- Ward is within range [6, 42]
- Community Area is within range [8, 43]
- Date is in [01/02/2025 12:00:00 PM, 01/29/2025 11:59:59 PM] (general date range with no arrest)

10 different conditions for class "1" (Arrest made):

- Primary Type is in [BATTERY, NARCOTICS, CRIMINAL DAMAGE]
- Description is in [AGGRAVATED P.O. - HANDS, FISTS, FEET, NO / MINOR INJURY, MANUFACTURE / DELIVER - CANNABIS OVER 10 GRAMS, TO VEHICLE, FOUND SUSPECT NARCOTICS]
- Location Description is in [ALLEY, SIDEWALK, APARTMENT, STREET]
- Domestic is 1 or 0 (both appear, but presence of domestic=1 correlates here)
- FBI Code is in [08B, 14, 18]
- Beat is within range [1000, 1600]
- District is in [10, 15]
- Ward is within range [25, 37]
- Community Area is within range [25, 29]
- Date is in [01/02/2025 12:00:00 AM, 01/29/2025 11:59:59 PM] (general date range with arrest)

---

Note: Conditions are inferred to reflect tendencies in the examples and general knowledge that more severe crime types and descriptions, certain locations, and specific FBI codes correlate with arrests.

---DIVIDER---

Answer:  
Step 1. The relationship between each feature and the task description:

- Date: The date/time itself likely has little direct causal relationship with whether an arrest was made, though some times or dates might correlate with different crime types or police activity levels.
- Primary Type: Certain crime types (e.g., violent crimes, narcotics) are more likely to result in arrests than others (e.g., theft under $500, simple battery).
- Description: More severe or specific descriptions (e.g., aggravated battery, manufacture/deliver narcotics) tend to be associated with arrests.
- Location Description: Crimes occurring in public places (streets, alleys) or certain locations might have higher arrest likelihood than those in private residences.
- Domestic: Domestic crimes might have a higher or lower arrest rate depending on reporting and police response.
- Beat, District, Ward, Community Area: Geographic areas might have different arrest rates due to policing policies or crime severity.
- FBI Code: Some FBI codes correspond to crimes more likely to lead to arrest (e.g., narcotics, weapons violations).
- X Coordinate, Y Coordinate, Latitude, Longitude: Geographic coordinates relate to location and thus indirectly to arrest likelihood.
- Year: Likely constant here (2025), no direct effect.
  
Step 2. 10 different conditions for class "0" (No arrest made):  
- Primary Type is in [THEFT, BATTERY, OTHER OFFENSE, LIQUOR LAW VIOLATION]  
- Description is in [$500 AND UNDER, SIMPLE, VEHICLE TITLE / REGISTRATION OFFENSE]  
- Location Description is in [RESIDENCE - PORCH / HALLWAY, NURSING / RETIREMENT HOME, CTA BUS STOP]  
- Domestic = 0  
- FBI Code is in [06, 08B, 26]  
- Primary Type is THEFT and Description is $500 AND UNDER  
- Location Description is STREET and Primary Type is WEAPONS VIOLATION and Description is RECKLESS FIREARM DISCHARGE  
- Beat is within range of [320, 330] and District = 3  
- Ward is within range of [6, 8] and Community Area is within range of [40, 45]  
- Date is in [01/02/2025 12:00:00 PM, 01/29/2025 11:59:59 PM] and Primary Type is OTHER OFFENSE and FBI Code is 26  

10 different conditions for class "1" (Arrest made):  
- Primary Type is in [BATTERY, NARCOTICS, CRIMINAL DAMAGE]  
- Description is in [AGGRAVATED P.O. - HANDS, FISTS, FEET, NO / MINOR INJURY, MANUFACTURE / DELIVER - CANNABIS OVER 10 GRAMS, TO VEHICLE, FOUND SUSPECT NARCOTICS]  
- Location Description is in [ALLEY, SIDEWALK, APARTMENT, STREET]  
- Domestic = 1  
- FBI Code is in [08B, 18, 14]  
- Primary Type is NARCOTICS and Description is MANUFACTURE / DELIVER - CANNABIS OVER 10 GRAMS  
- Location Description is STREET and Primary Type is NARCOTICS and FBI Code is 18  
- Beat is within range of [1500, 1550] and District = 15  
- Ward is within range of [25, 30] and Community Area is within range of [25, 29]  
- Date is in [01/14/2025 10:00:00 AM, 01/27/2025 05:00:00 PM] and Primary Type is BATTERY and Description includes AGGRAVATED P.O.

---DIVIDER---

Answer:  
Step 1. The relationship between each feature and the task description:

- **Primary Type**: Certain crime types such as NARCOTICS or AGGRAVATED BATTERY are more likely to lead to arrests, while minor crimes like THEFT under $500 or OTHER OFFENSES may less often result in arrests.  
- **Description**: More severe descriptions (e.g., AGGRAVATED, MANUFACTURE/DELIVER) tend to correlate with arrests, while simple or minor descriptions tend not to.  
- **Location Description**: Crimes occurring in public places (STREET, SIDEWALK) or specific locations like ALLEY might have different arrest likelihoods compared to private residences or nursing homes.  
- **Domestic**: Domestic crimes might have a different arrest pattern; possibly more arrests due to the sensitive nature.  
- **FBI Code**: FBI codes related to violent or drug offenses (e.g., 08B for battery, 18 for narcotics) correlate with arrests, while codes for minor offenses do not.  
- **Date and Time**: Not obviously correlated from given data; arrests seem independent of the exact date/time.  
- **Beat, District, Ward, Community Area, Coordinates, Latitude, Longitude**: These spatial features may reflect policing intensity or crime severity zones but are less directly interpretable without further data.  
- **Year**: Constant in examples (2025), no variation to infer.  

Step 2. Conditions inferred from examples and Step 1:

10 different conditions for class "0" (No arrest made):  
- Primary Type is in [THEFT, OTHER OFFENSE, BATTERY, WEAPONS VIOLATION]  
- Description is in [SIMPLE, $500 AND UNDER, RECKLESS FIREARM DISCHARGE, VEHICLE TITLE / REGISTRATION OFFENSE]  
- Location Description is in [RESIDENCE - PORCH / HALLWAY, STREET]  
- Domestic is 0  
- FBI Code is in [06, 08B, 15, 26]  
- Beat is within range of [300, 400]  
- District is within range of [3, 3]  
- Ward is within range of [6, 42]  
- Community Area is within range of [8, 69]  
- X Coordinate is within range of [1150000, 1187000]  

10 different conditions for class "1" (Arrest made):  
- Primary Type is in [NARCOTICS, BATTERY, CRIMINAL DAMAGE]  
- Description is in [MANUFACTURE / DELIVER - CANNABIS OVER 10 GRAMS, AGGRAVATED P.O. - HANDS, FISTS, FEET, NO / MINOR INJURY, FOUND SUSPECT NARCOTICS, TO VEHICLE]  
- Location Description is in [SIDEWALK, ALLEY, APARTMENT, STREET]  
- Domestic is in [0, 1]  
- FBI Code is in [08B, 14, 18]  
- Beat is within range of [1000, 1600]  
- District is within range of [10, 15]  
- Ward is within range of [25, 37]  
- Community Area is within range of [25, 29]  
- X Coordinate is within range of [1142000, 1159000]

---DIVIDER---

Answer:  
Step 1. The relationship between each feature and the task description:  

- **Date**: The specific date/time itself likely has no direct causal effect on whether an arrest was made, but time of day or day of week might influence arrest likelihood (e.g., arrests may be more likely during active police hours).  
- **Primary Type**: Different crime types have different arrest probabilities; for example, narcotics and aggravated battery cases are more likely to result in arrests compared to minor theft or vehicle registration offenses.  
- **Description**: More severe or specific descriptions (e.g., aggravated assault, manufacture/deliver narcotics) indicate higher arrest chances.  
- **Location Description**: Crimes in public or monitored places (streets, sidewalks, alleys) might have higher arrest rates due to witness presence; private locations (residence porch, nursing homes) may have lower arrest rates.  
- **Domestic**: Domestic violence crimes may have different arrest likelihoods; some domestic cases might have higher arrest rates due to their sensitive nature.  
- **Beat, District, Ward, Community Area**: These spatial features may reflect police activity or crime severity in certain areas, influencing arrest likelihood indirectly.  
- **FBI Code**: FBI crime codes categorize crime severity/type, which strongly correlates with arrest likelihood.  
- **X Coordinate, Y Coordinate, Latitude, Longitude**: Geographical coordinates relate to location features and police jurisdiction; some areas may have higher arrest rates.  
- **Year**: Since all examples are for 2025, no variation here to analyze.  

Step 2. Based on the above examples and Step 1's results, infer 10 different conditions per answer class:  

10 different conditions for class "0":  
- Primary Type is in [OTHER OFFENSE, THEFT, WEAPONS VIOLATION]  
- Description is in [VEHICLE TITLE / REGISTRATION OFFENSE, SIMPLE, $500 AND UNDER, RECKLESS FIREARM DISCHARGE]  
- Location Description is in [STREET, RESIDENCE - PORCH / HALLWAY]  
- Domestic is 0  
- FBI Code is in [06, 08B, 15, 26]  
- Beat is within range [300, 2000] (general typical beats with no special arrest pattern)  
- District is in [3, 12, 18]  
- Ward is in [6, 27, 42]  
- Community Area is in [8, 28, 69]  
- Latitude is within range [41.75, 41.9] and Longitude is within range [-87.7, -87.6] (typical Chicago coordinates with no arrest)  

10 different conditions for class "1":  
- Primary Type is in [NARCOTICS, BATTERY, CRIMINAL DAMAGE]  
- Description is in [MANUFACTURE / DELIVER - CANNABIS OVER 10 GRAMS, FOUND SUSPECT NARCOTICS, AGGRAVATED P.O. - HANDS, FISTS, FEET, NO / MINOR INJURY, TO VEHICLE]  
- Location Description is in [SIDEWALK, ALLEY, APARTMENT]  
- Domestic is 1 or 0 (both shown, but domestic=1 appears in arrest example)  
- FBI Code is in [08B, 14, 18]  
- Beat is within range [1000, 1600] (beats associated with arrests in examples)  
- District is in [10, 15]  
- Ward is in [25, 28, 29, 37]  
- Community Area is in [25, 29]  
- Latitude is within range [41.75, 41.9] and Longitude is within range [-87.75, -87.6] (coordinates associated with arrests)

---DIVIDER---

Answer:  
Step 1. The relationship between each feature and the task description:

- Date: Certain dates or times might correlate with arrest likelihood due to police activity patterns, but no strong direct causal link expected.
- Primary Type: Some crime types (e.g., violent crimes, narcotics, weapons violations) are more likely to lead to arrests than others (e.g., theft under $500, minor offenses).
- Description: More severe or specific descriptions (e.g., aggravated battery, manufacture/deliver narcotics) likely increase arrest chances.
- Location Description: Crimes in public or controlled locations (streets, alleys) might have higher arrest rates than private or less accessible areas.
- Domestic: Domestic violence cases might have higher arrest probability due to mandatory arrest policies.
- Beat, District, Ward, Community Area: Geographic areas might differ in arrest rates due to policing intensity or crime type prevalence.
- FBI Code: Different FBI codes correspond to crime severity/type, influencing arrest likelihood.
- X Coordinate, Y Coordinate, Latitude, Longitude: Geographic coordinates relate to location features and police patrol zones.
- Year: All examples are from 2025, so no variation expected here.

Step 2. Based on the above and examples, infer 10 different conditions per answer class.

10 different conditions for class "0" (No arrest made):  
- Primary Type is in [THEFT, OTHER OFFENSE, BATTERY]  
- Description is in [$500 AND UNDER, SIMPLE, VEHICLE TITLE / REGISTRATION OFFENSE, RECKLESS FIREARM DISCHARGE]  
- Location Description is in [RESIDENCE - PORCH / HALLWAY, STREET]  
- Domestic is 0  
- FBI Code is in [06, 08B, 15, 26]  
- Beat is within range [1000, 2000]  
- District is in [3, 12, 18]  
- Ward is in [6, 27, 42]  
- Community Area is in [8, 25, 69]  
- Year = 2025  

10 different conditions for class "1" (Arrest made):  
- Primary Type is in [CRIMINAL DAMAGE, BATTERY, NARCOTICS, WEAPONS VIOLATION]  
- Description is in [AGGRAVATED P.O. - HANDS, FISTS, FEET, NO / MINOR INJURY, TO VEHICLE, FOUND SUSPECT NARCOTICS, MANUFACTURE / DELIVER - CANNABIS OVER 10 GRAMS]  
- Location Description is in [ALLEY, STREET, APARTMENT, SIDEWALK]  
- Domestic is 1 or 0 (both possible, but some arrests with Domestic=1)  
- FBI Code is in [08B, 14, 15, 18]  
- Beat is within range [1000, 1600]  
- District is in [10, 15]  
- Ward is in [25, 28, 29, 37]  
- Community Area is in [25, 28, 29]  
- Year = 2025