Answer:  
Step 1. The relationship between each feature and the task description:  

- **Vmag (apparent magnitude):** Indicates how bright the star appears from Earth. Giants can be bright or dim depending on distance; alone, Vmag is not a strong indicator of giant status without distance info.  
- **Plx (parallax):** Larger parallax means closer star; combined with Vmag, this helps determine absolute magnitude and luminosity class.  
- **e_Plx (error in parallax):** Measurement uncertainty; large error reduces confidence in distance and derived properties.  
- **B-V (color index):** Color index relates to star’s temperature and spectral type; giants tend to have specific B-V ranges depending on spectral class.  
- **SpType (spectral type):** Directly encodes luminosity class (e.g., V = main sequence, III = giant, IV = subgiant). This is the strongest indicator of giant status.  
- **Amag (absolute magnitude):** Intrinsic brightness; giants usually have brighter absolute magnitudes (lower or moderate Amag values) compared to dwarfs, but the examples show unusually high Amag values, so interpretation must be cautious.  

Step 2. Based on the above and examples, infer 10 different conditions per answer class.  

10 different conditions for class "0":  
- SpType is in [G1V, F3V, B5V, G3V, B2IV-V, F0IV]  
- SpType contains "V" but not "III" or "IV" alone (main sequence stars)  
- Amag > 16  
- B-V < 0.5  
- Plx >= 5  
- Vmag >= 4.5 and Vmag <= 8.5 (typical apparent brightness of non-giants in examples)  
- e_Plx <= 1.0 (moderate error)  
- B-V is within range [-0.2, 0.5]  
- Amag is within range [12, 20] but combined with spectral type "V" or "IV-V"  
- Plx is within range [5, 15] and SpType does not include "III"  

10 different conditions for class "1":  
- SpType is in [F3III, K1III, G8III, K0III]  
- SpType contains "III" (giant luminosity class)  
- Amag < 16 (generally brighter absolute magnitude than non-giants in examples)  
- B-V >= 1.0  
- Plx < 5  
- Vmag is within range [4.5, 8.0] (similar apparent brightness but combined with giant spectral type)  
- e_Plx >= 0.7  
- B-V is within range [1.0, 1.4]  
- Amag is within range [13, 16] and SpType includes "III"  
- Plx is within range [2, 4] and SpType includes "III"  

---

Summary:  
- The strongest condition is the spectral type luminosity class: "III" for giants (class 1) and "V" or "IV" for non-giants (class 0).  
- B-V color index and parallax ranges help support the classification.  
- Absolute magnitude and apparent magnitude ranges also provide secondary clues.

---DIVIDER---

Answer:  
Step 1. The relationship between each feature and the task description:  

- Vmag (apparent visual magnitude): Brighter stars (lower Vmag) can be giants or dwarfs; alone it is not a strong indicator of giant status because it depends on distance.  
- Plx (parallax): Larger parallax means closer star; giants tend to be luminous but can be far away, so smaller parallax may be associated with giants but not exclusively.  
- e_Plx (error in parallax): High error reduces confidence in distance and thus in derived absolute magnitude; less useful directly for classification.  
- B-V (color index): Giants often have higher B-V (redder) than dwarfs of same spectral type, but depends on spectral class.  
- SpType (spectral type): The luminosity class in spectral type (e.g., III for giants, V for main sequence) is a direct indicator of giant status.  
- Amag (absolute magnitude): Giants are more luminous (lower Amag values) than dwarfs; however, the given Amag values seem large and possibly inverted or in some transformed scale, so direct comparison is uncertain.  

From examples, spectral type luminosity class is the strongest indicator. For example, "F3III", "K1III", "K0III", "G8III" are all giants (Answer 1), while "B2IV-V", "F0IV", "G3V", "B5V" are not (Answer 0).  

Step 2. Based on above and examples, infer 10 different conditions per answer class:  

10 different conditions for class "0":  
- SpType is in [any type containing "V" but not "III" or "IV" alone, e.g., G1V, F3V, B5V, G3V]  
- SpType is in [types containing "IV-V", e.g., B2IV-V]  
- Amag is >= 12.5  
- B-V is <= 0.4  
- Plx is >= 9.0  
- Vmag is >= 4.7 and <= 8.2  
- e_Plx is <= 1.1  
- B-V is within range [-0.1, 0.4]  
- Plx is within range [9.0, 13.0]  
- Amag is within range [12.5, 19.0]  

10 different conditions for class "1":  
- SpType is in [any type containing "III", e.g., F3III, K1III, K0III, G8III]  
- Amag is < 16.0  
- B-V is >= 1.0  
- Plx is <= 4.0  
- Vmag is >= 4.7 and <= 7.8  
- e_Plx is <= 1.1  
- B-V is within range [1.0, 1.4]  
- Plx is within range [2.0, 4.0]  
- Amag is within range [13.5, 16.0]  
- Vmag is within range [4.7, 7.8]  

These conditions capture the main patterns observed:  
- Giants have spectral types with "III" luminosity class.  
- Giants tend to have redder color indices (higher B-V).  
- Giants tend to have smaller parallax (farther away).  
- Non-giants have "V" or "IV-V" spectral types, bluer colors, larger parallaxes.  
- Absolute magnitude values are somewhat overlapping but generally giants have lower Amag values in this dataset.

---DIVIDER---

Answer:  
Step 1. The relationship between each feature and the task description:

- Vmag (apparent magnitude): Brighter stars (lower Vmag) can be either giants or dwarfs depending on distance; alone it is not a strong indicator of giant status.
- Plx (parallax): Larger parallax means closer star; giants tend to be more luminous and can be detected at larger distances (smaller Plx), but this alone is not definitive.
- e_Plx (parallax error): High error reduces reliability of distance and absolute magnitude estimates; less useful directly for classification.
- B-V (color index): Indicates star temperature and spectral class; giants often have specific B-V ranges depending on their spectral type.
- SpType (spectral type): The luminosity class encoded in spectral type (e.g., III for giants, V for main sequence dwarfs) is a key indicator of giant status.
- Amag (absolute magnitude): Giants are more luminous and have lower (brighter) absolute magnitudes compared to dwarfs of the same spectral type; higher Amag (numerically) means fainter, so giants tend to have lower Amag values.

---

Step 2.  
10 different conditions for class "0" (not giant stars):

- SpType is in [G1V, F3V, B5V, G3V, B2IV-V, F0IV]  
- Amag > 14.5  
- B-V < 0.5  
- Plx >= 5  
- Vmag < 7  
- e_Plx <= 1.0  
- B-V is within range [-0.2, 0.5]  
- SpType is in [B5V, G3V, G1V]  
- Amag is within range [14.7, 19.0]  
- Plx is within range [5, 15]  

10 different conditions for class "1" (giant stars):

- SpType is in [G8III, F3III, K1III, K0III]  
- Amag <= 15.7  
- B-V > 1.0  
- Plx < 5  
- Vmag > 6.5  
- e_Plx > 0.8  
- B-V is within range [1.0, 1.4]  
- SpType is in [K0III, K1III, G8III, F3III]  
- Amag is within range [13.5, 16.0]  
- Plx is within range [1.5, 4.0]

---DIVIDER---

Answer:  
Step 1. The relationship between each feature and the task description:

- Vmag (apparent magnitude): A brighter star (lower Vmag) might be a giant, but apparent magnitude depends on distance, so it is not a direct indicator alone.
- Plx (parallax): Larger parallax means closer star; combined with apparent magnitude, it helps calculate absolute magnitude, which can indicate luminosity class.
- e_Plx (parallax error): High error reduces reliability of distance and absolute magnitude estimates.
- B-V (color index): Indicates star temperature and spectral type; giants often have certain B-V ranges differing from dwarfs.
- SpType (spectral type): The spectral classification includes luminosity class (e.g., V for dwarf/main sequence, III for giant, IV for subgiant). This is the most direct indicator of whether a star is a giant.
- Amag (absolute magnitude): A star’s intrinsic brightness; giants are generally more luminous (lower absolute magnitude) than dwarfs of the same spectral type.

Step 2.  
10 different conditions for class "0" (Not giant stars):  
- SpType is in [G1V, F3V, B5V, G3V, B2IV-V, F0IV]  
- Amag > 15  
- B-V < 0.5  
- Plx >= 5  
- Vmag >= 6  
- e_Plx <= 1.0  
- Amag is within range [16, 20]  
- SpType contains "V" but not "III" or "IV" (i.e., luminosity class V only)  
- B-V is within range [-0.2, 0.5]  
- Plx is within range [5, 15]

10 different conditions for class "1" (Giant stars):  
- SpType is in [F3III, K0III, K1III, G8III]  
- Amag <= 15.5  
- B-V > 0.8  
- Plx < 5  
- Vmag < 7.5  
- e_Plx <= 1.1  
- Amag is within range [13, 16]  
- SpType contains "III" (luminosity class indicating giant)  
- B-V is within range [0.9, 1.4]  
- Plx is within range [2, 4]

These conditions align with the examples and astrophysical understanding that giant stars are more luminous (lower absolute magnitude), have spectral types with luminosity class III, and tend to have redder colors (higher B-V). The parallax and apparent magnitude help distinguish giants from dwarfs by indicating distance and intrinsic brightness.

---DIVIDER---

Answer:  
Step 1. The relationship between each feature and the task description:

- Vmag (apparent visual magnitude): Brighter stars (lower Vmag) might be giants if they are distant, but apparent magnitude alone is not a reliable indicator of giant status because it depends on distance.
- Plx (parallax): Smaller parallax means the star is farther away; giants tend to be luminous and can be seen at larger distances with moderate brightness.
- e_Plx (error in parallax): High error reduces reliability of distance measurement; less useful directly for classification.
- B-V (color index): Giants typically have higher B-V values (redder colors) compared to main sequence stars of the same spectral type.
- SpType (spectral type): Luminosity class indicated in SpType is critical — III indicates giants, IV subgiants, V main sequence (dwarfs).
- Amag (absolute magnitude): Giants have absolute magnitudes brighter (numerically smaller) than main sequence stars of the same spectral type.

Step 2. Based on the above and the examples, infer 10 different conditions per answer class:

10 different conditions for class "0" (not giant):
- SpType is in [G1V, F3V, B5V, B2IV-V, G3V]
- SpType contains "V" but not "III" (e.g., ends with V or IV-V)
- Amag >= 16
- B-V <= 0.65
- Plx >= 5
- Vmag >= 6.5
- Amag is within range [14, 20]
- B-V is within range [-0.2, 0.65]
- Plx is within range [5, 15]
- e_Plx <= 1

10 different conditions for class "1" (giant):
- SpType is in [K1III, K0III, G8III, F3III]
- SpType contains "III" (giant luminosity class)
- Amag <= 16
- B-V >= 1.0
- Plx <= 4
- Vmag <= 8
- Amag is within range [13, 16]
- B-V is within range [1.0, 1.5]
- Plx is within range [1, 4]
- e_Plx >= 0.8

---

Explanation:  
- Giants are identified primarily by spectral type containing "III" and higher B-V values.  
- Giants tend to have brighter absolute magnitudes (numerically smaller Amag) than dwarfs.  
- Smaller parallax values correspond to more distant stars, which giants often are, given their brightness.  
- The examples support these conditions: all stars with SpType containing "III" and B-V > 1 are giants (class 1), while stars with "V" or "IV" and lower B-V are not giants (class 0).