Answer:  
Step 1. The relationship between each feature and the task description:

- **Vmag (apparent visual magnitude):** Brighter stars (lower Vmag) can be giants or dwarfs depending on distance; alone, Vmag is not a strong indicator of giant status.
- **Plx (parallax):** Larger parallax means closer star; giants tend to be luminous and can be seen farther away with smaller parallax.
- **e_Plx (error in parallax):** Measurement uncertainty; large errors reduce reliability of distance and absolute magnitude estimates.
- **B-V (color index):** Indicates star temperature and spectral class; giants often have higher B-V (redder) but overlap exists.
- **SpType (spectral type):** The suffix (e.g., V, III) indicates luminosity class; V = main sequence (dwarf), III = giant, IV = subgiant. This is a very strong indicator.
- **Amag (absolute magnitude):** Intrinsic brightness; giants have lower (brighter) absolute magnitudes than dwarfs of the same spectral type.

---

Step 2. Based on the above and examples, infer 10 different conditions per answer class:

10 different conditions for class "0" (not giant):

- SpType is in [G1V, F3V, F5V, A1V, F0V, K5V]  
- SpType ends with "V" (main sequence star)  
- Amag >= 18  
- Plx >= 3.0 and Plx <= 15.0 (closer stars, typical dwarfs)  
- B-V <= 0.7 (bluer stars, typical for dwarfs)  
- Vmag > 6.0 (fainter apparent magnitude)  
- Amag is within range [18, 20]  
- SpType does not contain "III" or "IV"  
- B-V < 0.5 (bluer stars, less likely giants)  
- e_Plx <= 1.5 (reasonable parallax error for dwarfs)

10 different conditions for class "1" (giant):

- SpType is in [A2III, G8III, K1III, G7III]  
- SpType contains "III" or "III/IV" or "IV" (luminosity class giant or subgiant)  
- Amag < 17  
- B-V >= 0.9 (redder stars, typical giants)  
- Plx < 5.0 (more distant stars, consistent with luminous giants)  
- Vmag <= 8.0 (brighter apparent magnitude)  
- Amag is within range [14, 17]  
- B-V is within range [0.8, 1.3]  
- e_Plx <= 1.0 (good parallax measurement)  
- SpType does not end with "V"

---

These conditions align well with the examples and known astrophysical properties distinguishing giants from dwarfs.

---DIVIDER---

Answer:  
Step 1. The relationship between each feature and the task description:

- Vmag (apparent visual magnitude): Brighter stars (lower Vmag) can be either giants or dwarfs depending on distance; alone it is not a strong indicator of giant status because apparent brightness depends on distance.
- Plx (parallax): Larger parallax means closer star; giants tend to be luminous and can appear bright even if far, but parallax alone does not directly indicate giant status.
- e_Plx (error in parallax): Measurement uncertainty; not directly related to giant status.
- B-V (color index): Indicates star temperature/color; giants have a range of B-V but often are redder (higher B-V) than dwarfs of the same spectral class.
- SpType (spectral type): Spectral type with luminosity class (e.g., III for giants, V for main sequence) directly indicates giant or dwarf status.
- Amag (absolute magnitude): Intrinsic brightness; giants have lower (brighter) absolute magnitudes compared to dwarfs of the same spectral type.

Step 2. Based on the above examples and Step 1's results, infer 10 different conditions per answer class:

10 different conditions for class "0" (not giant):
- SpType is in [types ending with "V"] (e.g., G1V, F3V, A1V, F5V, G3V, F0V)
- Amag >= 15.7
- B-V <= 0.7
- Vmag >= 6.5
- Plx >= 7.5
- Amag is within range [15.7, 20]
- B-V < 0.9
- SpType does not contain "III" or "IV"
- Plx > 3.0 and Amag >= 16.0
- Vmag > 6.0 and B-V < 0.8

10 different conditions for class "1" (giant):
- SpType is in [types containing "III" or "III/IV"] (e.g., K1III, G8III, G7III, A2III)
- Amag < 16.5
- B-V >= 0.9
- Vmag < 7.0
- Plx < 10.0
- Amag is within range [14.0, 16.5]
- B-V > 1.0
- SpType contains "III"
- Plx <= 10 and B-V >= 0.9
- Vmag <= 7.0 and Amag < 16.5

---DIVIDER---

Answer:  
Step 1. The relationship between each feature and the task description:

- Vmag (apparent visual magnitude): Brighter stars (lower Vmag) might be giants if they are distant; however, apparent magnitude alone is not sufficient since it depends on distance.  
- Plx (parallax): Smaller parallax means the star is farther away; giants tend to be luminous and can be seen at larger distances with moderate brightness, so smaller Plx might indicate giants.  
- e_Plx (error in parallax): High error reduces confidence in distance measurement; less relevant directly to classification but important for data quality.  
- B-V (color index): Indicates star temperature; giants can have a wide range of B-V, but some spectral types correspond to typical B-V ranges.  
- SpType (spectral type): The luminosity class in spectral type (e.g., III, III/IV) directly indicates whether a star is a giant (III) or not (V = main sequence). This is the strongest indicator.  
- Amag (absolute magnitude): Giants have higher luminosity and thus lower (brighter) absolute magnitudes compared to main sequence stars of the same spectral type. Lower Amag (numerically smaller) suggests giants.  

Step 2. Based on the above and examples, infer 10 different conditions per answer class:

10 different conditions for class "0" (Not a giant star):  
- SpType is in [G1V, F3V, A1V, F5V, G3V, K5V, B8V, B9V]  
- Amag > 17  
- Plx >= 5  
- Vmag <= 8  
- B-V is within range [0.0, 0.7]  
- e_Plx <= 1.0  
- SpType ends with "V" (main sequence)  
- Amag is within range [15, 20] and SpType is not in any giant class  
- Plx is within range [5, 20] and Vmag <= 8  
- B-V < 0.7 and SpType is not in any giant class  

10 different conditions for class "1" (Giant star):  
- SpType is in [A2III, G8III, G7III, K1III, B9III/IV]  
- Amag <= 16  
- Plx < 5  
- Vmag > 6  
- B-V is within range [0.7, 1.3]  
- e_Plx > 0.7  
- SpType contains "III" or "III/IV" (luminosity class giant or subgiant)  
- Amag is within range [14, 16] and SpType is giant class  
- Plx is within range [1, 5] and Vmag > 6  
- B-V > 0.7 and SpType is in giant classes  

These conditions reflect the strong dependence on spectral type luminosity class, supported by absolute magnitude and parallax values consistent with giant stars.

---DIVIDER---

Answer:  
Step 1. The relationship between each feature and the task description:

- Vmag (apparent magnitude): Brighter stars (lower Vmag) may be giants, but since apparent magnitude depends on distance, it is not a direct indicator alone.  
- Plx (parallax): Larger parallax means closer star; combined with magnitude, it helps calculate absolute magnitude, which relates to luminosity and size.  
- e_Plx (error in parallax): High error reduces reliability of distance and absolute magnitude calculations, making classification harder.  
- B-V (color index): Indicates star temperature and spectral type; giants often have different B-V ranges compared to dwarfs.  
- SpType (spectral type): The luminosity class in spectral type (e.g., III for giants, V for dwarfs) directly indicates if a star is giant or not.  
- Amag (absolute magnitude): Giants are intrinsically brighter (lower absolute magnitude) than dwarfs of the same spectral type; thus, Amag is a strong indicator.  

Step 2. Based on the above and examples, infer 10 different conditions per answer class.

10 different conditions for class "0" (not giant):  
- SpType is in [G1V, F3V, F0V, F5V, G3V, A1V, A2V, B8V, K5V]  
- Amag >= 16  
- B-V < 0.7  
- Vmag > 6  
- Plx >= 5  
- Amag is within range [15.7, 20.0]  
- SpType ends with "V" (luminosity class V, main sequence)  
- B-V is within range [0.0, 0.7]  
- Plx is within range [3.0, 15.0]  
- Vmag is within range [5.5, 10.0]  

10 different conditions for class "1" (giant):  
- SpType is in [G8III, G7III, K1III, A2III, B9III/IV]  
- Amag < 16  
- B-V >= 0.7  
- Vmag <= 8  
- Plx < 10  
- Amag is within range [14.0, 16.0]  
- SpType contains "III" (luminosity class III, giant)  
- B-V is within range [0.8, 1.3]  
- Vmag is within range [4.0, 8.0]  
- Plx is within range [1.5, 8.0]

---DIVIDER---

Answer:  
Step 1. The relationship between each feature and the task description:

- Vmag (apparent magnitude): Brighter stars (lower Vmag) could be giants since giants tend to be luminous, but apparent magnitude also depends on distance, so alone it is not decisive.
- Plx (parallax): Larger parallax means closer star; giants can be both near and far, so this alone is not decisive, but combined with apparent magnitude it helps estimate absolute magnitude.
- e_Plx (error in parallax): High error reduces confidence in distance and absolute magnitude estimates; less useful directly for classification.
- B-V (color index): Giants often have specific color indices corresponding to their spectral type and evolutionary stage; for example, giants tend to have larger B-V (redder) than main sequence stars of the same spectral type.
- SpType (spectral type): The luminosity class part (e.g., V, III, IV) is the most direct indicator of giant status. Class III or III/IV indicates giant or subgiant stars; class V indicates main sequence (non-giant).
- Amag (absolute magnitude): Giants are intrinsically brighter, so they have lower (more negative or smaller) absolute magnitudes than dwarfs of the same spectral type.

Step 2. Based on Step 1 and the examples, infer conditions for each class.

10 different conditions for class "0" (not a giant star):

- SpType is in [types ending with V, e.g., G1V, F3V, A1V, G3V, F0V]
- Amag >= 15.7
- Vmag > 5.5
- Plx >= 7.9
- B-V < 0.7
- Amag is within range of [16, 20]
- SpType is in [all spectral types with luminosity class V]
- e_Plx <= 1.0
- Plx is within range of [3, 14]
- Vmag is within range of [7, 10]

10 different conditions for class "1" (giant star):

- SpType is in [types with luminosity class III or III/IV, e.g., G8III, A2III, G7III, K1III, B9III/IV]
- Amag < 16
- Vmag <= 7.9
- Plx < 8.0
- B-V >= 0.9
- Amag is within range of [14, 16]
- SpType is in [all spectral types with luminosity class III or III/IV]
- e_Plx > 0.7
- Plx is within range of [1.5, 5]
- Vmag is within range of [4, 8]

These conditions capture the main patterns seen in the examples and align with astrophysical understanding: giants have spectral types with luminosity class III or III/IV, are intrinsically brighter (lower Amag), often have redder colors (higher B-V), and tend to have smaller parallax (farther away) but not always.