Answer:  
Step 1. The relationship between each feature and the task description:

- Age of newborn: Postpartum depression is more common in the early postpartum period (0 to 6 months), but can persist longer; however, later age may reduce acute stress.
- Number of household members: Larger households might provide more support, potentially reducing depression risk; smaller households might increase isolation risk.
- Relax/sleep when newborn is tended: If the mother cannot relax or sleep when tending the newborn, it may indicate higher stress or depression.
- Newborn illness: A sick newborn may increase maternal stress and risk of postpartum depression.
- Fear of pregnancy: Experiencing fear related to pregnancy can increase anxiety and depression risk postpartum.
- Education Level: Higher education might correlate with better coping mechanisms or access to resources, potentially lowering depression risk.
- Worry about newborn: Excessive worry about the newborn is likely associated with higher risk of postpartum depression.
- Pregnancy plan: Unplanned pregnancy may increase stress and depression risk postpartum.
- Relax/sleep when the newborn is asleep: Inability to relax or sleep even when the newborn is asleep may indicate depression or anxiety.
- History of pregnancy loss: Prior miscarriage or stillbirth may increase risk of postpartum depression due to trauma and anxiety.

---

Step 2.  
10 different conditions for class "0" (No postpartum depression):

- Relax/sleep when newborn is tended is Yes  
- Relax/sleep when the newborn is asleep is Yes  
- Worry about newborn is No  
- Fear of pregnancy is No  
- Newborn illness is No  
- Pregnancy plan is Yes  
- History of pregnancy loss is No  
- Number of household members is in [6 to 8, 9 or more]  
- Education Level is in [University, College]  
- Age of newborn is in [Older than 1.5 year, 6 months to 1 year]

---

10 different conditions for class "1" (Yes postpartum depression):

- Relax/sleep when newborn is tended is No  
- Relax/sleep when the newborn is asleep is No  
- Worry about newborn is Yes  
- Fear of pregnancy is Yes  
- Newborn illness is Yes  
- Pregnancy plan is No  
- History of pregnancy loss is in [Miscarriage, Still-born Delivery, Still-born delivery]  
- Number of household members is 2 to 5  
- Education Level is in [Primary School, High School]  
- Age of newborn is in [0 to 6 months, 1 year to 1.5 year]

---

These conditions are consistent with the examples and general knowledge about postpartum depression risk factors.

---DIVIDER---

Step 1. The relationship between each feature and the task description:

- Need for Support: Higher need for support likely indicates higher risk of postpartum depression (PPD).
- Regular checkups: Lack of regular checkups may correlate with higher PPD risk due to less medical monitoring.
- Occupation before latest pregnancy: Certain occupations or being a housewife might influence stress levels and social support, affecting PPD risk.
- Worry about newborn: Excessive worry about the newborn may indicate anxiety or depressive symptoms.
- Residence: Living in a city or village may affect social support and stress levels differently.
- Relationship between father and newborn: Poor or neutral relationship may contribute to maternal stress and PPD.
- Gender of newborn: Generally no strong direct effect, but cultural factors might influence mood.
- Breastfeed: Not breastfeeding or difficulties might correlate with PPD.
- Relationship with the newborn: Poor or neutral relationship suggests bonding issues, increasing PPD risk.
- Monthly income before latest pregnancy: Lower income may correlate with higher stress and PPD risk.

---

Step 2. Based on the above and examples, infer 10 different conditions per answer class:

10 different conditions for class "0" (No PPD):
- Need for Support is in [No, Low]
- Regular checkups is Yes
- Relationship between father and newborn is in [Good, Very good]
- Relationship with the newborn is in [Good, Very good]
- Breastfeed is Yes
- Worry about newborn is No or Yes (mostly Yes but with other positive factors)
- Occupation before latest pregnancy is in [Housewife, Student, Doctor]
- Residence is City
- Monthly income before latest pregnancy is in [No, 20000 to 30000, 5000 to 10000]
- Need for Support is No and Relationship with the newborn is Good

10 different conditions for class "1" (Yes PPD):
- Need for Support is in [Medium, Low] (mostly Low but with other negative factors)
- Regular checkups is No or Yes (examples show both)
- Breastfeed is No
- Relationship with the newborn is Neutral or Bad
- Worry about newborn is Yes
- Relationship between father and newborn is Neutral or Good but with other negative factors
- Occupation before latest pregnancy is in [Student, Service, Teacher, Other, Housewife]
- Monthly income before latest pregnancy is No or Less than 5000 or 5000 to 10000
- Need for Support is Low and Breastfeed is No
- Relationship with the newborn is Neutral and Monthly income before latest pregnancy is 5000 to 10000

---

Summary of conditions:

10 different conditions for class "0":
- Need for Support is in [No, Low]
- Regular checkups is Yes
- Relationship between father and newborn is in [Good, Very good]
- Relationship with the newborn is in [Good, Very good]
- Breastfeed is Yes
- Occupation before latest pregnancy is in [Housewife, Student, Doctor]
- Residence is City
- Monthly income before latest pregnancy is in [No, 20000 to 30000, 5000 to 10000]
- Worry about newborn is No
- Need for Support is No and Relationship with the newborn is Good

10 different conditions for class "1":
- Need for Support is Medium
- Breastfeed is No
- Relationship with the newborn is Neutral or Bad
- Worry about newborn is Yes
- Occupation before latest pregnancy is in [Student, Service, Teacher, Other, Housewife]
- Monthly income before latest pregnancy is in [No, Less than 5000, 5000 to 10000]
- Regular checkups is No
- Relationship between father and newborn is Neutral
- Need for Support is Low and Breastfeed is No
- Relationship with the newborn is Neutral and Monthly income before latest pregnancy is 5000 to 10000

---DIVIDER---

Answer:  
Step 1. The relationship between each feature and the task description (postpartum depression):

- Relationship with husband: A poor or bad relationship likely increases risk of postpartum depression; a good or friendly relationship likely lowers risk.  
- Trust and share feelings: Being able to trust and share feelings likely lowers risk; inability likely increases risk.  
- Age: Younger or older maternal age might influence risk, but no strong clear pattern; possibly mid-20s to early 30s is typical childbearing age without increased risk.  
- Gender of newborn: Likely no strong causal effect on postpartum depression.  
- Pregnancy plan: Unplanned pregnancy may increase risk of postpartum depression.  
- Fear of pregnancy: Experiencing fear during pregnancy may increase risk.  
- Breastfeed: Breastfeeding might be protective or associated with lower depression risk; not breastfeeding might increase risk.  
- Relax/sleep when newborn is asleep: Ability to relax or sleep likely lowers risk; inability likely increases risk.  
- Major changes or losses during pregnancy: Experiencing major changes or losses likely increases risk.  
- Husband's education level: Higher education may correlate with better support and lower risk; lower education might be associated with higher risk.

---

Step 2. Based on the above and the examples, infer 10 different conditions per answer class.

10 different conditions for class "0" (No postpartum depression):  
- Relationship with husband is in [Good, Neutral, Friendly]  
- Trust and share feelings is Yes  
- Pregnancy plan is Yes or No (both seen, but mostly Yes)  
- Fear of pregnancy is Yes or No (both seen, but mostly Yes in examples)  
- Breastfeed is Yes  
- Relax/sleep when the newborn is asleep is Yes  
- Major changes or losses during pregnancy is No  
- Husband's education level is in [University, High School, College]  
- Age is within range of [22, 34]  
- Gender of newborn is in [Boy, Girl] (no clear effect, so any)  

(These conditions mostly describe supportive environment and positive coping, matching examples with answer 0.)

---

10 different conditions for class "1" (Yes postpartum depression):  
- Relationship with husband is in [Good, Neutral] (also includes some with Friendly or Bad not seen in examples)  
- Trust and share feelings is No or Yes (No trust is a strong indicator; some Yes but with other risk factors)  
- Pregnancy plan is Yes (mostly planned pregnancies in examples with depression)  
- Fear of pregnancy is Yes or No (both present, but often Yes)  
- Breastfeed is No or Yes (No breastfeeding often linked with depression)  
- Relax/sleep when the newborn is asleep is No or Yes (No ability to relax/sleep is a strong indicator)  
- Major changes or losses during pregnancy is Yes or No (Yes often linked with depression)  
- Husband's education level is in [University, College] (mostly higher education but with other risk factors)  
- Age is within range of [25, 40] (slightly older mothers also present)  
- Gender of newborn is Girl (more often Girl in depression cases)  

(These conditions reflect less support, inability to relax, major losses, or lack of trust, matching examples with answer 1.)

---DIVIDER---

Answer:  
Step 1. The relationship between each feature and the task description:

- Worry about newborn: Patients who worry about their newborn may have higher anxiety, possibly linked to postpartum depression (PPD), but worry alone is not definitive.  
- Feeling about motherhood: Negative feelings (Sad, Neutral) about motherhood likely increase risk of PPD; positive feelings (Happy) reduce risk.  
- Diseases during pregnancy: Having diseases, especially chronic, may increase stress and risk of PPD.  
- Husband's education level: Higher education (University, College) may correlate with better support and lower PPD risk; lower education levels may indicate less support.  
- Regular checkups: Regular prenatal care suggests better health monitoring and support, reducing PPD risk.  
- Addiction: Presence of addiction (Smoking, Drinking, Drugs) may increase risk of PPD due to additional stressors.  
- Occupation After Your Latest Childbirth: Being employed or active (Doctor, Teacher, Student, Service, Business) may reduce risk due to engagement and self-esteem; being Housewife/House wife may increase risk due to isolation or lack of activity.  
- Family type: Nuclear family might have less support than joint family, potentially increasing PPD risk.  
- Occupation before latest pregnancy: Similar to occupation after childbirth; occupation stability or activity may reduce PPD risk.  
- Pregnancy length: Shorter or abnormal pregnancy length (less than 9 months) may increase risk due to complications or premature birth stress.

---

Step 2.  
10 different conditions for class "0" (No postpartum depression):  
- Feeling about motherhood is in [Happy]  
- Worry about newborn is in [No]  
- Diseases during pregnancy is in [No]  
- Regular checkups is in [Yes]  
- Addiction is in [No]  
- Husband's education level is in [University, College]  
- Occupation After Your Latest Childbirth is in [Doctor, Teacher, Service, Student, Business]  
- Family type is in [Nuclear]  
- Occupation before latest pregnancy is in [Doctor, Teacher, Student, Service, Business]  
- Pregnancy length is in [9 months, 10 months]  

---

10 different conditions for class "1" (Yes postpartum depression):  
- Feeling about motherhood is in [Sad, Neutral]  
- Worry about newborn is in [Yes]  
- Diseases during pregnancy is in [Chronic Disease, Non-Chronic Disease]  
- Regular checkups is in [No]  
- Addiction is in [Smoking, Drinking, Drugs]  
- Husband's education level is in [Primary School, High School, No]  
- Occupation After Your Latest Childbirth is in [Housewife, House wife, Other]  
- Family type is in [Joint]  
- Occupation before latest pregnancy is in [Housewife, House wife, Other]  
- Pregnancy length is in [Less than 5 months, 6 months, 7 months, 8 months]  

---

These conditions are consistent with the examples and general knowledge about postpartum depression risk factors.

---DIVIDER---

Answer:  
Step 1. The relationship between each feature and the task description:

- Number of household members: Larger households might provide more social support, potentially reducing postpartum depression risk; smaller households might increase risk due to less support.
- Gender of newborn: No strong direct causal link, but cultural preferences might influence maternal mood in some contexts.
- Mode of delivery: Caesarean section can be associated with increased postpartum depression risk due to recovery and complications.
- Angry after latest childbirth: Feeling angry after childbirth is likely a strong indicator or symptom related to postpartum depression.
- Relationship with the newborn: Poor or neutral relationship with the newborn may indicate or contribute to postpartum depression.
- Education Level: Lower education levels might correlate with higher risk due to less awareness or resources.
- History of pregnancy loss: History of miscarriage or stillbirth may increase risk of postpartum depression due to trauma.
- Pregnancy length: Preterm or very short pregnancies might increase risk due to complications and stress.
- Trust and share feelings: Lack of trust or inability to share feelings likely increases risk of postpartum depression.
- Feeling about motherhood: Sad or neutral feelings about motherhood may indicate postpartum depression; happy feelings likely reduce risk.

---

Step 2. Based on the above examples and Step 1's results, infer 10 different conditions per answer.

10 different conditions for class "0" (No postpartum depression):  
- Angry after latest child birth is No  
- Relationship with the newborn is in [Good, Very good]  
- Feeling about motherhood is Happy  
- Trust and share feelings is Yes  
- History of pregnancy loss is No  
- Mode of delivery is Normal Delivery  
- Number of household members is in [6 to 8, 9 or more]  
- Education Level is in [University, College]  
- Pregnancy length is in [9 months, 10 months]  
- Angry after latest child birth is Yes AND Feeling about motherhood is Happy AND Relationship with the newborn is Good (combined condition observed in examples with answer 0)

10 different conditions for class "1" (Has postpartum depression):  
- Angry after latest child birth is Yes  
- Feeling about motherhood is in [Neutral, Sad]  
- Trust and share feelings is No  
- History of pregnancy loss is in [Miscarriage, Still-born Delivery]  
- Relationship with the newborn is Neutral or worse (Neutral, Bad, Very bad if present)  
- Mode of delivery is Caesarean Section  
- Number of household members is in [2 to 5]  
- Education Level is in [Primary School, High School, College] but often lower than University  
- Pregnancy length is less than or equal to 9 months (includes 8 months, 9 months)  
- Angry after latest child birth is Yes AND Feeling about motherhood is Sad or Neutral (combined strong indicator)

---

These conditions are consistent with the provided examples and general knowledge about postpartum depression risk factors.