Answer:  
Step 1. The relationship between each feature and the task description:

- Vmag (apparent visual magnitude): Brighter stars (lower Vmag) are often closer or intrinsically brighter; giants tend to be intrinsically brighter, but apparent magnitude alone is not definitive without distance.
- Plx (parallax): Larger parallax means closer star; distance affects apparent magnitude and absolute magnitude calculation.
- e_Plx (parallax error): High error reduces reliability of distance and absolute magnitude estimates.
- B-V (color index): Indicates star temperature and spectral class. Giants often have distinct B-V ranges compared to dwarfs.
- SpType (spectral type): Luminosity class in spectral type (e.g., III for giants, V for dwarfs) is a direct indicator of star size/type.
- Amag (absolute magnitude): Intrinsic brightness; giants are generally more luminous (lower or sometimes moderate absolute magnitude values, depending on scale).

From the examples, stars with spectral types including "III" or "IIICN" are labeled as giants (answer 1), while those with "V" or "IV/V" are labeled as non-giants (answer 0). Absolute magnitude values in the examples are quite high (around 13-18), which is unusual for typical absolute magnitudes (usually negative or small positive for giants), suggesting the scale or zero-point might be different or the values are transformed. However, the spectral type is the clearest indicator.

---

Step 2. Conditions for each class:

10 different conditions for class "0" (not giant stars):  
- SpType is in [G1V, F3V, F0V, F5V, A7IV/V]  
- SpType contains "V" but not "III" or "II" (i.e., main sequence or subgiant)  
- Amag >= 16  
- Vmag >= 7.5  
- Plx <= 12.5  
- B-V <= 0.5  
- e_Plx >= 0.9 and e_Plx <= 1.4  
- Amag is within range of [16, 19]  
- Vmag is within range of [7.5, 10]  
- Plx is within range of [2.7, 12.5]  

10 different conditions for class "1" (giant stars):  
- SpType is in [B9.5III, G2III, G8III, K1IIICN]  
- SpType contains "III" or "II" (luminosity class indicating giant or bright giant)  
- Amag <= 15  
- Vmag <= 5  
- Plx >= 7.5  
- B-V >= 0.7  
- e_Plx <= 1.3  
- Amag is within range of [13, 15]  
- Vmag is within range of [1.7, 5]  
- Plx is within range of [7.5, 23]  

---

These conditions rely heavily on spectral type luminosity class and approximate ranges of absolute magnitude and color index consistent with giants vs. dwarfs.

---DIVIDER---

Answer:  
Step 1. The relationship between each feature and the task description:

- Vmag (apparent visual magnitude): Brighter stars (lower Vmag) are often giants or nearby stars; however, Vmag alone is not reliable because distance affects apparent brightness.
- Plx (parallax): Larger parallax means closer star; giants tend to be luminous and visible even at larger distances (smaller parallax).
- e_Plx (error in parallax): High error reduces reliability of distance estimate; not directly related to giant classification.
- B-V (color index): Indicates star temperature and spectral class; giants often have specific B-V ranges depending on spectral type.
- SpType (spectral type): Directly indicates star classification; luminosity class III or II indicates giants, V indicates main sequence.
- Amag (absolute magnitude): Intrinsic brightness; giants have lower (brighter) absolute magnitudes compared to main sequence stars of the same spectral type.

Step 2. Based on the above and examples, infer 10 different conditions per answer class.

10 different conditions for class "0" (not giant):  
- SpType is in [G1V, F3V, F5V, F0V, A7IV/V]  
- Amag >= 16  
- B-V <= 0.5  
- Plx >= 5  
- Vmag >= 7.5  
- SpType contains "V" but not "III" or "II"  
- Amag is within range [16, 19]  
- B-V is within range [0.18, 0.5]  
- Plx is within range [5, 13]  
- Vmag is within range [7.5, 10]  

10 different conditions for class "1" (giant):  
- SpType is in [B9.5III, G8III, K1IIICN, G2III]  
- Amag < 16  
- B-V >= 0.7  
- Plx <= 10  
- Vmag <= 5  
- SpType contains "III" or "II"  
- Amag is within range [13, 15]  
- B-V is within range [0.7, 1.3]  
- Plx is within range [1.9, 10]  
- Vmag is within range [1.7, 7]

---DIVIDER---

Answer:  
Step 1. The relationship between each feature and the task description:

- Vmag (apparent visual magnitude): Brighter stars (lower Vmag) are often closer or intrinsically luminous; giants tend to be intrinsically luminous but may appear faint if distant. Alone, Vmag is not a strong indicator of giant status without distance info.
- Plx (parallax): Larger parallax means closer star; combining with Vmag helps estimate absolute magnitude. Giants tend to be luminous and thus have brighter absolute magnitude.
- e_Plx (error in parallax): High error reduces reliability of distance and absolute magnitude estimation.
- B-V (color index): Indicates star temperature; giants often have certain B-V ranges depending on spectral type (e.g., cooler giants have higher B-V).
- SpType (spectral type): The luminosity class in spectral type (e.g., III, II, IV, V) directly indicates whether a star is giant (III), subgiant (IV), or main sequence (V).
- Amag (absolute magnitude): Giants have brighter absolute magnitudes (lower numerical values) than main sequence stars of the same spectral type.

Step 2. Based on the above and examples, infer 10 different conditions per answer class:

10 different conditions for class "0" (Not giant star):  
- SpType is in [G1V, F3V, F0V, F5V, A7IV/V, K5V, B8/B9V]  
- SpType contains "V" but does NOT contain "III" or "II" or "IV" (main sequence stars)  
- Amag (absolute magnitude) > 15  
- Amag is within range of [16, 20]  
- B-V < 0.5  
- Vmag > 7  
- Plx >= 5  
- e_Plx <= 1.5  
- B-V is within range of [0.1, 0.5]  
- Plx is within range of [5, 15]  

10 different conditions for class "1" (Giant star):  
- SpType is in [G8III, G2III, B9.5III, K1IIICN]  
- SpType contains "III" or "II" (giant or bright giant luminosity class)  
- Amag < 15  
- Amag is within range of [12, 15]  
- B-V > 0.7  
- Vmag < 7  
- Plx < 10  
- e_Plx <= 1.5  
- B-V is within range of [0.7, 1.5]  
- Plx is within range of [1, 10]  

---

These conditions align with the examples and general astrophysical knowledge: giants have spectral types with luminosity class III or II, generally brighter absolute magnitudes (lower Amag), and redder colors (higher B-V). Non-giants are main sequence stars (luminosity class V), have fainter absolute magnitudes, and bluer colors.

---DIVIDER---

Answer:  
Step 1. The relationship between each feature and the task description:

- Vmag (apparent visual magnitude): Brighter stars (lower Vmag) are often closer or intrinsically luminous. Giants tend to be intrinsically bright but may appear faint if far away. Alone, Vmag is not a strong indicator of giant status without distance info.
- Plx (parallax): Larger parallax means closer star. Giants can be either near or far, but distance helps calculate absolute magnitude.
- e_Plx (error in parallax): High error reduces reliability of distance and absolute magnitude estimates.
- B-V (color index): Indicates star temperature and spectral type. Giants often have certain color indices depending on their spectral class.
- SpType (spectral type): The luminosity class in spectral type (e.g., III for giants, V for main sequence) directly indicates whether a star is a giant.
- Amag (absolute magnitude): Giants typically have lower absolute magnitudes (more negative or smaller values) than main sequence stars of the same spectral type, indicating higher intrinsic brightness.

Step 2. Based on the above and the examples, the following conditions can be inferred:

10 different conditions for class "0" (not giant):
- SpType is in [G1V, F3V, F0V, F5V, A7IV/V, K5V]  
- Amag (absolute magnitude) >= 16  
- B-V <= 0.5  
- Vmag > 7.5  
- Plx >= 5  
- e_Plx <= 1.1  
- SpType contains "V" but not "III" or "II" (main sequence)  
- Amag is within range [16, 20]  
- B-V is within range [0.1, 0.5]  
- Vmag is within range [7, 10]  

10 different conditions for class "1" (giant):
- SpType is in [G8III, G2III, B9.5III, K1IIICN]  
- Amag < 16  
- B-V >= 0.7  
- Vmag <= 7  
- Plx <= 10  
- e_Plx <= 1.3  
- SpType contains "III" or "II" (giant or bright giant luminosity class)  
- Amag is within range [13, 16)  
- B-V is within range [0.7, 1.3]  
- Vmag is within range [1, 7]  

These conditions align well with the examples provided and general astrophysical knowledge about giants and non-giants.

---DIVIDER---

Answer:  
Step 1. The relationship between each feature and the task description:

- Vmag (apparent visual magnitude): Brighter stars (lower Vmag) tend to be closer or intrinsically brighter. Giants often have lower absolute magnitude but may have a range of apparent magnitudes depending on distance. Alone, Vmag is not a strong indicator of giant status without distance info.

- Plx (parallax): Larger parallax means closer star. Giants can be either close or far. Parallax helps determine distance and thus absolute magnitude.

- e_Plx (error in parallax): High error reduces confidence in distance and derived absolute magnitude.

- B-V (color index): Indicates star temperature/color. Giants often have specific color ranges depending on spectral type; e.g., red giants have higher B-V (redder), blue giants lower B-V.

- SpType (spectral type): This is a strong indicator. The luminosity class in spectral type (e.g., III for giants, V for main-sequence dwarfs) directly relates to whether a star is a giant.

- Amag (absolute magnitude): Giants generally have lower absolute magnitudes (brighter) than dwarfs of the same spectral type. High Amag values (very faint) suggest non-giants.

---

Step 2.  
10 different conditions for class "0" (Not giant stars):

- SpType is in [G1V, F3V, F5V, F0V, K5V, B8V, B9V, A7IV/V]  
- Amag >= 16  
- B-V <= 0.5  
- Vmag >= 7  
- Plx <= 8  
- e_Plx >= 0.9  
- Amag is within range [16, 19]  
- SpType is in [F0V, F5V]  
- B-V is within range [0.1, 0.5]  
- Plx is within range [2, 8]

10 different conditions for class "1" (Giant stars):

- SpType contains "III" or "IIICN" or "III/IV"  
- Amag <= 15  
- B-V >= 0.7  
- Vmag <= 8  
- Plx >= 7  
- e_Plx <= 1.3  
- Amag is within range [13, 15]  
- SpType is in [G8III, G2III, B9.5III, K1IIICN]  
- B-V is within range [0.7, 1.3]  
- Plx is within range [7, 23]

---

Explanation:  
- Spectral type luminosity class III (giants) or IIICN (giant with CN anomaly) strongly indicates giants.  
- Absolute magnitude (Amag) is brighter (lower) for giants, roughly below 15 in examples.  
- B-V color index tends to be higher (redder) for giants in examples given.  
- Parallax is higher for some giants but not a strict rule; combined with Amag and SpType it helps.  
- Vmag is less decisive alone but giants in examples tend to have Vmag < 8.  
- Error in parallax is considered to filter out uncertain data, but less decisive for classification.