Answer:  
Step 1. The relationship between each feature and the task description:  

- **social_connection_frequency**: More frequent social connection (Daily, Weekly) likely indicates maintaining friendships including long-distance ones through calls. Rare or Never suggests less likelihood.  
- **gathering_size_preference**: Preference for small gatherings or both may indicate closer, more intimate relationships, possibly maintained through calls. Preference for large events or never attending social gatherings may imply less personal connection maintenance.  
- **valued_friendship_traits**: Valuing support, loyalty, honesty, or all traits suggests deeper friendships that may be actively maintained, including long-distance. Less emphasis on these might indicate weaker or less maintained ties.  
- **conflict_resolution_style**: Those who prefer to talk it out or apologize first may be more proactive in communication, supporting maintaining friendships through calls. Avoiding conflict or letting time fix it may reduce active communication.  
- **family_support_level**: Higher family support (Yes, Sometimes) may correlate with better social skills and motivation to maintain friendships; no or never may indicate social withdrawal.  
- **social_battery_recharge**: Preferring talking to someone as a recharge method implies valuing communication, supporting maintaining calls with friends. Alone time or social media preference may indicate less direct communication.  
- **social_orientation_type**: Extroverts and ambiverts are more likely to maintain active communication including calls; introverts or unsure may be less likely.  
- **social_anxiety_level**: Excited or neutral social anxiety levels may support active communication; avoiding or nervous may inhibit calls.  
- **emotional_expression_method**: Talking openly or expressing emotions strongly suggests comfort with verbal communication, facilitating calls. Staying silent or other methods may reduce likelihood.  
- **primary_anger_sources**: Not directly related but those sensitive to injustice or selfishness may value honest communication, possibly supporting calls.  

---

Step 2. Based on the above and the examples, infer 10 different conditions per answer class:

10 different conditions for class "0" (Does NOT maintain long-distance friendships through calls):  
- social_connection_frequency is in [Never, Rarely, Monthly]  
- gathering_size_preference is in [Never, Large events]  
- valued_friendship_traits is in [Honesty] (only honesty, less focus on support or loyalty)  
- conflict_resolution_style is in [Avoid conflict, Let time fix it]  
- family_support_level is in [No, Never]  
- social_battery_recharge is in [Alone time, None of the above]  
- social_orientation_type is in [Introvert, Not sure]  
- social_anxiety_level is in [Avoid it, Nervous]  
- emotional_expression_method is in [Stay silent, Other]  
- primary_anger_sources is in [Unnecessary criticism]  

10 different conditions for class "1" (Does maintain long-distance friendships through calls):  
- social_connection_frequency is in [Daily, Weekly]  
- gathering_size_preference is in [Small gatherings, Both]  
- valued_friendship_traits is in [Support, Loyalty, All, All the three and trust, Understanding person]  
- conflict_resolution_style is in [Talk it out, Apologize first]  
- family_support_level is in [Yes, Sometimes, yes]  
- social_battery_recharge is in [Talking to someone, Social media]  
- social_orientation_type is in [Extrovert, Ambivert]  
- social_anxiety_level is in [Excited, Neutral]  
- emotional_expression_method is in [Talk openly, Express emotion strongly]  
- primary_anger_sources is in [Injustice, Selfishness, Being interrupted]

---DIVIDER---

Answer:  
Step 1. The relationship between each feature and the task description:  

- **social_connection_frequency**: People who maintain long-distance friendships through calls tend to connect socially at least weekly or more frequently, as calls require active and regular engagement.  
- **gathering_size_preference**: Preference for small gatherings or both small and large gatherings may indicate comfort in close-knit social settings, which can extend to maintaining long-distance friendships. Those who prefer "Never" or only large events might be less likely to maintain close long-distance friendships via calls.  
- **valued_friendship_traits**: Valuing traits like support, loyalty, honesty, or "All" traits suggests a strong commitment to friendships, which supports maintaining long-distance friendships through calls.  
- **conflict_resolution_style**: Those who prefer to "Talk it out" or "Apologize first" tend to have proactive communication habits, which align with maintaining friendships through calls. Avoiding conflict or letting time fix it may correlate with less active communication.  
- **family_support_level**: Having family support ("Yes" or "Sometimes") may encourage social connection overall, including maintaining friendships through calls. Lack of family support might reduce motivation or opportunity.  
- **social_battery_recharge**: People who recharge by "Talking to someone" are more likely to engage in calls to maintain friendships, while those who prefer "Alone time" or "Social media" might be less inclined to use calls for long-distance friendships.  
- **social_orientation_type**: Extroverts and ambiverts are more likely to maintain active communication via calls, while introverts might be less inclined to do so.  
- **social_anxiety_level**: Those who are "Neutral" or "Excited" about social interaction are more likely to maintain long-distance friendships through calls, whereas those who "Avoid it" or are "Nervous" may avoid calls.  
- **emotional_expression_method**: People who "Talk openly" or "Express emotion strongly" are more likely to maintain friendships through calls, as calls allow emotional expression. Those who "Stay silent" or prefer "Write down" may be less likely.  
- **primary_anger_sources**: This is less directly related, but people who get angry at "Injustice" or "Selfishness" might be more motivated to maintain honest communication, possibly supporting long-distance friendships. Those triggered by "Being interrupted" might avoid calls.  

---

Step 2. Based on the above, 10 different conditions per answer class:

10 different conditions for class "0" (Does NOT maintain long-distance friendships through calls):  
- social_connection_frequency is in [Never, Rarely, Monthly]  
- gathering_size_preference is in [Never, Large events]  
- valued_friendship_traits is in [Honesty, Understanding person] (less explicitly supportive traits)  
- conflict_resolution_style is in [Avoid conflict, Let time fix it]  
- family_support_level is in [No, Never]  
- social_battery_recharge is in [Alone time, Social media, None of the above]  
- social_orientation_type is in [Introvert, Not sure]  
- social_anxiety_level is in [Avoid it, Nervous]  
- emotional_expression_method is in [Stay silent, Other]  
- primary_anger_sources is in [Being interrupted, Unnecessary criticism]  

10 different conditions for class "1" (Does maintain long-distance friendships through calls):  
- social_connection_frequency is in [Daily, Weekly, weekly]  
- gathering_size_preference is in [Small gatherings, Both]  
- valued_friendship_traits is in [Support, Loyalty, All, All the three and trust]  
- conflict_resolution_style is in [Talk it out, Apologize first]  
- family_support_level is in [Yes, yes, Sometimes]  
- social_battery_recharge is in [Talking to someone]  
- social_orientation_type is in [Extrovert, Ambivert]  
- social_anxiety_level is in [Neutral, Excited]  
- emotional_expression_method is in [Talk openly, Express emotion strongly]  
- primary_anger_sources is in [Injustice, Selfishness]

---DIVIDER---

Answer:  
Step 1. The relationship between each feature and the task description:

- **social_connection_frequency**: People who maintain long-distance friendships through calls are likely to connect at least weekly or more frequently, as regular contact is needed to sustain such relationships.
- **gathering_size_preference**: Preference for small gatherings or both small and large events may indicate a tendency to maintain closer, more personal relationships, which supports long-distance friendships via calls.
- **valued_friendship_traits**: Valuing traits like support, loyalty, honesty, and understanding suggests a person invests in meaningful friendships, which aligns with maintaining long-distance friendships.
- **conflict_resolution_style**: Those who prefer to "Talk it out" or "Apologize first" are more likely to maintain friendships by resolving issues promptly, including long-distance ones.
- **family_support_level**: Higher family support may correlate with better social skills and motivation to maintain social bonds, including long-distance friendships.
- **social_battery_recharge**: People who recharge by "Talking to someone" are more likely to engage actively in calls to maintain friendships.
- **social_orientation_type**: Extroverts and ambiverts are more likely to maintain long-distance friendships via calls due to their social nature; introverts might do so less frequently.
- **social_anxiety_level**: Lower social anxiety (Neutral or Excited) supports maintaining friendships through calls; high anxiety or avoidance reduces likelihood.
- **emotional_expression_method**: Those who "Talk openly" or "Express emotion strongly" are more likely to maintain friendships through calls, which require verbal emotional exchange.
- **primary_anger_sources**: If anger is triggered by things like "Injustice" or "Selfishness," it may affect relationship maintenance; however, this feature is less direct in predicting long-distance call maintenance.

---

Step 2. Conditions for each answer class:

10 different conditions for class "0" (Does NOT maintain long-distance friendships through calls):  
- social_connection_frequency is in [Never, Rarely]  
- gathering_size_preference is in [Never, Large events]  
- valued_friendship_traits is in [Humor, None or traits not related to support/loyalty] *(assuming such categories exist)*  
- conflict_resolution_style is in [Avoid conflict, Let time fix it]  
- family_support_level is in [No, Never]  
- social_battery_recharge is in [Alone time, None of the above]  
- social_orientation_type is in [Introvert, Not sure]  
- social_anxiety_level is in [Avoid it, Nervous]  
- emotional_expression_method is in [Stay silent, Other]  
- primary_anger_sources is in [Being interrupted, Unnecessary criticism]  

10 different conditions for class "1" (Does maintain long-distance friendships through calls):  
- social_connection_frequency is in [Daily, Weekly, Monthly]  
- gathering_size_preference is in [Small gatherings, Both]  
- valued_friendship_traits is in [Support, Loyalty, Honesty, All, All the three and trust, Understanding person]  
- conflict_resolution_style is in [Talk it out, Apologize first]  
- family_support_level is in [Yes, Sometimes, yes]  
- social_battery_recharge is in [Talking to someone, Social media]  
- social_orientation_type is in [Extrovert, Ambivert]  
- social_anxiety_level is in [Neutral, Excited]  
- emotional_expression_method is in [Talk openly, Express emotion strongly]  
- primary_anger_sources is in [Injustice, Selfishness]  

---

These conditions reflect typical behavioral and social tendencies that support or inhibit maintaining long-distance friendships through calls.

---DIVIDER---

Step 1. The relationship between each feature and the task description:

- **social_connection_frequency**: Higher frequency (Daily, Weekly) likely indicates maintaining friendships actively, including long-distance via calls; lower frequency (Never, Rarely) suggests less maintenance.
- **gathering_size_preference**: Preference for small gatherings or both may indicate closer, more intimate relationships, possibly supporting long-distance calls; preference for large events or never may indicate less personal connection.
- **valued_friendship_traits**: Valuing traits like support, loyalty, honesty, or "All" suggests a desire for strong, maintained friendships, which may include long-distance calls.
- **conflict_resolution_style**: Those who "Talk it out" or "Apologize first" may be more proactive in maintaining friendships and resolving issues, possibly including long-distance communication.
- **family_support_level**: Higher family support (Yes, Sometimes) might correlate with better social skills and maintaining friendships; low or no support might reduce likelihood.
- **social_battery_recharge**: Preference for "Talking to someone" indicates social engagement and could correlate with maintaining friendships through calls.
- **social_orientation_type**: Extroverts and ambiverts are more likely to maintain active social connections including calls; introverts may be less likely.
- **social_anxiety_level**: Lower anxiety (Neutral, Excited) suggests more comfort with social interaction including calls; high anxiety (Avoid it, Nervous) suggests less likely.
- **emotional_expression_method**: Those who "Talk openly" or "Express emotion strongly" may be more likely to maintain friendships actively via calls; those who "Stay silent" may not.
- **primary_anger_sources**: This feature is less directly related but people sensitive to "Injustice" or "Selfishness" might be more motivated to maintain friendships and resolve conflicts, possibly via calls.

---

Step 2. Conditions for each class:

10 different conditions for class "0" (Does NOT maintain long-distance friendships through calls):

- social_connection_frequency is in [Never, Rarely, Monthly]
- gathering_size_preference is in [Large events, Never]
- valued_friendship_traits is in [Honesty, Understanding person]
- conflict_resolution_style is in [Avoid conflict, Let time fix it]
- family_support_level is in [No, Never]
- social_battery_recharge is in [Alone time, None of the above, Social media]
- social_orientation_type is in [Introvert, Not sure]
- social_anxiety_level is in [Avoid it, Nervous]
- emotional_expression_method is in [Stay silent, Other]
- primary_anger_sources is in [Being interrupted, Unnecessary criticism]

10 different conditions for class "1" (Does maintain long-distance friendships through calls):

- social_connection_frequency is in [Daily, Weekly]
- gathering_size_preference is in [Small gatherings, Both]
- valued_friendship_traits is in [Support, Loyalty, All, All the three and trust]
- conflict_resolution_style is in [Talk it out, Apologize first]
- family_support_level is in [Yes, Sometimes, yes]
- social_battery_recharge is in [Talking to someone]
- social_orientation_type is in [Extrovert, Ambivert]
- social_anxiety_level is in [Neutral, Excited]
- emotional_expression_method is in [Talk openly, Express emotion strongly]
- primary_anger_sources is in [Injustice, Selfishness]

---

This set of conditions captures typical behavioral and social tendencies that align with maintaining or not maintaining long-distance friendships through calls.

---DIVIDER---

Answer:  
Step 1. The relationship between each feature and the task description (Does this person maintain long-distance friendships through calls?) based on general knowledge and common sense:

- **social_connection_frequency**: Higher frequency (Daily, Weekly) suggests active maintenance of friendships, including long-distance ones. Lower frequency (Rarely, Never) suggests less likelihood of maintaining long-distance friendships by calls.  
- **gathering_size_preference**: Preference for small gatherings or both small and large may indicate closer, more intimate connections, possibly including long-distance friendships maintained by calls. Preference for large events or never attending may suggest less intimate or less frequent contact.  
- **valued_friendship_traits**: Valuing support, loyalty, honesty, or all traits suggests a person who invests in deep friendships, likely to maintain them via calls even long-distance. Valuing only humor or less serious traits may indicate less investment in maintaining long-distance friendships.  
- **conflict_resolution_style**: Those who prefer to "Talk it out" or "Apologize first" likely maintain communication actively, which supports maintaining long-distance friendships through calls. Avoiding conflict or letting time fix it may reduce active communication.  
- **family_support_level**: Higher family support (Yes, Sometimes) may correlate with better social skills or motivation to maintain relationships, including long-distance friendships. No or Never may indicate less social motivation.  
- **social_battery_recharge**: Preferring "Talking to someone" or "Social media" suggests comfort with communication, supporting maintenance of friendships through calls. Preferring "Alone time" or "None of the above" suggests less frequent social contact.  
- **social_orientation_type**: Extroverts or Ambiverts are more likely to maintain long-distance friendships by calls due to their social nature. Introverts or Not sure may be less likely.  
- **social_anxiety_level**: Those who are "Excited" or "Neutral" about social interactions are more likely to maintain friendships by calls; those who "Avoid it" or feel "Nervous" are less likely.  
- **emotional_expression_method**: People who "Talk openly" or "Express emotion strongly" are more likely to maintain friendships via calls. Those who "Stay silent" or use "Other" methods may be less communicative.  
- **primary_anger_sources**: Anger triggered by "Injustice" or "Selfishness" may motivate maintaining honest communication to preserve friendships, whereas anger from "Being interrupted" or "Unnecessary criticism" may cause withdrawal, reducing calls.

---

Step 2. Based on Step 1 and the given feature categories, infer 10 different conditions per class:

10 different conditions for class "0" (Does NOT maintain long-distance friendships through calls):  
- social_connection_frequency is in [Never, Rarely, Monthly]  
- gathering_size_preference is in [Never, Large events]  
- valued_friendship_traits is in [Humor, Other (if exists, or less serious traits)] *(Note: Humor not listed, so exclude or interpret as less serious traits)*  
- conflict_resolution_style is in [Avoid conflict, Let time fix it]  
- family_support_level is in [No, Never]  
- social_battery_recharge is in [Alone time, None of the above]  
- social_orientation_type is in [Introvert, Not sure]  
- social_anxiety_level is in [Avoid it, Nervous]  
- emotional_expression_method is in [Stay silent, Other]  
- primary_anger_sources is in [Being interrupted, Unnecessary criticism]  

10 different conditions for class "1" (Does maintain long-distance friendships through calls):  
- social_connection_frequency is in [Daily, Weekly, weekly]  
- gathering_size_preference is in [Small gatherings, Both]  
- valued_friendship_traits is in [Support, Loyalty, Honesty, All, All the three and trust, Understanding person]  
- conflict_resolution_style is in [Talk it out, Apologize first]  
- family_support_level is in [Yes, Sometimes, yes]  
- social_battery_recharge is in [Talking to someone, Social media]  
- social_orientation_type is in [Extrovert, Ambivert]  
- social_anxiety_level is in [Excited, Neutral]  
- emotional_expression_method is in [Talk openly, Express emotion strongly]  
- primary_anger_sources is in [Injustice, Selfishness]