Answer:  
Step 1. The relationship between each feature and the task description:

- **Date**: The date/time itself is unlikely to directly influence whether an arrest was made, but certain times (e.g., late night) might correlate with types of crimes where arrests are more or less likely.  
- **Primary Type**: Certain crime types (e.g., violent crimes like BATTERY, ASSAULT) are more likely to lead to arrests than others (e.g., THEFT, LIQUOR LAW VIOLATION).  
- **Description**: More severe or aggravated descriptions (e.g., AGGRAVATED P.O.) likely increase arrest probability.  
- **Location Description**: Crimes in public or monitored places (e.g., STREET, CTA BUS STOP) may have higher arrest rates due to witnesses and police presence.  
- **Domestic**: Domestic violence cases might have a higher chance of arrest due to mandatory arrest policies in some jurisdictions.  
- **Beat**: Certain beats may have higher arrest rates due to police activity or crime patterns.  
- **District**: Similarly, districts with higher police resources or policies might show different arrest rates.  
- **Ward**: Political or community factors might influence arrest likelihood in different wards.  
- **Community Area**: Socioeconomic factors can influence arrest probabilities.  
- **FBI Code**: Some FBI crime codes correspond to crimes typically resulting in arrests (e.g., violent crimes).  
- **X Coordinate/Y Coordinate/Latitude/Longitude**: Geographic location may correlate with arrest likelihood based on neighborhood policing.  
- **Year**: Arrest rates may vary by year due to policy changes or crime trends.

---

Step 2. Conditions for each answer class:

10 different conditions for class "0" (No arrest made):  
- Primary Type is in [THEFT, DECEPTIVE PRACTICE, CRIMINAL DAMAGE, NARCOTICS]  
- Description is in [OVER $500, SIMPLE, POSS: CANNABIS 30GMS OR LESS]  
- Location Description is in [RESIDENCE, APARTMENT, NURSING / RETIREMENT HOME]  
- Domestic = 0  
- FBI Code is in [06 (THEFT), 23 (CRIMINAL DAMAGE)]  
- Year <= 2023  
- Beat is within range of [100, 150]  
- Ward is within range of [20, 30]  
- X Coordinate < 1150000  
- Latitude < 41.85  

10 different conditions for class "1" (Arrest made):  
- Primary Type is in [BATTERY, ASSAULT, CRIMINAL SEXUAL ASSAULT, ROBBERY]  
- Description is in [AGGRAVATED P.O. - HANDS, FISTS, FEET, SERIOUS INJURY, AGGRAVATED]  
- Location Description is in [STREET, CTA BUS STOP, ALLEY]  
- Domestic = 1  
- FBI Code is in [08B (BATTERY), 04 (ASSAULT)]  
- Year >= 2024  
- Beat is within range of [200, 250]  
- Ward is within range of [10, 15]  
- X Coordinate >= 1170000  
- Latitude >= 41.88  

---

These conditions reflect typical patterns where violent or domestic crimes in public areas and more recent years tend to have arrests, while property crimes or less severe offenses in private locations tend not to.

---DIVIDER---

Answer:  
Step 1. The relationship between each feature and the task description:

- Date: The date/time itself may not directly indicate arrest, but crimes reported at certain times (e.g., late night) might have different arrest likelihoods.  
- Primary Type: Certain crime types (e.g., violent crimes like BATTERY, ASSAULT) are more likely to lead to arrests than minor offenses (e.g., THEFT, LIQUOR LAW VIOLATION).  
- Description: More severe descriptions (e.g., AGGRAVATED) may correlate with higher arrest rates.  
- Location Description: Crimes in public places like STREET or CTA BUS STOP might have more witnesses and higher arrest likelihood; private locations might differ.  
- Domestic: Domestic crimes might have different arrest probabilities depending on policies and evidence.  
- Beat/District/Ward/Community Area: Geographic areas might have varying arrest rates depending on local enforcement intensity.  
- FBI Code: Certain FBI codes correspond to more serious crimes, likely increasing arrest chances.  
- X/Y Coordinate, Latitude/Longitude: Spatial data can proxy for neighborhood crime/arrest patterns.  
- Year: Arrest policies or crime patterns might change over years, affecting arrest likelihood.

Step 2. Based on the above and typical patterns, here are 10 conditions per class:

10 different conditions for class "0" (No arrest made):  
- Primary Type is in [THEFT, BURGLARY, MOTOR VEHICLE THEFT, LIQUOR LAW VIOLATION, NARCOTICS]  
- Description is in [OVER $500, SIMPLE, POSS: COCAINE, POSS: MARIJUANA]  
- Location Description is in [RESIDENCE, APARTMENT, NURSING / RETIREMENT HOME, PARKING LOT/GARAGE]  
- Domestic = 0  
- FBI Code is in [06 (Theft), 23 (Narcotics), 22 (Liquor Law Violation)]  
- Date is in [01/22/2025 09:50:00 PM, 01/29/2025 01:41:00 AM] (late night hours)  
- Beat is within range of [100, 150] (areas with typically lower arrest rates)  
- Year = 2025  
- Ward is within range of [20, 30] (wards with lower arrest rates)  
- Primary Type is in [CRIMINAL DAMAGE, NON-CRIMINAL]  

10 different conditions for class "1" (Arrest made):  
- Primary Type is in [BATTERY, ASSAULT, ROBBERY, CRIM SEXUAL ASSAULT, HOMICIDE]  
- Description is in [AGGRAVATED P.O. - HANDS, FISTS, FEET, SERIOUS INJURY, AGGRAVATED]  
- Location Description is in [STREET, CTA BUS STOP, ALLEY, SIDEWALK]  
- Domestic = 1  
- FBI Code is in [08B (Battery), 04 (Assault), 01A (Homicide)]  
- Date is in [01/04/2025 10:00:00 PM, 01/10/2025 08:00:00 PM] (early evening hours)  
- Beat is within range of [010, 050] (areas with higher arrest enforcement)  
- Ward is within range of [5, 15] (wards with higher arrest rates)  
- Primary Type is in [WEAPONS VIOLATION, CRIM SEXUAL ASSAULT]  
- Year = 2025  

These conditions reflect typical patterns where violent or serious crimes, domestic incidents, certain locations, and specific FBI codes correlate with arrests, while minor crimes, private locations, and non-domestic incidents correlate with no arrest.

---DIVIDER---

Answer:  
Step 1. The relationship between each feature and the task description:

- Date: The time or date when the crime was reported may correlate with arrest likelihood, e.g., crimes reported late at night might have different arrest rates than daytime crimes, but generally weak direct effect.
- Primary Type: Certain crime types (e.g., violent crimes like BATTERY, ASSAULT) are more likely to result in an arrest than minor offenses (e.g., THEFT, LIQUOR LAW VIOLATION).
- Description: More severe or specific crime descriptions (e.g., AGGRAVATED) may increase the chance of arrest.
- Location Description: Crimes occurring in public places (STREET, CTA BUS STOP) may have higher arrest rates due to witnesses, while private or less policed locations may have fewer arrests.
- Domestic: Domestic violence cases (Domestic=1) might have different arrest patterns; some may have higher arrest rates due to mandatory arrest policies.
- Beat, District, Ward, Community Area: Geographic locations may influence arrest likelihood due to policing intensity or resources.
- FBI Code: Different FBI crime codes correspond to different crime severities and arrest likelihoods.
- X Coordinate, Y Coordinate, Latitude, Longitude: Spatial coordinates reflect location, similar to geographic features above.
- Year: The year might reflect changes in law enforcement policies affecting arrest rates.

Step 2. Based on the above and typical crime/arrest patterns, here are inferred conditions:

10 different conditions for class "0" (No arrest made):
- Primary Type is in [LIQUOR LAW VIOLATION, OTHER OFFENSE, NON-CRIMINAL]
- Description is in [SIMPLE, OVER $500]
- Location Description is in [NURSING / RETIREMENT HOME, RESIDENCE, APARTMENT]
- Domestic = 0
- FBI Code is in [26 (NON-CRIMINAL), 28 (OTHER OFFENSE)]
- Primary Type is THEFT and Description is OVER $500
- Beat is within range [100, 150] (areas with lower arrest rates)
- Year <= 2023
- Date is in [01/22/2025 09:50:00 PM, 01/04/2025 10:00:00 PM] (late night reports with fewer arrests)
- Ward is within range [30, 50] (wards with historically lower arrest rates)

10 different conditions for class "1" (Arrest made):
- Primary Type is in [BATTERY, ASSAULT, CRIMINAL SEXUAL ASSAULT]
- Description is in [AGGRAVATED P.O. - HANDS, FISTS, FEET, SERIOUS INJURY]
- Location Description is in [STREET, CTA BUS STOP, ALLEY]
- Domestic = 1
- FBI Code is in [08B (BATTERY), 06 (ASSAULT)]
- Primary Type is ROBBERY
- Beat is within range [10, 50] (high policing areas)
- Year >= 2024
- Date is in [01/29/2025 01:41:00 AM] (early morning with high arrest likelihood)
- Ward is within range [1, 20] (wards with historically higher arrest rates)

These conditions reflect typical law enforcement patterns and crime severity correlations with arrest likelihood.

---DIVIDER---

Answer:  
Step 1. The relationship between each feature and the task description:

- Date: Certain times or dates may correlate with higher arrest rates due to police activity patterns or crime types occurring at those times. However, date alone is not a strong predictor.
- Primary Type: Some crime types (e.g., violent crimes like BATTERY, ASSAULT, or HOMICIDE) are more likely to result in arrests than others (e.g., THEFT, LIQUOR LAW VIOLATION).
- Description: More severe or specific descriptions (e.g., AGGRAVATED, SERIOUS INJURY) may indicate higher likelihood of arrest.
- Location Description: Crimes in public or monitored places (e.g., STREET, CTA BUS STOP) might have higher arrest rates than those in private or less accessible locations.
- Domestic: Domestic violence crimes (Domestic=1) often have different arrest protocols and may have higher or lower arrest rates depending on policies.
- Beat, District, Ward, Community Area: Some areas may have higher arrest rates due to policing intensity or crime severity.
- FBI Code: Certain FBI codes correspond to crimes more likely to lead to arrest (e.g., violent crimes).
- X Coordinate, Y Coordinate, Latitude, Longitude: Geographic location may correlate with arrest likelihood due to policing patterns.
- Year: Arrest policies may change over years, but within a single year, this may be less relevant.

Step 2. Based on the above and typical crime/arrest patterns in Chicago, infer conditions:

10 different conditions for class "0" (No Arrest Made):  
- Primary Type is in [THEFT, BURGLARY, MOTOR VEHICLE THEFT, CRIMINAL DAMAGE]  
- Description is in [OVER $500, UNDER $500, SIMPLE]  
- Location Description is in [RESIDENCE, APARTMENT, NURSING / RETIREMENT HOME]  
- Domestic = 0  
- FBI Code is in [06, 14, 23]  (assuming these codes relate to property crimes or non-violent crimes)  
- Year = 2025  
- Beat is within range of [100, 200] (assuming these beats have lower arrest rates)  
- Ward is within range of [20, 30]  
- Date is in [01/22/2025 09:50:00 PM, 01/29/2025 01:41:00 AM] (late night crimes may have lower arrest rates)  
- X Coordinate is within range of [1150000, 1170000]  

10 different conditions for class "1" (Arrest Made):  
- Primary Type is in [BATTERY, ASSAULT, NARCOTICS, CRIMINAL SEXUAL ASSAULT]  
- Description is in [AGGRAVATED, AGGRAVATED P.O. - HANDS, FISTS, FEET, SERIOUS INJURY]  
- Location Description is in [STREET, CTA BUS STOP, ALLEY]  
- Domestic = 1  
- FBI Code is in [08B, 22, 04] (assuming these codes relate to violent or drug-related crimes)  
- Year = 2025  
- Beat is within range of [010, 090] (assuming these beats have higher arrest rates)  
- Ward is within range of [5, 15]  
- Date is in [01/04/2025 10:00:00 PM, 01/10/2025 11:00:00 PM] (evening hours with active policing)  
- Y Coordinate is within range of [1900000, 1920000]  

These conditions reflect typical associations between crime characteristics, location, and arrest likelihood.

---DIVIDER---

Answer:  
Step 1. The relationship between each feature and the task description:

- Date: Certain times or dates (e.g., late night or weekends) might correlate with higher or lower arrest rates due to police availability or crime type.
- Primary Type: Some crime types (e.g., violent crimes like BATTERY or HOMICIDE) are more likely to result in arrests than others (e.g., minor thefts or liquor violations).
- Description: Detailed descriptions indicating severity (e.g., AGGRAVATED) likely increase arrest probability.
- Location Description: Crimes in public places (e.g., STREET, CTA BUS STOP) may have higher arrest rates than those in private or less accessible places.
- Domestic: Domestic violence cases (Domestic=1) might have higher arrest rates due to mandatory arrest policies.
- Beat/District/Ward/Community Area: Certain police beats or districts might have higher arrest rates due to policing intensity or local crime patterns.
- FBI Code: FBI crime codes indicating serious offenses (e.g., 08B - aggravated battery) likely correlate with arrests.
- X Coordinate/Y Coordinate/Latitude/Longitude: Geographic location might influence arrest likelihood due to resource allocation.
- Year: Arrest policies or crime rates may vary by year, affecting arrest likelihood.

Step 2. Based on above and typical patterns, infer 10 different conditions per answer class:

10 different conditions for class "0" (No arrest made):  
- Primary Type is in [THEFT, MOTOR VEHICLE THEFT, NARCOTICS, LIQUOR LAW VIOLATION]  
- Description is in [OVER $500, SIMPLE, PETTY THEFT]  
- Location Description is in [RESIDENCE, APARTMENT, NURSING / RETIREMENT HOME]  
- Domestic = 0  
- FBI Code is in [06, 23, 35]  (codes associated with less severe crimes)  
- Date is in [01/04/2025 10:00:00 PM, 01/05/2025 11:00:00 PM] (late night hours)  
- Beat <= 1200 (beats with historically lower arrest rates)  
- Year = 2025  
- X Coordinate is within range of [1150000, 1170000] (areas with lower arrest frequency)  
- Primary Type is in [OTHER OFFENSE, NON-CRIMINAL]  

10 different conditions for class "1" (Arrest made):  
- Primary Type is in [BATTERY, ASSAULT, CRIMINAL SEXUAL ASSAULT, HOMICIDE]  
- Description is in [AGGRAVATED P.O. - HANDS, FISTS, FEET, SERIOUS INJURY, AGGRAVATED]  
- Location Description is in [STREET, CTA BUS STOP, ALLEY]  
- Domestic = 1  
- FBI Code is in [08B, 04A, 01A] (codes for violent crimes)  
- Date is in [01/22/2025 09:50:00 PM, 01/29/2025 01:41:00 AM] (times with higher police presence)  
- Beat >= 1300 (beats with higher arrest rates)  
- Year = 2025  
- X Coordinate is within range of [1180000, 1200000] (areas with higher arrest frequency)  
- Primary Type is in [ROBBERY, CRIMINAL DAMAGE]  

These conditions reflect typical patterns where serious, violent, or domestic crimes occurring in public or high-police-presence areas are more likely to result in arrests, while minor or property crimes in private or low-police-presence areas are less likely.