Answer:  
Step 1. The relationship between each feature and the task description:  

- Vmag (apparent magnitude): Brighter stars (lower Vmag) may be either nearby dwarfs or distant giants; alone, Vmag is not a strong indicator of giant status without distance.  
- Plx (parallax): Smaller parallax means the star is farther away; giants tend to be more luminous and thus visible at greater distances with relatively low parallax.  
- e_Plx (error in parallax): High error reduces confidence in distance measurement; less useful directly for classification but important for data quality.  
- B-V (color index): Indicates star temperature/color; giants often have redder colors (higher B-V), but some giants can be bluer depending on spectral type.  
- SpType (spectral type): The luminosity class in the spectral type (e.g., III for giants, V for dwarfs) is a direct indicator of giant status.  
- Amag (absolute magnitude): Giants are intrinsically brighter (lower absolute magnitude) than dwarfs; however, the examples show unusually high Amag values, possibly due to calculation or unit issues—generally, lower Amag corresponds to giants.  

Step 2. Based on the above and examples, infer conditions:

10 different conditions for class "0" (Not giant star):  
- SpType is in [G1V, F3V, A8V, F8V, F6/F7V, B9V]  
- Amag >= 17  
- Plx >= 5  
- B-V <= 0.6  
- Vmag <= 10  
- e_Plx <= 1.7  
- Plx is within range of [5, 30]  
- B-V is within range of [0.3, 0.6]  
- Vmag is within range of [6, 10]  
- SpType ends with "V" (luminosity class V, main sequence)  

10 different conditions for class "1" (Giant star):  
- SpType is in [K3III, K2III, K5III]  
- Amag < 17  
- Plx < 5  
- B-V >= 1.2  
- Vmag >= 5.5  
- e_Plx <= 1.1  
- Plx is within range of [2.5, 3]  
- B-V is within range of [1.25, 1.6]  
- Vmag is within range of [5.5, 8]  
- SpType contains "III" (luminosity class III, giant)

---DIVIDER---

Answer:  
Step 1. The relationship between each feature and the task description:

- Vmag (apparent magnitude): Generally, apparent magnitude alone is not a direct indicator of giant status because it depends on distance. However, very bright apparent stars might be giants if distant.
- Plx (parallax): Smaller parallax means greater distance; giants are often more luminous and can be seen at larger distances with moderate brightness.
- e_Plx (error in parallax): High errors reduce reliability of distance and absolute magnitude calculations.
- B-V (color index): Giants tend to have redder colors (higher B-V), as they are often cooler stars (K, M types), while dwarfs are often bluer or less red.
- SpType (spectral type): Luminosity class (V = dwarf/main sequence, III = giant) is directly indicative; e.g., K2III is a giant, F6V is a dwarf.
- Amag (absolute magnitude): Giants have higher intrinsic brightness (lower or more negative absolute magnitude) than dwarfs, but the given Amag values seem very high (around 14-20), which is unusual for absolute magnitude (normally negative or low positive for bright stars). Possibly the Amag is scaled or computed differently here. However, from examples, stars labeled as giants have Amag ~14-16, while dwarfs have Amag ~17-20 in this dataset. So lower Amag corresponds to giants in this data.

Step 2. Based on Step 1 and examples, infer 10 different conditions per answer.

10 different conditions for class "0" (Not a giant star):  
- SpType is in [G1V, F3V, F6/F7V, F8V, A8V, B9V]  
- B-V <= 0.6  
- Amag >= 17  
- Plx >= 5  
- Vmag >= 6.9  
- e_Plx <= 1.7  
- SpType ends with "V" (luminosity class V)  
- Plx is within range [5, 30]  
- B-V is within range [-0.3, 0.6]  
- Amag is within range [17, 21]  

10 different conditions for class "1" (Giant star):  
- SpType is in [K2III, K3III, K5III]  
- B-V >= 1.25  
- Amag <= 16  
- Plx <= 5.5  
- Vmag <= 7.5  
- e_Plx >= 0.7  
- SpType contains "III" (luminosity class III)  
- Plx is within range [2.8, 5.5]  
- B-V is within range [1.25, 1.6]  
- Amag is within range [14, 16.5]

---DIVIDER---

Answer:  
Step 1. The relationship between each feature and the task description:

- Vmag (apparent magnitude): Brighter stars have lower Vmag values. Giants can be bright but may appear dim if distant; alone, Vmag is not a strong indicator.
- Plx (parallax): Larger parallax means closer star. Giants tend to be luminous and often farther away, so smaller parallax may hint at giants.
- e_Plx (parallax error): High error reduces reliability of distance; less useful directly for classification.
- B-V (color index): Indicates star temperature/color. Giants tend to have redder colors (higher B-V) especially if they are K or M type giants.
- SpType (spectral type): The luminosity class (V = main sequence, III = giant) is embedded here. Presence of III or III/IV indicates giant.
- Amag (absolute magnitude): Absolute magnitude is intrinsic brightness. Giants have lower (brighter) absolute magnitudes than dwarfs of the same spectral type; smaller Amag values (more negative or smaller positive) indicate giants.

Step 2. Based on the above and examples, infer 10 different conditions per class.

10 different conditions for class "0" (not giant):  
- SpType is in [G1V, F3V, F6/F7V, B9V, A8V, F8V]  
- SpType contains "V" but not "III" or "IV"  
- Amag > 16  
- Amag is within range of [17, 21]  
- B-V < 0.6  
- B-V is within range of [0, 0.6]  
- Plx >= 5  
- Plx is within range of [5, 30]  
- Vmag > 7  
- Vmag is within range of [7, 11]

10 different conditions for class "1" (giant):  
- SpType is in [K5III, K2III, K3III]  
- SpType contains "III" or "III/IV"  
- Amag < 16  
- Amag is within range of [14, 16]  
- B-V > 1.2  
- B-V is within range of [1.2, 1.6]  
- Plx < 6  
- Plx is within range of [2, 6]  
- Vmag < 8  
- Vmag is within range of [5, 8]

These conditions align with the examples and astrophysical knowledge about giants vs dwarfs.

---DIVIDER---

Answer:  
Step 1. The relationship between each feature and the task description:

- Vmag (apparent visual magnitude): Brighter stars (lower Vmag) can be either giants or dwarfs, but alone it is not a strong indicator of giant status because apparent brightness depends on distance.
- Plx (parallax): Larger parallax means closer star; giants tend to be more luminous and can be seen at larger distances with lower parallax.
- e_Plx (error in parallax): High error reduces reliability of distance measurement; less relevant directly for classification.
- B-V (color index): Indicates star temperature/color; giants often have redder colors (higher B-V), but spectral type and luminosity class are better indicators.
- SpType (spectral type): The luminosity class indicated in SpType is the most direct indicator of giant status; types with "III" or "III/IV" indicate giants or subgiants.
- Amag (absolute magnitude): Giants have lower (brighter) absolute magnitudes compared to dwarfs of the same spectral type; thus, Amag can help distinguish giants (lower Amag) from dwarfs (higher Amag).

---

Step 2. 10 different conditions for class "0" (Not a giant star):

- SpType is in [G1V, F3V, A8V, B9V, F6/F7V, F8V, K5V, K2V, G5V, A0V]  
- Amag (absolute magnitude) >= 17  
- B-V <= 0.6  
- Plx >= 5.0  
- Vmag >= 6.5  
- Amag is within range of [17, 21]  
- B-V is within range of [-0.3, 0.6]  
- e_Plx <= 1.7  
- Plx is within range of [5, 30]  
- Vmag is within range of [6.5, 11]  

---

10 different conditions for class "1" (Giant star):

- SpType is in [K2III, K3III, K5III, G8III, M0III, B9III/IV, G5III, F5III, K1III, M2III]  
- Amag <= 16  
- B-V >= 1.2  
- Plx <= 6.0  
- Vmag <= 7.5  
- Amag is within range of [13, 16]  
- B-V is within range of [1.2, 1.6]  
- e_Plx <= 1.1  
- Plx is within range of [2.5, 6]  
- Vmag is within range of [5.5, 8]  

---

These conditions reflect that giants typically have spectral types with luminosity class III (giants), redder colors (higher B-V), brighter absolute magnitudes (lower Amag), and smaller parallaxes (farther away) compared to dwarfs. Non-giants have spectral types with luminosity class V, bluer colors, fainter absolute magnitudes, and larger parallaxes (closer).

---DIVIDER---

Answer:  
Step 1. The relationship between each feature and the task description:

- Vmag (apparent visual magnitude): Brighter stars (lower Vmag) tend to be closer or intrinsically brighter; however, apparent brightness alone is not a strong indicator of giant status due to distance effects.  
- Plx (parallax): Larger parallax means closer star; smaller parallax means farther star. Giants can be farther but still bright intrinsically, so smaller parallax may indicate giants if apparent magnitude is moderate.  
- e_Plx (error in parallax): High error means less reliable distance; may affect confidence but not a direct indicator of giant status.  
- B-V (color index): Giants tend to have larger B-V values (redder), especially K-type giants with B-V > 1.0; dwarfs tend to have smaller B-V values (bluer).  
- SpType (spectral type): The luminosity class encoded here is crucial—types ending with "III" or "III/IV" indicate giants or subgiants; types ending with "V" indicate main-sequence (dwarf) stars.  
- Amag (absolute magnitude): Giants have brighter absolute magnitudes (lower numerical values) compared to dwarfs; however, in the examples Amag values are quite large, likely due to calculation method or units. Still, relative Amag differences may help.  

Step 2. Based on the above and given examples, infer 10 different conditions per answer class.

10 different conditions for class "0" (not giant):  
- SpType is in [G1V, F3V, F6/F7V, B9V, A8V, F8V]  
- SpType ends with "V" (main sequence)  
- B-V < 0.7  
- Vmag >= 6.9  
- Plx >= 5.0  
- Amag >= 17.0  
- e_Plx <= 1.7  
- B-V is within range [0.3, 0.7]  
- Plx is within range [5.0, 13.0]  
- Vmag is within range [6.9, 10.3]  

10 different conditions for class "1" (giant):  
- SpType is in [K3III, K2III, K5III, K2III]  
- SpType contains "III" or "III/IV"  
- B-V >= 1.25  
- Vmag <= 7.5  
- Plx <= 5.5  
- Amag <= 16.0  
- e_Plx >= 0.7  
- B-V is within range [1.25, 1.57]  
- Plx is within range [2.8, 5.5]  
- Vmag is within range [5.7, 7.5]