Answer:  
Step 1. The relationship between each feature and the task description:

- Vmag (apparent magnitude): Brighter stars (lower Vmag) can be giants or dwarfs, but alone it’s not a strong indicator since distance affects apparent brightness.
- Plx (parallax): Smaller parallax means greater distance; giants tend to be more luminous and thus can be seen at larger distances with moderate apparent magnitude.
- e_Plx (parallax error): High error reduces reliability of distance; less useful directly for classification.
- B-V (color index): Color relates to temperature and spectral type; giants often have redder colors (higher B-V), but dwarfs can overlap.
- SpType (spectral type): The luminosity class in spectral type (e.g., III for giants, V for dwarfs) is a direct indicator of giant status.
- Amag (absolute magnitude): Giants have lower (brighter) absolute magnitudes compared to dwarfs of the same spectral type.

Step 2. Based on the above and examples, infer conditions:

10 different conditions for class "0" (not giant stars):  
- SpType is in [G1V, F3V, F5V, F6/F7V, F8V, G2V, A1V, A8V, B9V]  
- SpType ends with "V" (luminosity class V, main sequence/dwarf)  
- Amag (absolute magnitude) >= 16.0  
- Plx >= 7.0  
- B-V <= 0.6  
- Vmag <= 8.5  
- Amag is within range [16.0, 20.7]  
- Plx is within range [7.0, 30.0]  
- B-V is within range [-0.22, 0.6]  
- Vmag is within range [5.0, 9.8]  

10 different conditions for class "1" (giant stars):  
- SpType is in [K3III, K1III, K2III, K5III, G8III, F3III, B3III/IV]  
- SpType contains "III" or "III/IV" (luminosity class III or intermediate giant)  
- Amag <= 16.2  
- Plx <= 5.5  
- B-V >= 0.95  
- Vmag >= 5.5  
- Amag is within range [14.3, 16.2]  
- Plx is within range [2.8, 5.5]  
- B-V is within range [0.95, 1.57]  
- Vmag is within range [4.7, 8.5]  

These conditions align well with the examples and known astrophysical properties distinguishing giants from dwarfs.

---DIVIDER---

Answer:  
Step 1. The relationship between each feature and the task description:

- Vmag (apparent magnitude): Generally, giants can be bright or faint depending on distance; alone it is not a strong indicator.  
- Plx (parallax): Smaller parallax means greater distance. Giants are typically luminous and can be detected at larger distances with smaller parallaxes.  
- e_Plx (parallax error): Large errors reduce confidence in distance estimation but do not directly indicate giant status.  
- B-V (color index): Giants tend to have larger B-V (redder colors) than main sequence stars of the same spectral type.  
- SpType (spectral type): The luminosity class in SpType (e.g., III for giants, V for main sequence) directly indicates whether star is giant or not.  
- Amag (absolute magnitude): Giants have lower absolute magnitude values (brighter) than main sequence stars, but in the data Amag values seem unusually high, possibly inverted or scaled. Still, lower Amag values (brighter) likely correspond to giants.  

Step 2. Based on the above and examples, infer conditions:

10 different conditions for class "0" (not giant):  
- SpType is in [G1V, F3V, F5V, G2V, B9V, A1V, F6/F7V, A8V, F8V]  
- SpType ends with "V" (indicating main sequence)  
- Plx >= 5 (larger parallax, closer star, typical for main sequence)  
- B-V <= 0.6 (bluer or moderately colored stars, typical for dwarfs)  
- Amag >= 17 (higher Amag in dataset corresponds to fainter absolute magnitude, matching dwarfs)  
- Vmag >= 5 (apparent magnitude usually brighter or moderate)  
- e_Plx <= 1.5 (moderate parallax error)  
- Plx is within range [5, 30] (closer stars)  
- B-V is within range [-0.22, 0.6] (bluer colors)  
- Amag is within range [17, 21]  

10 different conditions for class "1" (giant):  
- SpType is in [K2III, K1III, G8III, K3III, K5III, F3III]  
- SpType contains "III" (indicating giant luminosity class)  
- Plx <= 5 (smaller parallax, more distant star)  
- B-V >= 0.9 (redder stars, typical of giants)  
- Amag <= 16 (lower Amag means brighter absolute magnitude, typical of giants)  
- Vmag <= 8 (giants can be bright)  
- e_Plx <= 1.1 (moderate parallax error)  
- Plx is within range [2, 5] (typical for giants in examples)  
- B-V is within range [0.95, 1.6] (redder colors)  
- Amag is within range [14, 16]  

These conditions align with the examples and astrophysical knowledge about giants vs. main sequence stars.

---DIVIDER---

Answer:  
Step 1. The relationship between each feature and the task description:

- Vmag (apparent magnitude): Brighter stars (lower Vmag) can be giants or dwarfs depending on distance; alone it’s ambiguous.
- Plx (parallax): Larger parallax means closer star; giants tend to be more luminous and often seen at larger distances (smaller parallax).
- e_Plx (error in parallax): Measurement uncertainty, less relevant to classification but large errors reduce confidence.
- B-V (color index): Indicates star temperature and spectral class; giants often have redder (higher) B-V values, especially in K and G types.
- SpType (spectral type): Luminosity class (e.g., III for giants, V for dwarfs) is directly indicated here; a key feature.
- Amag (absolute magnitude): Intrinsic brightness; giants have lower absolute magnitude (brighter) than dwarfs of same spectral type.

Step 2. 10 different conditions for class "0" (not giant):

- SpType is in [G1V, F3V, F5V, B9V, A8V, F6/F7V, A1V, F8V, B3V, B9V]  
- Amag >= 17  
- Plx >= 5  
- B-V <= 0.6  
- Vmag >= 6.5  
- SpType ends with "V" (luminosity class V)  
- Amag is within range [17, 21]  
- Plx is within range [5, 30]  
- B-V is within range [-0.3, 0.6]  
- Vmag > 7  

10 different conditions for class "1" (giant):

- SpType is in [K2III, K3III, K1III, F3III, G8III, K5III, K2III]  
- Amag <= 16.5  
- Plx <= 6  
- B-V >= 0.9  
- Vmag <= 8  
- SpType contains "III" (luminosity class III)  
- Amag is within range [14, 16.5]  
- Plx is within range [1, 6]  
- B-V is within range [0.9, 1.6]  
- Vmag < 8  

These conditions reflect the tendency that giant stars have spectral types with luminosity class III, are intrinsically brighter (lower Amag), generally redder (higher B-V), and observed at smaller parallaxes (farther away) compared to dwarfs.

---DIVIDER---

Answer:  
Step 1. The relationship between each feature and the task description:  

- Vmag (apparent visual magnitude): Brighter stars (lower Vmag) can be either giants or dwarfs, but giants tend to be brighter intrinsically. However, apparent magnitude alone is not sufficient because it depends on distance.  
- Plx (parallax): Larger parallax means closer stars. Giants tend to be more luminous and often are visible at greater distances with smaller parallax.  
- e_Plx (error in parallax): Measurement uncertainty; less relevant directly to giant classification but can affect distance estimates.  
- B-V (color index): Giants tend to have redder colors (higher B-V), indicating cooler surface temperatures, but some giants can be bluer depending on spectral type.  
- SpType (spectral type): The luminosity class in spectral type is critical. Classes III or III/IV indicate giants or subgiants, V indicates main sequence (dwarf) stars.  
- Amag (absolute magnitude): Giants have lower absolute magnitude values (i.e., more negative or smaller numbers) than dwarfs, indicating

---DIVIDER---

Answer:  
Step 1. The relationship between each feature and the task description:

- Vmag (apparent magnitude): A brighter star (lower Vmag) might be a giant if it is distant; however, Vmag alone is not a strong indicator because apparent brightness depends on distance.
- Plx (parallax): Smaller parallax means greater distance; giants tend to be luminous and visible at greater distances with moderate apparent brightness.
- e_Plx (error in parallax): High error reduces reliability of distance-based features but does not directly correlate with giant status.
- B-V (color index): Giants often have redder colors (higher B-V), especially for later spectral types (K, G). Blue stars with giant luminosity class may have lower B-V.
- SpType (spectral type): Luminosity class indicated by the Roman numeral (V = main sequence, III = giant, IV = subgiant). SpType is a strong indicator of giant status.
- Amag (absolute magnitude): Giants are more luminous, so they have lower (brighter) absolute magnitudes compared to dwarfs.

Step 2. Based on Step 1 and examples, infer conditions:

10 different conditions for class "0" (not giant):
- SpType is in [G1V, F3V, A8V, B9V, A1V, F6/F7V, F5V, F8V]
- Amag (absolute magnitude) is >= 17
- B-V < 0.6
- Plx >= 7
- Vmag > 6
- SpType ends with "V" (luminosity class V)
- B-V is within range [-0.3, 0.6]
- Amag is within range [16, 21]
- Plx is within range [7, 30]
- Vmag is within range [5, 10]

10 different conditions for class "1" (giant):
- SpType is in [K5III, K2III, F3III, K3III, K1III, G8III, K2III]
- Amag < 17
- B-V >= 0.9
- Plx < 6
- Vmag < 8
- SpType contains "III" (luminosity class III)
- B-V is within range [0.9, 1.6]
- Amag is within range [14, 17]
- Plx is within range [2, 5.5]
- Vmag is within range [4, 8]

These conditions capture the main differences between giants and non-giants as shown in the examples and consistent with astrophysical knowledge.