Answer:

Step 1. The relationship between each feature and the task description:

- Number of household members: Larger households may provide more social support, potentially reducing risk of postpartum depression (PPD); smaller households may have less support.
- Fear of pregnancy: Experiencing fear related to pregnancy likely increases risk of PPD.
- Breastfeed: Breastfeeding may be associated with bonding and positive mood, possibly lowering PPD risk; not breastfeeding may increase risk.
- Current monthly income: Higher income may reduce stress and risk of PPD; very low or no income may increase risk.
- Relationship with the in-laws: Bad or poor relationships may increase stress and risk of PPD; good or friendly relationships may be protective.
- Feeling for regular activities: Feelings like tiredness, worry, or fear about regular activities may indicate depressive symptoms or stress, increasing PPD risk.
- History of pregnancy loss: History of miscarriage or stillbirth may increase anxiety and PPD risk.
- Occupation After Your Latest Childbirth: Being a housewife or unemployed may increase risk due to social isolation; working (doctor, service, teacher, business) may be protective.
- Relax/sleep when the newborn is asleep: Inability to relax or sleep when the newborn is asleep may indicate stress or insomnia, increasing PPD risk.
- Received Support: Low or medium support increases risk of PPD; high support is protective.

---

Step 2. Based on the above examples and Step 1's results, infer 10 different conditions per answer:

10 different conditions for class "0" (No PPD):
- Fear of pregnancy is No
- Feeling for regular activities is No
- Relationship with the in-laws is in [Good, Friendly, Neutral]
- Received Support is High
- Relax/sleep when the newborn is asleep is Yes
- Breastfeed is Yes
- History of pregnancy loss is No
- Number of household members is in [6 to 8, 9 or more]
- Occupation After Your Latest Childbirth is in [Housewife, Service, Teacher]
- Current monthly income is in [No, 20000 to 30000, More than 30000]

10 different conditions for class "1" (Yes PPD):
- Fear of pregnancy is Yes
- Feeling for regular activities is in [Afraid, Worried, Tired]
- Relationship with the in-laws is in [Bad, Poor]
- Received Support is in [Low, Medium]
- Relax/sleep when the newborn is asleep is No
- Breastfeed is No
- History of pregnancy loss is in [Miscarriage, Still-born Delivery]
- Number of household members is 2 to 5
- Occupation After Your Latest Childbirth is Housewife
- Current monthly income is in [No, Less than 5000, 5000 to 10000]

---

These conditions align with the examples and general knowledge about postpartum depression risk factors.

---DIVIDER---

Answer:  
Step 1. The relationship between each feature and the task description:

- Age: Younger or older maternal age can influence postpartum depression risk; younger mothers may have higher risk due to stress or lack of support.  
- Relationship with the in-laws: Poor or bad relationships may increase stress and risk of postpartum depression.  
- Newborn illness: Having a sick newborn can increase stress and risk of postpartum depression.  
- Total children: First-time mothers or those with fewer children may have higher risk due to inexperience or anxiety.  
- Relationship with husband: Poor or bad relationship with husband is likely to increase risk of postpartum depression.  
- Pregnancy length: Shorter pregnancy duration (preterm birth) may increase risk due to complications or stress.  
- Occupation before latest pregnancy: Occupation may influence social support and stress level; housewives or unemployed may have different risk profiles.  
- Feeling about motherhood: Sad or neutral feelings about motherhood may indicate higher risk of postpartum depression.  
- Relationship between father and newborn: Poor or neutral relationship may increase stress and risk of postpartum depression.  
- Fear of pregnancy: Experiencing fear during pregnancy may increase anxiety and risk of postpartum depression.  

---

Step 2.  
10 different conditions for class "0" (No postpartum depression):  
- Feeling about motherhood is Happy  
- Relationship with husband is in [Good, Friendly]  
- Fear of pregnancy is No  
- Relationship with the in-laws is in [Good, Neutral, Friendly]  
- Newborn illness is No or Yes (mostly No but some Yes)  
- Total children is One or Two  
- Pregnancy length is in [9 months, 10 months]  
- Relationship between father and newborn is in [Good, Very good]  
- Occupation before latest pregnancy is in [Housewife, Service, Business, Teacher, Other]  
- Age is within range of [20, 34]  

10 different conditions for class "1" (Has postpartum depression):  
- Feeling about motherhood is in [Sad, Neutral]  
- Fear of pregnancy is Yes  
- Relationship with the in-laws is in [Bad, Neutral]  
- Relationship with husband is in [Neutral, Bad, Poor]  
- Newborn illness is No or Yes (mostly No)  
- Total children is One or Two  
- Pregnancy length is in [8 months, 9 months, 10 months] (some shorter pregnancies too)  
- Relationship between father and newborn is in [Neutral, Bad]  
- Occupation before latest pregnancy is in [Housewife, Other, Student, Service]  
- Age is within range of [20, 30]  

---

Summary:  
Class 0 (No postpartum depression) tends to have happy feelings about motherhood, good relationships with husband and in-laws, no fear of pregnancy, good relationship between father and newborn, and typical pregnancy lengths (9-10 months). Class 1 (postpartum depression) tends to have sad or neutral feelings about motherhood, fear of pregnancy, worse relationships with in-laws or husband, and sometimes neutral or bad relationship between father and newborn.

---DIVIDER---

Answer:  
Step 1. The relationship between each feature and the task description:

- Number of the latest pregnancy: Higher parity may reduce anxiety or increase experience, potentially lowering postpartum depression (PPD) risk, but first pregnancy might increase stress.
- Addiction: Addiction (smoking, drinking, drugs) generally increases risk of mental health issues including PPD.
- Age: Younger or very young mothers may have higher risk of PPD due to less maturity or support; older mothers might have more stability.
- Husband’s monthly income: Higher income generally correlates with better resources and lower stress, reducing PPD risk.
- Monthly income before latest pregnancy: Higher income before pregnancy may indicate better baseline socioeconomic status, reducing PPD risk.
- Occupation before latest pregnancy: Certain occupations (e.g., student, housewife) might have less social support or more stress affecting PPD risk.
- Marital status: Married status generally provides support, lowering PPD risk; divorced might increase risk.
- Relationship with husband: Poor or bad relationship increases risk of PPD; good or friendly reduces risk.
- Newborn illness: Illness in newborn increases stress and risk of PPD.
- Angry after latest child birth: Feeling angry after childbirth is a strong indicator of PPD.

Step 2. Based on the above examples and Step 1's results, infer 10 different conditions per answer:

10 different conditions for class "0" (No PPD):  
- Angry after latest child birth is No  
- Relationship with husband is in [Good, Friendly]  
- Newborn illness is No  
- Addiction is No  
- Marital status is Married  
- Husband’s monthly income is in [More than 30000, 20000 to 30000, 10000 to 20000, 5000 to 10000]  
- Monthly income before latest pregnancy is in [No, 10000 to 20000, 20000 to 30000]  
- Number of the latest pregnancy is within range [1, 4]  
- Age is within range [20, 34]  
- Occupation before latest pregnancy is in [Housewife, Service, Other, Business]  

10 different conditions for class "1" (Yes PPD):  
- Angry after latest child birth is Yes  
- Relationship with husband is in [Bad, Neutral, Poor]  
- Newborn illness is in [Yes, No] (both appear in examples, but often Yes)  
- Husband’s monthly income is in [More than 30000, 20000 to 30000, 10000 to 20000, 5000 to 10000] (varies)  
- Monthly income before latest pregnancy is in [No, Less than 5000, 5000 to 10000, 10000 to 20000]  
- Occupation before latest pregnancy is in [Housewife, Student, Teacher, Other]  
- Marital status is Married  
- Number of the latest pregnancy is within range [1, 3]  
- Age is within range [21, 30]  
- Addiction is No  

Notes:  
- Angry after childbirth is the strongest single indicator: Yes → PPD likely, No → PPD unlikely.  
- Good relationship and no newborn illness strongly correlate with no PPD.  
- Most patients with PPD have angry after childbirth = Yes.  
- Addiction is always No in examples, so cannot use addiction as a discriminating factor here.  
- Marital status is always Married in examples, so no distinction based on that.  
- Husband’s income and monthly income before pregnancy vary in both classes, so less predictive alone.  
- Occupation before pregnancy varies but Housewife and Student appear more in PPD cases.

This completes the requested stepwise reasoning and condition extraction.

---DIVIDER---

Answer:  
Step 1. The relationship between each feature and the task description:

- Total children: Having more children may reduce stress or increase support; first-time mothers might be more vulnerable to postpartum depression.
- Newborn illness: A sick newborn can increase maternal stress and risk of postpartum depression.
- Relationship with the in-laws: Poor or bad relationships can increase emotional stress and risk of depression.
- Marital status: Divorced status may increase risk due to less emotional/financial support; married status generally more protective.
- Relationship with the newborn: Poor or neutral relationship with the newborn may indicate or contribute to postpartum depression.
- Major changes or losses during pregnancy: Experiencing major losses or changes can increase emotional vulnerability and risk.
- Diseases during pregnancy: Having chronic or non-chronic diseases may increase physical and emotional stress, raising risk.
- Relax/sleep when the newborn is asleep: Inability to rest or relax may increase risk due to exhaustion and stress.
- Occupation After Your Latest Childbirth: Certain occupations or being a housewife may influence social support or stress levels.
- Received Support: Low support increases risk; high support is protective.

---

Step 2. Based on the above examples and Step 1's results, infer 10 different conditions per answer.

10 different conditions for class "0" (No postpartum depression):  
- Relationship with the in-laws is in [Good, Neutral, Friendly]  
- Received Support is in [High, Medium]  
- Relax/sleep when the newborn is asleep is Yes  
- Diseases during pregnancy is in [No, Non-Chronic Disease, Non-chronic disease]  
- Major changes or losses during pregnancy is No  
- Relationship with the newborn is Good or Very good  
- Marital status is Married  
- Newborn illness is No or Yes (both present in no depression cases)  
- Total children is in [One, Two]  
- Occupation After Your Latest Childbirth is in [Housewife, Service, Teacher, Student]

10 different conditions for class "1" (Yes postpartum depression):  
- Relationship with the in-laws is in [Bad, Poor]  
- Received Support is Low  
- Relax/sleep when the newborn is asleep is No  
- Diseases during pregnancy is in [Chronic Disease, Chronic disease, Non-Chronic Disease]  
- Major changes or losses during pregnancy is Yes or No (both appear but often Yes or no with other risk factors)  
- Relationship with the newborn is Good (not necessarily bad, so other factors dominate)  
- Marital status is Married (no divorced examples given)  
- Newborn illness is No or Yes (both appear but combined with other risk factors)  
- Total children is in [One, Two]  
- Occupation After Your Latest Childbirth is in [Housewife, Service, Teacher]

---

Summary:  
Class 0 is characterized by good support, ability to rest, good relationships with in-laws and newborn, no or non-chronic diseases, no major losses, married status, and moderate occupation types.  
Class 1 is characterized by poor in-law relationship, low support, inability to rest, presence of chronic diseases, sometimes major losses, married status, bad in-law relationship, and mostly housewife occupation.

---DIVIDER---

Answer:  
Step 1. The relationship between each feature and the task description:

- Feeling about motherhood: Negative feelings (Sad or Neutral) likely increase risk of postpartum depression; positive feelings (Happy) likely decrease risk.  
- Age: Younger or middle age may have different risks; no clear strong pattern, but extremes might influence depression risk.  
- Disease before pregnancy: Chronic or non-chronic diseases may increase stress and risk; no disease is generally better.  
- Trust and share feelings: Ability to trust and share feelings likely decreases risk of postpartum depression.  
- Breastfeed: Breastfeeding may be protective or a sign of bonding; not breastfeeding may increase risk.  
- Received Support: Higher support likely decreases risk; low support increases risk.  
- Relationship with the in-laws: Poor or bad relationships may increase stress and depression risk; good or friendly relationships are protective.  
- Family type: Joint family could provide more support or stress depending on dynamics; nuclear family may have less support.  
- Residence: City or village may influence social support and stress levels; city may have more resources.  
- Major changes or losses during pregnancy: Experiencing major changes or losses likely increases risk of postpartum depression.

---

Step 2. 10 different conditions for class "0" (No postpartum depression):  
- Feeling about motherhood is in [Happy]  
- Trust and share feelings is Yes  
- Received Support is in [High, Medium]  
- Relationship with the in-laws is in [Good, Friendly, Neutral]  
- Breastfeed is Yes  
- Family type is in [Joint, Nuclear] (both observed in examples with answer 0)  
- Major changes or losses during pregnancy is No  
- Age is within range [20, 34]  
- Disease before pregnancy is No  
- Residence is City  

---

10 different conditions for class "1" (Yes postpartum depression):  
- Feeling about motherhood is in [Sad, Neutral]  
- Trust and share feelings is No  
- Received Support is in [Low, Medium] (Medium sometimes appears in answer 1)  
- Relationship with the in-laws is in [Bad, Poor]  
- Breastfeed is No or Breastfeed is Yes but other negative factors present  
- Family type is in [Nuclear, Joint] (both appear)  
- Major changes or losses during pregnancy is Yes or No (no clear strong pattern, but appears in both)  
- Age is within range [21, 30]  
- Disease before pregnancy is No (only No given in examples)  
- Residence is City  

---

Summary: Positive feelings, trust, high support, good relationships, breastfeeding, and no major losses strongly associate with no postpartum depression. Negative feelings, no trust, low support, bad relationships, no breastfeeding, and major losses associate with postpartum depression.