Answer:  
Step 1. The relationship between each feature and the task description:

- Temperature: Higher temperatures in industrial machines generally increase the risk of failure due to overheating or stress on components.
- Vibration: Elevated vibration levels often indicate mechanical issues or imbalance, which raise the risk of failure.
- Power_Usage: Abnormal power consumption (either too high or too low) can signal malfunction or inefficiency, increasing failure risk.
- Humidity: High humidity can cause corrosion or electrical issues, thus increasing failure risk.
- Machine_Type: Different machine types have different operational tolerances and failure modes; some types may be more prone to failure under certain conditions.

---

10 different conditions for class "0" (machine not at risk of failure):

- Temperature < 70
- Temperature is within range of [60, 70]
- Vibration < 50
- Vibration is within range of [30, 50]
- Power_Usage is within range of [9, 13]
- Power_Usage <= 12
- Humidity < 35
- Humidity is within range of [20, 35]
- Machine_Type is in [Mill, Lathe]
- Machine_Type is in [Mill]

---

10 different conditions for class "1" (machine at risk of failure):

- Temperature >= 70
- Temperature is within range of [70, 85]
- Vibration > 50
- Vibration is within range of [50, 60]
- Power_Usage > 10
- Power_Usage is within range of [10, 13]
- Humidity >= 35
- Humidity is within range of [35, 40]
- Machine_Type is in [Lathe, Drill]
- Machine_Type is in [Lathe]

---

These conditions align with the examples and general knowledge about machine failure risk factors.

---DIVIDER---

Answer:

Step 1. The relationship between each feature and the task description:

- Temperature: Higher temperatures in industrial machines often indicate overheating or stress, increasing the risk of failure.
- Vibration: Higher vibration levels usually signal mechanical issues or imbalance, which raise failure risk.
- Power_Usage: Abnormal power usage (either too high or too low) can indicate malfunction or inefficiency, contributing to failure risk.
- Humidity: High humidity can cause corrosion or electrical issues, increasing failure risk.
- Machine_Type: Different machine types may have different baseline tolerances and failure risk profiles.

Step 2. Based on the above examples and Step 1's results, infer 10 different conditions per answer:

10 different conditions for class "0" (No failure risk):
- Temperature < 70
- Vibration <= 50
- Power_Usage < 13
- Humidity < 35
- Machine_Type is in [Mill]
- Temperature is within range [65, 70]
- Vibration is within range [40, 50]
- Power_Usage is within range [9, 13]
- Humidity is within range [20, 35]
- Machine_Type is in [Lathe] and Vibration < 54

10 different conditions for class "1" (At risk of failure):
- Temperature >= 70
- Vibration > 50
- Power_Usage >= 10
- Humidity >= 35
- Machine_Type is in [Lathe] and Vibration > 54
- Temperature is within range [70, 85]
- Vibration is within range [55, 60]
- Power_Usage is within range [10, 12]
- Humidity is within range [35, 40]
- Machine_Type is in [Lathe] and Temperature > 80

---DIVIDER---

Answer:  
Step 1. The relationship between each feature and the task description:

- Temperature: Higher temperatures often indicate overheating, which can increase the risk of machine failure. Thus, higher temperature generally increases failure risk.  
- Vibration: Elevated vibration levels usually signal mechanical issues or imbalance, which can lead to failure. Higher vibration correlates with higher failure risk.  
- Power_Usage: Abnormal power consumption may indicate malfunction or inefficiency; both unusually high or low power usage can be a risk factor.  
- Humidity: High humidity can cause corrosion or electrical issues, increasing failure risk. Low to moderate humidity is usually safer.  
- Machine_Type: Different machine types may have varying tolerances or failure patterns; some types may be more prone to failure under certain conditions.

---

10 different conditions for class "0":  
- Temperature < 75  
- Vibration < 50  
- Power_Usage is within range of [10, 13]  
- Humidity < 30  
- Machine_Type is in [Mill]  
- Temperature <= 70  
- Vibration <= 45  
- Power_Usage >= 10  
- Humidity is within range of [20, 30]  
- Machine_Type is in [Mill, Lathe] and Temperature < 75  

10 different conditions for class "1":  
- Temperature >= 75  
- Vibration >= 50  
- Power_Usage < 11  
- Humidity >= 35  
- Machine_Type is in [Lathe]  
- Temperature > 80  
- Vibration > 55  
- Power_Usage <= 11.5  
- Humidity is within range of [35, 40]  
- Machine_Type is Lathe and Vibration >= 50  

---

These conditions align with the examples and the general understanding of failure risk factors.

---DIVIDER---

Answer:  
Step 1. The relationship between each feature and the task description:  

- Temperature: Generally, higher temperatures in industrial machines can indicate overheating or malfunction, increasing the risk of failure.  
- Vibration: Higher vibration levels often correlate with mechanical issues or wear, indicating a higher risk of failure.  
- Power_Usage: Abnormal power consumption (either too high or too low) can signal inefficiencies or faults, thus increasing failure risk.  
- Humidity: High humidity can cause corrosion or electrical issues, increasing failure risk; low to moderate humidity is usually safer.  
- Machine_Type: Different machine types may have different normal operating ranges and failure modes, affecting risk assessment. For example, Lathes might be more sensitive to vibration than Mills.  

Step 2. Based on the above and given examples, infer 10 different conditions per answer class:  

10 different conditions for class "0":  
- Temperature < 70  
- Vibration < 50  
- Power_Usage is within range of [9, 13]  
- Humidity < 30  
- Machine_Type is in [Mill]  
- Temperature <= 72  
- Vibration <= 42  
- Power_Usage <= 13  
- Humidity <= 33  
- Machine_Type is in [Lathe] and Vibration < 54  

10 different conditions for class "1":  
- Temperature >= 65  
- Vibration >= 55  
- Power_Usage is within range of [10, 12]  
- Humidity >= 35  
- Machine_Type is in [Lathe]  
- Temperature > 80  
- Vibration > 47  
- Power_Usage >= 11  
- Humidity > 36  
- Machine_Type is in [Lathe] and Vibration >= 55  

These conditions reflect the tendencies observed: higher temperature, vibration, humidity, and certain power usage levels, especially in Lathes, correlate with risk of failure (class 1). Lower or moderate values and Mills tend to be safer (class 0).

---DIVIDER---

Answer:  
Step 1. The relationship between each feature and the task description:

- Temperature: Higher temperatures often indicate overheating, which can increase the risk of machine failure. Thus, higher temperature values tend to correlate with higher failure risk.  
- Vibration: Increased vibration typically signals mechanical issues or wear and tear, so higher vibration levels are likely associated with higher failure risk.  
- Power_Usage: Abnormal power consumption (either too high or too low) can indicate malfunction or inefficiency, potentially increasing failure risk. However, moderate usage is normal.  
- Humidity: High humidity can cause corrosion or electrical issues, increasing failure risk. Low to moderate humidity is generally safer.  
- Machine_Type: Different machine types may have different baseline risk levels or tolerances for temperature, vibration, etc., so risk thresholds might vary by machine type.

---

Step 2. Based on the above examples and Step 1's results, infer 10 different conditions per answer class:

10 different conditions for class "0":  
- Temperature < 70  
- Vibration < 50  
- Power_Usage is within range of [9, 13]  
- Humidity < 35  
- Machine_Type is in [Mill]  
- Temperature <= 72.5  
- Vibration <= 42  
- Power_Usage <= 13  
- Humidity <= 33  
- Machine_Type is in [Mill, Lathe] and Temperature < 70  

10 different conditions for class "1":  
- Temperature >= 70  
- Vibration >= 50  
- Power_Usage < 11  
- Humidity >= 35  
- Machine_Type is in [Lathe]  
- Temperature > 80  
- Vibration > 55  
- Humidity > 36  
- Machine_Type is Lathe and Temperature > 65 and Vibration > 55  
- Machine_Type is Lathe and Humidity >= 35  

---

These conditions are consistent with the examples given and general knowledge about machine failure risks.