Answer:  
Step 1. The relationship between each feature and the task description:  

- Temperature: Higher temperature often indicates overheating, which can increase the risk of machine failure. So, higher temperature → higher risk.  
- Vibration: Excessive vibration usually signals mechanical issues or imbalance, increasing failure risk. So, higher vibration → higher risk.  
- Power_Usage: Abnormal power usage (either too high or too low) might indicate malfunction or inefficiency, increasing failure risk. Generally, higher power usage might indicate strain.  
- Humidity: High humidity can cause corrosion or electrical issues, increasing failure risk. So, higher humidity → higher risk.  
- Machine_Type: Different machine types may have different baseline tolerances or failure modes. For example, Mills might be more sensitive to certain features compared to Lathes or Drills.  

---

Step 2. Based on the above examples and Step 1's results, infer 10 different conditions per answer class:

10 different conditions for class "0":  
- Temperature < 70  
- Vibration < 50  
- Power_Usage <= 10  
- Humidity < 30  
- Machine_Type is in [Lathe, Drill]  
- Temperature is within range [50, 70]  
- Vibration is within range [40, 49]  
- Power_Usage is within range [7, 10]  
- Humidity is within range [20, 30]  
- Temperature < 75 and Vibration < 50  

10 different conditions for class "1":  
- Temperature >= 70  
- Vibration >= 50  
- Power_Usage > 10  
- Humidity >= 30  
- Machine_Type is Mill  
- Temperature is within range [70, 85]  
- Vibration is within range [50, 55]  
- Power_Usage is within range [10, 13]  
- Humidity is within range [30, 40]  
- Temperature >= 70 and Vibration >= 50  

---

These conditions align with the examples given, where higher temperature, vibration, and power usage combined with certain machine types (Mill) correspond to risk of failure (class 1), while lower values and other machine types correspond to no risk (class 0).

---DIVIDER---

Answer:  
Step 1. The relationship between each feature and the task description:

- Temperature: Higher temperatures generally indicate increased risk of machine failure due to overheating or component stress.  
- Vibration: Elevated vibration levels often signal mechanical issues or imbalance, increasing failure risk.  
- Power_Usage: Abnormal power consumption (either too high or too low) can indicate malfunction or inefficiency, thus higher power usage may correlate with failure risk.  
- Humidity: High humidity can cause corrosion or electrical issues, raising failure risk.  
- Machine_Type: Different machine types may have different baseline operating conditions and failure thresholds; some machines might be more prone to failure under certain conditions.

Step 2. Based on the above and given examples, infer 10 conditions per answer class:

10 different conditions for class "0":  
- Temperature < 70  
- Vibration < 50  
- Power_Usage < 10  
- Humidity < 30  
- Machine_Type is in [Lathe] and Temperature < 75  
- Machine_Type is in [Mill] and Vibration < 50  
- Temperature is within range of [55, 70]  
- Power_Usage is within range of [8, 10]  
- Humidity is within range of [20, 30]  
- Machine_Type is in [Drill] and Power_Usage < 10  

10 different conditions for class "1":  
- Temperature >= 70  
- Vibration >= 50  
- Power_Usage >= 10  
- Humidity >= 30  
- Machine_Type is in [Mill] and Temperature >= 70  
- Machine_Type is in [Mill] and Vibration >= 50  
- Temperature is within range of [70, 85]  
- Power_Usage is within range of [10, 13]  
- Humidity is within range of [30, 40]  
- Machine_Type is in [Drill] and Vibration >= 50

---DIVIDER---

Answer:  
Step 1. The relationship between each feature and the task description:

- Temperature: Higher temperature generally indicates overheating or stress on the machine, increasing the risk of failure.
- Vibration: Higher vibration levels often signal mechanical issues or wear, increasing failure risk.
- Power_Usage: Abnormal power usage (either too high or too low) can indicate malfunction or inefficiency, potentially signaling risk.
- Humidity: High humidity may cause corrosion or electrical issues, increasing failure risk.
- Machine_Type: Different machine types may have different thresholds or susceptibility to failure; for example, Mills might be more sensitive to vibration or temperature.

---

Step 2. Based on the above and given examples, infer 10 different conditions per answer class:

10 different conditions for class "0" (No risk of failure):  
- Temperature < 60  
- Vibration < 49.5  
- Power_Usage < 10  
- Humidity < 30  
- Machine_Type is in [Lathe]  
- Temperature is within range [50, 60]  
- Vibration is within range [40, 49.5]  
- Power_Usage is within range [5, 10]  
- Humidity is within range [20, 30]  
- Machine_Type is in [Mill, Lathe] and Temperature < 60  

10 different conditions for class "1" (At risk of failure):  
- Temperature >= 70  
- Vibration >= 50  
- Power_Usage >= 10  
- Humidity >= 30  
- Machine_Type is in [Mill] and Temperature >= 70  
- Temperature is within range [70, 80]  
- Vibration is within range [50, 55]  
- Power_Usage is within range [10, 13]  
- Humidity is within range [30, 40]  
- Machine_Type is in [Mill] and Vibration >= 50  

---

These conditions reflect the tendencies from the examples and common sense relationships between features and failure risk.

---DIVIDER---

Answer:  
Step 1. The relationship between each feature and the task description:

- Temperature: Higher temperature often indicates overheating, which can cause machine failure risk to increase.  
- Vibration: Increased vibration usually signals mechanical issues or imbalance, raising failure risk.  
- Power_Usage: Abnormal power consumption (either too high or too low) can indicate malfunction or inefficiency, increasing failure risk.  
- Humidity: High humidity can contribute to corrosion or electrical issues, increasing failure risk.  
- Machine_Type: Different machine types may have different baseline operating conditions and failure thresholds.

---

Step 2. Based on the above examples and Step 1's results, infer 10 different conditions per answer:

10 different conditions for class "0":  
- Temperature < 60  
- Temperature <= 65  
- Vibration < 49.5  
- Vibration <= 49.9  
- Power_Usage <= 10  
- Power_Usage < 9  
- Humidity < 30  
- Humidity <= 32  
- Machine_Type is in [Lathe] and Temperature < 81  
- Machine_Type is in [Mill] and Vibration < 50  

10 different conditions for class "1":  
- Temperature >= 70  
- Temperature > 72  
- Vibration > 50  
- Vibration >= 50.3  
- Power_Usage > 9.5  
- Power_Usage >= 10  
- Humidity > 30  
- Humidity >= 32  
- Machine_Type is in [Mill] and Temperature >= 72  
- Machine_Type is in [Mill] and Vibration >= 50  

---

These conditions align with the examples given and the general knowledge of machine failure risk factors.

---DIVIDER---

Answer:  
Step 1. The relationship between each feature and the task description:

- Temperature: Higher temperature generally indicates overheating or stress on the machine, which increases the risk of failure.  
- Vibration: Higher vibration levels typically indicate mechanical issues or wear, increasing failure risk.  
- Power_Usage: Unusually high or low power usage can indicate abnormal operation or faults, increasing failure risk.  
- Humidity: High humidity can cause corrosion or electrical issues, increasing failure risk.  
- Machine_Type: Different machine types may have different baseline operating conditions and risk profiles.

---

Step 2. Based on the above examples and Step 1's results, infer 10 different conditions per answer.

10 different conditions for class "0":  
- Temperature < 70  
- Vibration <= 49  
- Power_Usage < 10  
- Humidity < 30  
- Machine_Type is in [Lathe]  
- Temperature is within range [50, 70] and Vibration < 49  
- Power_Usage is within range [8, 10] and Humidity < 25  
- Machine_Type is in [Mill] and Temperature < 60  
- Vibration < 48 and Power_Usage < 9  
- Humidity is within range [20, 30] and Temperature < 68  

10 different conditions for class "1":  
- Temperature >= 70  
- Vibration > 50  
- Power_Usage >= 10  
- Humidity >= 30  
- Machine_Type is in [Mill]  
- Temperature is within range [70, 85] and Vibration > 50  
- Power_Usage is within range [10, 13] and Humidity >= 30  
- Machine_Type is in [Mill] and Temperature >= 70  
- Vibration > 50 and Power_Usage >= 10  
- Humidity is within range [30, 40] and Temperature >= 72  

---

These conditions align with the examples and the typical risk factors for machine failure.