Answer:  
Step 1. The relationship between each feature and the task description:

- Debt: Higher debt may indicate lower credit scoring if it is disproportionate to income or credit limit; however, manageable debt relative to credit limit and income may not negatively impact scoring.  
- Overdue days: More overdue days generally indicate worse credit scoring due to payment delays.  
- Initial limit: Higher initial credit limits often correspond to higher credit scoring, as banks trust the client more.  
- BIRTHDATE (Age): Older clients might have more stable credit histories, but too old or too young may affect scoring differently.  
- SEX: Gender typically has no direct causal effect on credit scoring, but may correlate with other factors.  
- EDU (Education): Higher education levels (University, College) often correlate with better credit scoring due to better income prospects.  
- INCOME: Higher income usually supports higher credit scoring as it indicates better repayment ability.  
- TERM: Longer credit terms might be riskier, but this depends on other factors; shorter terms may indicate safer loans.  
- Credit history rating: This is a direct indicator of creditworthiness; ratings like A1, A2, A3 suggest better credit scoring, while D and E ratings suggest worse.  
- LV_AREA and LV_SETTLEMENTNAME: Region might impact scoring due to economic conditions or bank policies.  
- INDUSTRYNAME: Certain industries may have more stable incomes affecting creditworthiness (e.g., Finance, IT vs. Agriculture).  
- PDN (Probability of Default Number): Higher PDN indicates higher risk, thus lower credit scoring.  
- UNDERAGECHILDRENCOUNT: Higher number of dependents might reduce disposable income, potentially lowering credit scoring.  
- FAMILYSTATUS: Marital status could influence financial stability and thus credit scoring.

---

Step 2. 10 different conditions for class "0" (No high credit scoring):

- Debt > 5000  
- Overdue days > 0  
- Initial limit < 5000  
- INCOME < 1500  
- Credit history rating is in [D1, D2, D3, E1, E2, E3]  
- PDN > 0.3  
- EDU is in [High school, Incomplete]  
- TERM > 48  
- UNDERAGECHILDRENCOUNT >= 1  
- FAMILYSTATUS is 2 (assuming 2 means single or less stable status)

10 different conditions for class "1" (High credit scoring):

- Debt <= 5000  
- Overdue days = 0  
- Initial limit >= 10000  
- INCOME >= 2000  
- Credit history rating is in [A1, A2, A3, B1, B2, B3, C1, C2, C3]  
- PDN <= 0.3  
- EDU is in [University, College]  
- TERM <= 60  
- UNDERAGECHILDRENCOUNT = 0  
- FAMILYSTATUS is 1 (assuming 1 means married or more stable status)

---

These conditions are consistent with the examples and general knowledge about credit scoring.

---DIVIDER---

Answer:  
Step 1. The relationship between each feature and the task description:

- Debt: Higher debt may indicate riskier credit behavior, possibly lower credit scoring.  
- Overdue days: More overdue days generally indicate worse credit scoring.  
- Initial limit: Higher initial credit limit may correlate with higher credit scoring.  
- BIRTHDATE: Younger clients might have shorter credit history, possibly lower credit scoring; older clients may have more stable credit history.  
- SEX: Gender usually has no direct effect on credit scoring but may correlate indirectly.  
- EDU (education level): Higher education may correlate with better credit scoring due to better income stability.  
- INCOME: Higher income usually correlates with better credit scoring.  
- TERM: Longer credit terms may imply trust by the bank, possibly higher credit scoring.  
- Credit history rating: Better ratings (A1, A2, A3) likely correlate with higher credit scoring; worse ratings (D, E categories) correlate with lower credit scoring.  
- LV_AREA and LV_SETTLEMENTNAME: Regional economic conditions may influence credit scoring but less direct.  
- INDUSTRYNAME: Certain industries may have more stable income, influencing credit scoring.  
- PDN (probability of default number): Higher PDN implies higher risk, thus lower credit scoring.  
- UNDERAGECHILDRENCOUNT: More dependents might increase financial burden, potentially lowering credit scoring.  
- FAMILYSTATUS: Marital status or family status might affect financial stability and credit scoring.

---

Step 2. 10 different conditions for class "0" (No high credit scoring):

- Debt is within range [2000, 15000]  
- Overdue days (> or =) 0  
- Initial limit < 5000  
- INCOME < 2000  
- Credit history rating is in [C1, C2, C3, D1, D2, D3, E1, E2, E3]  
- PDN >= 0.3  
- EDU is in [High school, Incomplete]  
- TERM <= 60  
- UNDERAGECHILDRENCOUNT >= 1  
- FAMILYSTATUS is in [2, 3] (assuming these are less stable family statuses)

10 different conditions for class "1" (Yes high credit scoring):

- Debt < 3000  
- Overdue days = 0  
- Initial limit >= 4000  
- INCOME >= 1500  
- Credit history rating is in [A1, A2, A3, B1, B2, B3]  
- PDN < 0.3  
- EDU is in [University, College]  
- TERM >= 36  
- UNDERAGECHILDRENCOUNT = 0  
- FAMILYSTATUS is in [1] (assuming this is a more stable family status)

---

These conditions are consistent with the examples provided and general credit scoring logic.

---DIVIDER---

Answer:  
Step 1. The relationship between each feature and the task description:

- Debt: Higher debt might indicate lower credit score due to higher financial burden.  
- Overdue days: More overdue days usually correlate with worse credit scoring.  
- Initial limit: Higher initial credit limits may indicate better credit scoring.  
- BIRTHDATE: Older clients might have more stable credit history, possibly better scores.  
- SEX: Gender generally does not strongly affect credit scoring.  
- EDU: Higher education levels often correlate with better credit scores.  
- INCOME: Higher income usually indicates better ability to repay, hence better credit score.  
- TERM: Longer credit terms might be granted to clients with better credit scores.  
- Credit history rating: Better ratings (like A1, A2, A3) correlate with higher credit scoring.  
- LV_AREA / LV_SETTLEMENTNAME: Certain regions may have different risk profiles, but effect unclear.  
- INDUSTRYNAME: Some industries might be more stable, influencing credit scoring positively.  
- PDN (Probability of Default Number): Higher PDN means higher risk, thus lower credit score.  
- UNDERAGECHILDRENCOUNT: More dependents might negatively affect credit scoring due to financial strain.  
- FAMILYSTATUS: Married or stable family status might positively influence credit scoring.  

Step 2. Based on the above and examples, infer 10 different conditions per answer:

10 different conditions for class "0":  
- Credit history rating is in [C1, C3, D1, D2, D3, E1, E2, E3]  
- PDN >= 0.30  
- Debt > 5000  
- Overdue days > 0  
- Initial limit <= 8000  
- INCOME < 1800  
- EDU is in [High school, Incomplete]  
- TERM >= 60 and Credit history rating is in [C1, E1]  
- SEX is Female and PDN >= 0.35  
- UNDERAGECHILDRENCOUNT >= 1 and PDN >= 0.25  

10 different conditions for class "1":  
- Credit history rating is in [A1, A2, A3, B1, B2, B3]  
- PDN < 0.30  
- Initial limit > 8000  
- INCOME >= 1800  
- Debt <= 3000  
- Overdue days = 0  
- EDU is in [University, College]  
- TERM <= 60 and Credit history rating is in [A1, A3]  
- INDUSTRYNAME is in [Finance and Insurance, Production, Transport/Logistic]  
- FAMILYSTATUS is in [1, 2] (assuming these indicate married or stable status)  

These conditions are consistent with the examples, where clients with better credit history ratings, lower PDN, higher income, and no overdue days tend to have high credit scoring (answer 1), while those with worse credit history, higher PDN, overdue payments, and lower income tend to have low credit scoring (answer 0).

---DIVIDER---

Answer:  
Step 1. The relationship between each feature and the task description:

- Debt: Higher debt might indicate financial stress, possibly lower credit score; but if debt is well managed (low overdue), might be neutral or positive.
- Overdue days: More overdue days likely indicate poor credit behavior, thus lower credit score.
- Initial limit: Higher initial credit limit may indicate higher creditworthiness.
- BIRTHDATE (Age): Older clients might have more stable credit history, positively correlated with credit score.
- SEX: Gender usually has no direct causal effect but might show some statistical bias.
- EDU: Higher education level often correlates with higher income and better credit scores.
- INCOME: Higher income generally supports higher credit scores.
- TERM: Longer term might indicate trust by bank or higher debt burden; ambiguous.
- Credit history rating: Better ratings (e.g., A1, A2, A3) strongly indicate higher credit score.
- LV_AREA: Region might reflect economic conditions affecting credit scoring.
- LV_SETTLEMENTNAME: Specific city could reflect wealth or economic activity, affecting credit score.
- INDUSTRYNAME: Some industries might have more stable income, positively affecting credit score.
- PDN (Probability of Default Number): Higher PDN indicates higher risk, thus lower credit score.
- UNDERAGECHILDRENCOUNT: More dependents might strain finances, possibly lower credit score.
- FAMILYSTATUS: Married or stable family status might positively affect credit score.

---

Step 2. Based on the above and examples, infer 10 different conditions per answer class.

10 different conditions for class "0":  
- Overdue days > 0  
- Credit history rating is in [E1, E2, E3, D1, D2, D3]  
- PDN >= 0.3  
- Debt > Initial limit * 0.9 (debt close to or exceeding limit)  
- INCOME < 1000  
- EDU is in [High school, Incomplete]  
- TERM >= 60 and INCOME < 1500  
- SEX is Male and Credit history rating is in [C1, C2, C3] and PDN > 0.25  
- UNDERAGECHILDRENCOUNT >= 2 and INCOME < 1500  
- FAMILYSTATUS is 2 (possibly single) and PDN > 0.3  

10 different conditions for class "1":  
- Credit history rating is in [A1, A2, A3, B1, B2, B3]  
- PDN < 0.25  
- Debt < Initial limit * 0.5  
- INCOME >= 1800  
- EDU is in [University, College]  
- Overdue days = 0  
- TERM <= 60 and INCOME >= 2000  
- SEX is Female and Credit history rating is in [A1, A3]  
- INDUSTRYNAME is in [Finance and Insurance, Production, Transport/Logistic]  
- FAMILYSTATUS is 1 (possibly married) and UNDERAGECHILDRENCOUNT <= 1  

---

These conditions are consistent with the examples and general knowledge about credit scoring.

---DIVIDER---

Answer:  
Step 1. The relationship between each feature and the task description:

- Debt: Higher debt likely correlates with lower credit scoring (riskier).
- Overdue days: More overdue days indicate worse credit scoring.
- Initial limit: Higher initial credit limit suggests higher credit scoring.
- BIRTHDATE (age): Older clients may have more stable credit history, possibly higher score.
- SEX: Gender generally has little direct impact, but might have minor statistical tendencies.
- EDU (education level): Higher education levels often correlate with better credit scoring.
- INCOME: Higher income usually correlates with higher credit scoring.
- TERM: Longer credit terms might indicate trust by bank, possibly higher score.
- Credit history rating: Better ratings (A1, A2, A3) indicate higher credit scoring.
- LV_AREA / LV_SETTLEMENTNAME: Some regions might have better average credit scoring.
- INDUSTRYNAME: Some industries may have more stable income, thus better credit scoring.
- PDN (probability of default number): Lower PDN means higher credit scoring.
- UNDERAGECHILDRENCOUNT: More children might increase financial burden, possibly lower score.
- FAMILYSTATUS: Marital status might affect financial stability; e.g., married might have better scoring.

---

Step 2.  
10 different conditions for class "0" (No high credit scoring):

- Debt >= 5000  
- Overdue days > 0  
- Initial limit < 5000  
- Credit history rating is in [D3, E1, E2, E3, D1, D2]  
- PDN >= 0.3  
- INCOME < 1500  
- EDU is in [High school, Incomplete]  
- TERM <= 36  
- UNDERAGECHILDRENCOUNT >= 1  
- FAMILYSTATUS <= 2  

10 different conditions for class "1" (Has high credit scoring):

- Debt < 3000  
- Overdue days = 0  
- Initial limit >= 4000  
- Credit history rating is in [A1, A2, A3, B1, B2, B3, C1, C2, C3]  
- PDN < 0.3  
- INCOME >= 1500  
- EDU is in [University, College]  
- TERM >= 48  
- UNDERAGECHILDRENCOUNT = 0  
- FAMILYSTATUS >= 2  

---

These conditions reflect the tendencies seen in the examples and general credit scoring knowledge.