Answer:  
Step 1. The relationship between each feature and the task description:

- **social_connection_frequency:** More frequent social connections (Daily, Weekly) likely indicate maintaining friendships, including long-distance via calls; less frequent (Monthly, Never) suggests less maintenance.  
- **gathering_size_preference:** Preference for small gatherings or both might indicate closer, more personal relationships, possibly maintained by calls; preference for large events or never might suggest less intimate or less frequent communication.  
- **valued_friendship_traits:** Valuing loyalty, support, honesty, or all traits suggests a stronger commitment to maintaining friendships, possibly including long-distance calls.  
- **conflict_resolution_style:** Those who talk it out or apologize first may value communication, which aligns with maintaining friendships via calls; avoiding conflict or letting time fix it might indicate less proactive communication.  
- **family_support_level:** Higher family support (Yes, Sometimes) may correlate with stronger social networks and communication habits, possibly including calls; low or no support might indicate less social maintenance.  
- **social_battery_recharge:** Preferring talking to someone or social media suggests active social engagement, supporting maintaining friendships through calls; preferring alone time or none suggests less social outreach.  
- **social_orientation_type:** Extroverts and ambiverts are more likely to maintain friendships actively, including via calls; introverts or not sure might be less likely.  
- **social_anxiety_level:** Being excited or neutral about social interaction suggests comfort with calls; nervous or avoidant suggests less likelihood.  
- **emotional_expression_method:** Talking openly or expressing emotions strongly indicates comfort with direct communication, likely supporting friendship maintenance through calls; staying silent or other suggests less communication.  
- **primary_anger_sources:** Those triggered by interpersonal issues (injustice, being interrupted, selfishness) might be more sensitive to relationships and thus maintain them actively; however, this is less directly related.

---

Step 2. Based on the above and examples, infer 10 different conditions per answer class.

10 different conditions for class "0":  
- social_connection_frequency is in [Monthly, Never]  
- gathering_size_preference is in [Large events, Never]  
- valued_friendship_traits is Loyalty  
- conflict_resolution_style is in [Avoid conflict, Let time fix it]  
- family_support_level is in [No, Never]  
- social_battery_recharge is Talking to someone  
- social_orientation_type is in [Not sure, Introvert]  
- social_anxiety_level is in [Neutral, Avoid it]  
- emotional_expression_method is in [Express emotion strongly, Stay silent]  
- primary_anger_sources is Being interrupted  

10 different conditions for class "1":  
- social_connection_frequency is in [Daily, Weekly]  
- gathering_size_preference is in [Small gatherings, Both]  
- valued_friendship_traits is in [Loyalty, Support, Honesty, All, All the three and trust, Understanding person]  
- conflict_resolution_style is in [Talk it out, Apologize first]  
- family_support_level is in [Yes, Sometimes]  
- social_battery_recharge is in [Alone time, Social media]  
- social_orientation_type is in [Extrovert, Ambivert]  
- social_anxiety_level is in [Excited, Neutral]  
- emotional_expression_method is in [Talk openly, Express emotion strongly]  
- primary_anger_sources is in [Selfishness, Injustice]

---DIVIDER---

Answer:  
Step 1. The relationship between each feature and the task description:

- **social_connection_frequency**: More frequent social connection (Daily or Weekly) likely indicates maintaining friendships actively, including long-distance ones via calls. Less frequent (Monthly, Never) suggests less maintenance.
- **gathering_size_preference**: Preference for "Both" or "Small gatherings" may indicate a willingness to engage socially in more intimate settings, possibly supporting long-distance friendships. "Never" or "Large events" might be less relevant.
- **valued_friendship_traits**: Valuing Loyalty, Support, or Understanding may correlate with maintaining friendships, including long-distance ones.
- **conflict_resolution_style**: Those who "Talk it out" or "Apologize first" may be more proactive in maintaining relationships, including long-distance friendships. Avoiding conflict or letting time fix it may indicate less active maintenance.
- **family_support_level**: Higher family support (Yes, Sometimes) might correlate with better social support networks, possibly reflecting better maintenance of friendships.
- **social_battery_recharge**: Preferring "Talking to someone" suggests sociability and active communication, which supports maintaining friendships via calls. "Alone time" or "Social media" might indicate less direct communication.
- **social_orientation_type**: Extroverts and Ambiverts are more likely to maintain friendships actively, including long-distance. Introverts or Not sure might be less likely.
- **social_anxiety_level**: Lower anxiety or being "Excited" about social interactions supports maintaining friendships via calls. "Avoid it" or "Nervous" suggests less likelihood.
- **emotional_expression_method**: Talking openly or expressing emotions strongly indicates active communication, supporting maintaining friendships via calls. Staying silent or "Other" may indicate less communication.
- **primary_anger_sources**: Triggers like Injustice or Being interrupted might affect communication style but are less directly related to maintaining long-distance friendships.

---

Step 2.  
10 different conditions for class "0" (Does NOT maintain long-distance friendships through calls):

- social_connection_frequency is in [Monthly, Never]  
- gathering_size_preference is in [Never, Large events]  
- valued_friendship_traits is in [Honesty, All the three and trust, Understanding person] (less focused on loyalty/support)  
- conflict_resolution_style is in [Avoid conflict, Let time fix it]  
- family_support_level is in [No, Never]  
- social_battery_recharge is in [Alone time, Social media, None of the above]  
- social_orientation_type is in [Introvert, Not sure]  
- social_anxiety_level is in [Avoid it, Nervous]  
- emotional_expression_method is in [Stay silent, Other]  
- primary_anger_sources is in [Being interrupted, Selfishness] (possibly more conflict-prone, less maintaining friendships)

10 different conditions for class "1" (Does maintain long-distance friendships through calls):

- social_connection_frequency is in [Daily, Weekly]  
- gathering_size_preference is in [Small gatherings, Both]  
- valued_friendship_traits is in [Loyalty, Support]  
- conflict_resolution_style is in [Talk it out, Apologize first]  
- family_support_level is in [Yes, Sometimes]  
- social_battery_recharge is in [Talking to someone]  
- social_orientation_type is in [Extrovert, Ambivert]  
- social_anxiety_level is in [Excited, Neutral]  
- emotional_expression_method is in [Talk openly, Express emotion strongly]  
- primary_anger_sources is in [Injustice, Unnecessary criticism] (less likely to disrupt friendships)

---

This set of conditions aligns with the examples and general common sense about social behavior and maintaining long-distance friendships via calls.

---DIVIDER---

Answer:  
Step 1. The relationship between each feature and the task description:

- **social_connection_frequency**: Higher frequency (Daily, Weekly) likely indicates maintaining friendships actively, including long-distance calls. Lower frequency (Monthly, Never) suggests less active maintenance.  
- **gathering_size_preference**: Preference for small gatherings or both might indicate valuing closer, more intimate connections, possibly including calls. Preference for large events or never may indicate less personal connection maintenance.  
- **valued_friendship_traits**: Valuing loyalty, support, honesty, or all indicates a stronger commitment to maintaining friendships, which may include long-distance calls.  
- **conflict_resolution_style**: Styles like "Talk it out" or "Apologize first" suggest openness to communication, which supports maintaining friendships via calls. Avoiding conflict or letting time fix it may indicate less active communication.  
- **family_support_level**: Higher family support (Yes, Sometimes) may correlate with stronger social ties and possibly maintaining friendships through calls. No or Never may indicate weaker social ties.  
- **social_battery_recharge**: Preferring "Talking to someone" suggests a desire for verbal/social interaction, which supports maintaining friendships via calls. "Alone time" or "Social media" may indicate less direct verbal communication.  
- **social_orientation_type**: Extroverts and ambiverts are more likely to maintain friendships actively, including calls; introverts may do so less.  
- **social_anxiety_level**: Being "Excited" or "Neutral" about social interaction supports active communication; "Avoid it" or "Nervous" may hinder maintaining friendships via calls.  
- **emotional_expression_method**: Talking openly or expressing emotion strongly supports maintaining friendships through calls; staying silent or other methods may indicate less verbal communication.  
- **primary_anger_sources**: Sources like "Being interrupted" or "Selfishness" may affect communication quality but are less directly related to maintaining long-distance friendships via calls.

---

Step 2.  
10 different conditions for class "0" (Does NOT maintain long-distance friendships through calls):  
- social_connection_frequency is in [Monthly, Never]  
- gathering_size_preference is in [Large events, Never]  
- valued_friendship_traits is in [Loyalty] (alone, without support or honesty)  
- conflict_resolution_style is in [Avoid conflict, Let time fix it]  
- family_support_level is in [No, Never]  
- social_battery_recharge is in [Alone time, Social media, None of the above]  
- social_orientation_type is in [Introvert, Not sure]  
- social_anxiety_level is in [Avoid it, Nervous]  
- emotional_expression_method is in [Stay silent, Other]  
- primary_anger_sources is in [Injustice, Being interrupted] (less directly related but can correlate with communication avoidance)

10 different conditions for class "1" (Does maintain long-distance friendships through calls):  
- social_connection_frequency is in [Daily, Weekly]  
- gathering_size_preference is in [Small gatherings, Both]  
- valued_friendship_traits is in [Support, Honesty, All, All the three and trust, Understanding person]  
- conflict_resolution_style is in [Talk it out, Apologize first]  
- family_support_level is in [Yes, Sometimes]  
- social_battery_recharge is in [Talking to someone]  
- social_orientation_type is in [Extrovert, Ambivert]  
- social_anxiety_level is in [Excited, Neutral]  
- emotional_expression_method is in [Talk openly, Express emotion strongly]  
- primary_anger_sources is in [Selfishness] (may motivate maintaining open communication)

---

These conditions align with the given examples and general social behavior tendencies regarding maintaining long-distance friendships through calls.

---DIVIDER---

Step 1. The relationship between each feature and the task description:

- **social_connection_frequency**: More frequent social connections (Daily, Weekly) likely indicate maintaining friendships including long-distance ones via calls; less frequent (Monthly, Never) suggests less maintenance.
- **gathering_size_preference**: Preference for small gatherings or both may indicate closer, more personal relationships which might extend to calls; large events or never may indicate less intimate connections.
- **valued_friendship_traits**: Valuing loyalty, support, honesty, or all suggests stronger motivation to maintain friendships, possibly through calls.
- **conflict_resolution_style**: Proactive styles (Talk it out, Apologize first) may correlate with maintaining relationships actively, including calls; Avoid conflict or Let time fix it may correlate with less active maintenance.
- **family_support_level**: Higher family support (Yes, Sometimes) might correlate with more social engagement and maintaining friendships; No or Never might indicate less social maintenance.
- **social_battery_recharge**: Preference for talking to someone suggests comfort with social interaction and likely maintaining friendships through calls; Alone time or social media might suggest less direct communication.
- **social_orientation_type**: Extroverts and ambiverts are more likely to maintain friendships actively via calls; introverts or unsure may do so less.
- **social_anxiety_level**: Excited or Neutral social anxiety levels suggest more comfort in social interactions and maintaining friendships; Avoid it or Nervous suggest less likelihood.
- **emotional_expression_method**: Talking openly or expressing emotions strongly suggests active communication, supporting maintaining friendships through calls; staying silent or other methods suggest less.
- **primary_anger_sources**: Being sensitive to interruptions or selfishness may indicate valuing communication quality, possibly maintaining friendships carefully; injustice or unnecessary criticism may not strongly relate.

---

Step 2. Conditions for each answer class based on analysis and examples:

10 different conditions for class "0":
- social_connection_frequency is in [Monthly, Never]
- gathering_size_preference is in [Large events, Never]
- valued_friendship_traits is in [Loyalty, Honesty] but social_connection_frequency is Monthly or less
- conflict_resolution_style is in [Avoid conflict, Let time fix it]
- family_support_level is in [No, Never]
- social_battery_recharge is in [Alone time, Social media, None of the above]
- social_orientation_type is in [Introvert, Not sure]
- social_anxiety_level is in [Avoid it, Nervous]
- emotional_expression_method is in [Stay silent, Other]
- social_connection_frequency is Weekly but conflict_resolution_style is Avoid conflict and family_support_level is No

10 different conditions for class "1":
- social_connection_frequency is in [Daily, Weekly]
- gathering_size_preference is in [Small gatherings, Both]
- valued_friendship_traits is in [Support, Loyalty, Honesty, All, All the three and trust, Understanding person]
- conflict_resolution_style is in [Talk it out, Apologize first]
- family_support_level is in [Yes, Sometimes]
- social_battery_recharge is Talking to someone
- social_orientation_type is in [Extrovert, Ambivert, Not sure]
- social_anxiety_level is in [Excited, Neutral]
- emotional_expression_method is in [Talk openly, Express emotion strongly]
- social_connection_frequency is Weekly or Daily and emotional_expression_method is Talk openly or Express emotion strongly

---

These conditions align with the given examples and general knowledge of social behavior relevant to maintaining long-distance friendships through calls.

---DIVIDER---

Answer:  
Step 1. The relationship between each feature and the task description:

- **social_connection_frequency**: More frequent social connections (Daily, Weekly) likely indicate maintaining friendships, including long-distance ones via calls; less frequent (Monthly, Never) suggests less maintenance.  
- **gathering_size_preference**: Preference for small gatherings or both might indicate closer, more personal interactions, possibly supporting long-distance friendships via calls; preference for large events or never might indicate less intimate connections.  
- **valued_friendship_traits**: Valuing loyalty, support, honesty, or all suggests a strong desire to maintain friendships, likely through calls; valuing less comprehensive traits might indicate weaker maintenance.  
- **conflict_resolution_style**: Those who talk it out or apologize first are more proactive in maintaining relationships, including long-distance ones; those who avoid conflict or let time fix it might neglect maintenance.  
- **family_support_level**: Higher family support (Yes, Sometimes) might correlate with better social skills and maintaining friendships; no or never might correlate with less maintenance.  
- **social_battery_recharge**: Recharging by talking to someone suggests an outgoing nature, likely to maintain long-distance friendships via calls; recharging alone or via social media might indicate less direct maintenance.  
- **social_orientation_type**: Extroverts and ambiverts are more likely to maintain friendships actively; introverts and not sure might maintain less.  
- **social_anxiety_level**: Excited or neutral levels suggest comfort with social interaction; avoid it or nervous might reduce likelihood of maintaining long-distance friendships through calls.  
- **emotional_expression_method**: Talking openly or expressing emotions strongly suggests active communication, supporting maintenance via calls; staying silent or other might reduce it.  
- **primary_anger_sources**: Being sensitive to interruptions, selfishness, injustice, or criticism might influence the quality but less directly the maintenance of friendships.

---

Step 2. Based on Step 1 and examples, infer 10 different conditions per answer class:

10 different conditions for class "0" (Does NOT maintain long-distance friendships through calls):  
- social_connection_frequency is in [Monthly, Never]  
- gathering_size_preference is in [Large events, Never]  
- valued_friendship_traits is in [Loyalty, Support] (but not All or All the three and trust)  
- conflict_resolution_style is in [Avoid conflict, Let time fix it]  
- family_support_level is in [No, Never]  
- social_battery_recharge is in [Alone time, Social media, None of the above]  
- social_orientation_type is in [Introvert, Not sure]  
- social_anxiety_level is in [Avoid it, Nervous]  
- emotional_expression_method is in [Stay silent, Other]  
- primary_anger_sources is in [Being interrupted, Selfishness] (less proactive in maintaining calls)

10 different conditions for class "1" (Does maintain long-distance friendships through calls):  
- social_connection_frequency is in [Daily, Weekly]  
- gathering_size_preference is in [Small gatherings, Both]  
- valued_friendship_traits is in [All, All the three and trust, Understanding person]  
- conflict_resolution_style is in [Talk it out, Apologize first]  
- family_support_level is in [Yes, Sometimes]  
- social_battery_recharge is in [Talking to someone]  
- social_orientation_type is in [Extrovert, Ambivert]  
- social_anxiety_level is in [Excited, Neutral]  
- emotional_expression_method is in [Talk openly, Express emotion strongly]  
- primary_anger_sources is in [Injustice, Unnecessary criticism] (may reflect higher engagement and communication)

---

These conditions align with the examples and general social behavior patterns related to maintaining long-distance friendships through calls.