Answer:  
Step 1. The relationship between each feature and the task description:

- Gender: No direct causal relationship; reading habits may not differ significantly by gender for academic books.  
- Age: Slight tendency that older undergraduates may read more academic books due to advanced coursework.  
- Department: Strong relationship; students from technical or scientific departments (CSE, SWE, Pharmacy, EEE, Civil, Textile, MCT) likely read academic books more often than those from non-technical or arts-based departments (English, BBA, JMC, NFE, Others).  
- Amount of time spent reading books per day: Positive correlation; more hours reading generally implies reading academic books if the reason is academic.  
- Reason for reading books: Strongly indicative; if the reason is "Academic Purpose," more likely to read academic books most of the time.  
- How to manage books for reading: Less indicative, but students who "Buy" or use "E-books" might be more invested in academic reading.  
- Number of e-books read last two years: Higher numbers (More than 20, 16-20) suggest more academic reading if linked to academic purpose.  
- Number of printed books read last two years: Similarly, higher numbers suggest academic reading.  
- Favorite books for leisure time: If leisure reading is mostly "Non-Fiction" or "Biography," might still read academic books most of the time; "Fiction" or "Politics" less likely.  
- What is the change felt after reading books: "Increase Academic Performance" or "Increase Problem Solving Skill" suggests academic reading.  
- Who influenced you to read books: "Teachers" or "Self-Decision" may indicate academic motivation.  
- Which language books do you like to read: "English" might be more common for academic books.  
- Where do you read printed books: "Library" or "Home" are common for academic reading.  
- Do you read Newspaper: Less relevant; reading newspapers doesn't imply academic book reading.  
- The format used for reading books: "Both" or "E-books" might indicate academic reading.  
- Frequency of reading books: "On everyday basis" or "A few times a week" suggests academic reading most of the time.

---

Step 2. Conditions for each answer class:

10 different conditions for class "0" (Does NOT read academic books most of the time):  
- Reason for reading books is in [Entertainment Purpose, To increase my English vocabulary knowledge, Keep me informative]  
- Frequency of reading books is in [A few times a month, Less than once a year, Once or twice a year]  
- Favorite books for reading to spend leisure time is in [Fiction, Politics, Others]  
- Number of printed books you read last two years is in [1-5, nan]  
- Number of e-books you read last two years is in [1-5, nan]  
- Amount of time spent reading books per day < 1 hour  
- Department is in [English, BBA, JMC, NFE, Others]  
- What is the change that you felt after reading books is in [Feel Relax, Increase Creative Thinking]  
- The format that you used for reading books is in [Printed]  
- Who influenced you to read books is in [Friends, Parents]

10 different conditions for class "1" (Reads academic books most of the time):  
- Reason for reading books is in [Academic Purpose]  
- Frequency of reading books is in [On everyday basis, A few times a week]  
- Department is in [CSE, SWE, Pharmacy, EEE, Civil, Textile, MCT, CIS]  
- Amount of time spent reading books per day >= 2 hours  
- Number of printed books you read last two years is in [More than 20, 16-20, 11-15]  
- Number of e-books you read last two years is in [More than 20, 16-20, 11-15]  
- What is the change that you felt after reading books is in [Increase Academic Performance, Increase Problem Solving Skill]  
- The format that you used for reading books is in [Both, E-books]  
- Which language books do you like to read is in [English]  
- Where do you read printed books is in [Library, Home]

---DIVIDER---

Step 1. The relationship between each feature and the task description:

- Gender: Likely no direct causal relationship; reading habits are not strongly gender-dependent.
- Age: Minor influence; older students may have more academic reading, but generally similar.
- Department: Strong influence; students from departments like CSE, SWE, Pharmacy, EEE, Civil, etc., are more likely to read academic books than students from departments like English (which may include more literature), BBA, JMC, or others.
- Amount of time spent reading books per day: Strong positive correlation; more time spent reading likely means reading academic books if the student is an undergraduate.
- Reason for reading books: Very strong; "Academic Purpose" indicates reading academic books, other reasons less so.
- How to manage books for reading: Might indicate seriousness; buying or borrowing academic books may be more common for academic reading.
- Number of e-books read last two years: Higher numbers indicate more reading, possibly academic.
- Number of printed books read last two years: Similarly, higher numbers indicate more academic reading.
- Favorite books for reading to spend leisure time: If leisure reading is "Biography," "Non-Fiction," or "Politics," may indicate academic inclination; "Fiction" or "Others" likely less academic.
- What is the change that you felt after reading books: "Increase Academic Performance" strongly suggests academic reading.
- Who influenced you to read books: "Teachers" or "Self-Decision" may correlate with academic reading; "Friends" or "Parents" less clear.
- Which language books do you like to read: "English" might be more likely academic books; "Bangla" or "Others" less clear.
- Where do you read printed books: "Library" and "Home" may correlate with academic reading; "During Travel" less so.
- Do you read Newspaper: Reading newspapers may indicate general interest but not necessarily academic reading.
- The format that you used for reading books: "Both" or "Printed" may indicate academic reading; "E-books" alone could be mixed.
- Frequency of reading books: "On everyday basis" or "A few times a week" likely indicates academic reading; less frequent reading less likely.

---

Step 2. Based on the above analysis, here are 10 different conditions per answer class:

10 different conditions for class "0" (Does NOT read academic books most of the time):

- Reason for reading books is in [Entertainment Purpose, To increase my English vocabulary knowledge, Keep me informative]
- Frequency of reading books is in [Less than once a year, Once or twice a year, A few times a month]
- Favorite books for reading to spend leisure time is in [Fiction, Others]
- Number of printed books you read last two years is in [1-5, nan]
- Number of e-books you read last two years is in [1-5, nan]
- Amount of time spent reading books per day < 1
- The format that you used for reading books is in [E-books]
- Department is in [BBA, JMC, English, Others]
- Who influenced you to read books is in [Friends, Parents]
- What is the change that you felt after reading books is in [Feel Relax, Increase Creative Thinking]

10 different conditions for class "1" (Reads academic books most of the time):

- Reason for reading books is in [Academic Purpose]
- Frequency of reading books is in [On everyday basis, A few times a week]
- Amount of time spent reading books per day >= 2
- Number of printed books you read last two years is in [More than 20, 16-20, 11-15]
- Number of e-books you read last two years is in [More than 20, 16-20, 11-15]
- Department is in [CSE, SWE, Pharmacy, EEE, Civil, Textile, CIS, MCT, NFE]
- What is the change that you felt after reading books is in [Increase Academic Performance, Increase Problem Solving Skill]
- The format that you used for reading books is in [Both, Printed]
- Where do you read printed books is in [Library, Home]
- Who influenced you to read books is in [Teachers, Self-Decision]

---

These conditions capture the main patterns and tendencies that align with whether an undergraduate student reads academic books most of the time or not.

---DIVIDER---

Answer:  
Step 1. The relationship between each feature and the task description:

- Gender: No direct causal relationship to reading academic books most of the time; both genders can read academic books equally.
- Age: Slight tendency that older undergraduates might read more academic books due to increased academic demands.
- Department: Students in technical or science departments (e.g., CSE, SWE, Pharmacy, EEE, Civil) are more likely to read academic books most of the time compared to those in non-technical fields or arts.
- Amount of time spent reading books per day: More hours spent reading generally indicate a higher likelihood of reading academic books most of the time.
- Reason for reading books: "Academic Purpose" strongly correlates with reading academic books most of the time; other reasons are less likely.
- How to manage books for reading: Borrowing or buying printed books or e-books may indicate serious reading habits; "Others" might be less indicative.
- Number of e-books read last two years: Higher numbers suggest more engagement with academic or study materials, especially if academic e-books are common.
- Number of printed books read last two years: Similar to e-books, higher numbers suggest more academic reading.
- Favorite books for leisure: Preference for Non-Fiction or Biography may indicate academic reading habits, while Fiction and Politics may be less related.
- What is the change felt after reading books: "Increase Academic Performance" suggests academic reading, while "Feel Relax" or "Increase Creative Thinking" may relate to leisure reading.
- Who influenced you to read books: Influence by Teachers or Self-Decision may correlate with academic reading; Friends or Parents less so.
- Which language books do you like to read: Preference for English may indicate academic reading, especially in technical fields.
- Where do you read printed books: Reading in the Library or Home may suggest academic reading; "During Travel" may suggest casual reading.
- Do you read Newspaper: Reading newspapers is less related to academic books reading.
- The format used for reading books: Preference for Both or Printed may indicate academic reading; E-books alone may be mixed.
- Frequency of reading books: "On everyday basis" or "A few times a week" strongly correlate with reading academic books most of the time.

---

Step 2. Based on the above and examples, 10 different conditions per class:

10 different conditions for class "0" (Does NOT read academic books most of the time):

- Reason for reading books is in [Entertainment Purpose, To increase my English vocabulary knowledge, Keep me informative]
- Frequency of reading books is in [A few times a month, Less than once a year, Once or twice a year]
- Favorite books for reading to spend leisure time is in [Fiction, Politics, Others]
- Amount of time spent reading books per day < 1
- Number of printed books you read last two years is in [1-5, nan]
- Number of e-books you read last two years is in [1-5, nan]
- What is the change that you felt after reading books is in [Feel Relax, Increase Creative Thinking]
- Department is in [English, BBA, JMC, NFE, Others]
- The format that you used for reading books is in [E-books]
- Who influenced you to read books is in [Friends, Parents]

10 different conditions for class "1" (Reads academic books most of the time):

- Reason for reading books is Academic Purpose
- Frequency of reading books is in [On everyday basis, A few times a week]
- Amount of time spent reading books per day >= 2
- Department is in [CSE, SWE, Pharmacy, EEE, Civil, MCT, CIS, Textile]
- Number of printed books you read last two years is in [6-10, 11-15, 16-20, More than 20]
- Number of e-books you read last two years is in [6-10, 11-15, 16-20, More than 20]
- What is the change that you felt after reading books is Increase Academic Performance
- The format that you used for reading books is in [Both, Printed]
- Where do you read printed books is in [Library, Home]
- Which language books do you like to read is English

---DIVIDER---

Step 1. The relationship between each feature and the task description:

- Gender: Likely no direct causal relationship with reading academic books most of the time.
- Age: Minor influence; older undergraduates might have more focused academic reading habits.
- Department: Strong influence; students in technical or science departments (CSE, SWE, Pharmacy, EEE, Civil, Textile, MCT, CIS) are more likely to read academic books most of the time compared to departments like English or BBA where leisure or other reading might be more common.
- Amount of time spent reading books per day: Directly proportional; more hours spent reading increases likelihood of reading academic books most of the time.
- Reason for reading books: If reason is "Academic Purpose", higher chance of reading academic books most of the time.
- How to manage books for reading: Borrowing, Buying, or Used-all might indicate active academic reading; E-books might be neutral or positive; Others less clear.
- Number of e-books read last two years: Higher number (More than 20, 16-20) correlates with more academic reading.
- Number of printed books read last two years: Higher number correlates with academic reading.
- Favorite books for reading to spend leisure time: If "Non-Fiction" or "Politics" or "Biography", may indicate academic or serious reading habits; "Fiction" or "Others" may indicate less academic focus.
- What is the change after reading books: "Increase Academic Performance" or "Increase Problem Solving Skill" indicates academic reading; "Feel Relax" or "Increase Creative Thinking" may indicate leisure reading.
- Who influenced you to read books: "Teachers" or "Self-Decision" may indicate academic reading; "Friends" or "Parents" less directly related.
- Which language books do you like to read: "English" might be more academic; "Bangla" or "Others" less clear.
- Where do you read printed books: "Library" or "Home" may indicate academic reading; "During Travel" may be leisure reading.
- Do you read Newspaper: Reading newspapers may indicate informational reading but not necessarily academic books.
- The format used for reading books: "Printed" or "Both" might be more academic; "E-books" only may vary.
- Frequency of reading books: "On everyday basis" or "A few times a week" indicates higher likelihood of reading academic books most of the time.

---

Step 2. Conditions for each answer class:

10 different conditions for class "0" (Does NOT read academic books most of the time):
- Department is in [English, BBA, JMC, NFE, Others]
- Reason for reading books is in [Entertainment Purpose, To increase my English vocabulary knowledge, Keep me informative]
- Favorite books for reading to spend leisure time is in [Fiction, Others]
- Frequency of reading books is in [A few times a month, Less than once a year, Once or twice a year]
- Amount of time spent reading books per day < 1
- Number of e-books you read last two years is in [1-5, nan]
- Number of printed books you read last two years is in [1-5, nan]
- What is the change that you felt after reading books is in [Feel Relax, Increase Creative Thinking]
- The format that you used for reading books is in [E-books]
- Where do you read printed books is in [During Travel]

10 different conditions for class "1" (Reads academic books most of the time):
- Department is in [CSE, SWE, Pharmacy, EEE, Civil, Textile, MCT, CIS]
- Reason for reading books is in [Academic Purpose]
- Frequency of reading books is in [On everyday basis, A few times a week]
- Amount of time spent reading books per day >= 2
- Number of e-books you read last two years is in [More than 20, 16-20]
- Number of printed books you read last two years is in [More than 20, 16-20, 11-15]
- What is the change that you felt after reading books is in [Increase Academic Performance, Increase Problem Solving Skill]
- Who influenced you to read books is in [Teachers, Self-Decision]
- The format that you used for reading books is in [Printed, Both]
- Where do you read printed books is in [Library, Home]

---DIVIDER---

Step 1. The relationship between each feature and the task description:

- Gender: No direct causal relationship; reading habits may not strongly differ by gender.
- Age: Slightly older undergraduates might have more academic reading, but age range is narrow.
- Department: Students in academic or technical departments (e.g., CSE, SWE, Pharmacy, EEE, Civil) likely read academic books more than students in non-technical or leisure-oriented departments (e.g., BBA, English for leisure).
- Amount of time spent reading books per day: More time generally indicates more likelihood of reading academic books.
- Reason for reading books: If reason is "Academic Purpose," more likely to read academic books most of the time.
- How to manage books for reading: Borrowing or buying books may indicate serious academic reading; "Others" or "Used-all" less clear.
- Number of e-books read last two years: Higher numbers indicate more reading, possibly academic.
- Number of printed books read last two years: Similarly, higher numbers indicate more reading.
- Favorite books for leisure time: If favorite books are "Non-Fiction" or "Politics," more likely academic; "Fiction" or "Biography" less likely.
- Change felt after reading books: "Increase Academic Performance" indicates academic reading.
- Who influenced you to read books: "Teachers" or "Self-Decision" may indicate academic motivation; "Friends" or "Parents" less directly linked.
- Which language books do you like to read: English books may be more academic.
- Where do you read printed books: Reading in "Library" suggests academic reading.
- Do you read Newspaper: May correlate with academic interest but not strongly.
- Format used for reading books: "Both" or "Printed" may indicate academic reading; "E-books" alone less clear.
- Frequency of reading books: "On everyday basis" or "A few times a week" indicates more academic reading.

---

Step 2. Based on above and task, infer 10 different conditions per answer class.

10 different conditions for class "0" (Does NOT read academic books most of the time):

- Reason for reading books is in [Entertainment Purpose, To increase my English vocabulary knowledge, Keep me informative]
- Frequency of reading books is in [A few times a month, Less than once a year, Once or twice a year]
- Favorite books for reading to spend leisure time is in [Fiction, Biography]
- Department is in [BBA, English, JMC, Textile, NFE, Others]
- Amount of time spent reading books per day < 1
- Number of printed books you read last two years is in [1-5, nan]
- Number of e-books you read last two years is in [1-5, nan]
- Where do you read printed books is in [During Travel]
- Who influenced you to read books is in [Friends, Parents]
- Format that you used for reading books is in [E-books]

10 different conditions for class "1" (Reads academic books most of the time):

- Reason for reading books is Academic Purpose
- Frequency of reading books is in [On everyday basis, A few times a week]
- Department is in [CSE, SWE, Pharmacy, EEE, Civil, CIS, MCT]
- Amount of time spent reading books per day >= 2
- Number of printed books you read last two years is in [11-15, 16-20, More than 20]
- Number of e-books you read last two years is in [11-15, 16-20, More than 20]
- Favorite books for reading to spend leisure time is in [Non-Fiction, Politics]
- Change felt after reading books is Increase Academic Performance
- Where do you read printed books is Library
- Format that you used for reading books is in [Both, Printed]

---

This set of conditions can be used to classify whether an undergraduate student reads academic books most of the time (Yes=1) or not (No=0).