Answer:  
Step 1. The relationship between each feature and the task description:  

- Vmag (apparent magnitude): Brighter stars (lower Vmag) can be giants or dwarfs depending on distance; Vmag alone is not strongly indicative because it depends on distance.  
- Plx (parallax): Larger parallax means closer star; giants tend to be luminous and often further away with smaller parallax, but this is not definitive alone.  
- e_Plx (parallax error): High error reduces reliability of distance and absolute magnitude; not directly indicative of giant status.  
- B-V (color index): Giants often have redder colors (higher B-V), but depends on spectral type.  
- SpType (spectral type): The luminosity class in SpType (e.g., III, II) directly indicates giant or bright giant stars, while V indicates main sequence (dwarf) stars.  
- Amag (absolute magnitude): Giants have lower absolute magnitude values (brighter intrinsically) compared to dwarfs, but this depends on calibration and distance accuracy.  

Step 2. 10 different conditions for class "0" (not giant):  
- SpType is in [G1V, F3V, F6V, F8V, B8V, B9V, A0V, B9III/IV (if not clearly giant), etc. excluding III, II]  
- Amag (absolute magnitude) >= 18  
- B-V <= 0.6  
- Plx >= 4.0  
- Vmag <= 8.5 and Plx >= 4.0  
- SpType ends with "V" (main sequence)  
- Amag is within range of [18, 21]  
- B-V < 0.9 and SpType does not contain "III" or "II"  
- Plx is within range of [4, 35] and Amag >= 18  
- Vmag < 9 and SpType does not contain "III" or "II"  

10 different conditions for class "1" (giant star):  
- SpType contains "III" (e.g., K2III, G8III, K5III)  
- SpType contains "II" (e.g., K3II/III)  
- Amag < 17  
- B-V >= 0.9  
- Plx < 4.5  
- Vmag > 7.4 and SpType contains "III" or "II"  
- Amag is within range of [10, 17]  
- B-V is within range of [0.9, 1.6]  
- Plx is within range of [0.1, 4.5] and B-V > 0.9  
- SpType is in [A9III, K3II/III, G8III, K5III, K1III, G6/G8III]  

These conditions align with the examples provided and astrophysical knowledge that giants have spectral types with luminosity class III or II, redder colors, lower absolute magnitudes (brighter intrinsically), and typically smaller parallaxes due to being farther away.

---DIVIDER---

Answer:  
Step 1. The relationship between each feature and the task description:

- Vmag (apparent magnitude): Brighter stars (lower Vmag) might be giants if distant, but apparent magnitude alone is insufficient because it depends on distance.  
- Plx (parallax): Smaller parallax means greater distance; giants tend to be luminous and visible at larger distances with smaller parallaxes.  
- e_Plx (error in parallax): High error reduces reliability of distance and absolute magnitude estimation.  
- B-V (color index): Giants often have different colors (redder or more evolved spectral types) compared to main sequence stars; larger B-V often indicates cooler, evolved stars.  
- SpType (spectral type): Luminosity class in spectral type (e.g., III, II/III) indicates giant or subgiant status; V means main sequence (dwarf), III means giant, II means bright giant.  
- Amag (absolute magnitude): Giants are more luminous, so they have lower (brighter) absolute magnitudes compared to dwarfs of the same spectral type. However, the examples show large Amag values — likely a different scale or distance modulus applied. Still, Amag can help distinguish giants from dwarfs.

Step 2. Based on Step 1 and examples, infer conditions.

10 different conditions for class "0" (not giants):  
- SpType is in [G1V, F8V, F6V, B9V, B8V, G1V, F3V, F8V, G6V] (main sequence stars with luminosity class V)  
- Amag (>) 18 (high absolute magnitude values indicating less luminous stars)  
- Plx (>) 10 (closer stars, parallax larger than 10 mas)  
- B-V (<) 0.6 (bluer or less red stars, typical of main sequence)  
- Vmag (>) 6 (fainter apparent magnitude, but combined with large Plx)  
- e_Plx (<) 1.0 (relatively precise parallax)  
- SpType is in [B9V, B8V, F6V, F8V]  
- Amag is within range of [18, 21]  
- Plx is within range of [10, 35]  
- B-V is within range of [-0.22, 0.6]

10 different conditions for class "1" (giant stars):  
- SpType is in [G6/G8III, K5III, G8/K0III, K2III, G8III, A9III, K3II/III, K1III] (luminosity class III or II/III indicating giants)  
- Amag (<) 17 (lower absolute magnitude indicating higher luminosity)  
- Plx (<) 6 (more distant stars with smaller parallax)  
- B-V (>) 0.9 (redder stars typical of giants)  
- Vmag (>) 7 (fainter apparent magnitude combined with small parallax)  
- e_Plx (>) 0.8 (larger error, often due to distance)  
- SpType is in [K5III, G8III, K2III, A9III, K3II/III]  
- Amag is within range of [10, 17]  
- Plx is within range of [0.1, 6]  
- B-V is within range of [0.9, 1.5]

These conditions are consistent with the examples and astrophysical knowledge about giant stars.

---DIVIDER---

Answer:  
Step 1. The relationship between each feature and the task description:

- Vmag (apparent magnitude): Brighter stars (lower Vmag) may be giants because giants are intrinsically luminous, but apparent magnitude also depends on distance, so alone it is not decisive.
- Plx (parallax): Smaller parallax means larger distance. Giants tend to be luminous and can be seen at larger distances with moderate brightness, so very small Plx with moderate Vmag may indicate a giant.
- e_Plx (error in parallax): Measurement uncertainty, less relevant for classification but large errors reduce confidence.
- B-V (color index): Giants tend to have higher B-V (redder) as many giants are cooler stars, but some giants can be hotter. Color helps distinguish spectral types and luminosity classes.
- SpType (spectral type): This is the most direct indicator. Luminosity classes III, II, or III/IV indicate giant or subgiant stars; V indicates main sequence (dwarfs).
- Amag (absolute magnitude): Giants have lower (brighter) absolute magnitude values compared to dwarfs of the same spectral type.

Step 2. Based on examples and Step 1, infer conditions:

10 different conditions for class "0" (not giant star):
- SpType is in [G1V, F3V, F6V, F8V, B8V, B9V]
- Amag >= 18
- Plx > 5
- Vmag <= 8
- B-V < 0.7
- SpType ends with "V" (main sequence stars)
- Plx is within range [10, 35]
- Amag > 15
- B-V is within range [-0.2, 0.6]
- Vmag < 7

10 different conditions for class "1" (giant star):
- SpType is in [K1III, K2III, K3II/III, K5III, G8III, G8III/IV, A9III, G6/G8III, G8/K0III]
- Amag < 17
- Plx < 6
- Vmag > 7
- B-V > 0.9
- SpType contains "III" or "II"
- Plx is within range [0, 5]
- Amag is within range [10, 16]
- B-V is within range [0.9, 1.6]
- Vmag >= 7.5

---DIVIDER---

Answer:  
Step 1. The relationship between each feature and the task description:

- Vmag (apparent magnitude): Brighter stars (lower Vmag) can be giants or dwarfs depending on distance; alone it is not decisive.
- Plx (parallax): Larger parallax means closer star; giants tend to be luminous and often seen at larger distances (smaller parallax).
- e_Plx (parallax error): High error reduces reliability of distance and absolute magnitude estimates.
- B-V (color index): Color relates to temperature and spectral class; giants often have redder colors (higher B-V), but this depends on spectral type.
- SpType (spectral type): Luminosity class in spectral type (e.g., III, III/IV, II) directly indicates giant or subgiant status; V indicates main sequence (dwarf).
- Amag (absolute magnitude): Giants are intrinsically more luminous, so have lower (brighter) absolute magnitudes compared to dwarfs of the same spectral type.

Step 2. Based on Step 1 and examples, infer 10 different conditions per class:

10 different conditions for class "0" (not giant star):
- SpType is in [G1V, F3V, F6V, F8V, B9V, B8V]
- SpType is in categories with luminosity class "V" (main sequence)
- Amag (absolute magnitude) > 18
- B-V < 0.6
- Plx >= 10
- Vmag > 7
- Amag is within range [18, 21]
- Plx is within range [10, 35]
- e_Plx < 1.0
- B-V <= 0.95 and SpType does not contain "III" or "II"

10 different conditions for class "1" (giant star):
- SpType is in categories containing "III" or "III/IV" or "II" (e.g., K2III, G8III/IV, K3II/III)
- Amag < 17
- B-V > 0.9
- Plx < 6
- Vmag between 7 and 9
- Amag is within range [10, 16.5]
- B-V is within range [0.9, 1.6]
- e_Plx >= 0.8
- SpType is in [K5III, K1III, G8III, G6/G8III, A9III]
- Plx is within range [0.1, 5]

These conditions combine spectral type luminosity class, color, absolute magnitude, and parallax to distinguish giants from non-giants.

---DIVIDER---

Answer:  
Step 1. The relationship between each feature and the task description:  
- Vmag (apparent magnitude): Brighter stars (lower Vmag) can be either giants or dwarfs; not a strong direct indicator alone.  
- Plx (parallax): Larger parallax means closer star; combined with Vmag, it helps determine absolute magnitude. Giants tend to be luminous and can be seen at larger distances with moderate brightness.  
- e_Plx (error in parallax): High error reduces confidence in distance estimation; less reliable for classification.  
- B-V (color index): Indicates star temperature/color; giants often have specific B-V ranges depending on spectral type, typically redder (higher B-V) than dwarfs of same spectral class.  
- SpType (spectral type): The spectral class combined with luminosity class (e.g., III, III/IV) directly indicates whether the star is giant or not. Luminosity class III stars are giants; V are main sequence (dwarfs).  
- Amag (absolute magnitude): Giants have brighter absolute magnitudes (lower numerical values) compared to dwarfs of similar spectral type. However, the provided Amag values seem unusually high (possibly logarithmic or scaled), but relative comparison is useful.  

Step 2. Based on the above and examples, infer 10 different conditions per answer:

10 different conditions for class "0":  
- SpType is in [G1V, F3V, F6V, F8V, B8V, B9V]  
- SpType is in categories with luminosity class "V" only (main sequence)  
- B-V is within range [0.3, 0.6] (typical for F and G dwarfs)  
- Plx >= 10 (closer stars with main sequence spectral types)  
- Amag >= 18 (higher absolute magnitude values, indicating fainter intrinsic brightness consistent with dwarfs in examples)  
- Vmag <= 8.5 (brighter apparent magnitude but with high parallax, indicating nearby dwarf stars)  
- e_Plx <= 1.0 (more reliable parallax measurements in dwarfs)  
- B-V < 0.0 for B-type main sequence stars (blue color index)  
- Amag is within range [18, 21] (as in dwarf examples)  
- Plx is within range [10, 35] (typical of nearby dwarfs in examples)  

10 different conditions for class "1":  
- SpType is in categories with luminosity class "III" or "III/IV" or "II/III" (giants or subgiants)  
- B-V >= 0.9 (redder stars typical of giants)  
- Plx < 6 (more distant stars, consistent with giants in examples)  
- Amag <= 16 (lower absolute magnitude values, indicating brighter intrinsic stars)  
- Vmag > 7.5 (fainter apparent magnitude but distant, consistent with giants)  
- e_Plx >= 1.0 (higher error in parallax, possibly due to distance)  
- SpType is in [G8III/IV, K2III, K5III, G6/G8III, K1III, G8III, A9III, K3II/III, B3III/IV]  
- B-V is within range [0.9, 1.6] (typical for K and G giants)  
- Plx is within range [0.1, 5.5] (consistent with larger distances of giants)  
- Amag is within range [10, 16] (brighter absolute magnitude of giants)