Step 1. The relationship between each feature and the task description:

- Date: The specific date and time might not directly influence arrest likelihood, but time of day or day of week could affect police response and arrest chances.
- Primary Type: Certain crime types (e.g., violent crimes, weapons violations) are more likely to result in arrests than minor offenses.
- Description: More serious or specific descriptions may indicate higher arrest probability.
- Location Description: Crimes in public places or certain locations might have higher arrest rates due to witnesses or police presence.
- Domestic: Domestic crimes might have different arrest rates; often police intervene with arrests in domestic violence cases.
- Beat, District, Ward, Community Area: Geographic areas might have varying policing intensity or arrest rates.
- FBI Code: Categorizes crime severity/type, which can correlate with arrest likelihood.
- X Coordinate, Y Coordinate, Latitude, Longitude: Geographic coordinates correspond to location; indirectly related to arrest likelihood through area policing.
- Year: Year may reflect changes in policing or reporting; here all data is from 2025, so less relevant.

Step 2. Based on Step 1 and given examples, infer 10 conditions per answer class.

10 different conditions for class "0" (No arrest made):
- Primary Type is in [PUBLIC PEACE VIOLATION, OTHER OFFENSE, NON-CRIMINAL, LIQUOR LAW VIOLATION, INTERFERENCE WITH PUBLIC OFFICER]
- Description is in [TIRE DEFLATION DEVICE DEPLOYMENT, HARASSMENT BY TELEPHONE, SIMPLE, POSS: CANNABIS 30GMS OR LESS]
- Location Description is in [APARTMENT, RESIDENCE, NURSING / RETIREMENT HOME, HOSPITAL BUILDING]
- Domestic = 0
- FBI Code is in [24, 26, 28, 29]  (codes often related to minor offenses)
- Beat is within range of [100, 200] (assuming some beats have less arrest activity)
- District is within range of [1, 5] (some districts may have lower arrest rates)
- Ward is within range of [20, 30]
- Community Area is within range of [10, 30]
- Date is within range of [01/01/2025, 01/15/2025] (early month, possibly less arrests)

10 different conditions for class "1" (Arrest made):
- Primary Type is in [THEFT, WEAPONS VIOLATION, BATTERY, ASSAULT, CRIMINAL SEXUAL ASSAULT]
- Description is in [RETAIL THEFT, UNLAWFUL POSSESSION - HANDGUN, AGGRAVATED P.O. - HANDS, FISTS, FEET, SERIOUS INJURY, DOMESTIC BATTERY SIMPLE]
- Location Description is in [STREET, DEPARTMENT STORE, CTA BUS STOP, PARKING LOT, ALLEY]
- Domestic = 1
- FBI Code is in [06, 15, 08B, 04] (codes often related to more serious offenses)
- Beat is within range of [400, 2500] (higher beat numbers possibly linked with arrests)
- District is within range of [10, 25]
- Ward is within range of [30, 50]
- Community Area is within range of [40, 80]
- Date is within range of [01/16/2025, 01/31/2025] (later month, possibly more arrests)

This set of conditions is consistent with the examples and general knowledge about crime reporting and arrest likelihood in Chicago.

---DIVIDER---

Answer:  
Step 1. The relationship between each feature and the task description:

- **Date**: The specific date/time itself likely has no direct causal effect on whether an arrest was made, but some times (e.g., late night hours) might correlate with certain crimes where arrests are more or less likely.  
- **Primary Type**: The type of crime strongly influences arrest likelihood. Violent or weapons-related crimes generally have higher arrest rates; minor or non-violent offenses may have fewer arrests.  
- **Description**: More detailed crime descriptions can indicate severity or nature of the crime, affecting arrest chances (e.g., aggravated assaults vs. simple theft).  
- **Location Description**: Some locations might be more prone to arrests due to police presence or crime type (e.g., streets or public places vs. private residences).  
- **Domestic**: Crimes classified as domestic violence may have different arrest rates due to legal or procedural factors.  
- **Beat, District, Ward, Community Area**: Geographic policing areas might have varying arrest rates based on enforcement policies or crime patterns.  
- **FBI Code**: FBI crime codes categorize crime severity and type, which strongly influence arrest probability.  
- **X Coordinate, Y Coordinate, Latitude, Longitude**: Spatial location may correlate with arrest likelihood due to neighborhood crime patterns or police activity.  
- **Year**: Since all examples are from 2025, year likely has minimal effect here.

Step 2. Based on above and examples, infer 10 different conditions per answer class:

10 different conditions for class "0" (No arrest made):  
- Primary Type is in [OTHER OFFENSE, PUBLIC PEACE VIOLATION, LIQUOR LAW VIOLATION]  
- Description is in [HARASSMENT BY TELEPHONE, TIRE DEFLATION DEVICE DEPLOYMENT]  
- Domestic is 1 (domestic violence crimes tend to have fewer arrests in examples)  
- Location Description is in [APARTMENT, RESIDENCE, NURSING / RETIREMENT HOME]  
- FBI Code is in [24, 26] (codes linked to minor offenses in examples)  
- Beat is within range [100, 500] (low beat numbers in no arrest examples)  
- District is 1 or 25 (districts in no arrest examples)  
- Ward is within range [28, 36] (wards in no arrest examples)  
- X Coordinate is less than 1150000.0  
- Y Coordinate is within range [1890000.0, 1914000.0]

10 different conditions for class "1" (Arrest made):  
- Primary Type is in [WEAPONS VIOLATION, THEFT, BATTERY]  
- Description is in [UNLAWFUL POSSESSION - HANDGUN, RETAIL THEFT, AGGRAVATED P.O.]  
- Domestic is 0 (non-domestic crimes more likely to have arrests in examples)  
- Location Description is in [STREET, DEPARTMENT STORE, CTA BUS STOP]  
- FBI Code is in [06, 15] (codes linked to serious offenses in examples)  
- Beat is within range [1800, 2500] (higher beat numbers in arrest examples)  
- District is within range [4, 18]  
- Ward is within range [10, 42]  
- X Coordinate is greater than 1170000.0  
- Y Coordinate is less than 1904000.0

These conditions reflect typical patterns of arrest likelihood based on crime type, location, domestic status, and police area as seen in examples and general knowledge.

---DIVIDER---

Answer:  
Step 1. The relationship between each feature and the task description:

- Date: The specific date/time likely does not directly determine arrest, but crimes reported at certain times (e.g., late night) might have different arrest probabilities.
- Primary Type: Certain crime types (e.g., weapons violations, theft) are more likely to result in arrests than others (e.g., public peace violations).
- Description: More serious or specific descriptions (e.g., aggravated assault) may correlate with arrests.
- Location Description: Crimes occurring in public places (streets, parks) may have different arrest rates than those in private residences.
- Domestic: Domestic violence cases might have different arrest likelihoods, possibly higher due to mandated arrest policies.
- Beat, District, Ward, Community Area: Geographic location may influence arrest rates due to policing intensity or community characteristics.
- FBI Code: This code groups crimes by FBI classification, which likely correlates with arrest likelihood.
- X Coordinate, Y Coordinate, Latitude, Longitude: Similar to geographic features; location-based patterns in arrests may exist.
- Year: Arrest policies or crime rates might change over years, but here only 2025 is shown.
  
Step 2. Based on Step 1 and examples, infer 10 different conditions per answer class:

10 different conditions for class "0" (No arrest made):  
- Primary Type is in [PUBLIC PEACE VIOLATION, OTHER OFFENSE, NON-CRIMINAL, LIQUOR LAW VIOLATION, INTERFERENCE WITH PUBLIC OFFICER]  
- Description is in [HARASSMENT BY TELEPHONE, SIMPLE, TIRE DEFLATION DEVICE DEPLOYMENT, OBSCENITY, CRIMINAL DAMAGE]  
- Location Description is in [APARTMENT, NURSING / RETIREMENT HOME, RESIDENCE, HOSPITAL BUILDING, SCHOOL]  
- Domestic = 0  
- FBI Code is in [24, 26, 28]  
- Beat is within range of [100, 300]  
- District is within range of [1, 5]  
- Ward is within range of [20, 40]  
- Community Area is within range of [10, 30]  
- Date is within range of [01/01/2025 12:00:00 AM, 01/15/2025 11:59:59 PM]  

10 different conditions for class "1" (Arrest made):  
- Primary Type is in [WEAPONS VIOLATION, THEFT, BATTERY, ASSAULT, CRIMINAL SEXUAL ASSAULT]  
- Description is in [UNLAWFUL POSSESSION - HANDGUN, RETAIL THEFT, AGGRAVATED P.O. - HANDS, FISTS, FEET, SERIOUS INJURY, AGGRAVATED ASSAULT]  
- Location Description is in [STREET, DEPARTMENT STORE, CTA BUS STOP, ALLEY, PARKING LOT/GARAGE]  
- Domestic = 1 or 0 (both possible, but many arrests in domestic cases)  
- FBI Code is in [15, 06, 04, 08B]  
- Beat is within range of [400, 2600]  
- District is within range of [10, 30]  
- Ward is within range of [5, 45]  
- Community Area is within range of [5, 50]  
- Date is within range of [01/16/2025 12:00:00 AM, 01/31/2025 11:59:59 PM]  

These conditions reflect tendencies that crimes involving weapons, theft, or aggravated assault in public or commercial locations are more likely to have arrests, while minor offenses or public peace violations in residential or less public areas are less likely to have arrests.

---DIVIDER---

Answer:

Step 1. The relationship between each feature and the task description:

- Date: The date/time itself likely has little direct influence on whether an arrest was made, though certain times (e.g., night vs. day) might correlate with arrest likelihood.
- Primary Type: Different crime types have different arrest probabilities. For example, violent crimes or weapons violations are more likely to result in arrest than minor offenses.
- Description: More specific descriptions can indicate severity or nature of the crime, affecting arrest likelihood.
- Location Description: Some locations (e.g., public streets) might have higher arrest rates due to police presence or visibility.
- Domestic: Domestic violence cases may have different arrest rates, possibly higher due to policy.
- Beat/District/Ward/Community Area: Geographic location might influence arrest likelihood due to policing intensity or local crime patterns.
- FBI Code: Represents crime classification, which correlates with arrest probability.
- Coordinates (X/Y, Latitude/Longitude): Related to location, might indirectly influence arrest rates.
- Year: Since all examples are from the same year, this likely has minimal effect.
  
Step 2. Based on Step 1 and the given examples, here are inferred conditions:

10 different conditions for class "0" (No arrest made):

- Primary Type is in [PUBLIC PEACE VIOLATION, OTHER OFFENSE, NON-CRIMINAL]
- Description is in [TIRE DEFLATION DEVICE DEPLOYMENT, HARASSMENT BY TELEPHONE, SIMPLE]
- Location Description is in [APARTMENT, NURSING / RETIREMENT HOME, RESIDENCE]
- Domestic is 0
- FBI Code is in [24, 26, 23]
- Beat is within range [100, 200]
- District is within range [1, 5]
- Ward is within range [20, 40]
- Community Area is within range [10, 30]
- Date is within range [01/01/2025 12:00:00 AM, 01/15/2025 11:59:59 PM]

10 different conditions for class "1" (Arrest made):

- Primary Type is in [WEAPONS VIOLATION, THEFT, ASSAULT, BATTERY]
- Description is in [UNLAWFUL POSSESSION - HANDGUN, RETAIL THEFT, AGGRAVATED P.O. - HANDS, FISTS, FEET, SERIOUS INJURY]
- Location Description is in [STREET, DEPARTMENT STORE, ALLEY]
- Domestic is 0 or 1 (both possible, but cases with 0 shown)
- FBI Code is in [15, 06, 08B]
- Beat is within range [400, 2000]
- District is within range [4, 25]
- Ward is within range [10, 42]
- Community Area is within range [8, 46]
- Date is within range [01/16/2025 12:00:00 AM, 01/31/2025 11:

---DIVIDER---

Answer:  
Step 1. The relationship between each feature and the task description:

- Date: The date/time itself likely does not directly influence arrest likelihood, though some times (e.g., night) might correlate with certain crimes with different arrest rates.
- Primary Type: Certain crime types (e.g., THEFT, WEAPONS VIOLATION) are more likely to result in arrests than others (e.g., PUBLIC PEACE VIOLATION, OTHER OFFENSE).
- Description: More serious or specific descriptions (e.g., AGGRAVATED, HANDGUN POSSESSION) likely correlate with arrests.
- Location Description: Some locations (e.g., STREET, DEPARTMENT STORE) might have higher arrest rates due to presence of witnesses or police.
- Domestic: Domestic crimes (Domestic=1) might have different arrest likelihoods; sometimes higher due to victim reporting.
- Beat/District/Ward/Community Area: Geographic areas might have varying arrest rates due to policing intensity or crime types.
- FBI Code: Certain FBI codes correspond to more severe crimes, likely higher arrest rates.
- Coordinates (X, Y, Latitude, Longitude): These are spatial proxies for location; arrest likelihood might vary by area.
- Year: Given all data is from 2025, minimal variation expected.
  
Overall, arrests are more likely for serious crimes (e.g., THEFT, WEAPONS VIOLATION), specific descriptions indicating severity, certain locations, and possibly domestic violence.

---

Step 2.  
10 different conditions for class "0" (No arrest made):  
- Primary Type is in [OTHER OFFENSE, PUBLIC PEACE VIOLATION, LIQUOR LAW VIOLATION]  
- Description is in [HARASSMENT BY TELEPHONE, TIRE DEFLATION DEVICE DEPLOYMENT, SIMPLE]  
- Location Description is in [APARTMENT, STREET, NURSING / RETIREMENT HOME]  
- Domestic = 0  
- FBI Code is in [24, 26, 22]  
- Beat is within range [100, 300]  
- District is within range [1, 5]  
- Ward is within range [10, 30]  
- Community Area is within range [10, 30]  
- Date is within range [01/01/2025 12:00:00 AM, 01/15/2025 11:59:59 PM]  

10 different conditions for class "1" (Arrest made):  
- Primary Type is in [THEFT, WEAPONS VIOLATION, BATTERY, ASSAULT]  
- Description is in [RETAIL THEFT, UNLAWFUL POSSESSION - HANDGUN, AGGRAVATED P.O. - HANDS, FISTS, FEET, SERIOUS INJURY]  
- Location Description is in [DEPARTMENT STORE, STREET, CTA BUS STOP]  
- Domestic = 0 or 1 (both possible, but more often 0 in examples)  
- FBI Code is in [06, 15, 08B]  
- Beat is within range [400, 2600]  
- District is within range [4, 25]  
- Ward is within range [10, 50]  
- Community Area is within range [1, 50]  
- Date is within range [01/16/2025 12:00:00 AM, 01/31/2025 11:59:59 PM]  

---

These conditions are inferred from the examples and general knowledge about crime reporting and arrests in Chicago.