Answer:  
Step 1. The relationship between each feature and the task description:

- Vmag (apparent magnitude): Brighter stars (lower Vmag) can be either giants or dwarfs, so Vmag alone is not a strong indicator of giant status.
- Plx (parallax): Smaller parallax means the star is farther away. Giants tend to be more luminous and can be seen at larger distances with moderate brightness.
- e_Plx (error in parallax): High error reduces reliability of distance measurement, but does not directly indicate giant status.
- B-V (color index): Giants often have larger B-V (redder colors), indicating cooler temperatures typical of giant stars.
- SpType (spectral type): Luminosity class in spectral type is a strong indicator; "III" or "II" indicates giants or bright giants; "V" indicates main sequence (dwarf) stars.
- Amag (absolute magnitude): Giants have lower absolute magnitude values (brighter intrinsically) compared to dwarfs of the same spectral type.

Step 2. Based on the above and examples:

10 different conditions for class "0" (not a giant star):
- SpType is in [G1V, F3V, F5V, G3/G5V, A0IV/V, G3V, A1V, F6V, F0V]
- Amag >= 16
- B-V <= 0.7
- Plx >= 3
- Vmag >= 7
- SpType ends with "V"
- Amag is within range of [16, 20]
- B-V is within range of [0.1, 0.7]
- Plx is within range of [3, 20]
- e_Plx <= 1.1

10 different conditions for class "1" (giant star):
- SpType is in [G8III, B7II, G7III, K0III, G8III, K1III, K4/K5III]
- Amag <= 16
- B-V >= 0.9
- Plx <= 4.5
- Vmag <= 9
- SpType contains "III" or "II"
- Amag is within range of [12, 16]
- B-V is within range of [0.9, 1.6]
- Plx is within range of [0.5, 4.5]
- e_Plx >= 0.7

These conditions reflect the typical spectral classification and photometric properties distinguishing giants (luminosity class III or II, redder colors, brighter absolute magnitudes) from dwarfs (luminosity class V, bluer colors, fainter absolute magnitudes).

---DIVIDER---

Answer:  
Step 1. The relationship between each feature and the task description:  

- Vmag (apparent magnitude) indicates how bright a star appears from Earth but depends on distance; alone it does not determine if a star is giant.  
- Plx (parallax) measures distance; smaller parallax means farther star, often giants are more luminous and farther but this alone is not definitive.  
- e_Plx (error in parallax) affects reliability of distance; large error reduces confidence but does not directly indicate giant status.  
- B-V (color index) relates to star temperature and spectral class; giants tend to have certain B-V ranges, often redder or cooler than dwarfs of similar spectral type.  
- SpType (spectral type) encodes temperature and luminosity class; luminosity class III or II indicates giant or bright giant stars, while V indicates main sequence (dwarf).  
- Amag (absolute magnitude) measures intrinsic brightness; giants have lower (brighter) absolute magnitude than dwarfs of similar spectral type.  

Step 2. Based on the above and examples:  

10 different conditions for class "0" (not giant):  
- SpType is in [G1V, F3V, G3/G5V, A0IV/V, F5V, A1V, G3V, F0V, F6V, G3V]  
- Amag (>) 16.0  
- Amag is within range of [16.0, 20.0]  
- B-V is within range of [0.1, 0.7]  
- Plx (>=) 3.0  
- Vmag (>=) 7.0  
- e_Plx (<) 1.5  
- B-V (<) 0.8  
- Plx is within range of [3.0, 20.0]  
- Vmag is within range of [6.5, 9.5]  

10 different conditions for class "1" (giant):  
- SpType is in [K4/K5III, G8III, G7III, K1III, B7II, K0III, G8III, K0III, G8III, K1III]  
- Amag (<) 16.0  
- Amag is within range of [12.0, 16.0]  
- B-V is within range of [0.8, 1.6]  
- Plx (<) 5.0  
- Vmag (<) 8.0  
- e_Plx (<) 1.5  
- B-V (>=) 0.9  
- Plx is within range of [0.5, 5.0]  
- Vmag is within range of [4.0, 8.0]

---DIVIDER---

Answer:  
Step 1. The relationship between each feature and the task description:  
- Vmag (apparent magnitude): Brighter stars (lower Vmag) might be giants if distant; but alone it is not a reliable indicator because brightness depends on distance.  
- Plx (parallax): Smaller parallax means farther star; giants tend to be more luminous and often seen at larger distances with smaller parallax values.  
- e_Plx (error in parallax): High error reduces reliability of distance; less useful directly for classification.  
- B-V (color index): Indicates temperature and spectral type; giants often have redder colors (higher B-V) compared to dwarfs of the same spectral class.  
- SpType (spectral type): The luminosity class (e.g., V for dwarfs, III for giants, II for bright giants) in spectral type is a strong indicator of whether the star is a giant.  
- Amag (absolute magnitude): Giants are intrinsically brighter and thus have lower (more negative) absolute magnitudes compared to dwarfs; however, the given Amag values seem unusually high, possibly a transformed scale, but relative comparison still applies.  

Step 2.  
10 different conditions for class "0":  
- SpType is in [G1V, F3V, F5V, G3V, F6V, A1V, A0IV/V, G3/G5V, F0V, B8/B9V]  
- Amag >= 16  
- Plx >= 3  
- B-V <= 0.7  
- Vmag >= 7.7  
- SpType is in [F0V, F5V, F6V, G3V, G3/G5V]  
- Plx is within range of [3, 20]  
- e_Plx <= 1.1  
- Amag is within range of [16, 20]  
- B-V is within range of [0.1, 0.7]  

10 different conditions for class "1":  
- SpType is in [K0III, K1III, G8III, G7III, K4/K5III, B7II]  
- Amag <= 16  
- Plx <= 4.2  
- B-V >= 0.9  
- Vmag <= 8.9  
- SpType is in [K0III, K1III, G8III, G7III, K4/K5III, B7II]  
- Plx is within range of [0, 4.5]  
- e_Plx <= 1.5  
- Amag is within range of [12, 16]  
- B-V is within range of [0.9, 1.6]

---DIVIDER---

Answer:  
Step 1. The relationship between each feature and the task description:

- Vmag (apparent visual magnitude): Generally, giants can be bright or faint depending on distance, so Vmag alone is not a strong discriminator, but very bright stars with certain spectral types might be giants.
- Plx (parallax): Smaller parallax means greater distance. Giants tend to be luminous and can be seen from farther away, so giants may have smaller parallax values compared to dwarfs.
- e_Plx (error in parallax): High error can reduce reliability of distance measurement; less direct relation to giant classification.
- B-V (color index): Giants generally are cooler and redder than dwarfs of the same spectral type, so B-V tends to be larger for giants.
- SpType (spectral type): The luminosity class embedded in spectral type is a key indicator—III indicates giant, II bright giant, IV subgiant, V main-sequence (dwarf). So spectral types with III or II are likely giants.
- Amag (absolute magnitude): Giants are intrinsically brighter than dwarfs, so Amag is smaller (brighter) for giants. However, in examples, Amag values are somewhat counterintuitive (higher values for dwarfs), likely due to calculation or scale, so must be interpreted carefully.

Step 2. Based on the above and examples, infer 10 different conditions per answer class:

10 different conditions for class "0" (not giant):  
- SpType is in [G1V, F3V, A1V, F5V, A0IV/V, G3V, F0V, G3/G5V, F6V, B9V]  
- Plx >= 3.5  
- B-V <= 0.7  
- Amag >= 16  
- Vmag >= 7.5  
- Plx is within range [9, 18]  
- B-V is within range [0.1, 0.7]  
- Amag is within range [16, 20]  
- SpType ends with 'V' (main-sequence)  
- e_Plx <= 1.1  

10 different conditions for class "1" (giant):  
- SpType is in [G8III, G7III, B7II, K4/K5III, K1III, K0III]  
- Plx < 5  
- B-V >= 0.9  
- Amag <= 16  
- Vmag <= 8.9  
- Plx is within range [0.5, 4.2]  
- B-V is within range [0.9, 1.5]  
- Amag is within range [12, 16]  
- SpType contains 'III' or 'II'  
- e_Plx <= 1.3  

These conditions reflect the spectral luminosity classes and typical photometric properties distinguishing giants from dwarfs in the dataset.

---DIVIDER---

Answer:  
Step 1. The relationship between each feature and the task description:

- **Vmag (apparent magnitude)**: Brighter stars (lower Vmag) might be giants, but apparent magnitude alone is not reliable since it depends on distance.  
- **Plx (parallax)**: Smaller parallax means the star is farther away; giants are often more luminous and can be seen at larger distances with moderate brightness.  
- **e_Plx (parallax error)**: High error reduces confidence in distance estimation but does not directly indicate giant status.  
- **B-V (color index)**: Giants tend to have redder colors (higher B-V), but this depends on spectral type.  
- **SpType (spectral type)**: The luminosity class indicated in SpType (e.g., III for giants, V for main sequence) is a strong direct indicator of giant status.  
- **Amag (absolute magnitude)**: Giants have lower absolute magnitudes (brighter intrinsically), so Amag is smaller (brighter) for giants compared to dwarfs.  

Step 2. Based on the above and examples, infer conditions:

10 different conditions for class "0" (Not giant):  
- SpType is in [G1V, F3V, F6V, G3V, A1V, F5V, F0V, G3V]  
- Amag >= 18  
- B-V <= 0.7  
- Plx >= 3  
- Vmag >= 7.7  
- e_Plx <= 1.1  
- Amag is within range of [18, 20]  
- SpType is in [A0IV/V, F6V, F0V]  
- B-V is within range of [0.1, 0.7]  
- Plx is within range of [3, 20]  

10 different conditions for class "1" (Giant):  
- SpType is in [G7III, K0III, B7II, G8III, K4/K5III, K1III]  
- Amag <= 16  
- B-V >= 0.8  
- Plx <= 4  
- Vmag <= 7.0  
- e_Plx <= 1.1  
- Amag is within range of [12, 16]  
- B-V is within range of [0.9, 1.6]  
- SpType is in [G8III, K0III, K4/K5III, B7II]  
- Plx is within range of [0.5, 4]