Answer:  
Step 1. The relationship between each feature and the task description:  

- **Date**: The specific date/time itself likely does not directly influence whether an arrest was made, but some time periods or shifts might correlate with arrest likelihood due to police activity patterns. However, no clear pattern from examples.  
- **Primary Type**: Certain crime types (e.g., weapons violations, narcotics, concealed carry violations) tend to have arrests, while others (e.g., theft, battery without aggravation) tend not to.  
- **Description**: More serious or specific descriptions (e.g., unlawful possession, manufacture/deliver drugs) correlate with arrests.  
- **Location Description**: Some locations like STREET, SIDEWALK, or AIRPORT TERMINAL are associated with arrests, possibly due to public setting and police presence.  
- **Domestic**: Domestic crimes in examples mostly have no arrests, indicating arrests are less likely in domestic situations here.  
- **Beat, District, Ward, Community Area**: These numerical location identifiers might correlate with arrest likelihood depending on police activity or crime severity in those areas. From examples, some districts (e.g., 8, 15, 25) appear in both classes, so they may not be strong predictors alone.  
- **FBI Code**: Certain FBI codes (e.g., 15 for weapons violations, 18 for narcotics) strongly correlate with arrests; others (e.g., 14 for criminal damage) correlate with no arrests.  
- **X Coordinate, Y Coordinate, Latitude, Longitude**: Geographic coordinates might correlate with arrest likelihood depending on location, but no obvious pattern from examples.  
- **Year**: All examples are from 2025, so no variance to infer.  

In summary, the strongest predictors appear to be Primary Type, Description, Location Description, Domestic flag, and FBI Code. Arrests are more likely for weapons violations, narcotics, and concealed carry license violations, often in public locations and non-domestic situations. No arrest is more likely for domestic battery, theft, criminal damage, and other offenses in private or residential locations.

---

Step 2.  
10 different conditions for class "0" (No arrest made):  
- Primary Type is in [BATTERY, THEFT, CRIMINAL DAMAGE, OTHER OFFENSE, OFFENSE INVOLVING CHILDREN, MOTOR VEHICLE THEFT]  
- Description is in [DOMESTIC BATTERY SIMPLE, TO PROPERTY, HARASSMENT BY ELECTRONIC MEANS, AGGRAVATED SEXUAL ASSAULT OF CHILD BY FAMILY MEMBER

---DIVIDER---

Answer:  
Step 1. The relationship between each feature and the task description:

- Date: The specific date/time itself likely does not directly influence arrest likelihood, but time of day or day of week might correlate with arrest rates in some crime types.
- Primary Type: Different crime types have different arrest probabilities; violent crimes and weapon-related crimes often have higher arrest rates than property crimes like theft.
- Description: More severe or specific descriptions (e.g., armed robbery, unlawful possession) likely correlate with higher arrest chances.
- Location Description: Certain locations (e.g., public places like streets, sidewalks, or transit stops) might have higher arrest rates compared to private residences.
- Domestic: Domestic violence cases may have different arrest rates; often arrests are made but sometimes not, depending on circumstances.
- Beat/District/Ward/Community Area: Geographic areas might reflect policing intensity or crime severity, affecting arrest likelihood.
- FBI Code: FBI crime codes categorize crimes by severity/type, which influence arrest probabilities.
- X Coordinate/Y Coordinate/Latitude/Longitude: Geospatial data might correlate with arrest rates indirectly through location-based policing.
- Year: Since data is from the same year, this feature likely has minimal effect.
  
Step 2. Based on the above and the examples, here are inferred conditions:

10 different conditions for class "0" (No arrest made):  
- Primary Type is in [THEFT, MOTOR VEHICLE THEFT, CRIMINAL DAMAGE, OFFENSE INVOLVING CHILDREN]  
- Description is in [RETAIL THEFT, SIMPLE, TO PROPERTY, AGGRAVATED SEXUAL ASSAULT OF CHILD BY FAMILY MEMBER]  
- Location Description is in [RESIDENCE, DRUG STORE, APARTMENT]  
- Domestic = 1  
- FBI Code is in [06, 08B, 14, 02]  
- Primary Type is in [BATTERY] and Description is DOMESTIC BATTERY SIMPLE  
- Beat is within range [800, 900]  
- District is within range [8, 12]  
- Ward is within range [23, 27]  
- Community Area is within range [23, 28]  

10 different conditions for class "1" (Arrest made):  
- Primary Type is in [WEAPONS VIOLATION, NARCOTICS, CONCEALED CARRY LICENSE VIOLATION, BATTERY, OTHER OFFENSE]  
- Description is in [UNLAWFUL POSSESSION - HANDGUN, POSSESS - HEROIN (WHITE), MANUFACTURE / DELIVER - COCAINE, PROHIBITED PLACES, SIMPLE]  
- Location Description is in [STREET, SIDEWALK, CTA BUS, AIRPORT TERMINAL UPPER LEVEL - SECURE AREA, SMALL RETAIL STORE]  
- Domestic = 0  
- FBI Code is in [15, 18, 03, 26, 08B]  
- Primary Type is in [BATTERY] and Description is SIMPLE  
- Beat is within range [1000, 2000]  
- District is within range [15, 25]  
- Ward is within range [12, 42]  
- Community Area is within range [8, 76]

---DIVIDER---

Answer:  
Step 1. The relationship between each feature and the task description:  

- **Date**: The specific date/time itself likely does not directly influence whether an arrest was made; however, some times or dates might correlate with more serious crimes or police activity.  
- **Primary Type**: Certain crime types (e.g., NARCOTICS, WEAPONS VIOLATION) are more likely to result in arrests, while others (e.g., THEFT, CRIMINAL DAMAGE) less so.  
- **Description**: More specific descriptions indicating severity or weapon involvement may correlate with arrests.  
- **Location Description**: Crimes occurring in public places (STREET, SIDEWALK) or transit areas (CTA BUS) may have higher arrest rates compared to private residences or apartments.  
- **Domestic**: Domestic crimes (Domestic=1) seem less likely to result in arrest based on examples.  
- **Beat, District, Ward, Community Area**: Geographic location might influence arrest likelihood due to policing patterns, but no clear pattern is visible from examples alone.  
- **FBI Code**: Certain FBI codes (e.g., 18 - Narcotics, 15 - Weapons Violations) tend to have arrests, while others do not.  
- **X Coordinate, Y Coordinate, Latitude, Longitude**: Geographic coordinates correspond to location and might indirectly relate to arrest likelihood via area crime patterns.  
- **Year**: All examples are from 2025; no variance to analyze.  

Summary: Arrests are more likely for crimes involving narcotics, weapons, or certain offenses in public or transit locations, and less likely for domestic violence or property crimes.  

---

Step 2. Based on the above examples and Step 1's results, infer 10 different conditions per answer.  

10 different conditions for class "0":  
- Primary Type is in [THEFT, MOTOR VEHICLE THEFT, ROBBERY, OTHER OFFENSE, CRIMINAL DAMAGE, OFFENSE INVOLVING CHILDREN, BATTERY]  
- Description is in [RETAIL THEFT, AUTOMOBILE, ARMED - HANDGUN, VEHICLE TITLE / REGISTRATION OFFENSE, TO PROPERTY, AGGRAVATED SEXUAL ASSAULT OF CHILD BY FAMILY MEMBER, HARASSMENT BY ELECTRONIC MEANS, DOMESTIC BATTERY SIMPLE, TO VEHICLE]  
- Location Description is in [APARTMENT, RESIDENCE, STREET, SIDEWALK] (except CTA BUS or other transit locations)  
- Domestic = 1  
- FBI Code is in [02, 03, 06, 07, 08B, 14, 26]  
- Beat is within range [400, 700] (examples with no arrest)  
- District is in [4, 6, 8, 12, 15, 25] (from examples with no arrest)  
- Ward is in [7, 23, 26, 27, 37, 42]  
- Community Area is in [23, 25, 28, 32, 43, 56]  
- Year = 2025 and Date time is any (no time correlation found)  

10 different conditions for class "1":  
- Primary Type is in [NARCOTICS, WEAPONS VIOLATION, CONCEALED CARRY LICENSE VIOLATION, BATTERY, OTHER OFFENSE]  
- Description is in [POSSESS - HEROIN (WHITE), MANUFACTURE / DELIVER - COCAINE, UNLAWFUL POSSESSION - HANDGUN, PROHIBITED PLACES, SIMPLE, OTHER VEHICLE OFFENSE]  
- Location Description is in [STREET, SIDEWALK, CTA BUS, AIRPORT TERMINAL UPPER LEVEL - SECURE AREA, SMALL RETAIL STORE]  
- Domestic = 0  
- FBI Code is in [15, 18, 08B, 26]  
- Beat is within range [800, 1800] (examples with arrest)  
- District is in [1, 3, 8, 11, 15, 16, 18, 25]  
- Ward is in [4, 8, 12, 13, 28, 37, 38, 42]  
- Community Area is in [23, 25, 27, 32, 43, 56, 58, 76]  
- Year = 2025 and Date time is any (no time correlation found)  

---

These conditions reflect tendencies observed in the examples and general knowledge about crime and arrests in Chicago.

---DIVIDER---

Step 1. The relationship between each feature and the task description:

- Date: The date/time of the crime report likely has no direct causal impact on whether an arrest was made; arrests depend more on crime type and evidence.
- Primary Type: Certain crime types (e.g., narcotics, weapons violations) are more likely to result in arrests, while others (e.g., property damage, theft) less so.
- Description: More severe or specific descriptions (e.g., possession, manufacture, aggravated) may correlate with arrests.
- Location Description: Some locations (e.g., street, sidewalk) may see more arrests due to police presence; others (e.g., apartments) may have fewer immediate arrests.
- Domestic: Domestic crimes may have different arrest likelihoods; however, examples show domestic battery with no arrest, so domestic alone may not be a strong indicator.
- Beat, District, Ward, Community Area: Geographic variables could influence arrest likelihood due to policing practices or crime severity in that area.
- FBI Code: Certain FBI codes correspond to crimes more likely to cause arrests (e.g., narcotics, weapons violations).
- Coordinates (X, Y, Latitude, Longitude): Similar to geographic variables, may reflect areas with higher arrest rates.
- Year: All examples are from 2025, so no variability here.

Summary: Arrests are more likely for narcotics, weapons violations, and some other offenses, often occurring in public locations like streets or sidewalks. Property crimes, thefts, and domestic battery often do not lead to arrests in the examples.

---

Step 2. 10 different conditions for class "0" (No arrest):

- Primary Type is in [BATTERY, THEFT, MOTOR VEHICLE THEFT, ROBBERY, CRIMINAL DAMAGE, OFFENSE INVOLVING CHILDREN, OTHER OFFENSE]
- Description is in [DOMESTIC BATTERY SIMPLE, VEHICLE TITLE / REGISTRATION OFFENSE, HARASSMENT BY ELECTRONIC MEANS, TO PROPERTY, RETAIL THEFT, ARMED - HANDGUN, AGGRAVATED SEXUAL ASSAULT OF CHILD BY FAMILY MEMBER]
- Location Description is in [APARTMENT, STREET, RESIDENCE, SIDEWALK, DRUG STORE]
- Domestic is 1
- FBI Code is in [08B, 06, 14, 02, 03, 26]
- Beat is within range of [400, 700]
- District is in [4, 6, 8, 15, 25]
- Ward is within range of [7, 42]
- Community Area is within range of [23, 44]
- Date is within range of [01/01/2025 12:00:00 AM, 01/29/2025 11:59:59 PM]

10 different conditions for class "1" (Arrest made):

- Primary Type is in [NARCOTICS, WEAPONS VIOLATION, OTHER OFFENSE, CRIMINAL DAMAGE, BATTERY, CONCEALED CARRY LICENSE VIOLATION]
- Description is in [POSSESS - HEROIN (WHITE), UNLAWFUL POSSESSION - HANDGUN, MANUFACTURE / DELIVER - COCAINE, OTHER VEHICLE OFFENSE, TO VEHICLE, SIMPLE, PROHIBITED PLACES]
- Location Description is in [STREET, SIDEWALK, CTA BUS, SMALL RETAIL STORE, AIRPORT TERMINAL UPPER LEVEL - SECURE AREA]
- Domestic is 0
- FBI Code is in [15, 18, 14, 08B, 26]
- Beat is within range of [100, 2000]
- District is in [1, 3, 8, 11, 15, 16, 18, 25]
- Ward is within range of [4, 42]
- Community Area is within range of [8, 76]
- Date is within range of [01/01/2025 12:00:00 AM, 01/29/2025 11:59:59 PM]

---

Note: Conditions are derived to broadly cover the examples and reflect tendencies where arrests are more or less likely, focusing on crime type, description, location, domestic status, and FBI code.

---DIVIDER---

Answer:  
Step 1. The relationship between each feature and the task description:

- Date: Time of day or specific dates might correlate with arrests, e.g., crimes at night or weekends might have different arrest rates, but no clear pattern from examples.  
- Primary Type: Certain crime types (e.g., NARCOTICS, WEAPONS VIOLATION) tend to have arrests more often, while others (e.g., THEFT, BATTERY) less often.  
- Description: More serious or specific descriptions (e.g., UNLAWFUL POSSESSION - HANDGUN, MANUFACTURE / DELIVER - COCAINE) correlate with arrests.  
- Location Description: Some locations (e.g., STREET, SIDEWALK) might be more associated with arrests, while private locations (e.g., APARTMENT) less so.  
- Domestic: Domestic crimes (Domestic=1) tend less to have arrests in examples shown.  
- Beat, District, Ward, Community Area: Geographic variables may influence arrest likelihood but no clear pattern from examples.  
- FBI Code: Certain FBI codes (e.g., 15 for weapons, 18 for narcotics) are associated with arrests.  
- X Coordinate, Y Coordinate, Latitude, Longitude: Location coordinates may correlate with arrest likelihood but no obvious pattern.  
- Year: All examples are from 2025, so no variation.  

Summary: Crimes involving narcotics, weapons, or concealed carry violations, often occurring on streets or public areas, are more likely to have arrests. Domestic violence and less serious offenses (e.g., simple battery, theft) tend not to have arrests.

---

Step 2.  
10 different conditions for class "0" (No arrest made):  
- Primary Type is in [BATTERY, THEFT, OTHER OFFENSE, CRIMINAL DAMAGE, OFFENSE INVOLVING CHILDREN, MOTOR VEHICLE THEFT]  
- Description is in [SIMPLE, RETAIL THEFT, HARASSMENT BY ELECTRONIC MEANS, TO PROPERTY, AGGRAVATED SEXUAL ASSAULT OF CHILD BY FAMILY MEMBER