Answer:  
Step 1. The relationship between each feature and the task description:  
- Temperature: Higher temperature generally increases the risk of machine failure due to overheating or stress on components.  
- Vibration: Higher vibration levels typically indicate mechanical issues or imbalance, increasing failure risk.  
- Power_Usage: Abnormal power consumption (either too high or too low) can signal malfunction or inefficiency, increasing failure risk.  
- Humidity: High humidity can cause corrosion or electrical issues, potentially increasing failure risk.  
- Machine_Type: Different machine types may have different baseline operating parameters and failure modes; risk thresholds may vary by type.  

Step 2. Based on the above examples and Step 1's results, infer 10 different conditions per answer:

10 different conditions for class "0":  
- Temperature < 75  
- Vibration < 50  
- Power_Usage < 13  
- Humidity < 35  
- Machine_Type is in [Mill, Lathe, Drill] (all types appear in class 0)  
- Temperature is within range [55, 75]  
- Vibration is within range [40, 50]  
- Power_Usage is within range [5, 13]  
- Humidity is within range [20, 38]  
- Temperature < 73 and Vibration < 55  

10 different conditions for class "1":  
- Temperature >= 70  
- Vibration >= 49  
- Power_Usage >= 9.5  
- Humidity >= 24  
- Machine_Type is in [Mill, Lathe] (only Mill and Lathe appear in class 1)  
- Temperature is within range [51, 78]  
- Vibration is within range [49, 57]  
- Power_Usage is within range [8, 12]  
- Humidity is within range [22, 41]  
- Temperature >= 70 and Vibration >= 49 and Power_Usage >= 9.5  

These conditions reflect the observed values and trends in the examples and align with the general understanding of machine failure risk factors.

---DIVIDER---

Answer:  
Step 1. The relationship between each feature and the task description:

- Temperature: Higher temperatures often indicate overheating, which can increase the risk of machine failure. So, higher temperature likely correlates with higher risk.
- Vibration: Excessive vibration usually signals mechanical issues, so higher vibration levels tend to indicate higher failure risk.
- Power_Usage: Sudden increases or unusually high power consumption may indicate malfunction or strain, thus higher power usage might suggest higher failure risk.
- Humidity: High humidity can cause corrosion or electrical issues, increasing failure risk; however, very low humidity might also affect some machines.
- Machine_Type: Different machine types may have different baseline risks or operational thresholds; for example, Mills might be more prone to failure under certain conditions than Drills or Lathes.

Step 2. Based on the above and the provided examples, the conditions for each class are:

10 different conditions for class "0":  
- Temperature < 90  
- Vibration is within range of [40, 55]  
- Power_Usage < 12  
- Humidity is within range of [24, 38]  
- Machine_Type is in [Drill, Lathe]  
- Temperature is within range of [55, 80]  
- Vibration < 53  
- Power_Usage is within range of [5, 11]  
- Humidity > 24  
- Machine_Type is in [Mill] and Temperature < 70  

10 different conditions for class "1":  
- Temperature >= 70  
- Vibration >= 48  
- Power_Usage >= 10  
- Humidity < 35  
- Machine_Type is in [Mill]  
- Temperature is within range of [50, 75]  
- Vibration > 49  
- Power_Usage is within range of [9, 12]  
- Humidity is within range of [22, 33]  
- Machine_Type is in [Lathe, Mill] and Power_Usage >= 10  

These conditions capture the observed tendencies in the data and align with the general knowledge about machine failure risk factors.

---DIVIDER---

Answer:  
Step 1. The relationship between each feature and the task description:

- Temperature: Higher temperature often indicates overheating, which can increase the risk of failure. So, higher temperature → higher risk.
- Vibration: Increased vibration usually signals mechanical issues or wear, so higher vibration → higher risk.
- Power_Usage: Abnormal power usage (either too high or too low) can indicate malfunction or inefficiency. Generally, higher power usage may indicate strain or failure risk.
- Humidity: High humidity can cause corrosion or electrical issues, increasing failure risk. So, higher humidity → higher risk.
- Machine_Type: Different machine types may have different vulnerability or typical operating ranges. From examples, Mill and Lathe seem more associated with risk than Drill.

---

Step 2. Based on the above and the examples, infer 10 different conditions per answer class:

10 different conditions for class "0" (Not at risk):  
- Temperature is within range of [55, 80]  
- Vibration is within range of [40, 55]  
- Power_Usage is within range of [5, 13]  
- Humidity is within range of [20, 40]  
- Machine_Type is in [Drill]  
- Temperature < 80  
- Vibration < 55  
- Power_Usage < 11  
- Humidity < 35  
- Machine_Type is in [Drill, Lathe] and Temperature < 77  

10 different conditions for class "1" (At risk):  
- Temperature >= 70  
- Vibration >= 49  
- Power_Usage >= 10  
- Humidity >= 25  
- Machine_Type is in [Mill, Lathe]  
- Temperature is within range of [55, 75] and Vibration >= 50  
- Power_Usage is within range of [9, 12] and Humidity >= 30  
- Machine_Type is Mill and Temperature >= 65  
- Machine_Type is Lathe and Power_Usage >= 10  
- Vibration >= 55 and Humidity >= 25  

---

These conditions align with the examples and the general understanding of machine failure risk factors.

---DIVIDER---

Answer:  
Step 1. The relationship between each feature and the task description:

- Temperature: Higher operating temperatures often indicate overheating or stress on the machine, which can increase the risk of failure.  
- Vibration: Elevated vibration levels usually signal mechanical issues or imbalance, increasing failure risk.  
- Power_Usage: Abnormal power consumption (too high or too low) may indicate malfunction or inefficiency, correlating with failure risk.  
- Humidity: High humidity can cause corrosion or electrical issues, raising failure risk.  
- Machine_Type: Different machine types may have different baseline tolerances or failure modes; some types may be more prone to failure under similar conditions.

---

10 different conditions for class "0":  
- Temperature < 75  
- Vibration < 50  
- Power_Usage < 11  
- Humidity < 35  
- Machine_Type is in [Lathe, Drill]  
- Temperature is within range [60, 80]  
- Vibration is within range [40, 50]  
- Power_Usage is within range [5, 11]  
- Humidity is within range [20, 35]  
- Machine_Type is Drill  

10 different conditions for class "1":  
- Temperature >= 68  
- Vibration >= 49  
- Power_Usage >= 9.5  
- Humidity >= 22  
- Machine_Type is Mill  
- Temperature is within range [55, 75]  
- Vibration is within range [49, 57]  
- Power_Usage is within range [9.5, 12]  
- Humidity is within range [22, 42]  
- Machine_Type is in [Mill, Lathe]

---DIVIDER---

Answer:  
Step 1. The relationship between each feature and the task description:  

- Temperature: Higher temperature often indicates overheating, which can increase the risk of failure. However, too low temperature may indicate underuse or other issues.  
- Vibration: Higher vibration levels often correlate with mechanical wear or imbalance, increasing failure risk.  
- Power_Usage: Abnormally high or low power usage may indicate malfunction or inefficiency, impacting failure risk.  
- Humidity: High humidity can promote corrosion or electrical issues, increasing failure risk. Low humidity is generally safer.  
- Machine_Type: Different machine types may have different baseline risk profiles or operating norms affecting failure likelihood.

---

Step 2. Based on the above examples and Step 1's results, infer 10 different conditions per answer, following the specified format.

10 different conditions for class "0":  
- Temperature is within range of [50, 80]  
- Vibration is within range of [40, 55]  
- Power_Usage is within range of [5, 12]  
- Humidity is within range of [24, 38]  
- Machine_Type is in [Drill, Lathe]  
- Temperature < 80  
- Vibration < 56  
- Power_Usage <= 12  
- Humidity >= 24 and Humidity <= 34  
- Machine_Type is in [Drill, Lathe, Mill] and Temperature < 80  

10 different conditions for class "1":  
- Temperature is within range of [50, 78]  
- Vibration is within range of [49, 57]  
- Power_Usage is within range of [8, 12]  
- Humidity is within range of [22, 41]  
- Machine_Type is Mill  
- Temperature >= 64  
- Vibration >= 49  
- Power_Usage >= 9  
- Humidity <= 32  
- Machine_Type is Mill and Vibration >= 49 and Power_Usage >= 9  

---

These conditions reflect observed patterns: class 1 (risk) tends to have Mill machines with higher vibration and power usage within certain ranges, while class 0 (no risk) includes other types and generally lower or moderate values.