Answer:  
Step 1. The relationship between each feature and the task description:

- Temperature: Higher temperature often indicates overheating or stress, which can increase the risk of failure. Thus, higher temperature tends to correlate with higher risk.
- Vibration: Elevated vibration levels usually signal mechanical issues or imbalance, increasing failure risk.
- Power_Usage: Higher power consumption may indicate strain or malfunction, thus correlating with higher failure risk.
- Humidity: High humidity can cause corrosion or electrical issues, potentially increasing failure risk; however, very low humidity might also affect some machines.
- Machine_Type: Different machine types have different operational thresholds and failure modes; certain types may be more prone to failure under similar conditions.

---

Step 2. Based on Step 1 and given examples, infer conditions for each class.

10 different conditions for class "0" (Not at risk):  
- Temperature is within range of [55, 73]  
- Temperature < 70  
- Vibration < 55  
- Vibration is within range of [43, 52]  
- Power_Usage < 9  
- Power_Usage is within range of [5, 8.5]  
- Humidity is within range of [24, 39]  
- Machine_Type is in [Lathe, Drill]  
- Machine_Type is Lathe and Vibration < 55  
- Machine_Type is Drill and Power_Usage < 9  

10 different conditions for class "1" (At risk):  
- Temperature is within range of [55, 75] and Vibration >= 55  
- Temperature >= 68  
- Vibration >= 55  
- Power_Usage >= 8.4  
- Power_Usage is within range of [8.4, 10.5]  
- Humidity is within range of [22, 42]  
- Machine_Type is Mill and Vibration >= 55  
- Machine_Type is Lathe and Power_Usage >= 10  
- Temperature >= 70 and Power_Usage >= 10  
- Machine_Type is Mill and Temperature >= 64  

---

These conditions reflect the observed patterns in examples and general knowledge about machine failure indicators.

---DIVIDER---

Answer:  
Step 1. The relationship between each feature and the task description:

- Temperature: Higher temperatures may indicate overheating or stress, increasing failure risk.  
- Vibration: Higher vibration levels usually signal mechanical issues or wear, increasing failure risk.  
- Power_Usage: Abnormally high power usage can indicate inefficiency or malfunction, increasing failure risk.  
- Humidity: Higher humidity might contribute to corrosion or electrical issues, potentially increasing failure risk.  
- Machine_Type: Different machines may have different tolerances or failure modes; some types might be more prone to failure under certain conditions.

---

Step 2. Based on the above and the examples, infer 10 different conditions per answer class:

10 different conditions for class "0":  
- Temperature is within range of [64, 75]  
- Vibration is less than 55  
- Power_Usage is less than 9  
- Humidity is within range of [22, 40]  
- Machine_Type is in [Lathe, Drill]  
- Temperature is less than 70  
- Vibration is within range of [43, 50]  
- Power_Usage is within range of [5, 8]  
- Humidity is less than 38  
- Machine_Type is Lathe with Power_Usage less than 10  

10 different conditions for class "1":  
- Temperature is less than or equal to 69  
- Vibration is greater than or equal to 55  
- Power_Usage is greater than or equal to 9.5  
- Humidity is greater than or equal to 28  
- Machine_Type is Mill  
- Temperature is less than 65  
- Vibration is greater than 54  
- Power_Usage is greater than 10  
- Humidity is greater than 30  
- Machine_Type is Mill with Vibration greater than 55  

---

These conditions reflect the patterns observed in the examples and the general tendencies of the features with respect to failure risk.

---DIVIDER---

Answer:  
Step 1. The relationship between each feature and the task description:

- Temperature: Higher temperature generally indicates more stress on the machine and a higher risk of failure. Machines operating at lower to moderate temperatures are less likely to fail.
- Vibration: High vibration levels often indicate mechanical issues or imbalance, increasing failure risk. Lower vibration is generally safer.
- Power_Usage: Abnormally high or low power consumption can indicate malfunction or inefficiency, possibly signaling risk. Moderate power usage suggests normal operation.
- Humidity: High humidity can cause corrosion or electrical issues, increasing failure risk. Lower humidity is safer.
- Machine_Type: Different machine types may have different baseline risk levels or operating parameters; some types may be more prone to failure under certain conditions.

---

10 different conditions for class "0" (No risk of failure):

- Temperature < 70
- Vibration is within range of [40, 55]
- Power_Usage is within range of [5, 9]
- Humidity is within range of [22, 38]
- Machine_Type is in [Mill, Lathe, Drill]
- Temperature <= 65
- Vibration <= 55
- Power_Usage <= 9.5
- Humidity <= 38
- Temperature is within range of [55, 70]

---

10 different conditions for class "1" (At risk of failure):

- Temperature >= 65
- Vibration > 55
- Power_Usage > 9
- Humidity > 30
- Machine_Type is in [Mill, Lathe]
- Temperature > 68
- Vibration >= 56
- Power_Usage >= 9.5
- Humidity >= 32
- Temperature is within range of [65, 75]

---DIVIDER---

Answer:  
Step 1. The relationship between each feature and the task description:  
- Temperature: Higher temperature often indicates overheating, which is a common cause of machine failure risk. So, higher temperature likely increases failure risk.  
- Vibration: Increased vibration is usually a sign of mechanical issues or imbalance, so higher vibration tends to correlate with higher failure risk.  
- Power_Usage: Abnormal power usage (either too high or too low) can indicate malfunction or inefficiency; here, higher power usage may indicate stress or failure risk.  
- Humidity: High humidity can cause corrosion or electrical faults, increasing failure risk; low humidity is generally safer.  
- Machine_Type: Different machine types may have different baseline operating parameters and failure modes; some machines (e.g., Mill) may be more prone to failure under certain conditions.

Step 2. Based on the above examples and Step 1's results, infer 10 different conditions per answer class:

10 different conditions for class "0":  
- Temperature < 70  
- Vibration < 55  
- Power_Usage < 9  
- Humidity > 30  
- Machine_Type is in [Lathe, Drill]  
- Temperature is within range [55, 70)  
- Vibration is within range [43, 55)  
- Power_Usage is within range [5, 9)  
- Humidity is within range [24, 40]  
- Machine_Type is Drill and Temperature < 65  

10 different conditions for class "1":  
- Temperature >= 70  
- Vibration >= 55  
- Power_Usage >= 9  
- Humidity < 35  
- Machine_Type is Mill  
- Temperature is within range [55, 75] and Vibration >= 55  
- Power_Usage is within range [9, 11] and Machine_Type is Mill  
- Vibration > 56 and Temperature > 64  
- Humidity is within range [22, 33] and Power_Usage > 9  
- Machine_Type is Lathe and Power_Usage >= 10  

These conditions reflect the patterns seen in the examples and the general knowledge about machine failure risk factors.

---DIVIDER---

Answer:  
Step 1. The relationship between each feature and the task description:

- Temperature: Higher temperature often indicates overheating or stress in the machine, increasing failure risk.  
- Vibration: Elevated vibration levels usually signal mechanical wear or imbalance, which raises failure risk.  
- Power_Usage: Abnormal power consumption (especially high) can indicate malfunction or inefficiency, increasing failure risk.  
- Humidity: High humidity can contribute to corrosion or electrical issues, potentially increasing failure risk.  
- Machine_Type: Different machine types may have different baseline operating ranges and susceptibilities to failure.

---

Step 2. Based on the above examples and Step 1's results, inferred conditions:

10 different conditions for class "0" (No risk of failure):  
- Temperature is within range of [55, 70]  
- Vibration is within range of [43, 55]  
- Power_Usage is within range of [5, 9]  
- Humidity is within range of [24, 38]  
- Machine_Type is in [Lathe] and Temperature < 70  
- Machine_Type is in [Mill] and Vibration < 50  
- Temperature < 73 and Power_Usage < 9  
- Vibration < 55 and Humidity < 38  
- Power_Usage < 9 and Machine_Type is in [Drill]  
- Temperature <= 65 and Vibration <= 52  

10 different conditions for class "1" (At risk of failure):  
- Temperature > 70  
- Vibration > 55  
- Power_Usage > 9  
- Humidity > 40  
- Machine_Type is in [Mill] and Power_Usage > 9  
- Machine_Type is in [Mill] and Vibration > 55  
- Temperature >= 65 and Power_Usage >= 9.5  
- Vibration > 54 and Humidity > 25  
- Temperature > 60 and Vibration > 55  
- Power_Usage > 9 and Humidity > 30  

---

These conditions are consistent with the examples and general knowledge about machine failure risk indicators.