Answer:  
Step 1. The relationship between each feature and the task description:

- History of pregnancy loss: A history of pregnancy loss (miscarriage, still-born) can increase emotional stress but may not directly indicate postpartum depression; however, in examples, these patients mostly have answer 0, suggesting no direct strong link here.  
- Monthly income before latest pregnancy: Lower income is generally associated with higher stress and risk of depression; higher income might be protective.  
- Number of the latest pregnancy: More pregnancies might increase physical and emotional burden, but no clear pattern from examples.  
- Angry after latest child birth: Feeling angry after childbirth strongly suggests emotional distress and is often associated with postpartum depression.  
- Relationship with the in-laws: Bad or poor relationships may increase stress and risk of depression; good or friendly relationships may be protective.  
- Major changes or losses during pregnancy: Experiencing major changes or losses is a stressful event that can increase risk of depression.  
- Pregnancy length: Shorter pregnancy length (preterm birth) can be stressful and increase risk, but examples mostly show 8-10 months with mixed answers.  
- Feeling for regular activities: Feeling worried, tired, or afraid about regular activities indicates emotional disturbance and potential depression.  
- Abuse: Experience of abuse is a known risk factor for depression.  
- Fear of pregnancy: Fear related to pregnancy can increase anxiety and risk of postpartum depression.  

Step 2. Based on the above examples and Step 1's results, infer 10 different conditions per answer:

10 different conditions for class "0":  
- Angry after latest child birth is No  
- Feeling for regular activities is No  
- Abuse is Yes and Angry after latest child birth is No  
- History of pregnancy loss is in [Miscarriage, Still-born Delivery]  
- Major changes or losses during pregnancy is No and Abuse is Yes  
- Relationship with the in-laws is in [Good, Friendly] and Angry after latest child birth is No  
- Monthly income before latest pregnancy is in [No, 10000 to 20000, More than 30000] and Angry after latest child birth is No  
- Fear of pregnancy is Yes and Angry after latest child birth is No  
- Number of the latest pregnancy is >= 3 and Angry after latest child birth is No  
- Feeling for regular activities is Tired and Angry after latest child birth is No  

10 different conditions for class "1":  
- Angry after latest child birth is Yes  
- Feeling for regular activities is in [Worried, Afraid]  
- Relationship with the in-laws is in [Bad, Poor] and Angry after latest child birth is Yes  
- Major changes or losses during pregnancy is Yes and Angry after latest child birth is Yes  
- Abuse is No and Angry after latest child birth is Yes  
- Feeling for regular activities is Worried and Major changes or losses during pregnancy is Yes  
- Monthly income before latest pregnancy is Less than 5000 and Angry after latest child birth is Yes  
- Number of the latest pregnancy is within range [1, 2] and Angry after latest child birth is Yes  
- Fear of pregnancy is Yes and Angry after latest child birth is Yes  
- Feeling for regular activities is Worried and Abuse is No and Angry after latest child birth is Yes

---DIVIDER---

Answer:  
Step 1. The relationship between each feature and the task description (postpartum depression) based on general knowledge and common sense:

- Relationship with the in-laws: Poor or Bad relationships may increase stress and risk of postpartum depression; Good or Friendly relationships may provide support, reducing risk. Neutral is ambiguous.  
- Age of newborn: Postpartum depression often occurs within the first year postpartum, especially 0 to 6 months; risk may decrease as newborn ages.  
- Age of immediate older children: Having no older children or very young older children might increase stress; older children (7yr or more) might mean more experience and less stress.  
- Number of household members: Larger households (9 or more) might indicate more social support but also more stress; smaller households (2 to 5) might indicate less support.  
- Newborn illness: Illness in the newborn can increase maternal stress and risk of postpartum depression.  
- Husband’s monthly income: Lower income can increase financial stress and risk; higher income may reduce stress.  
- Birth compliancy (complications): Complications during birth may increase risk due to trauma or health concerns.  
- Husband's education level: Higher education may correlate with better socioeconomic status and support, reducing risk.  
- Pregnancy plan: Unplanned pregnancy may increase stress and risk of depression.  
- Mode of delivery: Caesarean section might be associated with higher risk due to recovery and complications, but evidence is mixed.

---

Step 2. Based on the above and the examples, infer 10 different conditions per answer class:

10 different conditions for class "0" (No postpartum depression):  
- Relationship with the in-laws is in [Good, Friendly]  
- Age of newborn is in [0 to 6 months, 6 months to 1 year]  
- Age of immediate older children is in [No, 4yr to 6yr]  
- Number of household members is in [2 to 5, 6 to 8]  
- Newborn illness is No  
- Husband’s monthly income is in [More than 30000, 20000 to 30000]  
- Birth compliancy is No  
- Husband's education level is in [University, College, High School]  
- Pregnancy plan is Yes  
- Mode of delivery is in [Normal Delivery, Caesarean Section]

---

10 different conditions for class "1" (Yes postpartum depression):  
- Relationship with the in-laws is in [Neutral, Bad, Poor]  
- Age of newborn is in [0 to 6 months, 6 months to 1 year, 1 year to 1.5 year, Older than 1.5 year]  
- Age of immediate older children is in [No, 4yr to 6yr]  
- Number of household members is 9 or more  
- Newborn illness is Yes or No (both appear) but illness presence increases risk  
- Husband’s monthly income is in [Less than 5000, 5000 to 10000, 10000 to 20000]  
- Birth compliancy is Yes  
- Husband's education level is in [High School, University, No] (mixed but presence of No or lower education may increase risk)  
- Pregnancy plan is No  
- Mode of delivery is in [Normal Delivery, Caesarean Section]

---

These conditions reflect tendencies found in the examples and general knowledge about postpartum depression risk factors.

---DIVIDER---

Answer:  
Step 1. The relationship between each feature and the task description:

- Addiction: Addiction might increase stress and risk of postpartum depression, but no examples show addicted patients with depression here.  
- Gender of newborn: No clear relation to postpartum depression; both boys and girls appear in both classes.  
- Need for Support: Higher need for support likely correlates with postpartum depression (high or medium need suggests more distress).  
- Current monthly income: Lower income might relate to higher stress and depression risk, but many with "No" income are in both classes.  
- Husband's education level: Higher education might indicate better support and lower depression risk; "University" appears in both classes.  
- Pregnancy plan: Unplanned pregnancy ("No") may increase depression risk.  
- Angry after latest childbirth: Anger after childbirth strongly correlates with postpartum depression (all "Yes" cases mostly are class 1).  
- Husband’s monthly income: Lower income might be linked to higher depression risk, but "More than 30000" also appears in class 1.  
- Relationship with the newborn: All examples show "Good" relationship, so no variation to analyze.  
- Total children: More children may increase stress, but no clear pattern; both "One" and "More than two" appear in both classes.

Summary: The strongest factors for postpartum depression appear to be "Angry after latest childbirth" = Yes, "Need for Support" = Medium or High, "Pregnancy plan" = No, and sometimes lower income levels. Addiction and gender of newborn do not seem influential here.

---

Step 2. Based on above and examples, infer 10 different conditions per answer class.

10 different conditions for class "0" (No postpartum depression):  
- Angry after latest child birth is No  
- Need for Support is in [No, Low]  
- Pregnancy plan is Yes  
- Husband's education level is in [High School, University, College]  
- Relationship with the newborn is Good  
- Addiction is in [No, Smoking]  
- Current monthly income is in [No, 10000 to 20000, 20000 to 30000, More than 30000]  
- Husband’s monthly income is in [5000 to 10000, 10000 to 20000, More than 30000]  
- Total children is in [One, Two]  
- Gender of newborn is in [Boy, Girl]

10 different conditions for class "1" (Has postpartum depression):  
- Angry after latest child birth is Yes  
- Need for Support is in [Medium, High, Low] (mostly Medium or High)  
- Pregnancy plan is No or Yes (both appear, but No more common)  
- Husband's education level is University (most examples with class 1)  
- Relationship with the newborn is Good  
- Current monthly income is No or Less than 5000  
- Husband’s monthly income is in [Less than 5000, 5000 to 10000, 20000 to 30000, More than 30000]  
- Total children is in [One, More than two]  
- Addiction is No  
- Gender of newborn is in [Boy, Girl]

---

Notes:  
- "Angry after latest child birth" = Yes is a very strong indicator for class 1.  
- "Need for Support" being Medium or High is also important for class 1.  
- Pregnancy plan = No slightly increases risk but is not exclusive.  
- Husband's education level = University appears frequently in class 1, possibly indicating higher awareness or reporting.  
- Addiction is mostly No in class 1; Smoking addiction appears only in class 0 in examples.  
- Relationship with newborn is always Good in examples, so cannot be used as a discriminant here.

This completes the stepwise analysis and condition extraction.

---DIVIDER---

Answer:  
Step 1. The relationship between each feature and the task description (postpartum depression) based on general knowledge and common sense:

- Regular checkups: Regular prenatal care usually reduces risk of postpartum depression by ensuring mother’s health and early detection of issues. Lack of checkups might increase risk.
- Education Level: Higher education may correlate with better knowledge and coping strategies, potentially lowering risk.
- Residence: City living might provide better access to healthcare and support, while village might have less access but possibly stronger community ties. Impact could vary.
- Breastfeed: Breastfeeding can promote bonding and hormonal benefits that may reduce depression risk, but difficulties or refusal might increase risk.
- Relationship between father and newborn: Good or very good relationship likely provides emotional support, reducing depression risk; bad relationship may increase risk.
- Fear of pregnancy: Experiencing fear or anxiety related to pregnancy is a risk factor for postpartum depression.
- Relax/sleep when the newborn is asleep: Ability to rest when baby sleeps is important; inability indicates stress and fatigue, increasing risk.
- Occupation After Your Latest Childbirth: Being a housewife or having stable occupation might reduce stress; students or unstable jobs might increase stress and risk.
- Received Support: High support (family, social) reduces risk; low support increases risk.
- Pregnancy plan: Planned pregnancy usually associates with lower risk; unplanned pregnancy may increase risk.

---

Step 2. Based on the above and the examples, infer 10 different conditions per answer class:

10 different conditions for class "0" (no postpartum depression):  
- Regular checkups is Yes  
- Education Level is in [University, College, High School, Primary School]  
- Residence is in [City, Village]  
- Breastfeed is Yes  
- Relationship between father and newborn is in [Good, Very good, Neutral]  
- Fear of pregnancy is No or Yes (mostly Yes in examples but no depression)  
- Relax/sleep when the newborn is asleep is Yes  
- Occupation After Your Latest Childbirth is in [Housewife, Teacher]  
- Received Support is in [High, Medium]  
- Pregnancy plan is Yes  

---

10 different conditions for class "1" (has postpartum depression):  
- Regular checkups is No or Yes (mostly Yes but with other risk factors)  
- Education Level is University (all examples with depression have this)  
- Residence is City  
- Breastfeed is Yes  
- Relationship between father and newborn is in [Bad, Neutral, Good] (bad or neutral increases risk)  
- Fear of pregnancy is Yes or No (both appear, but combined with other factors)  
- Relax/sleep when the newborn is asleep is No or Yes (No increases risk)  
- Occupation After Your Latest Childbirth is in [Student, Housewife, Teacher]  
- Received Support is in [Low, Medium]  
- Pregnancy plan is No or Yes (No pregnancy plan more common)  

---

Summary of key differentiators from examples:  
- No postpartum depression (0) tends to have: Regular checkups Yes, Relax/sleep Yes, Received Support High/Medium, Pregnancy planned Yes, Relationship father-newborn Good/Very good/Neutral, Occupation Housewife/Teacher.  
- Postpartum depression (1) tends to have: Education University, Residence City, Received Support Low/Medium, Relax/sleep No or Yes (but other risk factors), Relationship father-newborn Bad or Neutral, Pregnancy plan No or Yes, Occupation Student or Housewife.  

This matches the examples given and general risk factors known.

---DIVIDER---

Answer:  
Step 1. The relationship between each feature and the task description:

- Occupation After Your Latest Childbirth: Being a student or housewife might be related to higher stress or less social support, possibly increasing risk of postpartum depression (PPD). Occupations like teacher or doctor might indicate better social or economic status, possibly lower risk.
- Feeling about motherhood: Sad or neutral feelings about motherhood likely indicate higher risk of PPD; happy feelings suggest lower risk.
- Husband's education level: Higher education (University, College) of husband might correlate with better support and lower risk; lower education might correlate with higher risk.
- Relationship between father and newborn: Good or very good relationship likely lowers risk; bad or neutral relationships may increase risk.
- Need for Support: High or medium need for support indicates higher risk of PPD; low or no need suggests lower risk.
- Relationship with the in-laws: Good or friendly relationships suggest lower risk; bad, poor, or neutral relationships may increase risk.
- Number of the latest pregnancy: Higher number of pregnancies might increase stress or risk, but this is less clear.
- Newborn illness: Presence of newborn illness likely increases stress and risk of PPD.
- Age: Younger mothers might have higher risk due to less experience or support; older age might correlate with more stability and lower risk.
- Trust and share feelings: Being able to trust and share feelings reduces risk; inability increases risk.

---

Step 2. Based on the above and examples, 10 different conditions per answer:

10 different conditions for class "0" (No postpartum depression):  
- Feeling about motherhood is Happy  
- Need for Support is in [No, Low]  
- Relationship between father and newborn is in [Good, Very good]  
- Trust and share feelings is Yes  
- Relationship with the in-laws is in [Good, Friendly]  
- Newborn illness is No  
- Occupation After Your Latest Childbirth is in [Housewife, Teacher, Doctor, Service]  
- Husband's education level is in [University, College, High School]  
- Age is within range of [19, 33]  
- Number of the latest pregnancy is >= 1 and <= 4  

10 different conditions for class "1" (Yes postpartum depression):  
- Feeling about motherhood is in [Sad, Neutral]  
- Need for Support is in [Medium, High]  
- Relationship between father and newborn is in [Bad, Neutral]  
- Trust and share feelings is No  
- Relationship with the in-laws is in [Bad, Poor, Neutral]  
- Newborn illness is Yes  
- Occupation After Your Latest Childbirth is Student  
- Husband's education level is in [Primary School, No]  
- Age is within range of [18, 29]  
- Number of the latest pregnancy is <= 3  

---

These conditions align with the examples given and the general tendencies observed.