Answer:  
Step 1. The relationship between each feature and the task description:

- Gender: Generally, gender may not strongly influence satisfaction directly, but cultural or service expectations might vary slightly.  
- Age: Older clients might have different expectations or tolerance levels; younger clients might be more critical or tech-savvy.  
- Education: Higher education level might correlate with higher expectations or better understanding of service limitations.  
- Nationality: Kuwaiti vs. Other nationality might affect satisfaction due to language, cultural familiarity, or perceived service bias.  
- Marital_Status: Possibly minor effect; married or single clients might have different stress levels or expectations.  
- Governorate: Regional differences could reflect service quality or accessibility differences.  
- Aware_151: Awareness of the service might increase satisfaction due to better understanding of what to expect.  
- Call_151: Whether the client actually called the service might affect satisfaction (those who called might have experienced the service firsthand).  
- The_reason_of_the_call: Complaints likely correlate with dissatisfaction; Medical_Consultation or Vaccination might have different satisfaction levels.  
- Call_center_employee_communication_skills_evaluation: Higher scores likely correlate strongly with satisfaction.  
- Satisfaction_with_the_doctors_response: Directly related to satisfaction; higher values imply higher satisfaction.  
- How_often_do_you_receive_call_center_news: Frequent updates might increase satisfaction due to feeling informed.

---

Step 2. Based on the above examples and Step 1's results, infer 10 different conditions per answer.

10 different conditions for class "0" (Not satisfied):

- Call_center_employee_communication_skills_evaluation <= 2.5  
- Satisfaction_with_the_doctors_response < 3.0  
- The_reason_of_the_call is Complaints  
- Call_151 is Yes  
- Aware_151 is Yes and Call_center_employee_communication_skills_evaluation < 3.0  
- Age is in [18-24, 25-29] and Satisfaction_with_the_doctors_response < 3.0  
- Nationality is Kuwaiti and Call_center_employee_communication_skills_evaluation < 2.8  
- How_often_do_you_receive_call_center_news < 3.0  
- Education is High school or Less than high school and Satisfaction_with_the_doctors_response < 3.0  
- Marital_Status is Single and Call_center_employee_communication_skills_evaluation < 2.5  

10 different conditions for class "1" (Satisfied):

- Call_center_employee_communication_skills_evaluation >= 3.0  
- Satisfaction_with_the_doctors_response >= 3.0  
- The_reason_of_the_call is not Complaints  
- Call_151 is No and Satisfaction_with_the_doctors_response >= 3.0  
- Aware_151 is Yes and Call_center_employee_communication_skills_evaluation >= 3.0  
- Age is in [50-59, 60 and above] and Satisfaction_with_the_doctors_response >= 3.0  
- Nationality is Kuwaiti and Call_center_employee_communication_skills_evaluation >= 3.0  
- How_often_do_you_receive_call_center_news >= 3.0  
- Education is Bachelor or higher (Bachelor, Master, Doctor) and Satisfaction_with_the_doctors_response >= 3.0  
- Marital_Status is Widow or Widower and Call_center_employee_communication_skills_evaluation >= 3.0

---DIVIDER---

Answer:  
Step 1. The relationship between each feature and the task description:  

- Gender: Generally, gender might not strongly influence satisfaction directly, but there may be slight tendencies due to communication preferences or cultural factors.  
- Age: Older clients might have different expectations or experiences with call centers compared to younger clients, possibly affecting satisfaction.  
- Education: Higher education levels might correlate with higher expectations or better understanding of services, influencing satisfaction.  
- Nationality: Kuwaiti vs. other nationalities might affect satisfaction due to language, cultural familiarity, or service priority.  
- Marital_Status: Could influence satisfaction indirectly through stress levels or expectations but likely weak effect.  
- Governorate: Regional differences might affect service quality or accessibility, impacting satisfaction.  
- Aware_151: Awareness of the service might correlate positively with satisfaction because informed clients have clearer expectations.  
- Call_151: Whether the client has called the service might indicate experience and thus influence satisfaction (experienced users might be more critical or more satisfied depending on service).  
- The_reason_of_the_call: The reason for calling (e.g., complaints vs. inquiries) likely strongly influences satisfaction; complaint calls are expected to have lower satisfaction.  
- Call_center_employee_communication_skills_evaluation: Higher ratings likely correlate with higher satisfaction.  
- Satisfaction_with_the_doctors_response: Higher satisfaction with doctors' responses likely correlates positively with overall satisfaction.  
- How_often_do_you_receive_call_center_news: Regular updates might increase satisfaction by keeping clients informed and engaged.  

---

Step 2. Based on the above and examples, infer 10 different conditions per answer class:

10 different conditions for class "0" (Not satisfied):  
- The_reason_of_the_call is Complaints  
- Call_center_employee_communication_skills_evaluation <= 3.0  
- Satisfaction_with_the_doctors_response < 3.0  
- Call_151 is Yes  
- Aware_151 is Yes and Satisfaction_with_the_doctors_response < 3.0  
- Call_center_employee_communication_skills_evaluation < 2.5  
- How_often_do_you_receive_call_center_news < 3.0  
- Nationality is Other nationality and Call_center_employee_communication_skills_evaluation <= 3.0  
- Age is 18-24 and The_reason_of_the_call is Complaints  
- Education is High school or Less than high school and Satisfaction_with_the_doctors_response < 3.0  

10 different conditions for class "1" (Satisfied):  
- Satisfaction_with_the_doctors_response >= 3.0  
- Call_center_employee_communication_skills_evaluation >= 3.0  
- The_reason_of_the_call is not Complaints (e.g., Vaccination, Inquiries, Medical_Consultation)  
- Call_151 is No and Satisfaction_with_the_doctors_response >= 3.0  
- How_often_do_you_receive_call_center_news >= 3.0  
- Age is 50-59 or 60 and above and Satisfaction_with_the_doctors_response >= 3.0  
- Nationality is Kuwaiti and Call_center_employee_communication_skills_evaluation >= 3.0  
- Education is Bachelor or higher and Satisfaction_with_the_doctors_response >= 3.0  
- Aware_151 is Yes and Satisfaction_with_the_doctors_response >= 3.0  
- Marital_Status is Widow or Widower and Satisfaction_with_the_doctors_response >= 3.0  

---

These conditions align with the examples given and general expectations about satisfaction with call center service.

---DIVIDER---

Answer:  
Step 1. The relationship between each feature and the task description:

- Gender: Unlikely to have a strong direct causal effect on satisfaction; satisfaction may be independent of gender.  
- Age: Older clients might have different expectations or experiences affecting satisfaction.  
- Education: Higher education might correlate with higher expectations and thus affect satisfaction levels.  
- Nationality: Cultural or service expectations might vary by nationality, potentially influencing satisfaction.  
- Marital_Status: Possibly minor influence; married or single clients may have different concerns or expectations.  
- Governorate: Regional differences in service quality or access could affect satisfaction.  
- Aware_151: Awareness of the service might influence satisfaction positively due to better understanding of services.  
- Call_151: Whether the client has called the service may indicate engagement; those who called might have stronger opinions.  
- The_reason_of_the_call: Reason for the call is likely strongly related to satisfaction; complaints likely correlate with dissatisfaction.  
- Call_center_employee_communication_skills_evaluation: Higher communication skill ratings likely increase satisfaction.  
- Satisfaction_with_the_doctors_response: Directly related to satisfaction; higher satisfaction with doctors likely increases overall satisfaction.  
- How_often_do_you_receive_call_center_news: Frequent updates might improve satisfaction due to better communication and engagement.

---

Step 2. Based on the above and examples, 10 different conditions per answer class:

10 different conditions for class "0" (Not satisfied):  
- The_reason_of_the_call is Complaints  
- Call_center_employee_communication_skills_evaluation < 3.0  
- Satisfaction_with_the_doctors_response < 3.0  
- Call_151 is Yes  
- Age is in [18-24, 25-29]  
- How_often_do_you_receive_call_center_news < 3.0  
- Education is in [High school, Less than high school]  
- Nationality is in [Other nationality]  
- Marital_Status is Single  
- Governorate is in [AlAhmadi, Around]

10 different conditions for class "1" (Satisfied):  
- The_reason_of_the_call is Complaints and Call_center_employee_communication_skills_evaluation >= 3.0  
- Satisfaction_with_the_doctors_response >= 3.0  
- Call_151 is No  
- Age is in [50-59, 60 and above]  
- How_often_do_you_receive_call_center_news >= 3.0  
- Education is in [Diploma, Bachelor, Master, Doctor]  
- Nationality is Kuwaiti  
- Marital_Status is in [Widow, Widower, Married]  
- Governorate is Capital  
- Call_center_employee_communication_skills_evaluation is within range of [3.0, 5.0]

---

These conditions reflect the observed patterns and reasonable assumptions linking features to client satisfaction with the call center work.

---DIVIDER---

Answer:  
Step 1. The relationship between each feature and the task description:

- Gender: Generally, gender may not strongly influence satisfaction directly, but cultural or service expectations could differ.
- Age: Older clients might be more patient or satisfied; younger clients may have higher expectations.
- Education: Higher education might correlate with higher expectations and possibly lower satisfaction if expectations are unmet.
- Nationality: Kuwaiti vs. Other nationality may reflect different service expectations or experiences.
- Marital_Status: Possibly minor influence; married clients might have different perspectives on service quality.
- Governorate: Regional differences in service quality or access might affect satisfaction.
- Aware_151: Awareness of the service might correlate with higher satisfaction due to better understanding of the service.
- Call_151: Whether the client has called the service might reflect engagement and thus influence satisfaction.
- The_reason_of_the_call: Complaints likely correlate with lower satisfaction; inquiries or medical consultations might correlate with higher satisfaction.
- Call_center_employee_communication_skills_evaluation: Higher ratings likely correlate with higher satisfaction.
- Satisfaction_with_the_doctors_response: Directly related; higher satisfaction scores indicate overall satisfaction.
- How_often_do_you_receive_call_center_news: More frequent updates may increase satisfaction due to better communication.

---

Step 2. Based on the above examples and Step 1's results, infer 10 different conditions per answer:

10 different conditions for class "0" (Not satisfied):  
- The_reason_of_the_call is Complaints  
- Call_center_employee_communication_skills_evaluation < 3.0  
- Satisfaction_with_the_doctors_response < 3.0  
- Call_151 is Yes  
- How_often_do_you_receive_call_center_news < 3.0  
- Nationality is Other nationality  
- Age is in [18-24, 25-29]  
- Education is High school or Less than high school  
- Marital_Status is Single  
- Governorate is AlAhmadi

10 different conditions for class "1" (Satisfied):  
- Call_center_employee_communication_skills_evaluation >= 3.0  
- Satisfaction_with_the_doctors_response >= 3.0  
- The_reason_of_the_call is not Complaints (i.e., Vaccination, Inquiries, Inquiries_COVID19, Medical_Consultation)  
- Call_151 is No  
- How_often_do_you_receive_call_center_news >= 3.0  
- Nationality is Kuwaiti  
- Age is in [50-59, 60 and above]  
- Education is Diploma or Bachelor or higher (Master, Doctor)  
- Marital_Status is Widow or Widower  
- Governorate is Capital or Farwaniya or Around

---

These conditions are consistent with the examples and general expectations on satisfaction with call center work.

---DIVIDER---

Answer:  
Step 1. The relationship between each feature and the task description:

- Gender: Likely no strong direct effect on satisfaction; satisfaction depends more on service quality than gender.  
- Age: Older clients might have different expectations; younger clients might be less satisfied if expectations are unmet.  
- Education: Higher education might correlate with higher expectations, possibly affecting satisfaction.  
- Nationality: Kuwaiti clients might have different experiences or expectations compared to other nationalities.  
- Marital_Status: Possibly minor effect; married or single status unlikely to strongly influence satisfaction.  
- Governorate: Regional differences in service quality or access could affect satisfaction.  
- Aware_151: Awareness of the service might correlate with better understanding and thus higher satisfaction.  
- Call_151: Having called the service might influence satisfaction based on experience.  
- The_reason_of_the_call: Complaints likely correlate with dissatisfaction; inquiries or consultations might correlate with higher satisfaction.  
- Call_center_employee_communication_skills_evaluation: Higher ratings likely strongly correlate with satisfaction.  
- Satisfaction_with_the_doctors_response: Directly related to satisfaction; higher values indicate satisfaction.  
- How_often_do_you_receive_call_center_news: More frequent updates might increase satisfaction by improving information flow.  

---

Step 2. Based on the above and the examples, infer 10 different conditions per answer class:

10 different conditions for class "0" (Not satisfied):  
- Call_center_employee_communication_skills_evaluation < 3.0  
- Satisfaction_with_the_doctors_response < 3.0  
- The_reason_of_the_call is in [Complaints]  
- Call_151 is Yes  
- Aware_151 is Yes and Call_151 is Yes and Satisfaction_with_the_doctors_response < 3.0  
- How_often_do_you_receive_call_center_news < 3.0  
- Gender is Male and Call_center_employee_communication_skills_evaluation < 3.0  
- Age is in [18-24, 25-29] and Satisfaction_with_the_doctors_response < 3.0  
- Nationality is Kuwaiti and The_reason_of_the_call is Complaints and Satisfaction_with_the_doctors_response < 3.0  
- Education is High school or Less than high school and Call_center_employee_communication_skills_evaluation < 3.0  

10 different conditions for class "1" (Satisfied):  
- Call_center_employee_communication_skills_evaluation >= 3.0  
- Satisfaction_with_the_doctors_response >= 3.0  
- The_reason_of_the_call is in [Inquiries, Inquiries_COVID19, Medical_Consultation, Vaccination]  
- Call_151 is No and Aware_151 is Yes and Satisfaction_with_the_doctors_response >= 3.0  
- How_often_do_you_receive_call_center_news >= 3.0  
- Age is in [50-59, 60 and above] and Satisfaction_with_the_doctors_response >= 3.0  
- Gender is Female and Call_center_employee_communication_skills_evaluation >= 3.0  
- Nationality is Kuwaiti and Satisfaction_with_the_doctors_response >= 3.0  
- Marital_Status is Married and Call_center_employee_communication_skills_evaluation >= 3.0  
- Education is Bachelor or higher and Satisfaction_with_the_doctors_response >= 3.0