Step 1. The relationship between each feature and the task description:

- Date: Time of day or specific date might correlate with arrest likelihood, e.g., crimes at night may have different arrest rates.
- Primary Type: Certain crime types (e.g., narcotics, weapons violations) are more likely to result in arrests than others (e.g., theft).
- Description: More severe or specific descriptions (e.g., aggravated, armed) might increase arrest likelihood.
- Location Description: Some locations (e.g., street, public areas) might have higher arrest rates compared to private locations.
- Domestic: Domestic violence cases might have different arrest patterns.
- Beat, District, Ward, Community Area: Geographic areas might have varying arrest rates due to policing intensity or crime type prevalence.
- FBI Code: Specific FBI codes might be associated with arrests more often.
- X Coordinate, Y Coordinate, Latitude, Longitude: Geospatial coordinates relate to location and might indirectly correlate with arrest likelihood.
- Year: All examples are from 2025, so year likely no impact here.

---

Step 2. Conditions for each class based on analysis and examples:

10 different conditions for class "0" (No arrest made):
- Primary Type is in [THEFT, MOTOR VEHICLE THEFT, ROBBERY, CRIMINAL DAMAGE, OTHER OFFENSE]
- Description is in [RETAIL THEFT, OVER $500, ARMED - HANDGUN, TO PROPERTY, VEHICLE TITLE / REGISTRATION OFFENSE]
- Location Description is in [SMALL RETAIL STORE, DRUG STORE, APARTMENT, SIDEWALK, STREET]
- Domestic is 0
- FBI Code is in [06, 07, 03, 14, 26]
- Primary Type is THEFT and Description is RETAIL THEFT
- Primary Type is BATTERY and Description is AGGRAVATED - HANDGUN
- Beat is within range of [1000, 2600]
- District is within range of [10, 25]
- Ward is within range of [20, 50]

10 different conditions for class "1" (Arrest made):
- Primary Type is in [NARCOTICS, ASSAULT, WEAPONS VIOLATION, BATTERY, OTHER OFFENSE]
- Description is in [MANUFACTURE / DELIVER - COCAINE, SIMPLE, UNLAWFUL POSSESSION - HANDGUN, OTHER VEHICLE OFFENSE, AGGRAVATED P.O. - HANDS, FISTS, FEET, NO / MINOR INJURY, POSSESS - HEROIN (WHITE)]
- Location Description is in [SIDEWALK, CHA APARTMENT, STREET, SCHOOL - PUBLIC GROUNDS, BAR OR TAVERN]
- Domestic is 1 or 0 (both appear but domestic=1 appears in some arrests)
- FBI Code is in [18, 08A, 15, 08B, 26]
- Primary Type is NARCOTICS and Description includes POSSESS or MANUFACTURE / DELIVER
- Primary Type is WEAPONS VIOLATION and Description is UNLAWFUL POSSESSION - HANDGUN
- Beat is within range of [100, 2000]
- District is within

---DIVIDER---

Answer:  
Step 1. The relationship between each feature and the task description:

- Date: The specific date/time itself may not directly influence arrest likelihood, but time of day or day of week might correlate with arrest probability (e.g., arrests more likely at night or weekends).
- Primary Type: Certain crime types (e.g., weapons violations, narcotics, assaults) tend to have higher arrest rates, while others (e.g., theft, criminal damage) may have fewer arrests.
- Description: More severe or specific descriptions (e.g., aggravated, armed) may correlate with arrests.
- Location Description: Crimes in public or controlled environments (streets, bars, schools) may have higher arrest likelihood than private or less monitored locations (apartments, nursing homes).
- Domestic: Domestic crimes may have different arrest patterns; sometimes higher due to mandated arrest policies.
- Beat/District/Ward/Community Area: Geographic areas can have different policing intensity or arrest policies affecting arrest rates.
- FBI Code: FBI crime classification codes likely correlate strongly with arrest likelihood; some codes represent crimes with higher arrest rates.
- Coordinates (X, Y, Latitude, Longitude): Spatial location can influence arrest likelihood due to policing patterns.
- Year: Since all examples are from 2025, year likely not a factor here.

Step 2. Based on examples and Step 1, infer 10 different conditions per answer class.

10 different conditions for class "0" (No arrest made):
- Primary Type is in [THEFT, CRIMINAL DAMAGE, MOTOR VEHICLE THEFT, ROBBERY, OTHER OFFENSE]
- Description is in [OVER $500, TO PROPERTY, RETAIL THEFT, ARMED - HANDGUN, VEHICLE TITLE / REGISTRATION OFFENSE]
- Location Description is in [APARTMENT, SMALL RETAIL STORE, DRUG STORE, SIDEWALK]
- Domestic is 0
- FBI Code is in [03, 06, 07, 14, 26]
- Beat is within range of [1000, 3000] (higher beat numbers seen in no arrest)
- District is within range of [10, 25]
- Ward is within range of [20, 40]
- Community Area is within range of [20, 45]
- Date is in range of [01/01/2025 12:00:00 AM, 01/29/2025 11:59:59 PM] (general, no specific time bias)

10 different conditions for class "1" (Arrest made):
- Primary Type is in [WEAPONS VIOLATION, NARCOTICS, BATTERY, ASSAULT, OTHER OFFENSE]
- Description is in [UNLAWFUL POSSESSION - HANDGUN, SIMPLE, AGGRAVATED P.O. - HANDS, FISTS, FEET, NO / MINOR INJURY, MANUFACTURE / DELIVER - COCAINE, POSSESS - HEROIN (WHITE), OTHER VEHICLE OFFENSE]
- Location Description is in [STREET, BAR OR TAVERN, SIDEWALK, CHA APARTMENT, SCHOOL - PUBLIC GROUNDS]
- Domestic is 0 or 1 (both appear, but many with domestic=0)
- FBI Code is in [08B, 08A, 15, 18, 26]
- Beat is within range of [100, 2000] (lower beats appear more in arrests)
- District is within range of [1, 18]
- Ward is within range of [4, 42]
- Community Area is within range of [6, 76]
- Date is in range of [01/01/2025 12:00:00 AM, 01/29/2025 11:59:59 PM] (general, no specific time bias)

Note: Arrests are more common for weapons violations, narcotics, simple/aggravated battery/assault, and offenses occurring in public places (streets, bars, schools). No arrests are more common for theft, criminal damage, and motor vehicle theft with descriptions related to property damage or theft over certain amounts.

---

This completes the requested step-by-step analysis and condition extraction.

---DIVIDER---

Answer:  
Step 1. The relationship between each feature and the task description:

- Date: The specific date/time itself likely has no direct causal effect on whether an arrest was made, but certain times (e.g., late night) might correlate with different crime types or arrest likelihood.
- Primary Type: Different crime types have different probabilities of arrest; e.g., narcotics or weapons violations often result in arrests, while theft or damage to property less often.
- Description: More serious or specific descriptions (e.g., aggravated, armed) may increase arrest likelihood.
- Location Description: Certain locations (like streets or bars) might be associated with more arrests due to police presence or crime type.
- Domestic: Domestic crimes might have different arrest rates, possibly higher due to victim protection laws.
- Beat/District/Ward/Community Area: Geographic areas may have different policing intensity or arrest rates.
- FBI Code: FBI crime classification codes relate to crime severity/type and thus arrest probability.
- Coordinates (X, Y, Latitude, Longitude): These correlate with location and policing but are indirect.
- Year: All examples are from 2025, so no variance to infer.
  
Step 2. 10 different conditions for class "0" (No arrest made):

- Primary Type is in [THEFT, MOTOR VEHICLE THEFT, CRIMINAL DAMAGE, ROBBERY, OTHER OFFENSE]
- Description is in [RETAIL THEFT, TO PROPERTY, AUTOMOBILE, ARMED - HANDGUN, VEHICLE TITLE / REGISTRATION OFFENSE, OVER $500]
- Location Description is in [APARTMENT, DRUG STORE, SMALL RETAIL STORE, STREET, SIDEWALK]
- Domestic = 0
- FBI Code is in [06, 07, 14, 03, 26]
- Beat is within range of [100, 700]
- District is within range of [1, 12]
- Ward is within range of [1, 30]
- Community Area is within range of [20, 50]
- Date is within range of [01/01/2025 12:00:00 AM, 01/29/2025 11:59:59 PM] (no specific time pattern for no arrest)

10 different conditions for class "1" (Arrest made):

- Primary Type is in [NARCOTICS, WEAPONS VIOLATION, BATTERY, ASSAULT, OTHER OFFENSE]
- Description is in [UNLAWFUL POSSESSION - HANDGUN, MANUFACTURE / DELIVER - COCAINE, POSSESS - HEROIN (WHITE), SIMPLE, AGGRAVATED P.O. - HANDS, FISTS, FEET, NO / MINOR INJURY, OTHER VEHICLE OFFENSE]
- Location Description is in [SIDEWALK, STREET, BAR OR TAVERN, SCHOOL - PUBLIC GROUNDS, CHA APARTMENT]
- Domestic in [0, 1] (both appear but domestic=1 in assault example)
- FBI Code is in [15, 18, 08B, 08A, 26]
- Beat is within range of [900, 2600]
- District is within range of [9, 25]
- Ward is within range of [4, 49]
- Community Area is within range of [1, 40]
- Date is within range of [01/01/2025 12:00:00 AM, 01/29/2025 11:59:59 PM] (no specific time pattern for arrest)

---

Summary:  
No arrest (0) tends to be related to property crimes, theft, and less serious or non-aggravated offenses, often in certain districts and community areas, with domestic=0. Arrest (1) tends to be related to narcotics, weapons violations, assault/battery, aggravated offenses, and locations like sidewalks or bars, with a wider range of beats and districts, including some domestic cases.

---DIVIDER---

Answer:  
Step 1. The relationship between each feature and the task description:

- Date: The specific date/time likely has no direct causal relation to whether an arrest was made; arrests depend on crime type and circumstances rather than time.
- Primary Type: Certain crime types (e.g., narcotics, weapons violations, assaults) are more likely to result in arrests, while property crimes like theft or criminal damage less so.
- Description: More severe or specific descriptions (e.g., aggravated battery, armed robbery) may increase likelihood of arrest.
- Location Description: Crimes in public or controlled locations (streets, schools) might be more likely to lead to arrest than private residences or retail stores.
- Domestic: Domestic crimes might have a higher chance of arrest due to police protocols.
- Beat/District/Ward/Community Area: These geographical divisions may reflect policing intensity or crime patterns but no direct causal inference without more data.
- FBI Code: Different FBI codes correspond to different crime categories, which influence arrest likelihood.
- X Coordinate/Y Coordinate/Latitude/Longitude: Geographic location may indirectly relate to arrest likelihood through crime hot spots.
- Year: All examples are from 2025, so no variance.
  
Overall, arrest likelihood is mostly influenced by crime type (Primary Type, FBI Code), crime severity (Description), and possibly domestic flag.

---

Step 2.  
10 different conditions for class "0" (No arrest made):  
- Primary Type is in [THEFT, MOTOR VEHICLE THEFT, CRIMINAL DAMAGE, OTHER OFFENSE]  
- Description is in [RETAIL THEFT, TO PROPERTY, VEHICLE TITLE / REGISTRATION OFFENSE, OVER $500]  
- Location Description is in [APARTMENT, SMALL RETAIL STORE, DRUG STORE]  
- Domestic is 0  
- FBI Code is in [06, 07, 14, 26]  
- Beat is within range of [400, 1800] (mid-range beats with no arrest examples)  
- District is within range of [4, 17]  
- Ward is within range of [7, 35]  
- Community Area is within range of [21, 43]  
- Date is within range of [01/01/2025 12:00:00 AM, 01/29/2025 11:59:59 PM] (no arrest examples spread across dates, so date alone doesn’t predict arrest)

10 different conditions for class "1" (Arrest made):  
- Primary Type is in [NARCOTICS, WEAPONS VIOLATION, BATTERY, ASSAULT]  
- Description is in [MANUFACTURE / DELIVER - COCAINE, UNLAWFUL POSSESSION - HANDGUN, AGGRAVATED P.O. - HANDS, FISTS, FEET, NO / MINOR INJURY, SIMPLE, POSSESS - HEROIN (WHITE)]  
- Location Description is in [SIDEWALK, STREET, BAR OR TAVERN, SCHOOL - PUBLIC GROUNDS, CHA APARTMENT]  
- Domestic is 1 or 0 (both present but some domestic crimes have arrests)  
- FBI Code is in [18, 15, 08B, 08A]  
- Beat is within range of [100, 1700] (varied but mostly lower beats)  
- District is within range of [1, 16]  
- Ward is within range of [4, 38]  
- Community Area is within range of [27, 76]  
- Date is within range of [01/01/2025 12:00:00 AM, 01/25/2025 11:59:59 PM]

---

Summary:  
Class 0 (No arrest) tends to be property or theft crimes with certain FBI codes and descriptions, often in apartments or retail stores, with no domestic flag.  
Class 1 (Arrest) tends to be narcotics, weapons, battery, or assault crimes with more severe descriptions, often occurring in public or semi-public locations, with FBI codes related to violent or controlled substances crimes.

---DIVIDER---

Answer:  
Step 1. The relationship between each feature and the task description:

- Date: The date/time itself likely has no direct causal effect on arrest, but some time frames (e.g., night vs day) might correlate with types of crimes that lead to arrests.
- Primary Type: Certain crime types (e.g., weapons violations, narcotics, assault) are more likely to result in arrests, while others (e.g., theft, criminal damage) less so.
- Description: More severe or specific descriptions (e.g., aggravated battery, armed robbery) might correlate with arrests or no arrests depending on context.
- Location Description: Some locations (e.g., street, sidewalk) might be associated with more arrests due to police presence or crime type.
- Domestic: Domestic crimes might have different arrest rates; possibly higher due to mandatory arrest policies.
- Beat, District, Ward, Community Area: Geographic areas might have varying arrest rates depending on policing intensity or crime patterns.
- FBI Code: FBI crime classification codes might correlate strongly with arrest likelihood (e.g., weapons violations likely lead to arrest).
- Coordinates (X, Y, Latitude, Longitude): Geographic location may influence arrest likelihood indirectly.
- Year: Since all examples are from 2025, year likely irrelevant here.

Summary: Arrest is more likely for crimes involving weapons violations, narcotics, assault, and possibly domestic violence; less likely for theft, battery without aggravation, and other property crimes.

---

Step 2.  
10 different conditions for class "0" (No arrest made):

- Primary Type is in [THEFT, MOTOR VEHICLE THEFT, CRIMINAL DAMAGE, OTHER OFFENSE, ROBBERY]
- Description is in [RETAIL THEFT, OVER $500, VEHICLE TITLE / REGISTRATION OFFENSE, TO PROPERTY, ARMED - HANDGUN]
- Location Description is in [APARTMENT, STREET, SIDEWALK, SMALL RETAIL STORE, DRUG STORE]
- Domestic = 0
- FBI Code is in [06, 07, 14, 26, 03]
- Beat is within range of [600, 2600]
- District is within range of [4, 25]
- Ward is within range of [7, 49]
- Community Area is within range of [1, 43]
- Date is within range of [01/01/2025 12:00:00 AM, 01/29/2025 11:59:59 PM]

---

10 different conditions for class "1" (Arrest made):

- Primary Type is in [BATTERY, NARCOTICS, WEAPONS VIOLATION, ASSAULT, OTHER OFFENSE]
- Description is in [AGGRAVATED P.O. - HANDS, FISTS, FEET, NO / MINOR INJURY, MANUFACTURE / DELIVER - COCAINE, UNLAWFUL POSSESSION - HANDGUN, SIMPLE, POSSESS - HEROIN (WHITE), OTHER VEHICLE OFFENSE]
- Location Description is in [SIDEWALK, STREET, BAR OR TAVERN, SCHOOL - PUBLIC GROUNDS, CHA APARTMENT]
- Domestic is 1 or 0 (both appear, but domestic=1 is common)
- FBI Code is in [08B, 18, 15, 08A, 26]
- Beat is within range of [100, 1900]
- District is within range of [1, 18]
- Ward is within range of [4, 42]
- Community Area is within range of [8, 76]
- Date is within range of [01/01/2025 12:00:00 AM, 01/29/2025 11:59:59 PM]

---

Notes:  
- Arrest is strongly associated with crimes involving weapons violations, narcotics, assault, and aggravated battery.  
- No arrest is common for theft, robbery, motor vehicle theft, and criminal damage.  
- Location descriptions such as SIDEWALK and STREET appear in both classes but with different crime types.  
- Domestic violence (Domestic=1) occurs mostly in arrest cases but not exclusively.  
- FBI codes help separate classes (e.g., 06 for theft with no arrest, 15 for weapons violation with arrest).