Answer:  
Step 1. The relationship between each feature and the task description:

- **social_connection_frequency**: Higher frequency (Daily, Weekly) likely indicates maintaining long-distance friendships through calls; lower frequency (Monthly, Never) suggests less maintenance.
- **gathering_size_preference**: Preference for large events or both might indicate broader social networks, possibly including long-distance friends; preference for small gatherings or never might indicate more local or limited social circles.
- **valued_friendship_traits**: Valuing support, loyalty, or honesty may indicate a stronger motivation to maintain friendships, including long-distance ones.
- **conflict_resolution_style**: Those who "Talk it out" or "Apologize first" may be more proactive in maintaining friendships; "Avoid conflict" or "Let time fix it" may indicate less active maintenance.
- **family_support_level**: Higher family support might correlate with stronger social skills and more active friendship maintenance.
- **social_battery_recharge**: Preferring "Talking to someone" or "Social media" suggests social engagement, possibly including calls; "Alone time" or "None of the above" suggests less social interaction.
- **social_orientation_type**: Extroverts and ambiverts are more likely to maintain friendships actively, including long-distance calls; introverts might do so less.
- **social_anxiety_level**: "Excited" or "Neutral" suggests comfort with social interaction, increasing likelihood of maintaining long-distance friendships by calls; "Nervous" or "Avoid it" suggests less likelihood.
- **emotional_expression_method**: "Talk openly" or "Express emotion strongly" indicates willingness to communicate, supporting maintenance of long-distance friendships; "Stay silent" or "Other" suggests less.
- **primary_anger_sources**: Triggers like "Injustice" or "Selfishness" might indicate sensitivity but do not strongly correlate with maintaining long-distance friendships.

---

Step 2. Based on the above and examples, infer 10 different conditions per answer class:

10 different conditions for class "0":  
- social_connection_frequency is in [Daily, Weekly]  
- gathering_size_preference is in [Both, Small gatherings]  
- valued_friendship_traits is in [Honesty, Loyalty]  
- conflict_resolution_style is in [Let time fix it, Avoid conflict]  
- family_support_level is in [Yes, Sometimes]  
- social_battery_recharge is in [Alone time, None of the above]  
- social_orientation_type is in [Ambivert, Introvert]  
- social_anxiety_level is in [Nervous, Excited]  
- emotional_expression_method is in [Talk openly, Other]  
- primary_anger_sources is in [Unnecessary criticism, Selfishness]

10 different conditions for class "1":  
- social_connection_frequency is in [Monthly, Never]  
- gathering_size_preference is in [Large events, Both]  
- valued_friendship_traits is in [Support, Loyalty, Honesty]  
- conflict_resolution_style is in [Talk it out, Apologize first]  
- family_support_level is in [No, Never]  
- social_battery_recharge is in [Social media, Talking to someone]  
- social_orientation_type is in [Extrovert, Not sure]  
- social_anxiety_level is in [Avoid it, Neutral]  
- emotional_expression_method is in [Stay silent, Express emotion strongly]  
- primary_anger_sources is in [Being interrupted, Injustice]

---

These conditions align with the examples and the inferred tendencies, distinguishing those who maintain long-distance friendships through calls (class 1) from those who do not (class 0).

---DIVIDER---

Answer:  
Step 1. The relationship between each feature and the task description:

- **social_connection_frequency**: Higher frequency (Daily, Weekly) implies more active social connections, possibly including calls to maintain long-distance friendships; lower frequency (Monthly, Never) suggests less frequent contact, possibly no calls.  
- **gathering_size_preference**: Preference for Small gatherings or Both may indicate closer, more intimate social interactions, possibly supporting maintaining friendships via calls; preference for Large events or Never may indicate less personal or less frequent interactions.  
- **valued_friendship_traits**: Valuing traits like Loyalty, Honesty, Support, or All suggests a strong commitment to friendships, possibly motivating maintaining long-distance friendships through calls.  
- **conflict_resolution_style**: Active styles like Talk it out or Apologize first suggest engagement and communication, which may correlate with maintaining friendships via calls; Avoid conflict or Let time fix it suggests less active communication.  
- **family_support_level**: Higher family support (Yes, Sometimes) may correlate with better social skills or support networks, potentially facilitating maintaining friendships; No or Never may indicate social withdrawal.  
- **social_battery_recharge**: Preferring Talking to someone or Social media suggests comfort with communication, possibly including calls; Alone time or None of the above may indicate less inclination to communicate actively.  
- **social_orientation_type**: Extroverts or Ambiverts are more likely to maintain social connections actively, including calls; Introverts or Not sure may be less likely.  
- **social_anxiety_level**: Neutral or Excited suggests comfort with social interactions; Nervous or Avoid it suggests discomfort, possibly reducing calls to maintain friendships.  
- **emotional_expression_method**: Talking openly or Express emotion strongly indicates comfort with verbal communication, supporting calls; Stay silent or Other suggests less verbal communication.  
- **primary_anger_sources**: Triggers like Injustice or Being interrupted may influence communication style but less directly related to maintaining calls; however, Selfishness or Unnecessary criticism might affect friendship maintenance negatively.

Step 2. Based on the above analysis and the examples, infer conditions for each class:

10 different conditions for class "0" (Does NOT maintain long-distance friendships through calls):  
- social_connection_frequency is in [Daily, Weekly, Monthly] AND gathering_size_preference is in [Large events, Both]  
- social_connection_frequency is in [Daily, Weekly] AND conflict_resolution_style is in [Apologize first, Let time fix it]  
- valued_friendship_traits is in [Loyalty, Honesty] AND family_support_level is in [Never, No]  
- social_battery_recharge is in [Alone time, None of the above]  
- social_orientation_type is in [Introvert, Not sure] AND social_anxiety_level is in [Nervous, Avoid it]  
- emotional_expression_method is in [Talk openly] AND primary_anger_sources is in [Unnecessary criticism]  
- social_connection_frequency is in [Daily] AND gathering_size_preference is in [Large events]  
- conflict_resolution_style is in [Apologize first, Let time fix it] AND valued_friendship_traits is in [Loyalty]  
- social_battery_recharge is in [Social media] AND social_orientation_type is in [Not sure]  
- family_support_level is in [Yes] AND social_connection_frequency is in [Daily] AND emotional_expression_method is in [Talk openly]

10 different conditions for class "1" (Does maintain long-distance friendships through calls):  
- social_connection_frequency is in [Weekly, Never] AND gathering_size_preference is in [Small gatherings]  
- social_connection_frequency is in [Weekly, Never] AND social_battery_recharge is in [Talking to someone]  
- social_orientation_type is in [Ambivert, Extrovert] AND social_anxiety_level is in [Neutral, Excited]  
- emotional_expression_method is in [Stay silent, Other] AND valued_friendship_traits is in [Honesty, Loyalty]  
- family_support_level is in [Yes, Sometimes] AND conflict_resolution_style is in [Avoid conflict, Talk it out]  
- social_connection_frequency is in [Weekly] AND gathering_size_preference is in [Small gatherings] AND social_battery_recharge is in [Social media]  
- social_connection_frequency is in [Daily] AND gathering_size_preference is in [Small gatherings, Both] AND social_orientation_type is in [Extrovert, Ambivert]  
- conflict_resolution_style is in [Talk it out] AND emotional_expression_method is in [Stay silent, Other]  
- social_connection_frequency is in [Never] AND family_support_level is in [Yes] AND social_orientation_type is in [Not sure]  
- social_battery_recharge is in [None of the above] AND social_connection_frequency is in [Daily] AND valued_friendship_traits is in [Support]

---

Summary:  
Class "0" is associated with more frequent social connection but preference for large gatherings, more active conflict resolution styles, and more open emotional expression, but with less family support or social recharge via talking.  
Class "1" is associated with weekly or never social connection frequency but with preferences for small gatherings, recharge via talking or social media, ambivert/extrovert orientation, and more avoidant or silent emotional expression styles, indicating maintenance of long-distance friendships through calls rather than frequent in-person meetings.

---DIVIDER---

Answer:  
Step 1. The relationship between each feature and the task description:

- social_connection_frequency: More frequent social connections (Daily, Weekly) likely indicate maintaining friendships through calls; less frequent (Monthly, Never) suggests less maintenance.  
- gathering_size_preference: Preference for small gatherings or both may indicate closer, more personal friendships maintained through calls; large events or never may indicate less intimate or less maintained friendships.  
- valued_friendship_traits: Valuing loyalty, support, honesty, or all traits suggests a tendency to maintain friendships actively, possibly through calls.  
- conflict_resolution_style: Talking it out or apologizing first indicates active engagement in relationships, likely maintaining friendships; avoiding conflict or letting time fix it may indicate less active maintenance.  
- family_support_level: Higher family support (Yes) may correlate with better social skills and maintaining friendships; lower support (No, Never) may correlate with less maintenance.  
- social_battery_recharge: Recharging by talking to someone suggests active social engagement and maintaining friendships; alone time or none of the above may indicate less social interaction.  
- social_orientation_type: Extroverts and ambiverts are more likely to maintain friendships through calls; introverts or not sure may do so less.  
- social_anxiety_level: Neutral or excited levels may indicate comfort in social interactions and maintaining friendships; avoid it or nervous may indicate less maintenance.  
- emotional_expression_method: Talking openly or expressing emotion strongly suggests active communication, likely maintaining friendships; staying silent or other may indicate less maintenance.  
- primary_anger_sources: Being interrupted or selfishness as anger sources may indicate sensitivity in social contexts, possibly affecting maintenance; injustice or unnecessary criticism may have less direct impact.

---

Step 2. 10 different conditions for class "0" (Does NOT maintain long-distance friendships through calls):

- social_connection_frequency is in [Daily, Weekly, Monthly]  
- gathering_size_preference is in [Both, Large events, Small gatherings]  
- valued_friendship_traits is in [Honesty, Loyalty]  
- conflict_resolution_style is in [Talk it out, Apologize first, Let time fix it]  
- family_support_level is in [Yes, Sometimes, Never]  
- social_battery_recharge is in [Social media, Alone time]  
- social_orientation_type is in [Extrovert, Ambivert, Not sure]  
- social_anxiety_level is in [Neutral, Nervous, Excited]  
- emotional_expression_method is in [Talk openly, Express emotion strongly]  
- primary_anger_sources is in [Selfishness, Unnecessary criticism, Injustice]

---

10 different conditions for class "1" (Does maintain long-distance friendships through calls):

- social_connection_frequency is in [Never, Weekly]  
- gathering_size_preference is in [Small gatherings, Both]  
- valued_friendship_traits is in [Support, Loyalty, Honesty]  
- conflict_resolution_style is in [Avoid conflict, Talk it out]  
- family_support_level is in [No, Sometimes, Yes]  
- social_battery_recharge is in [Talking to someone, None of the above]  
- social_orientation_type is in [Introvert, Ambivert, Not sure]  
- social_anxiety_level is in [Avoid it, Nervous]  
- emotional_expression_method is in [Stay silent, Other]  
- primary_anger_sources is in [Being interrupted, Selfishness]

---

Explanation:  
Class 0 mostly includes people with frequent social connections but who do not maintain long-distance friendships through calls, possibly because their connections are local or in-person. They show active conflict resolution, open emotional expression, and prefer social media or alone time for recharging, aligning with less reliance on calls for maintaining friendships.

Class 1 includes people who connect less frequently or avoid large gatherings, prefer small or both gathering sizes, value support and loyalty, avoid conflict, recharge by talking to someone, and express emotions less openly (stay silent or other). They also tend to have higher social anxiety or avoid social situations, suggesting that calls help maintain their long-distance friendships.

---DIVIDER---

Answer:  
Step 1. The relationship between each feature and the task description:

- **social_connection_frequency**: Higher frequency (Daily, Weekly) suggests active social contact, possibly including calls; lower frequency (Monthly, Never) suggests less maintenance of friendships through calls.  
- **gathering_size_preference**: Preference for large events or both might indicate broader social circles and more opportunities for long-distance connections; preference for small gatherings or never might suggest limited social interactions.  
- **valued_friendship_traits**: Valuing traits like Loyalty, Support, or Honesty indicates a strong desire to maintain friendships, which may encourage maintaining long-distance friendships by calls.  
- **conflict_resolution_style**: Talking it out or apologizing first indicates proactive communication, which may support maintaining friendships remotely; avoiding conflict or letting time fix it might reduce communication frequency.  
- **family_support_level**: Higher family support (Yes, Sometimes) could mean more social encouragement, possibly aiding in maintaining friendships; No or Never might indicate less social motivation.  
- **social_battery_recharge**: Preferring "Talking to someone" or "Social media" suggests comfort with communication, potentially supporting long-distance calls; preferring "Alone time" or "None of the above" might indicate less inclination to maintain such friendships.  
- **social_orientation_type**: Extroverts and Ambiverts likely engage more socially, including calls; Introverts or Not sure may do so less.  
- **social_anxiety_level**: Excited or Neutral suggests comfort with social interactions; Avoid it or Nervous suggests reluctance, possibly less likely to maintain long-distance friendships by calls.  
- **emotional_expression_method**: Talking openly or expressing emotions strongly suggests active communication, which supports maintaining friendships by calls; staying silent or other methods may not.  
- **primary_anger_sources**: Being triggered by things like Injustice or Unnecessary criticism may affect communication style, but this is less directly related to maintaining friendships through calls.

---

Step 2. Based on Step 1 and examples, 10 different conditions per answer class:

10 different conditions for class "0" (Does NOT maintain long-distance friendships through calls):

- social_connection_frequency is in [Daily, Weekly, Monthly] AND gathering_size_preference is in [Small gatherings, Both]  
- social_connection_frequency is Daily AND family_support_level is in [Yes, Never]  
- gathering_size_preference is in [Small gatherings, Both] AND social_battery_recharge is in [Social media, Alone time]  
- social_orientation_type is in [Introvert, Not sure] AND social_anxiety_level is in [Nervous, Neutral]  
- valued_friendship_traits is in [Honesty, Loyalty] AND conflict_resolution_style is in [Talk it out, Apologize first]  
- emotional_expression_method is Talk openly AND family_support_level is in [Yes, Never]  
- social_connection_frequency is Daily AND gathering_size_preference is Large events AND family_support_level is Never  
- social_connection_frequency is Daily AND social_battery_recharge is Alone time  
- social_connection_frequency is Weekly AND gathering_size_preference is Small gatherings AND social_orientation_type is Ambivert  
- social_connection_frequency is Monthly AND gathering_size_preference is Large events AND emotional_expression_method is Other

---

10 different conditions for class "1" (Does maintain long-distance friendships through calls):

- social_connection_frequency is in [Weekly, Monthly, Never] AND gathering_size_preference is Large events  
- social_connection_frequency is Weekly AND social_battery_recharge is in [Talking to someone, None of the above]  
- social_orientation_type is in [Extrovert, Ambivert] AND social_connection_frequency is Weekly  
- family_support_level is No AND social_connection_frequency is in [Weekly, Monthly]  
- emotional_expression_method is in [Stay silent, Other] AND social_connection_frequency is in [Weekly, Daily]  
- social_anxiety_level is Avoid it AND gathering_size_preference is Never  
- social_connection_frequency is Never AND gathering_size_preference is Both  
- conflict_resolution_style is Avoid conflict AND social_battery_recharge is Social media  
- valued_friendship_traits is Loyalty AND social_connection_frequency is Weekly AND emotional_expression_method is Stay silent  
- social_connection_frequency is Daily AND gathering_size_preference is Small gatherings AND family_support_level is No

---

These conditions align with the examples and the inferred tendencies from the features.

---DIVIDER---

Answer:  
Step 1. The relationship between each feature and the task description:

- **social_connection_frequency**: Higher frequency (Daily, Weekly) likely indicates active maintenance of friendships, including long-distance calls; lower frequency (Monthly, Never) may indicate less maintenance.
- **gathering_size_preference**: Preference for both or small gatherings may indicate closer, more intimate connections, possibly maintained through calls; preference for never or large events may indicate less personal connection or less frequent one-on-one communication.
- **valued_friendship_traits**: Valuing support, loyalty, honesty suggests deeper friendships that might be maintained actively; more general or vague traits may not strongly correlate.
- **conflict_resolution_style**: Talking it out or apologizing first suggests active communication, which can extend to calls; avoiding conflict or letting time fix it suggests less direct communication.
- **family_support_level**: Higher family support (Yes, Sometimes) may correlate with better social support overall, potentially more effort in maintaining friendships.
- **social_battery_recharge**: Preferring talking to someone or social media suggests comfort in communication channels, possibly including calls; alone time or none suggests less inclination to maintain active communication.
- **social_orientation_type**: Extroverts or ambiverts are more likely to maintain social ties actively, including calls; introverts or not sure may do so less.
- **social_anxiety_level**: Neutral or excited levels may correspond to more active social engagement; avoid it or nervous may reduce likelihood of maintaining long-distance calls.
- **emotional_expression_method**: Talking openly or expressing emotions strongly correlates with active communication; staying silent or other methods may reduce likelihood.
- **primary_anger_sources**: Less directly related, but those sensitive to interruptions or selfishness may affect communication style; not a strong predictor alone.

---

Step 2. Based on the above and the examples, infer conditions:

10 different conditions for class "0" (Does NOT maintain long-distance friendships through calls):

- social_connection_frequency is in [Daily, Weekly]
- gathering_size_preference is in [Small gatherings, Large events, Both]
- valued_friendship_traits is in [Loyalty, Honesty]
- conflict_resolution_style is in [Apologize first, Talk it out]
- family_support_level is in [No, Never]
- social_battery_recharge is in [Alone time, Social media]
- social_orientation_type is in [Introvert, Not sure]
- social_anxiety_level is in [Nervous]
- emotional_expression_method is in [Talk openly, Other]
- primary_anger_sources is in [Unnecessary criticism, Selfishness]

10 different conditions for class "1" (Does maintain long-distance friendships through calls):

- social_connection_frequency is in [Weekly, Monthly, Never]
- gathering_size_preference is in [Both, Small gatherings, Never]
- valued_friendship_traits is in [Support, Loyalty]
- conflict_resolution_style is in [Avoid conflict, Let time fix it]
- family_support_level is in [Yes, Sometimes]
- social_battery_recharge is in [Talking to someone, None of the above, Social media]
- social_orientation_type is in [Extrovert, Ambivert]
- social_anxiety_level is in [Avoid it, Excited, Neutral]
- emotional_expression_method is in [Stay silent, Other]
- primary_anger_sources is in [Being interrupted, Injustice]

---

Explanation:  
Class 0 mostly includes people who connect frequently but show traits of direct conflict resolution and open emotional expression, yet do not maintain long-distance friendships (possibly due to preferring local or immediate social contacts). Class 1 includes people with less frequent social connections but more avoidance or indirect conflict resolution, possibly relying on calls to maintain distant friendships. Family support and social battery recharge preferences also differ, reflecting communication styles compatible with long-distance maintenance.