Answer:  
Step 1. The relationship between each feature and the task description:

- Gender: Satisfaction may not strongly depend on gender, but possibly females might report higher satisfaction due to communication style preferences or expectations.  
- Age: Younger clients might be less satisfied if expectations are higher or if service is not tailored to them; older clients might be more tolerant or satisfied.  
- Education: Higher education might correlate with higher expectations and possibly lower satisfaction if expectations are unmet; lower education might correlate with higher satisfaction.  
- Nationality: Kuwaiti nationals might have different expectations or experiences compared to other nationalities, affecting satisfaction.  
- Marital_Status: Possibly minimal direct effect, but married clients might have different communication needs or experiences.  
- Governorate: Regional differences in service quality or access may affect satisfaction.  
- Aware_151: Being aware of the service might correlate with higher satisfaction due to better understanding of service scope.  
- Call_151: Having called the service might indicate engagement and possibly higher or lower satisfaction depending on experience.  
- The_reason_of_the_call: Complaints likely correlate with dissatisfaction; inquiries or vaccination calls might correlate with higher satisfaction.  
- Call_center_employee_communication_skills_evaluation: Higher ratings likely strongly correlate with satisfaction.  
- Satisfaction_with_the_doctors_response: Higher satisfaction with doctors' responses likely strongly correlates with overall satisfaction.  
- How_often_do_you_receive_call_center_news: More frequent updates might correlate with higher satisfaction due to feeling informed.

---

Step 2. Based on the above and examples, 10 different conditions for each class:

10 different conditions for class "0" (Not satisfied):  
- Call_center_employee_communication_skills_evaluation <= 3.0  
- Satisfaction_with_the_doctors_response < 3.5  
- The_reason_of_the_call is in [Complaints]  
- Call_151 is Yes and Satisfaction_with_the_doctors_response < 3.0  
- How_often_do_you_receive_call_center_news < 3.0  
- Age is in [18-24, 25-29] and Call_center_employee_communication_skills_evaluation < 3.0  
- Education is in [Master, Bachelor] and Satisfaction_with_the_doctors_response < 3.5  
- Aware_151 is Yes and Call_center_employee_communication_skills_evaluation < 2.5  
- Gender is Male and Satisfaction_with_the_doctors_response < 3.0  
- The_reason_of_the_call is in [Medical_Consultation, Complaints] and Call_center_employee_communication_skills_evaluation <= 3.0  

10 different conditions for class "1" (Satisfied):  
- Call_center_employee_communication_skills_evaluation >= 4.0  
- Satisfaction_with_the_doctors_response >= 4.0  
- The_reason_of_the_call is in [Vaccination, Inquiries, Inquiries_COVID19]  
- How_often_do_you_receive_call_center_news >= 4.0  
- Call_151 is No and The_reason_of_the_call is Complaints and Call_center_employee_communication_skills_evaluation >= 3.0  
- Gender is Female and Call_center_employee_communication_skills_evaluation >= 3.5  
- Age is in [18-24, 50-59, 60 and above] and Satisfaction_with_the_doctors_response >= 4.0  
- Aware_151 is No and Call_center_employee_communication_skills_evaluation >= 3.0  
- Education is in [High school, Less than high school] and Satisfaction_with_the_doctors_response >= 3.5  
- Nationality is Kuwaiti and Call_center_employee_communication_skills_evaluation >= 4.0  

---

These conditions are consistent with the given examples and common sense interpretations of the features’ effect on client satisfaction.

---DIVIDER---

Answer:  
Step 1. The relationship between each feature and the task description:

- Gender: Generally, gender alone may not strongly influence satisfaction, but cultural or communication style differences might exist.
- Age: Younger clients might have different expectations or tech-savviness affecting satisfaction.
- Education: Higher education might correlate with higher expectations or better understanding of services.
- Nationality: Local nationals (Kuwaiti) might have different levels of satisfaction compared to others due to familiarity or service expectations.
- Marital_Status: Possibly minor effect; married clients might have different concerns or patience levels.
- Governorate: Regional differences in service quality or access might influence satisfaction.
- Aware_151: Awareness of the service might increase satisfaction due to better understanding of the service.
- Call_151: Those who have called the service might have more direct experience influencing satisfaction.
- The_reason_of_the_call: Reason for calling (e.g., complaints vs. inquiries) likely strongly affects satisfaction.
- Call_center_employee_communication_skills_evaluation: Higher scores likely correlate positively with satisfaction.
- Satisfaction_with_the_doctors_response: Higher satisfaction with doctor’s response likely correlates positively with overall satisfaction.
- How_often_do_you_receive_call_center_news: Frequent updates might increase satisfaction by improving communication.

---

Step 2. Based on the above and the examples, conditions for each class:

10 different conditions for class "0" (Not satisfied):  
- Call_center_employee_communication_skills_evaluation <= 3.0  
- Satisfaction_with_the_doctors_response <= 3.0  
- The_reason_of_the_call is in [Vaccination, Medical_Consultation]  
- Call_151 is Yes  
- Aware_151 is Yes  
- How_often_do_you_receive_call_center_news < 3.0  
- Age is in [18-24, 25-29]  
- Education is in [Bachelor, Master]  
- Gender is Male  
- Nationality is Kuwaiti  

10 different conditions for class "1" (Satisfied):  
- Call_center_employee_communication_skills_evaluation >= 3.0  
- Satisfaction_with_the_doctors_response >= 3.0  
- The_reason_of_the_call is Complaints or Inquiries or Inquiries_COVID19  
- Call_151 is No  
- Aware_151 is No  
- How_often_do_you_receive_call_center_news >= 3.0  
- Age is in [18-24]  
- Education is in [High school, Less than high school]  
- Gender is Female  
- Nationality is Kuwaiti  

---

These conditions are consistent with the examples and general tendencies observed.

---DIVIDER---

Step 1. The relationship between each feature and the task description:

- Gender: Satisfaction may not strongly depend on gender; no clear tendency.
- Age: Younger clients may be less satisfied due to higher expectations or less patience.
- Education: Higher education might correlate with higher expectations, potentially lower satisfaction.
- Nationality: Kuwaiti clients might have different satisfaction levels than others due to cultural or service expectations.
- Marital_Status: Possibly minor effect; single clients may have different satisfaction patterns.
- Governorate: Regional differences in service quality or accessibility might affect satisfaction.
- Aware_151: Awareness of the service might increase satisfaction due to better understanding.
- Call_151: Those who called might have stronger opinions (positive or negative) about the service.
- The_reason_of_the_call: Complaints likely indicate dissatisfaction; Medical_Consultation and Vaccination may have higher satisfaction.
- Call_center_employee_communication_skills_evaluation: Higher rating likely correlates with higher satisfaction.
- Satisfaction_with_the_doctors_response: Higher satisfaction rating with doctors likely correlates strongly with overall satisfaction.
- How_often_do_you_receive_call_center_news: More frequent updates may increase satisfaction by keeping clients informed.

---

10 different conditions for class "0" (Not satisfied):

- Call_center_employee_communication_skills_evaluation <= 3.0
- Satisfaction_with_the_doctors_response <= 3.0
- The_reason_of_the_call is in [Complaints]
- Call_151 is Yes and Call_center_employee_communication_skills_evaluation < 3.0
- Gender is Male and Satisfaction_with_the_doctors_response < 3.5
- Age is in [18-24, 25-29] and Call_center_employee_communication_skills_evaluation < 3.0
- Education is in [Master, Bachelor] and Satisfaction_with_the_doctors_response < 3.0
- How_often_do_you_receive_call_center_news < 3.0
- Aware_151 is Yes and Satisfaction_with_the_doctors_response < 3.0
- Governorate is in [Mubarak AlKabir, Capital] and Call_center_employee_communication_skills_evaluation < 3.0

---

10 different conditions for class "1" (Satisfied):

- Call_center_employee_communication_skills_evaluation >= 4.0
- Satisfaction_with_the_doctors_response >= 4.0
- The_reason_of_the_call is in [Vaccination, Medical_Consultation, Inquiries, Inquiries_COVID19]
- Call_151 is No and Aware_151 is No
- Gender is Female and Satisfaction_with_the_doctors_response >= 3.5
- Age is in [18-24, 30-39] and Call_center_employee_communication_skills_evaluation >= 4.0
- Education is in [High school, Diploma, Less than high school] and Satisfaction_with_the_doctors_response >= 4.0
- How_often_do_you_receive_call_center_news >= 4.0
- Nationality is Kuwaiti and Call_center_employee_communication_skills_evaluation >= 4.0
- Marital_Status is Single and Satisfaction_with_the_doctors_response >= 4.0

---DIVIDER---

Answer:  
Step 1. The relationship between each feature and the task description:

- Gender: Satisfaction may not strongly depend on gender, but females might report higher satisfaction in some service contexts.  
- Age: Younger clients may have different expectations; older clients might be less critical or vice versa.  
- Education: Higher education might correlate with higher expectations, possibly lower satisfaction if expectations are unmet.  
- Nationality: Kuwaiti vs. Other nationality might affect satisfaction due to cultural or service familiarity differences.  
- Marital_Status: Possibly minor effect; single or married might have different communication needs or expectations.  
- Governorate: Regional differences might affect service quality perception or access, influencing satisfaction.  
- Aware_151: Awareness of the service might correlate with satisfaction as informed clients have clearer expectations.  
- Call_151: Clients who have actually called might have stronger opinions (positive or negative) than those who haven't.  
- The_reason_of_the_call: Reason influences satisfaction; complaints likely correlate with dissatisfaction, medical consultations might have higher satisfaction if resolved well.  
- Call_center_employee_communication_skills_evaluation: Higher ratings likely correlate strongly with satisfaction.  
- Satisfaction_with_the_doctors_response: Higher satisfaction with doctors' responses should strongly correlate with overall satisfaction.  
- How_often_do_you_receive_call_center_news: More frequent updates might increase satisfaction due to feeling informed.  

---

Step 2. Based on the examples and Step 1, 10 different conditions for each answer class:

10 different conditions for class "0" (Not satisfied):  
- Call_center_employee_communication_skills_evaluation <= 2.0  
- Satisfaction_with_the_doctors_response <= 2.0  
- The_reason_of_the_call is in [Complaints]  
- Call_151 is Yes and Satisfaction_with_the_doctors_response < 3.0  
- Aware_151 is Yes and Call_center_employee_communication_skills_evaluation < 2.5  
- How_often_do_you_receive_call_center_news <= 3.0  
- Education is in [Master, Bachelor] and Satisfaction_with_the_doctors_response < 3.0  
- Age is in [18-24, 25-29] and Call_center_employee_communication_skills_evaluation < 2.0  
- Gender is Male and The_reason_of_the_call is in [Vaccination, Medical_Consultation] and Satisfaction_with_the_doctors_response < 3.0  
- Nationality is Kuwaiti and Call_151 is Yes and Satisfaction_with_the_doctors_response < 2.5  

10 different conditions for class "1" (Satisfied):  
- Call_center_employee_communication_skills_evaluation >= 3.0  
- Satisfaction_with_the_doctors_response >= 3.0  
- The_reason_of_the_call is in [Vaccination, Medical_Consultation, Inquiries, Inquiries_COVID19]  
- Call_151 is No and The_reason_of_the_call is in [Complaints]  
- Aware_151 is No and Satisfaction_with_the_doctors_response >= 3.0  
- How_often_do_you_receive_call_center_news >= 4.0  
- Education is in [High school, Less than high school] and Call_center_employee_communication_skills_evaluation >= 3.0  
- Gender is Female and Call_center_employee_communication_skills_evaluation >= 3.0  
- Age is in [18-24, 30-39] and Satisfaction_with_the_doctors_response >= 3.0  
- Nationality is Kuwaiti and Marital_Status is Single and Satisfaction_with_the_doctors_response >= 3.0  

---

These conditions align with the examples given and the logical relationships inferred.

---DIVIDER---

Answer:  
Step 1. The relationship between each feature and the task description:  

- Gender: Gender itself is unlikely to directly influence satisfaction; no strong causal relationship expected.  
- Age: Younger clients may have different expectations and satisfaction levels than older clients; younger clients might be less satisfied if services don’t meet their expectations.  
- Education: Higher education might correlate with higher expectations and potentially lower satisfaction if expectations are unmet.  
- Nationality: Kuwaiti clients might have different satisfaction levels compared to other nationalities due to cultural or service familiarity.  
- Marital_Status: Possibly minor effect; single clients may have different satisfaction due to different interaction patterns or needs.  
- Governorate: Location might affect satisfaction due to service accessibility or regional differences in service quality.  
- Aware_151: Awareness of the service 151 might increase satisfaction as clients know what to expect.  
- Call_151: Clients who called 151 are likely more engaged and may have formed a stronger opinion on satisfaction.  
- The_reason_of_the_call: Reason for calling can strongly influence satisfaction; e.g., complaints likely correlate with dissatisfaction, whereas inquiries or vaccination might correlate with higher satisfaction.  
- Call_center_employee_communication_skills_evaluation: Higher ratings here should strongly correlate with higher satisfaction.  
- Satisfaction_with_the_doctors_response: Directly related to satisfaction; higher values indicate higher satisfaction.  
- How_often_do_you_receive_call_center_news: Frequent updates might increase satisfaction by keeping clients informed.  

---

Step 2. Based on the above and the examples, infer 10 different conditions per answer class:  

10 different conditions for class "0" (Not satisfied):  
- Call_center_employee_communication_skills_evaluation <= 3.0  
- Satisfaction_with_the_doctors_response <= 3.0  
- The_reason_of_the_call is in [Complaints]  
- Call_151 is Yes and Call_center_employee_communication_skills_evaluation < 3.0  
- How_often_do_you_receive_call_center_news < 3.0  
- Age is in [18-24, 25-29] and Satisfaction_with_the_doctors_response < 3.5  
- Education is in [Master, Bachelor] and Call_center_employee_communication_skills_evaluation < 3.5  
- Aware_151 is Yes and Satisfaction_with_the_doctors_response < 3.0  
- Gender is Male and Satisfaction_with_the_doctors_response < 3.0  
- The_reason_of_the_call is Medical_Consultation and Call_center_employee_communication_skills_evaluation < 3.5  

10 different conditions for class "1" (Satisfied):  
- Call_center_employee_communication_skills_evaluation >= 4.0  
- Satisfaction_with_the_doctors_response >= 4.0  
- The_reason_of_the_call is in [Vaccination, Inquiries, Inquiries_COVID19]  
- Call_151 is No and The_reason_of_the_call is Complaints and Satisfaction_with_the_doctors_response >= 3.0  
- How_often_do_you_receive_call_center_news >= 4.0  
- Age is in [18-24, 30-39] and Call_center_employee_communication_skills_evaluation >= 4.0  
- Education is in [High school, Diploma] and Satisfaction_with_the_doctors_response >= 3.5  
- Aware_151 is No and Satisfaction_with_the_doctors_response >= 3.0  
- Gender is Female and Call_center_employee_communication_skills_evaluation >= 4.0  
- The_reason_of_the_call is Complaints and Call_center_employee_communication_skills_evaluation >= 3.0 and Satisfaction_with_the_doctors_response >= 3.0