Answer:  
Step 1. The relationship between each feature and the task description:  
- Temperature: Higher temperatures often indicate overheating, which can increase the risk of machine failure.  
- Vibration: Elevated vibration levels usually signal mechanical issues or imbalance, increasing failure risk.  
- Power_Usage: Abnormal power consumption (too high or too low) can indicate malfunction or inefficiency, potentially signaling failure risk.  
- Humidity: High humidity might cause corrosion or electrical issues, raising failure risk, while low humidity is generally safer.  
- Machine_Type: Different machine types may have different normal operating ranges and failure patterns; some types might be more prone to failure under certain conditions.

---

10 different conditions for class "0":  
- Temperature is within range of [60, 80]  
- Vibration is within range of [45, 55]  
- Power_Usage is within range of [6, 12]  
- Humidity is within range of [23, 42]  
- Machine_Type is in [Lathe, Drill]  
- Temperature < 85  
- Vibration < 55  
- Power_Usage <= 11.5  
- Humidity <= 40  
- Machine_Type is Mill and Temperature < 85 and Vibration > 43  

10 different conditions for class "1":  
- Temperature >= 70  
- Vibration is within range of [43, 54]  
- Power_Usage >= 8  
- Humidity is within range of [29, 41]  
- Machine_Type is in [Mill, Lathe, Drill]  
- Temperature >= 85  
- Vibration <= 54  
- Power_Usage >= 9  
- Humidity >= 30  
- Machine_Type is Mill and Temperature >= 70 and Vibration >= 43 and Power_Usage >= 8  

---

These conditions reflect the tendency that higher temperature, moderate vibration, and higher power usage, especially in Mill machines, are associated with the risk of failure (class 1), while lower or moderate values in these features and Lathe or Drill machines are associated with no risk (class 0).

---DIVIDER---

Answer:  
Step 1. The relationship between each feature and the task description:

- Temperature: Higher temperatures in industrial machines often indicate overheating or stress, which can increase the risk of failure. Thus, higher temperature values tend to correlate with higher risk.
- Vibration: Excessive vibration usually signals mechanical issues or imbalance, increasing failure risk. However, moderate vibration might be normal. Lower vibration might indicate safer conditions.
- Power_Usage: Abnormal power usage (either too high or too low) can indicate malfunction or inefficiency, increasing failure risk. Normal or stable power usage suggests normal operation.
- Humidity: High humidity can cause corrosion or electrical issues, increasing failure risk; low to moderate humidity is safer.
- Machine_Type: Different machines may have different operating norms and failure modes. For example, Mills may be more prone to certain failures at specific operating conditions than Lathes or Drills.

---

10 different conditions for class "0" (machine NOT at risk of failure):  
- Temperature is within range of [60, 77]  
- Vibration is within range of [45, 55]  
- Power_Usage is within range of [6, 12]  
- Humidity is within range of [20, 35]  
- Machine_Type is in [Lathe, Drill]  
- Temperature < 78  
- Vibration <= 55  
- Power_Usage <= 12  
- Humidity < 40  
- Machine_Type is not Mill  

10 different conditions for class "1" (machine AT risk of failure):  
- Temperature >= 70  
- Vibration is within range of [43, 54]  
- Power_Usage >= 8  
- Humidity >= 30  
- Machine_Type is Mill  
- Temperature > 75  
- Vibration < 50  
- Power_Usage > 9  
- Humidity > 35  
- Machine_Type is in [Mill, Lathe, Drill] with Temperature > 70 and Power_Usage > 8  

---

Explanation:  
Class 0 examples mostly have temperatures below ~78, vibrations between 45-58, power usage mostly below 12, and humidity below 40, with many being Lathe or Drill. Class 1 examples tend to have temperature above 70, often above 75, power usage above 8-9, humidity above 30-35, and mostly are Mills or sometimes Lathes or Drills with higher temperature and power usage. Vibration for class 1 is somewhat lower or moderate (43-54), possibly indicating abnormal mechanical conditions.

---DIVIDER---

Answer:  
Step 1. The relationship between each feature and the task description:

- Temperature: Higher temperature often indicates overheating, which can signal risk of failure. So, higher temperature tends to increase failure risk.  
- Vibration: Increased vibration usually means mechanical issues or wear, so higher vibration tends to increase failure risk.  
- Power_Usage: Abnormal power usage (either too low or too high) can indicate malfunction or inefficiency, so deviation from normal ranges can indicate risk.  
- Humidity: High humidity can cause corrosion or electrical issues, increasing failure risk; low to moderate humidity is safer.  
- Machine_Type: Different machine types may have different baseline risk profiles; some machines may be more prone to failure under certain conditions.

---

Step 2. Based on examples and Step 1, infer 10 different conditions per answer class:

10 different conditions for class "0" (Not at risk):  
- Temperature < 80  
- Vibration < 55  
- Power_Usage is within range of [6, 12]  
- Humidity < 35  
- Machine_Type is in [Lathe, Drill]  
- Temperature is within range of [60, 70]  
- Vibration is within range of [45, 52]  
- Power_Usage < 12  
- Humidity is within range of [23, 33]  
- Machine_Type is Drill

10 different conditions for class "1" (At risk):  
- Temperature >= 70  
- Vibration >= 46  
- Power_Usage >= 8  
- Humidity >= 30  
- Machine_Type is Mill  
- Temperature is within range of [70, 87]  
- Vibration is within range of [43, 54]  
- Power_Usage is within range of [8, 14]  
- Humidity is within range of [29, 41]  
- Machine_Type is in [Mill, Lathe, Drill] with Temperature >= 70 and Vibration >= 46

---

These conditions summarize observed tendencies: lower temperature, vibration, and humidity with certain machine types tend toward no risk (0), while higher values and especially Mill machines tend toward risk (1).

---DIVIDER---

Answer:  
Step 1. The relationship between each feature and the task description:

- Temperature: Higher temperature often indicates overheating, which can increase the risk of machine failure. So higher temperature tends to correlate with higher risk (answer 1).  
- Vibration: Increased vibration usually signals mechanical issues or wear, so higher vibration levels tend to increase failure risk.  
- Power_Usage: Unusually high or low power usage can indicate a malfunction or inefficiency, so abnormal power usage (either too high or too low) may be linked to failure risk.  
- Humidity: High humidity can cause corrosion or electrical faults, increasing failure risk; low to moderate humidity is generally safer.  
- Machine_Type: Different machine types may have different baseline operating conditions and failure modes; some types may be more prone to failure under certain conditions.

---

Step 2. Based on the above and the examples given, here are inferred conditions:

10 different conditions for class "0" (Not at risk of failure):  
- Temperature is within range of [60, 80]  
- Vibration is within range of [45, 55]  
- Power_Usage is within range of [7, 12]  
- Humidity is within range of [25, 40]  
- Machine_Type is in [Drill]  
- Machine_Type is in [Lathe] and Power_Usage < 10  
- Temperature < 80 and Vibration < 55  
- Power_Usage < 12 and Humidity < 38  
- Temperature < 78 and Machine_Type is in [Mill]  
- Vibration < 55 and Machine_Type is in [Drill]

10 different conditions for class "1" (At risk of failure):  
- Temperature >= 72  
- Vibration > 49  
- Power_Usage > 10  
- Humidity > 30  
- Machine_Type is in [Mill] and Temperature >= 72  
- Machine_Type is in [Lathe] and Temperature >= 78  
- Power_Usage >= 9 and Vibration >= 46  
- Temperature >= 70 and Power_Usage >= 9  
- Humidity >= 30 and Power_Usage >= 10  
- Vibration >= 46 and Machine_Type is in [Lathe]

---

These conditions are consistent with the examples provided and the general tendencies of the features with respect to failure risk.

---DIVIDER---

Answer:  
Step 1. The relationship between each feature and the task description:

- Temperature: Higher temperatures generally indicate more stress or overheating, which can increase the risk of failure.
- Vibration: Higher vibration levels usually suggest mechanical issues or imbalance, increasing failure risk.
- Power_Usage: Abnormal power usage (either too high or too low) can indicate malfunction or inefficiency, potentially signaling failure risk.
- Humidity: High humidity in the operating environment might contribute to corrosion or electrical issues, increasing failure risk.
- Machine_Type: Different machine types may have different baseline risk profiles and operating ranges; some types may be more prone to failure under certain conditions.

---

10 different conditions for class "0" (No risk of failure):  
- Temperature is within range of [60, 80]  
- Vibration is within range of [45, 55]  
- Power_Usage is within range of [6, 12]  
- Humidity is within range of [20, 35]  
- Machine_Type is in [Mill, Lathe, Drill]  
- Temperature < 80  
- Vibration >= 45 and Vibration <= 55  
- Power_Usage <= 12  
- Humidity <= 35  
- Machine_Type is in [Drill] with Power_Usage >= 7 and Temperature < 70  

10 different conditions for class "1" (At risk of failure):  
- Temperature >= 70  
- Vibration < 45  
- Power_Usage is within range of [7, 15]  
- Humidity is within range of [30, 45]  
- Machine_Type is in [Mill, Lathe]  
- Temperature > 75  
- Vibration < 50  
- Power_Usage >= 8  
- Humidity >= 30  
- Machine_Type is in [Mill] with Temperature > 70 and Vibration < 50  

---

These conditions are derived from the examples and general relationships: failures tend to occur at higher temperatures, moderate to lower vibration (below 50), higher power usage, and moderate to high humidity, especially for Mill and Lathe machines. Conversely, no-risk cases generally have moderate temperature, vibration within a mid-range, and lower humidity.