Answer:  
Step 1. The relationship between each feature and the task description:

- Gender: Likely no direct strong effect on satisfaction; satisfaction is individual and not strongly gender-dependent.  
- Age: Younger clients (18-29) might be more satisfied or have different expectations than older clients.  
- Education: Higher education may correlate with higher expectations or better understanding of services, possibly influencing satisfaction.  
- Nationality: Kuwaiti vs. Other nationality might affect satisfaction due to different service experiences or expectations.  
- Marital_Status: Possibly minor effect; single or married clients may have different experience or expectations.  
- Governorate: Regional differences in service quality or access might affect satisfaction.  
- Aware_151: Awareness of service 151 might increase satisfaction as clients know what to expect.  
- Call_151: Having called the service may influence satisfaction directly based on experience.  
- The_reason_of_the_call: Reason for the call (Vaccination, Complaints, Inquiries, etc.) likely strongly influences satisfaction; complaint calls may be less satisfied.  
- Call_center_employee_communication_skills_evaluation: Higher communication skills rating likely correlates with higher satisfaction.  
- Satisfaction_with_the_doctors_response: Direct measure of satisfaction with doctor response; higher values indicate higher satisfaction.  
- How_often_do_you_receive_call_center_news: More frequent updates may increase satisfaction by keeping clients informed.

Step 2.  
10 different conditions for class "0" (Not satisfied):  
- Call_center_employee_communication_skills_evaluation <= 2.0  
- Satisfaction_with_the_doctors_response <= 2.0  
- The_reason_of_the_call is in [Vaccination, Inquiries, Complaints] (mostly Complaints or Vaccination with low satisfaction)  
- Call_151 is Yes and Satisfaction_with_the_doctors_response <= 2.0  
- Aware_151 is Yes and Call_center_employee_communication_skills_evaluation < 2.0  
- How_often_do_you_receive_call_center_news <= 2.0  
- Age is in [50-59, 60 and above]  
- Education is in [Diploma, High school, Less than high school] with low communication skill rating  
- Nationality is Kuwaiti and The_reason_of_the_call is Vaccination or Complaints with low satisfaction  
- Marital_Status is Married and Satisfaction_with_the_doctors_response <= 2.0  

10 different conditions for class "1" (Satisfied):  
- Call_center_employee_communication_skills_evaluation >= 3.0  
- Satisfaction_with_the_doctors_response >= 3.0  
- The_reason_of_the_call is Complaints but with high communication skills and doctor satisfaction (>=3.0)  
- Call_151 is No and Satisfaction_with_the_doctors_response >= 3.0  
- Aware_151 is No and Call_center_employee_communication_skills_evaluation >= 3.0  
- How_often_do_you_receive_call_center_news >= 2.0  
- Age is in [18-24, 25-29]  
- Education is Bachelor or higher with communication skill rating >= 3.0  
- Nationality is in [Unspecified, Other nationality] with satisfaction >= 3.0  
- Marital_Status is Single and Satisfaction_with_the_doctors_response >= 3.0

---DIVIDER---

Answer:  
Step 1. The relationship between each feature and the task description:

- Gender: Likely no strong direct influence on satisfaction, but possible subtle demographic trends.
- Age: Younger clients may have different expectations and satisfaction levels than older clients.
- Education: Higher education might correlate with higher expectations or better understanding, potentially affecting satisfaction.
- Nationality: Could influence satisfaction due to cultural or service expectations differences.
- Marital_Status: Possibly minor influence, e.g., married clients might have different service needs or expectations.
- Governorate: Regional differences in service quality or accessibility might affect satisfaction.
- Aware_151: Awareness of the service might correlate with satisfaction due to familiarity.
- Call_151: Having called the service before might influence satisfaction positively or negatively depending on experience.
- The_reason_of_the_call: Reason for calling (e.g., complaints vs inquiries) strongly influences satisfaction; complaints likely correlate with dissatisfaction.
- Call_center_employee_communication_skills_evaluation: Higher rating likely correlates with higher satisfaction.
- Satisfaction_with_the_doctors_response: Higher satisfaction rating with doctors likely correlates with overall satisfaction.
- How_often_do_you_receive_call_center_news: More frequent updates might increase satisfaction due to better information flow.

---

Step 2. Based on the above and the examples, inferred conditions:

10 different conditions for class "0" (client not satisfied):  
- The_reason_of_the_call is in [Complaints]  
- Call_center_employee_communication_skills_evaluation <= 3.0  
- Satisfaction_with_the_doctors_response <= 3.0  
- How_often_do_you_receive_call_center_news < 2.0  
- Call_151 is in [No]  
- Aware_151 is in [No]  
- Age is in [18-24, 30-39, 50-59] with low satisfaction scores  
- Education is in [Diploma, Bachelor] with low communication skills evaluation  
- Gender is in [Female] with low satisfaction and communication scores  
- Marital_Status is in [Single] with low satisfaction scores  

10 different conditions for class "1" (client satisfied):  
- The_reason_of_the_call is in [Inquiries, Inquiries_COVID19]  
- Call_center_employee_communication_skills_evaluation >= 3.0  
- Satisfaction_with_the_doctors_response >= 3.0  
- How_often_do_you_receive_call_center_news >= 2.0  
- Call_151 is in [No] with moderate to high satisfaction scores  
- Aware_151 is in [Yes]  
- Age is in [18-24, 25-29] with moderate to high satisfaction scores  
- Education is in [Bachelor, High school] with good communication skills evaluation  
- Nationality is in [Other nationality, Unspecified] with positive satisfaction  
- Gender is in [Male] with moderate to high satisfaction scores  

---

These conditions are consistent with the examples and reflect plausible causal or correlational relationships to satisfaction with call center work.

---DIVIDER---

Answer:  
Step 1. The relationship between each feature and the task description:

- Gender: Likely no strong direct effect on satisfaction, but possible demographic tendencies.
- Age: Younger clients might be more critical or less satisfied; older clients might be more tolerant or vice versa.
- Education: Higher education might correlate with higher expectations, possibly lower satisfaction.
- Nationality: Local clients (Kuwaiti) might have different expectations or experiences than others.
- Marital_Status: Possibly minor effect; single or married might differ in satisfaction due to different needs.
- Governorate: Regional differences might affect satisfaction due to service availability or quality.
- Aware_151: Awareness of the service might increase satisfaction due to better understanding.
- Call_151: Having called the service might influence satisfaction; those who called and had bad experience might be dissatisfied.
- The_reason_of_the_call: Complaints likely correlate with dissatisfaction; inquiries or vaccination might correlate with satisfaction.
- Call_center_employee_communication_skills_evaluation: Higher evaluation likely correlates strongly with satisfaction.
- Satisfaction_with_the_doctors_response: Higher satisfaction with doctors likely correlates with overall satisfaction.
- How_often_do_you_receive_call_center_news: Frequent updates might increase satisfaction by keeping clients informed.

---

Step 2. Based on examples and Step 1, conditions for each class:

10 different conditions for class "0" (Not satisfied):  
- The_reason_of_the_call is Complaints  
- Call_center_employee_communication_skills_evaluation <= 3.0  
- Satisfaction_with_the_doctors_response <= 3.0  
- Call_151 is No  
- Aware_151 is No  
- How_often_do_you_receive_call_center_news <= 2.3  
- Nationality is Kuwaiti  
- Age is in [18-24, 30-39, 50-59]  
- Marital_Status is in [Single, Married]  
- Governorate is in [Farwaniya, Jahra, Mubarak AlKabir]  

10 different conditions for class "1" (Satisfied):  
- Call_center_employee_communication_skills_evaluation > 3.0  
- Satisfaction_with_the_doctors_response > 3.0  
- How_often_do_you_receive_call_center_news > 2.5  
- The_reason_of_the_call is in [Inquiries, Inquiries_COVID19, Vaccination]  
- Call_151 is Yes or No with high communication skills evaluation  
- Aware_151 is Yes  
- Age is in [18-24, 25-29]  
- Nationality is in [Unspecified, Other nationality]  
- Marital_Status is Single  
- Governorate is in [Jahra, Mubarak AlKabir, Around]  

---

These conditions reflect the tendencies observed in the examples and general intuition about satisfaction with call center services.

---DIVIDER---

Answer:  
Step 1. The relationship between each feature and the task description:

- Gender: Likely no strong direct impact on satisfaction, but may reflect different communication preferences.
- Age: Younger clients might have different expectations or experiences compared to older clients.
- Education: Higher education might correlate with higher expectations or better understanding of services.
- Nationality: Non-Kuwaiti or unspecified nationality clients might have different satisfaction levels due to cultural or language differences.
- Marital_Status: Possibly affects expectations or communication style but less direct relation.
- Governorate: Regional differences might impact service quality or client perception.
- Aware_151: Awareness of the service might increase satisfaction due to better understanding.
- Call_151: Having called the service might correlate with satisfaction or dissatisfaction depending on experience.
- The_reason_of_the_call: Complaints likely correlate with dissatisfaction; inquiries or consultations might correlate with satisfaction.
- Call_center_employee_communication_skills_evaluation: Higher rating likely correlates with higher satisfaction.
- Satisfaction_with_the_doctors_response: Higher rating strongly correlates with satisfaction.
- How_often_do_you_receive_call_center_news: More frequent updates might correlate with higher satisfaction.

---

Step 2. 10 different conditions for class "0" (Not satisfied):

- The_reason_of_the_call is in [Complaints]
- Call_center_employee_communication_skills_evaluation <= 3.0
- Satisfaction_with_the_doctors_response <= 3.0
- How_often_do_you_receive_call_center_news < 2.0
- Aware_151 is in [No]
- Call_151 is in [No]
- Nationality is in [Kuwaiti]
- Age is in [18-24, 30-39, 50-59]
- Education is in [Bachelor, Diploma]
- Marital_Status is in [Married]

10 different conditions for class "1" (Satisfied):

- The_reason_of_the_call is in [Inquiries, Inquiries_COVID19, Medical_Consultation]
- Call_center_employee_communication_skills_evaluation >= 3.0
- Satisfaction_with_the_doctors_response >= 3.0
- How_often_do_you_receive_call_center_news >= 2.0
- Aware_151 is in [Yes]
- Call_151 is in [Yes, No]
- Nationality is in [Other nationality, Unspecified]
- Age is in [Under 18, 18-24, 25-29]
- Education is in [High school, Bachelor]
- Marital_Status is in [Single, Widow]

---

These conditions are consistent with the examples where dissatisfied clients mostly called with complaints, rated communication and satisfaction low, and were less aware or engaged, while satisfied clients had inquiries or consultations, rated communication and satisfaction higher, and were more aware or engaged.

---DIVIDER---

Answer:  
Step 1. The relationship between each feature and the task description:

- Gender: Generally unlikely to have a strong direct effect on satisfaction; may have minor tendencies.
- Age: Younger clients might be more forgiving or have different expectations; older clients might be more critical.
- Education: Higher education might correlate with higher expectations and potentially lower satisfaction.
- Nationality: Local clients (Kuwaiti) might have different expectations or experiences than others.
- Marital_Status: Possibly minor influence; single or married might have different perspectives on service.
- Governorate: Regional differences in service quality or access might affect satisfaction.
- Aware_151: Awareness of the service might influence satisfaction positively.
- Call_151: Whether the client has actually called the service might influence satisfaction; those who never called might be less satisfied or have no basis for satisfaction.
- The_reason_of_the_call: Complaints likely correlate with dissatisfaction; inquiries or vaccination calls might correlate with satisfaction.
- Call_center_employee_communication_skills_evaluation: Higher ratings likely correlate strongly with satisfaction.
- Satisfaction_with_the_doctors_response: Higher ratings strongly correlate with satisfaction.
- How_often_do_you_receive_call_center_news: More frequent updates might correlate with higher satisfaction or awareness.

---

Step 2. 10 different conditions for class "0" (client NOT satisfied):

- The_reason_of_the_call is in [Complaints]
- Call_center_employee_communication_skills_evaluation <= 3.0
- Satisfaction_with_the_doctors_response <= 3.0
- Call_151 is in [No]
- Gender is in [Female]
- Age is in [50-59, 60 and above]
- Aware_151 is in [Yes]
- Education is in [Bachelor, Diploma]
- How_often_do_you_receive_call_center_news <= 2.3
- The_reason_of_the_call is in [Vaccination]

---

10 different conditions for class "1" (client satisfied):

- The_reason_of_the_call is in [Complaints, Inquiries_COVID19, Inquiries]
- Call_center_employee_communication_skills_evaluation >= 3.0
- Satisfaction_with_the_doctors_response >= 3.0
- Call_151 is in [No]
- Age is in [18-24, 25-29]
- Nationality is in [Unspecified, Other nationality]
- How_often_do_you_receive_call_center_news >= 2.5
- Gender is in [Male]
- Education is in [High school, Bachelor]
- The_reason_of_the_call is in [Inquiries_COVID19]

---

These conditions are derived from the examples and the general tendencies observed, where low communication skills and satisfaction ratings correlate with dissatisfaction (class 0), and higher ratings combined with certain call reasons and demographics correlate with satisfaction (class 1).