Answer:  
Step 1. The relationship between each feature and the task description:

- Temperature: Higher temperatures in industrial machines generally increase the risk of failure due to overheating or component stress. So higher temperature tends to increase failure risk.
- Vibration: Elevated vibration levels often indicate mechanical issues or imbalance, increasing the failure risk. Higher vibration → higher risk.
- Power_Usage: Unusually high or low power consumption can signal malfunction or inefficiency. However, moderate to high power usage might be normal depending on machine type. Sudden deviations or certain ranges may indicate risk.
- Humidity: High humidity can cause corrosion or electrical issues, increasing failure risk. So higher humidity → higher risk.
- Machine_Type: Different machines have different operational tolerances and failure modes. Some types may be more prone to failure under certain conditions.

---

Step 2. Based on examples and above reasoning, infer 10 different conditions per class.

10 different conditions for class "0" (Not at risk of failure):  
- Temperature is within range [57, 70]  
- Vibration is within range [48, 56]  
- Power_Usage (<) 10  
- Humidity is within range [20, 30]  
- Machine_Type is in [Lathe, Drill]  
- Temperature (<) 80  
- Vibration (<=) 56  
- Power_Usage is within range [6, 9]  
- Humidity (<) 33  
- Machine_Type is Drill and Temperature (<) 85  

10 different conditions for class "1" (At risk of failure):  
- Temperature (>=) 60 and Temperature (<=) 90  
- Vibration is within range [49, 57]  
- Power_Usage (>=) 8 and Power_Usage (<=) 11  
- Humidity (>=) 26  
- Machine_Type is in [Mill, Lathe]  
- Temperature (>=) 70  
- Vibration (>=) 50  
- Power_Usage (>=) 9  
- Humidity is within range [30, 40]  
- Machine_Type is Mill and Humidity (>=) 30  

---

These conditions reflect the observed data patterns where class "1" (risk) mostly occurs with moderately high temperature, vibration around 50+, power usage near 9-11, higher humidity, and mostly Mill or Lathe machines. Class "0" tends to have lower temperature, vibration under ~56, lower power usage, and mostly Drill or Lathe with lower humidity.

---DIVIDER---

Answer:  
Step 1. The relationship between each feature and the task description:

- Temperature: Higher temperature generally indicates more stress on the machine and higher risk of failure. Machines running at elevated temperatures are more prone to failure.
- Vibration: Higher vibration levels usually signal mechanical issues or wear, increasing failure risk.
- Power_Usage: Abnormal power consumption (either too high or too low) can indicate malfunction or inefficiency, potentially signaling risk.
- Humidity: High humidity can contribute to corrosion or electrical issues, increasing failure probability.
- Machine_Type: Different machine types may have different baseline operating ranges and failure modes; some types might be more prone to failure under certain conditions.

Step 2. Based on the examples and Step 1, inferred conditions for each class:

10 different conditions for class "0" (No risk of failure):  
- Temperature is within range of [55, 75]  
- Vibration is within range of [48, 57]  
- Power_Usage is within range of [6, 12]  
- Humidity is within range of [20, 32]  
- Machine_Type is in [Mill, Drill, Lathe]  
- Temperature < 80  
- Vibration <= 60  
- Power_Usage <= 12.5  
- Humidity < 35  
- Temperature is within range of [57, 77] and Vibration is within range of [48, 57]

10 different conditions for class "1" (At risk of failure):  
- Temperature is within range of [59, 90]  
- Vibration is within range of [49, 57]  
- Power_Usage is within range of [8, 11]  
- Humidity is within range of [26, 39]  
- Machine_Type is in [Mill, Lathe, Drill]  
- Temperature >= 59  
- Vibration >= 49  
- Power_Usage >= 8  
- Humidity >= 26  
- Temperature >= 70 and Power_Usage >= 9 and Humidity >= 30

---

Notes:  
- The ranges overlap because some borderline cases exist, but generally higher temperature, moderate to high vibration, moderate to high power usage, and higher humidity correlate with risk.  
- Machine_Type alone is not a strong separator but included for completeness.  
- Conditions combine to reflect the tendencies observed in the examples.

---DIVIDER---

Answer:  
Step 1. The relationship between each feature and the task description:

- Temperature: Higher temperature often indicates overheating or stress in the machine, which can increase the risk of failure.  
- Vibration: Excessive vibration usually points to mechanical issues or imbalance, increasing failure risk.  
- Power_Usage: Abnormal power usage (too high or too low) can signal malfunction or inefficiency, correlating with failure risk.  
- Humidity: High humidity in the environment can cause corrosion or electrical issues, raising failure risk.  
- Machine_Type: Different types of machines have different operational tolerances and failure modes; thus, risk thresholds may vary by type.

---

Step 2. Based on the above and the examples, here are 10 different conditions per answer class:

10 different conditions for class "0" (No risk of failure):  
- Temperature is within range of [57, 85]  
- Vibration is within range of [48, 56]  
- Power_Usage is within range of [6, 12]  
- Humidity is within range of [20, 33]  
- Machine_Type is in [Drill, Lathe]  
- Temperature < 85  
- Vibration <= 56  
- Power_Usage <= 12  
- Humidity < 35  
- Machine_Type is Drill and Vibration < 56  

10 different conditions for class "1" (At risk of failure):  
- Temperature >= 69  
- Vibration >= 49  
- Power_Usage >= 8  
- Humidity >= 27  
- Machine_Type is in [Mill, Lathe]  
- Temperature > 70  
- Vibration > 50  
- Power_Usage > 9  
- Humidity > 30  
- Machine_Type is Mill and Temperature > 70  

---

These conditions reflect observed thresholds and machine types linked to risk or no risk in the provided examples.

---DIVIDER---

Answer:  
Step 1. The relationship between each feature and the task description:

- Temperature: Higher temperature often indicates overheating or stress, which can increase the risk of machine failure.  
- Vibration: Elevated vibration levels can signal mechanical issues or wear, increasing failure risk.  
- Power_Usage: Abnormal power consumption (either too high or too low) may indicate malfunction or inefficiency, linked to failure risk.  
- Humidity: Higher humidity can cause corrosion or electrical issues, potentially increasing failure risk.  
- Machine_Type: Different machine types may have different normal operating ranges and failure modes, affecting risk assessment.

---

Step 2. Based on Step 1 and the examples, infer 10 different conditions per answer class:

10 different conditions for class "0":  
- Temperature < 80  
- Vibration > 48 and Vibration < 57  
- Power_Usage < 12  
- Humidity < 33  
- Machine_Type is in [Drill, Lathe]  
- Temperature is within range [55, 85]  
- Power_Usage is within range [6, 12]  
- Humidity is within range [20, 33]  
- Vibration is within range [48, 57]  
- Machine_Type is Drill and Power_Usage < 12  

10 different conditions for class "1":  
- Humidity > 30  
- Power_Usage >= 8.4 and Power_Usage <= 11  
- Temperature >= 64  
- Machine_Type is Mill or Lathe  
- Vibration is within range [49, 57]  
- Temperature is within range [64, 90]  
- Power_Usage is within range [8.4, 11]  
- Humidity is within range [26, 38]  
- Machine_Type is Mill and Temperature >= 64  
- Machine_Type is Lathe and Humidity > 30

---DIVIDER---

Answer:  
Step 1. The relationship between each feature and the task description:

- Temperature: Higher temperatures often indicate overheating or stress, which can increase the risk of failure.  
- Vibration: Increased vibration generally signals mechanical issues or wear, raising failure risk.  
- Power_Usage: Abnormal power consumption (too high or too low) can indicate malfunction or inefficiency, possibly signaling risk.  
- Humidity: High humidity can cause corrosion or electrical issues, increasing failure risk; very low humidity might be less risky.  
- Machine_Type: Different machine types may have different baseline operating conditions and failure modes, affecting risk assessment.

---

Step 2. Based on the examples and Step 1, infer 10 different conditions per answer class:

10 different conditions for class "0":  
- Temperature < 85  
- Vibration > 55  
- Power_Usage < 12  
- Humidity is within range of [20, 35]  
- Machine_Type is in [Drill]  
- Temperature is within range of [57, 75]  
- Vibration is within range of [48, 56]  
- Power_Usage is within range of [6, 10]  
- Humidity < 33  
- Machine_Type is in [Lathe, Drill, Mill] and Temperature < 80

10 different conditions for class "1":  
- Temperature >= 69  
- Vibration < 53  
- Power_Usage >= 8.4  
- Humidity > 26  
- Machine_Type is in [Mill, Lathe]  
- Temperature is within range of [60, 89]  
- Vibration is within range of [49, 52]  
- Power_Usage is within range of [8.4, 11]  
- Humidity is within range of [27, 39]  
- Machine_Type is Mill and Temperature > 69 and Vibration < 57

---

These conditions reflect the patterns observed:  
- Class 0 (No risk) tends to have higher vibration but lower temperature and power usage within moderate ranges, often associated with Drill machines.  
- Class 1 (At risk) tends to have moderate to high temperature, lower vibration, higher power usage, and higher humidity, often associated with Mill and Lathe machines.