Answer:  
Step 1. The relationship between each feature and the task description:

- **social_connection_frequency**: Higher frequency (Daily, Weekly) likely indicates maintaining frequent contact, which supports long-distance friendships through calls; lower frequency (Monthly, Never) suggests less maintenance.  
- **gathering_size_preference**: Preference for small gatherings or both may reflect closer, more personal connections, possibly supporting long-distance friendships; preference for large events or never may indicate less intimate or less frequent interactions.  
- **valued_friendship_traits**: Valuing traits like Loyalty, Support, or All (including trust and understanding) may indicate stronger effort to maintain friendships; Honesty alone may be less indicative of active maintenance.  
- **conflict_resolution_style**: Active styles like "Talk it out" or "Apologize first" suggest engagement and communication, which supports maintaining friendships; passive styles like "Avoid conflict" or "Let time fix it" may indicate less active communication.  
- **family_support_level**: Higher family support (Yes, Sometimes) may correlate with better social skills and motivation to maintain friendships; No or Never might indicate less social support overall.  
- **social_battery_recharge**: Recharging by "Talking to someone" suggests sociability and communication preference, supporting maintenance of friendships; "Alone time" or "Social media" may indicate less direct communication or preference for less personal contact.  
- **social_orientation_type**: Extroverts and Ambiverts are more likely to maintain friendships through calls; Introverts or Not sure may do so less.  
- **social_anxiety_level**: "Excited" or "Neutral" suggests comfort with social interaction, supporting maintenance; "Avoid it" or "Nervous" suggests less likelihood.  
- **emotional_expression_method**: "Talk openly" or "Express emotion strongly" indicates willingness to communicate and maintain relationships; "Stay silent" or "Other" may indicate less communication.  
- **primary_anger_sources**: Triggers like "Being interrupted" or "Unnecessary criticism" may cause social friction, potentially reducing maintenance; "Injustice" or "Selfishness" may be less directly related.

---

Step 2. Based on the above analysis and examples, infer 10 different conditions per answer class:

10 different conditions for class "0" (does NOT maintain long-distance friendships through calls):  
- social_connection_frequency is in [Monthly, Never]  
- gathering_size_preference is in [Large events, Never]  
- valued_friendship_traits is in [Honesty]  
- conflict_resolution_style is in [Avoid conflict, Let time fix it]  
- family_support_level is in [No, Never]  
- social_battery_recharge is in [Social media]  
- social_orientation_type is in [Introvert, Not sure]  
- social_anxiety_level is in [Nervous, Avoid it]  
- emotional_expression_method is in [Stay silent, Other]  
- primary_anger_sources is in [Being interrupted, Unnecessary criticism]  

10 different conditions for class "1" (does maintain long-distance friendships through calls):  
- social_connection_frequency is in [Daily, Weekly]  
- gathering_size_preference is in [Small gatherings, Both]  
- valued_friendship_traits is in [Loyalty, Support, All, All the three and trust, Understanding person]  
- conflict_resolution_style is in [Talk it out, Apologize first]  
- family_support_level is in [Yes, Sometimes]  
- social_battery_recharge is in [Talking to someone, Alone time]  
- social_orientation_type is in [Extrovert, Ambivert]  
- social_anxiety_level is in [Excited, Neutral]  
- emotional_expression_method is in [Talk openly, Express emotion strongly]  
- primary_anger_sources is in [Injustice, Selfishness]

---DIVIDER---

Answer:

Step 1. The relationship between each feature and the task description:

- **social_connection_frequency**: Higher frequency (Daily, Weekly) likely indicates maintaining long-distance friendships through calls; lower frequency (Monthly, Never) suggests less likely.
- **gathering_size_preference**: Preference for both or small gatherings may indicate closer, more personal connections, possibly maintained through calls; preference for large events or never may indicate less frequent personal contact.
- **valued_friendship_traits**: Valuing honesty, loyalty, support, or all traits may correlate with maintaining friendships actively; valuing less or fewer traits may indicate less engagement.
- **conflict_resolution_style**: Active styles like "Talk it out" or "Apologize first" may reflect better communication, possibly including calls; passive styles like "Avoid conflict" or "Let time fix it" may indicate less direct contact.
- **family_support_level**: Higher family support (Yes, Sometimes) may correlate with better social skills or support networks, possibly maintaining friendships; No or Never may indicate isolation.
- **social_battery_recharge**: Recharging by "Talking to someone" suggests social engagement and communication, possibly through calls; "Alone time" or "Social media" may indicate less direct verbal contact.
- **social_orientation_type**: Extroverts and ambiverts are more likely to maintain friendships actively through calls; introverts or unsure types may be less likely.
- **social_anxiety_level**: Being "Excited" or "Neutral" about social interaction suggests more engagement; "Avoid it" or "Nervous" suggests less likely to maintain through calls.
- **emotional_expression_method**: "Talk openly" or "Express emotion strongly" implies active communication, possibly via calls; "Stay silent" or "Other" suggests less verbal contact.
- **primary_anger_sources**: Triggers like "Being interrupted" or "Unnecessary criticism" may affect communication quality but have less direct link to maintaining friendships through calls.

---

Step 2. Based on the above and examples, infer 10 different conditions per answer class:

10 different conditions for class "0" (Does NOT maintain long-distance friendships through calls):

- social_connection_frequency is in [Monthly, Never]
- gathering_size_preference is in [Large events, Never]
- valued_friendship_traits is in [Loyalty, Honesty]
- conflict_resolution_style is in [Avoid conflict, Let time fix it]
- family_support_level is in [No, Never]
- social_battery_recharge is in [Social media]
- social_orientation_type is in [Extrovert, Introvert]
- social_anxiety_level is in [Nervous, Avoid it]
- emotional_expression_method is in [Stay silent, Other]
- primary_anger_sources is in [Being interrupted, Unnecessary criticism]

10 different conditions for class "1" (Does maintain long-distance friendships through calls):

- social_connection_frequency is in [Daily, Weekly]
- gathering_size_preference is in [Small gatherings, Both]
- valued_friendship_traits is in [Honesty, Support, All, All the three and trust, Understanding person]
- conflict_resolution_style is in [Talk it out, Apologize first]
- family_support_level is in [Yes, Sometimes]
- social_battery_recharge is in [Talking to someone, Alone time]
- social_orientation_type is in [Extrovert, Ambivert]
- social_anxiety_level is in [Excited, Neutral]
- emotional_expression_method is in [Talk openly, Express emotion strongly]
- primary_anger_sources is in [Selfishness, Injustice]

---DIVIDER---

Step 1. The relationship between each feature and the task description:

- **social_connection_frequency**: Higher frequency (Daily, Weekly) likely indicates maintaining friendships through calls; lower frequency (Monthly, Never) suggests less maintenance.
- **gathering_size_preference**: Preference for small gatherings or both may indicate closer, more personal connections, facilitating calls; preference for large events or never may indicate less intimate contact.
- **valued_friendship_traits**: Valuing Loyalty, Support, or All traits suggests strong motivation to maintain friendships, possibly through calls.
- **conflict_resolution_style**: Active styles like "Talk it out" or "Apologize first" suggest willingness to communicate, which supports maintaining friendships by calls; passive styles like "Avoid conflict" or "Let time fix it" may reduce communication frequency.
- **family_support_level**: Higher family support (Yes, Sometimes) may correlate with social support networks and more social communication; no or never may correlate with less social interaction.
- **social_battery_recharge**: Preferring "Talking to someone" suggests social engagement and communication, supporting long-distance calls; "Alone time" or "Social media" may indicate less direct communication.
- **social_orientation_type**: Extroverts and Ambiverts are more likely to maintain social ties actively, including calls; Introverts may do so less frequently.
- **social_anxiety_level**: Being "Excited" or "Neutral" about social interaction supports maintaining calls; "Avoid it" or "Nervous" suggests less communication.
- **emotional_expression_method**: "Talk openly" or "Express emotion strongly" indicates comfort with communication, supporting calls; "Stay silent" or "Other" may indicate less communication.
- **primary_anger_sources**: Less relevant directly; however, triggers like "Being interrupted" or "Unnecessary criticism" may affect communication style but do not strongly predict call maintenance.

---

Step 2. Based on the above and examples:

10 different conditions for class "0" (does NOT maintain long-distance friendships through calls):
- social_connection_frequency is in [Monthly, Never]
- gathering_size_preference is in [Large events, Never]
- valued_friendship_traits is in [Loyalty, Honesty]
- conflict_resolution_style is in [Avoid conflict, Let time fix it]
- family_support_level is in [No, Never]
- social_battery_recharge is in [Social media]
- social_orientation_type is in [Extrovert] (when combined with other negative factors)
- social_anxiety_level is in [Nervous]
- emotional_expression_method is in [Stay silent]
- primary_anger_sources is in [Being interrupted, Unnecessary criticism]

10 different conditions for class "1" (does maintain long-distance friendships through calls):
- social_connection_frequency is in [Daily, Weekly]
- gathering_size_preference is in [Small gatherings, Both]
- valued_friendship_traits is in [Honesty, Support, All, All the three and trust, Understanding person]
- conflict_resolution_style is in [Talk it out, Apologize first]
- family_support_level is in [Yes, Sometimes]
- social_battery_recharge is in [Talking to someone, Alone time]
- social_orientation_type is in [Extrovert, Ambivert]
- social_anxiety_level is in [Excited, Neutral]
- emotional_expression_method is in [Talk openly, Express emotion strongly]
- primary_anger_sources is in [Selfishness, Injustice]

---

These conditions reflect tendencies from the examples and general social behavior patterns regarding maintaining long-distance friendships through calls.

---DIVIDER---

Answer:  
Step 1. The relationship between each feature and the task description:

- **social_connection_frequency**: Higher frequency (Daily, Weekly) suggests more active maintenance of friendships, including long-distance calls; lower frequency (Monthly, Never) suggests less maintenance.  
- **gathering_size_preference**: Preference for small gatherings or both might indicate closer, more intimate relationships, possibly more effort to maintain friendships; preference for large events or never may indicate less personal connection or less frequent contact.  
- **valued_friendship_traits**: Valuing loyalty, support, or honesty strongly may motivate maintaining friendships actively, including long-distance calls. Vague or mixed values may be less indicative.  
- **conflict_resolution_style**: Those who prefer to "Talk it out" or "Apologize first" may be more communicative and thus more likely to maintain friendships through calls. Avoiding conflict or "Let time fix it" might indicate less active communication.  
- **family_support_level**: Higher family support (Yes, Sometimes) may correlate with better social skills or motivation to maintain friendships; no or never may correlate with less social engagement.  
- **social_battery_recharge**: Preferring "Talking to someone" suggests sociability and willingness to engage in calls; "Alone time" or "Social media" may indicate less direct communication.  
- **social_orientation_type**: Extroverts and ambiverts are more likely to maintain friendships actively; introverts may be less likely to engage in frequent calls.  
- **social_anxiety_level**: Being excited or neutral suggests comfort with social interaction and calls; nervous or avoid it suggests less likelihood of maintaining friendships through calls.  
- **emotional_expression_method**: "Talk openly" or "Express emotion strongly" suggests willingness to communicate and maintain friendships actively; "Stay silent" or "Other" suggests less communication.  
- **primary_anger_sources**: Less directly related, but triggers like "Being interrupted" or "Unnecessary criticism" may affect communication style; not strongly indicative alone.

---

Step 2. Based on the above analysis and examples, infer 10 different conditions per answer class:

10 different conditions for class "0":  
- social_connection_frequency is in [Monthly, Never]  
- gathering_size_preference is in [Large events, Never]  
- valued_friendship_traits is in [Honesty]  
- conflict_resolution_style is in [Avoid conflict, Let time fix it]  
- family_support_level is in [No, Never]  
- social_battery_recharge is in [Social media]  
- social_orientation_type is in [Extrovert] (with other conditions)  
- social_anxiety_level is in [Nervous]  
- emotional_expression_method is in [Stay silent]  
- primary_anger_sources is in [Unnecessary criticism]  

10 different conditions for class "1":  
- social_connection_frequency is in [Daily, Weekly]  
- gathering_size_preference is in [Small gatherings, Both]  
- valued_friendship_traits is in [Loyalty, Support, All]  
- conflict_resolution_style is in [Talk it out, Apologize first]  
- family_support_level is in [Yes, Sometimes]  
- social_battery_recharge is in [Talking to someone, Alone time]  
- social_orientation_type is in [Introvert, Ambivert, Extrovert] (with other conditions)  
- social_anxiety_level is in [Excited, Neutral]  
- emotional_expression_method is in [Talk openly, Express emotion strongly]  
- primary_anger_sources is in [Being interrupted, Injustice, Selfishness]  

---

This set of conditions aligns with the examples and the logical relationships between features and maintaining long-distance friendships through calls.

---DIVIDER---

Step 1. The relationship between each feature and the task description:

- social_connection_frequency: Higher frequency (Daily, Weekly) likely indicates maintaining long-distance friendships through calls; lower frequency (Monthly, Never) likely indicates not maintaining such friendships.
- gathering_size_preference: Preference for Small gatherings or Both may indicate closer, more personal connections compatible with maintaining long-distance friendships; preference for Large events or Never may indicate less personal connection.
- valued_friendship_traits: Valuing Loyalty, Support, or All traits suggests commitment to maintaining friendships, possibly including long-distance; Honesty alone may not imply active maintenance.
- conflict_resolution_style: "Talk it out" or "Apologize first" suggests active communication, supporting maintaining long-distance friendships; "Avoid conflict" or "Let time fix it" suggests less active communication.
- family_support_level: Higher family support (Yes, Sometimes) may correlate with better social support and thus maintaining friendships; No or Never may correlate with less social maintenance.
- social_battery_recharge: "Talking to someone" indicates social engagement preference, supporting maintaining friendships; "Alone time" or "Social media" may indicate less direct communication.
- social_orientation_type: Extroverts and Ambiverts are more likely to maintain active social connections including long-distance calls; Introverts or Not sure may be less likely.
- social_anxiety_level: "Excited" or "Neutral" suggests comfort with social interaction; "Nervous" or "Avoid it" suggests less likelihood of maintaining long-distance friendships through calls.
- emotional_expression_method: "Talk openly" or "Express emotion strongly" indicates active communication; "Stay silent" or "Other" indicates less communication.
- primary_anger_sources: Less directly related but triggers like "Injustice" or "Being interrupted" may correlate with communication styles.

---

Step 2. Conditions for each answer class based on examples and Step 1.

10 different conditions for class "0" (Does NOT maintain long-distance friendships through calls):

- social_connection_frequency is in [Monthly, Never]
- gathering_size_preference is in [Large events, Never]
- valued_friendship_traits is in [Honesty]
- conflict_resolution_style is in [Avoid conflict, Let time fix it]
- family_support_level is in [No, Never]
- social_battery_recharge is in [Social media]
- social_orientation_type is in [Extrovert] (note: examples show extroverts with low connection frequency can be 0)
- social_anxiety_level is in [Nervous, Avoid it]
- emotional_expression_method is in [Stay silent]
- primary_anger_sources is in [Being interrupted, Unnecessary criticism]

---

10 different conditions for class "1" (Does maintain long-distance friendships through calls):

- social_connection_frequency is in [Daily, Weekly]
- gathering_size_preference is in [Small gatherings, Both]
- valued_friendship_traits is in [Loyalty, Support, All, All the three and trust, Understanding person]
- conflict_resolution_style is in [Talk it out, Apologize first]
- family_support_level is in [Yes, Sometimes]
- social_battery_recharge is in [Talking to someone, Alone time]
- social_orientation_type is in [Introvert, Ambivert, Extrovert]
- social_anxiety_level is in [Excited, Neutral]
- emotional_expression_method is in [Talk openly, Express emotion strongly]
- primary_anger_sources is in [Injustice, Selfishness]

---

This set of conditions aligns with the examples and general knowledge about social behavior and communication.