Answer:  
Step 1. The relationship between each feature and the task description:

- Occupation before latest pregnancy: Certain occupations may relate to stress or social support; e.g., students or doctors might have higher stress or awareness, housewives might have different social support dynamics.
- Age of immediate older children: Having older children might reduce or increase stress depending on their age; newborn-focused stress might be less if older children are older or none.
- Relax/sleep when newborn is tended: Inability to relax or sleep when newborn is tended likely increases risk of postpartum depression.
- Mode of delivery: Caesarean section might be associated with higher risk due to physical recovery or complications.
- Relationship with husband: Poor or bad relationship likely increases risk of postpartum depression; good or friendly reduces risk.
- Birth compliancy: Complications during birth can increase risk of postpartum depression.
- Disease before pregnancy: Chronic disease or any disease before pregnancy may increase risk due to health burden.
- Abuse: Experience of abuse strongly increases risk of postpartum depression.
- Fear of pregnancy: Fear or anxiety related to pregnancy increases risk.
- Age of newborn: Very young newborns (0 to 6 months) might be associated with higher risk as postpartum depression usually manifests early.

Step 2. Based on Step 1 and examples, infer 10 different conditions per answer class:

10 different conditions for class "0" (No postpartum depression):
- Relax/sleep when newborn is tended is Yes
- Relationship with husband is Good or Friendly
- Abuse is Yes (but other conditions are positive, e.g., good relationship, no fear)
- Fear of pregnancy is No
- Birth compliancy is No
- Disease before pregnancy is No or Non-Chronic Disease
- Age of newborn is Older than 1.5 year or 6 months to 1 year
- Occupation before latest pregnancy is Housewife or Service or Other or Business
- Age of immediate older children is 1yr to 3yr or 4yr to 6yr or 7yr to 12yr or 13yr or more or No
- Mode of delivery is Caesarean Section or Normal Delivery (no strong exclusive effect)

10 different conditions for class "1" (Yes postpartum depression):
- Relax/sleep when newborn is tended is No
- Relationship with husband is Bad or Neutral
- Abuse is No
- Fear of pregnancy is Yes
- Birth compliancy is Yes or No (both appear but often Yes)
- Disease before pregnancy is Chronic Disease or No
- Age of newborn is 0 to 6 months or 1 year to 1.5 year
- Occupation before latest pregnancy is Student or Doctor or Housewife
- Age of immediate older children is No (no older children)
- Mode of delivery is Caesarean Section or Normal Delivery (no strong exclusive effect)

---

Summary of conditions:

10 different conditions for class "0":
- Relax/sleep when newborn is tended is Yes
- Relationship with husband is Good
- Relationship with husband is Friendly
- Fear of pregnancy is No
- Birth compliancy is No
- Disease before pregnancy is No
- Disease before pregnancy is Non-Chronic Disease
- Age of newborn is Older than 1.5 year
- Occupation before latest pregnancy is Housewife
- Age of immediate older children is 4yr to 6yr

10 different conditions for class "1":
- Relax/sleep when newborn is tended is No
- Relationship with husband is Bad
- Relationship with husband is Neutral
- Fear of pregnancy is Yes
- Abuse is No
- Age of newborn is 0 to 6 months
- Occupation before latest pregnancy is Student
- Occupation before latest pregnancy is Doctor
- Age of immediate older children is No
- Birth compliancy is Yes

---DIVIDER---

Answer:  
Step 1. The relationship between each feature and the task description:  

- Mode of delivery: Caesarean section may increase physical and emotional stress compared to normal delivery, possibly increasing risk of postpartum depression (PPD).  
- Relax/sleep when newborn is tended: If the mother cannot relax or sleep while the newborn is tended, it may indicate stress or anxiety, a sign of PPD.  
- Major changes or losses during pregnancy: Experiencing major changes or losses is a known risk factor for depression, including PPD.  
- Birth compliancy (complications during birth): Birth complications can increase physical and emotional trauma, raising PPD risk.  
- Current monthly income: Low income or no income can increase stress and reduce access to support, increasing PPD risk.  
- Need for Support: High or medium need for support indicates the patient is feeling overwhelmed or vulnerable, suggesting higher PPD risk.  
- Family type: Nuclear family may provide less social support compared to joint family, possibly increasing PPD risk.  
- Feeling about motherhood: Sad or neutral feelings about motherhood can indicate emotional distress or dissatisfaction, linked to PPD.  
- Angry after latest childbirth: Feeling angry after childbirth suggests negative emotional response, possibly linked to PPD.  
- Breastfeed: Not breastfeeding may be related to difficulties bonding or physical/emotional issues, which can be associated with PPD.  

---

Step 2. Based on the above and the examples, here are inferred conditions for each class:

10 different conditions for class "0":  
- Need for Support is No  
- Feeling about motherhood is Happy  
- Angry after latest child birth is No  
- Relax/sleep when newborn is tended is Yes  
- Major changes or losses during pregnancy is No  
- Birth compliancy is No  
- Current monthly income is in [5000 to 10000, 10000 to 20000, 20000 to 30000, More than 30000]  
- Family type is Joint  
- Breastfeed is Yes  
- Mode of delivery is in [Normal Delivery, Caesarean Section] and Need for Support is Low and Angry after latest child birth is No  

10 different conditions for class "1":  
- Angry after latest child birth is Yes  
- Need for Support is in [Medium, Low]  
- Relax/sleep when newborn is tended is No  
- Feeling about motherhood is in [Sad, Neutral]  
- Major changes or losses during pregnancy is Yes  
- Birth compliancy is Yes  
- Current monthly income is No  
- Family type is Nuclear  
- Breastfeed is No  
- Mode of delivery is Caesarean Section and Angry after latest child birth is Yes and Need for Support is in [Low, Medium]  

---

These conditions capture the patterns seen in the examples and align with general knowledge of postpartum depression risk factors.

---DIVIDER---

Answer:  
Step 1. The relationship between each feature and the task description:

- Feeling for regular activities: Negative feelings like Worried, Tired, Afraid may indicate postpartum depression; "No" (no negative feeling) may indicate no depression.  
- Number of the latest pregnancy: First or early pregnancies might be more stressful, but no strong direct correlation seen.  
- Occupation After Your Latest Childbirth: Being a housewife or no occupation may relate to less social support or more isolation, possibly increasing depression risk.  
- Newborn illness: Ill newborn may increase stress and risk of depression.  
- Angry after latest child birth: Anger after childbirth may be a sign of emotional distress or depression.  
- Age: Younger or older age extremes might have different risks, but no clear pattern from data.  
- Relationship with the newborn: Good relationship likely lowers depression risk; bad or neutral might increase risk.  
- Relationship between father and newborn: Poor relationship may increase stress and depression risk.  
- Current monthly income: No or low income may increase stress and risk of depression.  
- Number of household members: Larger household may provide support, lowering depression risk; smaller households may increase isolation and risk.  

---

Step 2. Based on Step 1 and examples:

10 different conditions for class "0":  
- Feeling for regular activities is in [No, Tired, Worried, Afraid] AND Angry after latest child birth is No  
- Newborn illness is No  
- Relationship with the newborn is Good  
- Relationship between father and newborn is Good  
- Current monthly income is in [No, 5000 to 10000, 20000 to 30000]  
- Number of household members is in [2 to 5, 6 to 8]  
- Age is within range of [19, 36]  
- Occupation After Your Latest Childbirth is in [Housewife, Business, Service]  
- Number of the latest pregnancy is >= 1  
- Feeling for regular activities is No AND Angry after latest child birth is No  

10 different conditions for class "1":  
- Angry after latest child birth is Yes  
- Feeling for regular activities is in [No, Worried, Tired, Afraid]  
- Current monthly income is No  
- Number of household members is in [2 to 5, 6 to 8]  
- Relationship with the newborn is Good  
- Relationship between father and newborn is in [Good, Neutral]  
- Occupation After Your Latest Childbirth is Housewife  
- Number of the latest pregnancy is within range of [1, 3]  
- Age is within range of [18, 30]  
- Newborn illness is in [No, Yes]  

---

Explanation:  
Class 0 (No postpartum depression) generally corresponds to no anger after childbirth, good relationships, newborn healthy or no illness, some income or occupation, and no strong negative feelings or tiredness without anger.  
Class 1 (Yes postpartum depression) is strongly linked with anger after childbirth, presence of negative feelings, no income, housewife occupation, younger age, and sometimes newborn illness.

---DIVIDER---

Answer:  
Step 1. The relationship between each feature and the task description:

- Regular checkups: Having regular checkups generally indicates better prenatal care and monitoring, possibly reducing risk of postpartum depression (PPD).
- History of pregnancy loss: A history of miscarriage or stillborn delivery can increase emotional stress and risk of PPD.
- Age: Younger or older maternal age can influence risk; typically younger mothers or very advanced age might have higher risk.
- Relax/sleep when newborn is tended: If the mother can relax or sleep when the newborn is tended, it suggests better coping and less stress, lowering PPD risk.
- Number of the latest pregnancy: First-time mothers may have different risk profiles compared to multiparous women; first pregnancy might be more stressful.
- Newborn illness: Illness in the newborn can increase maternal stress and risk of PPD.
- Trust and share feelings: Ability to trust others and share feelings indicates better social support, reducing PPD risk.
- Major changes or losses during pregnancy: Experiencing major changes or losses is a stressor that can increase PPD risk.
- Need for Support: Higher expressed need for support indicates higher vulnerability to PPD.
- Pregnancy length: Shorter pregnancy length (preterm birth) is associated with increased stress and PPD risk.

---

Step 2. Based on the above and the examples, infer 10 different conditions per answer class:

10 different conditions for class "0" (No postpartum depression):

- Regular checkups is Yes  
- History of pregnancy loss is No  
- Relax/sleep when newborn is tended is Yes  
- Trust and share feelings is Yes  
- Need for Support is No  
- Newborn illness is No  
- Major changes or losses during pregnancy is No  
- Age is within range of [25, 36]  
- Number of the latest pregnancy is >= 2  
- Pregnancy length is in [9 months, 10 months]

---

10 different conditions for class "1" (Yes postpartum depression):

- History of pregnancy loss is in [Miscarriage, Still-born Delivery]  
- Relax/sleep when newborn is tended is No  
- Trust and share feelings is No  
- Need for Support is in [Medium, High]  
- Major changes or losses during pregnancy is Yes  
- Newborn illness is Yes  
- Age is within range of [18, 25]  
- Number of the latest pregnancy is 1  
- Pregnancy length is in [8 months, Less than 5 months, 6 months, 7 months]  
- Regular checkups is Yes (note: presence of regular checkups does not exclude PPD if other risk factors present)

---DIVIDER---

Answer:  
Step 1. The relationship between each feature and the task description:

- Breastfeed: Breastfeeding can positively affect maternal mental health by fostering bonding; lack of breastfeeding might correlate with higher risk of postpartum depression (PPD).
- Relax/sleep when newborn is tended: Ability to relax or sleep when the newborn is tended likely indicates better rest and lower stress, reducing risk of PPD.
- Residence: Living in a city or village might influence social support availability and stress levels; urban life might increase or decrease risk depending on other factors.
- Mode of delivery: Caesarean Section might be associated with higher physical recovery burden and psychological stress, possibly increasing PPD risk compared to Normal Delivery.
- Number of the latest pregnancy: First-time mothers might be at higher risk due to inexperience and adjustment stress; higher parity might reduce or increase risk depending on context.
- Age of newborn: PPD is more common in the early postpartum period (0 to 6 months), risk might decrease as the newborn ages.
- Trust and share feelings: Ability to trust and share feelings is protective against PPD; lack of trust and sharing may increase risk.
- Regular checkups: Regular prenatal checkups might indicate better healthcare access and monitoring, reducing risk of PPD.
- Need for Support: Higher expressed need for support likely correlates with higher risk or presence of PPD.
- Marital status: Being married generally provides social support reducing PPD risk; divorced status may increase risk.

---

Step 2. Based on the examples and Step 1, 10 different conditions for each class:

10 different conditions for class "0" (No postpartum depression):  
- Breastfeed is in [Yes]  
- Relax/sleep when newborn is tended is in [Yes]  
- Trust and share feelings is in [No, Yes] but mostly [No] when other factors are positive  
- Need for Support is in [No, Low]  
- Regular checkups is in [Yes]  
- Marital status is in [Married]  
- Mode of delivery is in [Caesarean Section, Normal Delivery] but combined with positive other factors  
- Age of newborn is in [0 to 6 months, 6 months to 1 year, Older than 1.5 year]  
- Number of the latest pregnancy is >= 1 (mostly 1 or more)  
- Residence is in [City, Village] with no strong direct correlation alone  

10 different conditions for class "1" (Yes postpartum depression):  
- Need for Support is in [Medium, Low] but mostly Medium or Low when other factors negative  
- Relax/sleep when newborn is tended is in [No]  
- Trust and share feelings is in [No, Yes] but often [No] or mixed  
- Breastfeed is in [Yes, No] but mostly [Yes] in examples  
- Mode of delivery is in [Caesarean Section, Normal Delivery] but often Caesarean Section  
- Age of newborn is in [0 to 6 months, 6 months to 1 year, 1 year to 1.5 year] (mostly younger than 1.5 year)  
- Marital status is in [Married] (no divorced examples given for class 1)  
- Number of the latest pregnancy is >= 1 but often 1 or 3  
- Residence is in [City, Village] but mostly City in examples  
- Regular checkups is in [Yes]  

---

Summary:  
Class 0 (No PPD) is characterized by ability to relax/sleep, low or no need for support, breastfeeding, trust/sharing feelings sometimes absent but balanced by other positive factors, and regular checkups.  
Class 1 (Yes PPD) is characterized by inability to relax/sleep, medium or low but expressed need for support, mixed trust/sharing feelings, often Caesarean delivery, younger newborn age, breastfeeding mostly yes, and regular checkups.  

---

This analysis can be used to build decision rules or classification conditions.