Answer:  
Step 1. The relationship between each feature and the task description:

- Gender: Likely no strong direct influence on satisfaction; satisfaction depends more on service quality.  
- Age: Different age groups might have different expectations or communication preferences, possibly affecting satisfaction.  
- Education: Higher education might correlate with higher expectations or better understanding of service, influencing satisfaction.  
- Nationality: Cultural or language differences might affect satisfaction or communication ease.  
- Marital_Status: Possibly minor influence; might relate to stress levels or expectations.  
- Governorate: Regional differences might affect service quality or accessibility, impacting satisfaction.  
- Aware_151: Awareness of the service might correlate with better experience or expectations.  
- Call_151: Whether the client actually called the service might influence satisfaction (those who called might have stronger opinions).  
- The_reason_of_the_call: Different reasons (e.g., complaints vs inquiries) likely strongly affect satisfaction; complaints likely linked to dissatisfaction.  
- Call_center_employee_communication_skills_evaluation: Higher ratings likely correlate positively with satisfaction.  
- Satisfaction_with_the_doctors_response: Higher satisfaction with doctors’ response likely correlates positively with overall satisfaction.  
- How_often_do_you_receive_call_center_news: More frequent updates might increase satisfaction by keeping clients informed.

---

Step 2.  
10 different conditions for class "0" (Client NOT satisfied):

- The_reason_of_the_call is in [Complaints]  
- Call_center_employee_communication_skills_evaluation < 3.0  
- Satisfaction_with_the_doctors_response < 3.0  
- How_often_do_you_receive_call_center_news < 2.0  
- Call_151 is Yes  
- Aware_151 is Yes  
- Age is in [18-24, 25-29]  
- Education is in [Bachelor, High school]  
- Gender is Female  
- Marital_Status is in [Single, Married]

---

10 different conditions for class "1" (Client satisfied):

- The_reason_of_the_call is in [Inquiries, Medical_Consultation]  
- Call_center_employee_communication_skills_evaluation >= 3.0  
- Satisfaction_with_the_doctors_response >= 3.0  
- How_often_do_you_receive_call_center_news >= 2.5  
- Call_151 is No  
- Aware_151 is No  
- Age is in [30-39, 50-59]  
- Education is in [Diploma, High school]  
- Nationality is in [Other nationality]  
- Marital_Status is in [Widow, Widower]

---

These conditions align with the examples and general intuition where complaints, low communication skill ratings, and low satisfaction with doctors correspond to dissatisfaction, while inquiries, medical consultations, higher ratings, and less frequent calling correspond to satisfaction.

---DIVIDER---

Answer:  
Step 1. The relationship between each feature and the task description:

- Gender: Satisfaction is unlikely to strongly depend on gender; no clear tendency.
- Age: Older clients may have different expectations; younger clients might be less satisfied due to higher expectations or different communication styles.
- Education: Higher education may lead to higher expectations and possibly lower satisfaction.
- Nationality: Kuwaiti vs. Other nationality might influence satisfaction due to cultural or service familiarity.
- Marital_Status: Possibly minor effect; single or married could affect perception of service.
- Governorate: Region might reflect service quality differences, thus affecting satisfaction.
- Aware_151: Awareness of the service might positively influence satisfaction.
- Call_151: Having called the service might influence satisfaction (direct experience).
- The_reason_of_the_call: Complaints likely correlate with dissatisfaction; Medical_Consultation or Inquiries might correlate with higher satisfaction.
- Call_center_employee_communication_skills_evaluation: Higher scores likely correlate with satisfaction.
- Satisfaction_with_the_doctors_response: Higher scores strongly correlate with satisfaction.
- How_often_do_you_receive_call_center_news: More frequent updates might increase satisfaction.

---

Step 2. Based on the above and examples, infer 10 different conditions per answer class.

10 different conditions for class "0" (client NOT satisfied):

- The_reason_of_the_call is in [Complaints]
- Call_center_employee_communication_skills_evaluation <= 3.0
- Satisfaction_with_the_doctors_response <= 3.0
- How_often_do_you_receive_call_center_news <= 2.0
- Call_151 is in [Yes]
- Aware_151 is in [No]
- Age is in [18-24, 25-29]
- Education is in [Bachelor, High school, Diploma]
- Nationality is in [Other nationality]
- Marital_Status is in [Single]

10 different conditions for class "1" (client satisfied):

- Call_center_employee_communication_skills_evaluation >= 3.0
- Satisfaction_with_the_doctors_response >= 3.0
- How_often_do_you_receive_call_center_news >= 2.5
- Call_151 is in [No]
- Aware_151 is in [Yes]
- The_reason_of_the_call is in [Medical_Consultation, Inquiries, Inquiries_COVID19]
- Age is in [50-59, 30-39]
- Education is in [Diploma, High school]
- Nationality is in [Kuwaiti]
- Marital_Status is in [Married, Widow]

---

These conditions reflect tendencies from the data and general knowledge to distinguish satisfied vs. not satisfied clients.

---DIVIDER---

Answer:  
Step 1. The relationship between each feature and the task description:

- Gender: Likely no strong direct effect on satisfaction; satisfaction is subjective and should not depend on gender.
- Age: Younger or middle-aged clients might have different expectations or experiences; older clients might be more critical or less tech-savvy.
- Education: Higher education might correlate with higher expectations or more critical evaluations.
- Nationality: May influence satisfaction due to language, cultural expectations, or service familiarity.
- Marital_Status: Possibly indirect effect; single or married clients might have different communication needs.
- Governorate: Regional differences in service quality or access might impact satisfaction.
- Aware_151: Awareness of service 151 may correlate with better understanding and satisfaction.
- Call_151: Whether the client actually called might influence satisfaction; those who called might have stronger opinions.
- The_reason_of_the_call: Complaints likely correlate with dissatisfaction; inquiries or consultations might correlate with satisfaction.
- Call_center_employee_communication_skills_evaluation: Higher scores likely correlate positively with satisfaction.
- Satisfaction_with_the_doctors_response: Higher satisfaction with doctors’ response likely correlates positively with overall satisfaction.
- How_often_do_you_receive_call_center_news: More frequent updates might correlate with higher satisfaction due to better information.

---

Step 2. 10 different conditions for class "0" (Not satisfied):

- The_reason_of_the_call is Complaints  
- Call_center_employee_communication_skills_evaluation <= 3.0  
- Satisfaction_with_the_doctors_response <= 3.0  
- Call_151 is Yes  
- Aware_151 is Yes  
- Gender is Female  
- Age is in [18-24, 25-29]  
- Education is in [Bachelor, Diploma]  
- How_often_do_you_receive_call_center_news <= 2.0  
- Governorate is in [AlAhmadi, Jahra]

---

10 different conditions for class "1" (Satisfied):

- The_reason_of_the_call is not Complaints (i.e., Inquiries, Inquiries_COVID19, Medical_Consultation)  
- Call_center_employee_communication_skills_evaluation >= 3.0  
- Satisfaction_with_the_doctors_response >= 3.0  
- Call_151 is No  
- Aware_151 is No  
- Gender is Male  
- Age is in [18-24, 30-39, 50-59]  
- Education is in [High school, Diploma]  
- How_often_do_you_receive_call_center_news >= 2.5  
- Governorate is in [Farwaniya, Capital, Around]

---

Summary:  
Dissatisfied clients tend to call with complaints, rate communication skills and doctor satisfaction low, have called the service, and be more aware of it. Satisfied clients tend to call for inquiries or consultation, rate communication and doctor satisfaction higher, have not called the service, and receive more frequent news updates.

---DIVIDER---

Answer:  
Step 1. The relationship between each feature and the task description:

- Gender: Typically, gender may not have a strong direct effect on satisfaction, but cultural or service expectations might cause slight differences.
- Age: Different age groups may have different expectations and satisfaction levels; younger clients might be less satisfied if their expectations are higher or communication is less effective.
- Education: Higher education might correlate with higher expectations, possibly leading to lower satisfaction if expectations are unmet.
- Nationality: Native clients (Kuwaiti) might have different satisfaction levels compared to others due to language, cultural familiarity, or service accessibility.
- Marital_Status: Marital status might influence satisfaction indirectly through different needs or communication styles.
- Governorate: Regional differences could affect service quality or client expectations, influencing satisfaction.
- Aware_151: Awareness of the service might lead to better understanding and possibly higher satisfaction.
- Call_151: Clients who have called the service might have a more direct experience influencing satisfaction positively or negatively.
- The_reason_of_the_call: Reason for the call is likely strongly linked to satisfaction; complaints might correlate with dissatisfaction, inquiries or medical consultations might correlate with higher satisfaction.
- Call_center_employee_communication_skills_evaluation: Higher communication skill ratings should correlate positively with satisfaction.
- Satisfaction_with_the_doctors_response: Higher satisfaction with doctors’ responses should correlate with overall satisfaction.
- How_often_do_you_receive_call_center_news: More frequent updates might increase satisfaction by enhancing awareness and engagement.

---

Step 2.  
10 different conditions for class "0" (client NOT satisfied):

- The_reason_of_the_call is Complaints  
- Call_center_employee_communication_skills_evaluation (<=) 3.0  
- Satisfaction_with_the_doctors_response (<=) 3.0  
- How_often_do_you_receive_call_center_news (<) 2.5  
- Call_151 is No  
- Aware_151 is No  
- Age is 18-24  
- Education is High school or Diploma  
- Nationality is Other nationality  
- Marital_Status is Single  

---

10 different conditions for class "1" (client satisfied):

- The_reason_of_the_call is Medical_Consultation or Inquiries or Inquiries_COVID19  
- Call_center_employee_communication_skills_evaluation (>) 3.0  
- Satisfaction_with_the_doctors_response (>) 3.0  
- How_often_do_you_receive_call_center_news (>=) 2.6  
- Call_151 is Yes  
- Aware_151 is Yes  
- Age is 30-39 or 50-59 or 60 and above  
- Education is Bachelor or Master or Doctor  
- Nationality is Kuwaiti  
- Marital_Status is Married or Widow or Widower

---DIVIDER---

Answer:  
Step 1. The relationship between each feature and the task description:

- Gender: Satisfaction may not strongly depend on gender but could influence communication preferences or expectations.
- Age: Younger clients might have different expectations or experiences than older clients regarding service satisfaction.
- Education: Higher education might correlate with higher expectations or better understanding, affecting satisfaction.
- Nationality: Local clients (Kuwaiti) might have different satisfaction levels compared to other nationalities due to familiarity or service quality.
- Marital_Status: Possibly minor effect; married or single might influence availability or perception.
- Governorate: Regional differences in service quality or accessibility could affect satisfaction.
- Aware_151: Awareness of the service might influence satisfaction positively due to better expectations.
- Call_151: Whether the client has actually called the service might impact satisfaction; those who called might have more direct experience.
- The_reason_of_the_call: Reason for calling (e.g., complaints vs inquiries) likely strongly affects satisfaction; complaints likely correlate with dissatisfaction.
- Call_center_employee_communication_skills_evaluation: Higher evaluation likely correlates positively with satisfaction.
- Satisfaction_with_the_doctors_response: Higher satisfaction with doctors’ response directly correlates with overall satisfaction.
- How_often_do_you_receive_call_center_news: More frequent updates may improve satisfaction by keeping clients informed.

---

Step 2. Based on the above and examples, infer 10 different conditions per answer class:

10 different conditions for class "0" (Not satisfied):
- The_reason_of_the_call is Complaints  
- Call_center_employee_communication_skills_evaluation <= 3.0  
- Satisfaction_with_the_doctors_response <= 3.0  
- Aware_151 is No  
- Call_151 is No  
- Gender is Female and The_reason_of_the_call is Complaints  
- Age is 18-24 and The_reason_of_the_call is Complaints  
- Education is High school or Diploma and Satisfaction_with_the_doctors_response <= 3.0  
- How_often_do_you_receive_call_center_news <= 2.5  
- Nationality is Kuwaiti and The_reason_of_the_call is Complaints and Call_center_employee_communication_skills_evaluation <= 3.0  

10 different conditions for class "1" (Satisfied):
- Satisfaction_with_the_doctors_response > 3.0  
- Call_center_employee_communication_skills_evaluation > 3.0  
- How_often_do_you_receive_call_center_news > 2.5  
- The_reason_of_the_call is Medical_Consultation or Inquiries or Inquiries_COVID19  
- Call_151 is Yes  
- Aware_151 is Yes and Call_151 is Yes  
- Age is 30-39 or 50-59 and Satisfaction_with_the_doctors_response > 3.0  
- Education is Diploma or Bachelor and Call_center_employee_communication_skills_evaluation > 3.0  
- Gender is Male and Satisfaction_with_the_doctors_response >= 3.0  
- Nationality is Other nationality and Satisfaction_with_the_doctors_response > 3.0  

---

These conditions reflect tendencies observed in the examples and align with reasonable assumptions about satisfaction drivers.