Step 1. The relationship between each feature and the task description:

- Gender: Likely no strong direct effect on reading academic books most of the time.
- Age: Younger undergraduates might read less academic books; older students might read more.
- Department: Students in technical or academic departments (e.g., CSE, SWE, English, Pharmacy) likely read academic books more than those in less academic or business departments (e.g., BBA).
- Amount of time spent reading books per day: More time spent reading correlates with reading academic books more.
- Reason for reading books: If the reason is "Academic Purpose," more likely to read academic books mostly.
- How to manage books for reading: Not strongly indicative, but "Used-all" or "Borrow" might indicate more academic reading due to access to academic materials.
- Number of e-books read last two years: Higher numbers might correlate with more academic reading.
- Number of printed books read last two years: Higher numbers might correlate with more academic reading.
- Favorite books for leisure: If leisure reading is mostly non-fiction or biography, might indicate academic interest; fiction or entertainment less likely.
- What is the change felt after reading books: If it is "Increase Academic Performance" or "Increase Problem Solving Skill," likely academic reading.
- Who influenced you to read books: "Teachers" or "Self-Decision" might be more indicative of academic reading.
- Which language books do you like to read: English might be more academic.
- Where do you read printed books: Library reading might indicate academic reading.
- Do you read Newspaper: Not strongly indicative.
- The format used for reading books: Both or printed might indicate academic reading.
- Frequency of reading books: "On everyday basis" or "A few times a week" indicates more frequent reading, possibly academic.

---

Step 2. 10 different conditions for class "0" (Does NOT read academic books most of the time):

- Reason for reading books is in [Entertainment Purpose, To increase my English vocabulary knowledge]
- Frequency of reading books is in [A few times a month, Less than once a year, Once or twice a year]
- Amount of time spent reading books per day < 2
- Department is in [BBA, NFE, Others, Textile, Civil, JMC]
- Favorite books for reading to spend leisure time is in [Fiction, Politics, Others]
- Number of printed books you read last two years is in [1-5, nan]
- Number of e-books you read last two years is in [1-5, nan]
- What is the change that you felt after reading books is in [Feel Relax]
- The format that you used for reading books is in [E-books]
- Frequency of reading books is in [A few times a week] AND Reason for reading books is not Academic Purpose

---

10 different conditions for class "1" (Reads academic books most of the time):

- Reason for reading books is Academic Purpose
- Frequency of reading books is in [On everyday basis, A few times a week]
- Amount of time spent reading books per day >= 3
- Department is in [CSE, SWE, English, Pharmacy, EEE, MCT, CIS]
- Number of printed books you read last two years is in [More than 20, 16-20, 11-15]
- Number of e-books you read last two years is in [More than 20, 16-20, 11-15]
- What is the change that you felt after reading books is in [Increase Academic Performance, Increase Creative Thinking, Increase Problem Solving Skill]
- Where do you read printed books is Library
- The format that you used for reading books is in [Both, Printed]
- Who influenced you to read books is in [Teachers, Self-Decision]

---

These conditions are consistent with the provided examples and general reasoning about academic reading habits.

---DIVIDER---

Step 1. The relationship between each feature and the task description:

- Gender: Likely no strong causal relationship with reading academic books most of the time.
- Age: Slightly older students might read more academically, but not a strong direct link.
- Department: Students in academic or technical departments (e.g., CSE, SWE, BBA) might read academic books more often than others.
- Amount of time spent reading books per day: More time spent reading likely correlates with reading academic books most of the time.
- Reason for reading books: "Academic Purpose" strongly indicates reading academic books most of the time.
- How to manage books for reading: Method may not strongly affect academic reading tendency.
- Number of e-books read last two years: Higher numbers may indicate more reading, possibly academic.
- Number of printed books read last two years: Similarly, higher numbers may indicate more academic reading.
- Favorite books for leisure time: If favorite books are non-academic genres (Fiction, Biography, Politics), less likely to read academic books most of the time.
- What is the change felt after reading books: "Increase Academic Performance" or "Increase Problem Solving Skill" likely indicates academic reading.
- Who influenced you to read books: Self-Decision or Teachers might correlate with academic reading.
- Which language books do you like to read: English might correlate with academic reading since many academic books are in English.
- Where do you read printed books: Library or Home may be more academic settings, but not strongly conclusive.
- Do you read Newspaper: Reading newspapers may not strongly relate to academic book reading.
- The format used for reading books: Using Both or Printed might indicate academic reading since printed books are often academic.
- Frequency of reading books: "On everyday basis" or "A few times a week" likely correlates with academic reading.

---

Step 2. 10 different conditions for each class:

10 different conditions for class "0" (Does NOT read academic books most of the time):

- Reason for reading books is in [Entertainment Purpose, Keep me informative, To increase my English vocabulary knowledge]
- Frequency of reading books is in [A few times a week, A few times a month, Less than once a year, Once or twice a year]
- Amount of time spent reading books per day < 3
- Number of printed books you read last two years is in [1-5, 6-10]
- Number of e-books you read last two years is in [1-5, 6-10]
- Favorite books for reading to spend leisure time is in [Fiction, Biography, Politics, Others]
- What is the change that you felt after reading books is in [Feel Relax, Increase Creative Thinking]
- Department is in [English, Pharmacy, JMC, Textile, Civil, NFE, Others]
- The format that you used for reading books is in [E-books, Printed]
- Who influenced you to read books is in [Friends, Parents]

10 different conditions for class "1" (Reads academic books most of the time):

- Reason for reading books is Academic Purpose
- Frequency of reading books is in [On everyday basis, A few times a week]
- Amount of time spent reading books per day >= 1
- Number of printed books you read last two years is in [11-15, 16-20, More than 20]
- Number of e-books you read last two years is in [11-15, 16-20, More than 20]
- Favorite books for reading to spend leisure time is in [Non-Fiction, Others]
- What is the change that you felt after reading books is in [Increase Academic Performance, Increase Problem Solving Skill]
- Department is in [CSE, SWE, BBA, CIS, MCT]
- The format that you used for reading books is in [Both, Printed]
- Who influenced you to read books is in [Self-Decision, Teachers]

---

These conditions align with the examples and the causal reasoning from Step 1.

---DIVIDER---

Step 1. The relationship between each feature and the task description:

- Gender: Likely no strong direct effect on whether the student reads academic books most of the time.
- Age: Possibly older students might read more academically, but not strongly conclusive.
- Department: Students in departments like CSE, SWE, BBA, Pharmacy, Civil, etc. might read academic books more often than those in English or JMC if their reading is more for academic purposes.
- Amount of time spent reading books per day: More hours likely correlate positively with reading academic books most of the time.
- Reason for reading books: "Academic Purpose" strongly indicates reading academic books most of the time; other reasons less so.
- How to manage books for reading: Probably less direct influence, but methods like Borrow or E-books might be common among academic readers.
- Number of e-books read last two years: Higher numbers may indicate more academic reading if combined with other factors.
- Number of printed books read last two years: Similarly, higher numbers suggest more academic reading.
- Favorite books for reading to spend leisure time: If leisure reading is mostly Fiction or Others, less likely academic reading most of the time.
- What is the change after reading books: "Increase Academic Performance" or "Increase Problem Solving Skill" suggests academic reading; "Feel Relax" or "Increase Creative Thinking" may indicate non-academic reading.
- Who influenced you to read books: "Teachers" or "Self-Decision" might correlate with academic reading.
- Which language books do you like to read: English or Bangla may not strongly affect academic reading, but English might be more common in academic contexts.
- Where do you read printed books: Reading in Library or Home may indicate academic reading.
- Do you read Newspaper: Possibly no strong direct effect.
- The format used for reading books: "Both" or "E-books" may be more academic readers.
- Frequency of reading books: "On everyday basis" strongly suggests academic reading most of the time.

---

Step 2. Conditions for each class:

10 different conditions for class "0" (Does NOT read academic books most of the time):

- Reason for reading books is in [Keep me informative, Entertainment Purpose, To increase my English vocabulary knowledge]
- Frequency of reading books is in [A few times a week, A few times a month, Less than once a year, Once or twice a year]
- Amount of time spent reading books per day < 3
- Number of printed books you read last two years is in [1-5, 6-10, nan]
- Number of e-books you read last two years is in [1-5, 6-10, nan]
- Favorite books for reading to spend leisure time is in [Fiction, Others]
- What is the change that you fell after reading books is in [Feel Relax, Increase Creative Thinking]
- The format that you used for reading books is in [E-books, Printed]
- Department is in [English, JMC, Textile, Others]
- Do you read Newspaper is in [Yes, No] (no strong correlation, but often no)

10 different conditions for class "1" (Reads academic books most of the time):

- Reason for reading books is Academic Purpose
- Frequency of reading books is On everyday basis
- Amount of time spent reading books per day >= 2
- Number of printed books you read last two years is in [11-15, 16-20, More than 20]
- Number of e-books you read last two years is in [11-15, 16-20, More than 20]
- What is the change that you fell after reading books is in [Increase Academic Performance, Increase Problem Solving Skill]
- Department is in [CSE, SWE, BBA, Pharmacy, Civil, CIS]
- The format that you used for reading books is Both
- Who influenced you to read books is in [Teachers, Self-Decision]
- Where do you read printed books is in [Home, Library]

---

This set of conditions aligns with the examples and general knowledge about academic reading habits.

---DIVIDER---

Step 1. The relationship between each feature and the task description:

- Gender: Likely no direct causal relationship with reading academic books most of the time.
- Age: Minor effect, as older students may have more academic responsibilities, possibly reading more academic books.
- Department: Strong relationship; students in academic or technical departments (e.g., CSE, SWE, English, Pharmacy, EEE, Civil) are more likely to read academic books than students in non-academic or business fields (e.g., BBA, NFE).
- Amount of time spent reading books per day: Directly proportional; more time indicates higher likelihood of reading academic books.
- Reason for reading books: If "Academic Purpose," strong indicator of reading academic books; other reasons less likely.
- How to manage books for reading: Possibly no strong direct effect, but borrowing or buying may indicate more serious reading habits.
- Number of e-books read last two years: Higher number may indicate more reading, possibly academic if combined with other factors.
- Number of printed books read last two years: Similarly, higher number indicates more reading.
- Favorite books for leisure: If "Biography," "Non-Fiction," or "Politics," might suggest academic leaning; "Fiction" or "Others" less likely.
- What is the change felt after reading books: "Increase Academic Performance" or "Increase Problem Solving Skill" indicates academic reading; "Feel Relax" or "Increase Creative Thinking" less so.
- Who influenced you to read books: "Teachers" or "Self-Decision" may indicate academic motivation; "Friends" or "Parents" less directly.
- Which language books do you like to read: "English" may indicate academic reading, especially in technical departments.
- Where do you read printed books: "Library" or "Home" may indicate serious reading; "During Travel" less so.
- Do you read Newspaper: Possibly unrelated or weakly related.
- Format used for reading books: "Printed" or "Both" may indicate more serious reading; "E-books" alone less so.
- Frequency of reading books: "On everyday basis" or "A few times a week" indicates frequent reading, more likely academic.

---

Step 2. Based on Step 1 and examples, infer 10 different conditions per answer class.

10 different conditions for class "0" (Does NOT read academic books most of the time):

- Reason for reading books is in [Keep me informative, Entertainment Purpose, To increase my English vocabulary knowledge]
- Frequency of reading books is in [A few times a week, A few times a month, Less than once a year, Once or twice a year]
- Amount of time spent reading books per day <= 3
- Department is in [CSE, SWE, English] but Reason for reading books is not "Academic Purpose"
- Number of e-books you read last two years is in [1-5, 6-10]
- Number of printed books you read last two years is in [1-5, 6-10]
- Favorite books for reading to spend leisure time is in [Fiction, Others]
- What is the change that you felt after reading books is in [Feel Relax, Increase Creative Thinking]
- Format that you used for reading books is in [E-books]
- Who influenced you to read books is in [Friends]

10 different conditions for class "1" (Reads academic books most of the time):

- Reason for reading books is "Academic Purpose"
- Frequency of reading books is in [On everyday basis, A few times a week]
- Amount of time spent reading books per day >= 2
- Department is in [BBA, English, Pharmacy, SWE, CSE, EEE, Civil]
- Number of printed books you read last two years is in [More than 20, 16-20, 11-15]
- Number of e-books you read last two years is in [11-15, 16-20, More than 20]
- What is the change that you felt after reading books is in [Increase Academic Performance, Increase Problem Solving Skill]
- Format that you used for reading books is in [Printed, Both]
- Favorite books for reading to spend leisure time is in [Biography, Non-Fiction, Politics]
- Who influenced you to read books is in [Self-Decision, Teachers, Parents]

---

These conditions align with the examples and general knowledge about academic reading behavior.

---DIVIDER---

Step 1. The relationship between each feature and the task description:

- Gender: No strong inherent relation to reading academic books most of the time.
- Age: Slightly older undergraduates may read more academic books due to advanced courses.
- Department: Students in technical or academic departments (CSE, SWE, Pharmacy, Civil, etc.) likely read academic books more.
- Amount of time spent reading books per day: More time correlates positively with reading academic books most of the time.
- Reason for reading books: "Academic Purpose" strongly indicates reading academic books most of the time.
- How to manage books for reading: Method itself less relevant, but "Used-all" or "Borrow" may indicate active reading habits.
- Number of e-books read last two years: Higher numbers suggest more reading activity, possibly academic.
- Number of printed books read last two years: Higher numbers suggest more reading activity, possibly academic.
- Favorite books for leisure: Non-academic genres (Fiction, Biography, Others) may indicate less academic reading.
- What is the change after reading books: "Increase Academic Performance" or "Increase Problem Solving Skill" suggests academic reading.
- Who influenced you to read books: "Teachers" or "Self-Decision" may indicate academic motivation.
- Which language books you like to read: English may be more academic-related; Bangla or Others less so.
- Where do you read printed books: "Library" or "Home" may be more academic reading locations.
- Do you read Newspaper: Less relevant for academic reading.
- The format used for reading books: "Both" or "E-books" may align with academic reading habits.
- Frequency of reading books: "On everyday basis" or "A few times a week" implies more consistent reading, possibly academic.

---

Step 2. 10 different conditions for class "0" (Does NOT read academic books most of the time):

- Reason for reading books is in [Entertainment Purpose, To increase my English vocabulary knowledge]
- Frequency of reading books is in [A few times a month, Less than once a year, Once or twice a year]
- Amount of time spent reading books per day < 2
- Department is in [English, BBA, JMC, Others, Textile, NFE]
- Favorite books for reading to spend leisure time is in [Fiction, Biography, Others]
- What is the change that you fell after reading books is in [Feel Relax, Increase Creative Thinking]
- Number of printed books you read last two years is in [1-5, 6-10, nan]
- Number of e-books you read last two years is in [1-5, nan]
- The format that you used for reading books is in [E-books, Printed]
- Who influenced you to read books is in [Friends, Parents]

---

10 different conditions for class "1" (Reads academic books most of the time):

- Reason for reading books is Academic Purpose
- Frequency of reading books is in [On everyday basis, A few times a week]
- Amount of time spent reading books per day >= 3
- Department is in [CSE, SWE, Pharmacy, Civil, CIS, MCT, EEE]
- Number of printed books you read last two years is in [More than 20, 16-20]
- Number of e-books you read last two years is in [11-15, 16-20, More than 20]
- What is the change that you fell after reading books is in [Increase Academic Performance, Increase Problem Solving Skill]
- The format that you used for reading books is Both
- Favorite books for reading to spend leisure time is in [Non-Fiction, Politics]
- Who influenced you to read books is in [Teachers, Self-Decision]

---

These conditions reflect tendencies from the data examples and common sense about academic reading behavior.