Answer:  
Step 1. The relationship between each feature and the task description:  

- **Date**: The specific date/time itself likely has no direct causal relationship with whether an arrest was made, but certain times (e.g., late night) might correlate with different crime types or police activity levels.  
- **Primary Type**: Certain crime types are more likely to result in arrests (e.g., narcotics, weapons violations) while others (e.g., criminal damage, motor vehicle theft) might less frequently result in arrests.  
- **Description**: More severe descriptions or those indicating use of weapons or violence might increase likelihood of arrest.  
- **Location Description**: Some locations (e.g., STREET, DEPARTMENT STORE) might have higher police presence or likelihood of arrest; private or less accessible locations might have fewer arrests.  
- **Domestic**: Domestic violence cases might have different arrest rates; often arrests are more likely in domestic violence incidents.  
- **Beat, District, Ward, Community Area**: These geographical/police jurisdiction features might correlate with arrest rates due to policing intensity or crime type prevalence.  
- **FBI Code**: FBI crime classification codes reflect crime severity and type, likely strongly related to arrest likelihood.  
- **X Coordinate, Y Coordinate, Latitude, Longitude**: Geographical location might correlate with arrest likelihood due to neighborhood policing patterns.  
- **Year**: Since all examples are from 2025, year likely does not vary enough to influence.  

Step 2. Based on the above and examples, infer conditions:  

10 different conditions for class "0" (No arrest):  
- Primary Type is in [CRIMINAL DAMAGE, MOTOR VEHICLE THEFT]  
- Description is in [TO PROPERTY, THEFT / RECOVERY - AUTOMOBILE]  
- Location Description is in [ALLEY, STREET] and Primary Type is MOTOR VEHICLE THEFT  
- FBI Code is in [14, 07]  
- Domestic is 0 and Primary Type is CRIMINAL DAMAGE  
- Beat is within range [900, 1100] and Primary Type is MOTOR VEHICLE THEFT  
- District is in [9, 10] and Primary Type is MOTOR VEHICLE THEFT  
- X Coordinate is within range [1140000, 1176000] and Primary Type is CRIMINAL DAMAGE  
- Description is TO PROPERTY and Location Description is ALLEY  
- Primary Type is BATTERY and Description is AGGRAVATED - HANDGUN (example shows no arrest)  

10 different conditions for class "1" (Arrest made):  
- Primary Type is in [NARCOTICS, THEFT, BATTERY, WEAPONS VIOLATION]  
- Description is in [POSSESS - PCP, RETAIL THEFT, SIMPLE, UNLAWFUL POSSESSION - HANDGUN]  
- Location Description is in [STREET, DEPARTMENT STORE, VEHICLE NON-COMMERCIAL] and Primary Type is THEFT or BATTERY  
- FBI Code is in [06, 08B, 15, 18]  
- Domestic is 0 and Primary Type is NARCOTICS or WEAPONS VIOLATION  
- Beat is within range [1800, 1950] and Primary Type is BATTERY  
- District is in [11, 18, 19] and Primary Type is NARCOTICS or THEFT or BATTERY  
- X Coordinate is within range [1176000, 1199000] and Primary Type is WEAPONS VIOLATION  
- Year is 2025 and Primary Type is NARCOTICS  
- Description is SIMPLE and Primary Type is BATTERY and Location Description is STREET

---DIVIDER---

Answer:  
Step 1. The relationship between each feature and the task description:

- Date: The specific date or time may not directly influence whether an arrest was made, but certain times (e.g., late night) might correlate with more arrests due to police patrol patterns.
- Primary Type: Certain crime types (e.g., violent crimes, weapons violations, narcotics) are more likely to result in arrests than property crimes.
- Description: More serious or specific descriptions (e.g., aggravated battery, possession of illegal weapons) tend to have higher arrest rates.
- Location Description: Crimes occurring in public or controlled environments (e.g., street, department store) may have higher arrest likelihood due to witnesses or police presence.
- Domestic: Domestic crimes might have a different arrest pattern, sometimes more likely due to victim cooperation or less likely due to complex social issues.
- Beat, District, Ward, Community Area: Some areas may have higher arrest rates due to policing intensity or crime type prevalence.
- FBI Code: Codes related to violent or controlled substance crimes likely have higher arrest rates.
- X Coordinate, Y Coordinate, Latitude, Longitude: Geographical location correlates with the district/ward and policing patterns, affecting arrest probabilities.
- Year: Since all examples are from 2025, year does not vary enough to infer patterns.

Step 2.  
10 different conditions for class "0" (No arrest made):  
- Primary Type is in [MOTOR VEHICLE THEFT, CRIMINAL DAMAGE, BURGLARY, THEFT]  
- Description is in [TO PROPERTY, SIMPLE, OVER $500]  
- Location Description is in [ALLEY, NURSING / RETIREMENT HOME, RESIDENCE, APARTMENT]  
- Domestic = 0  
- FBI Code is in [07, 14, 06]  
- Beat is within range of [900, 1100]  
- District is within range of [9, 11]  
- Ward is within range of [20, 30]  
- Community Area is within range of [25, 40]  
- Date is within range of [01/01/2025 12:00:00 AM, 01/29/2025 11:59:59 PM] and time is between 6:00 AM and 11:59 PM (daytime hours)  

10 different conditions for class "1" (Arrest made):  
- Primary Type is in [WEAPONS VIOLATION, NARCOTICS, BATTERY, THEFT]  
- Description is in [UNLAWFUL POSSESSION - HANDGUN, POSSESS - PCP, AGGRAVATED - HANDGUN, RETAIL THEFT]  
- Location Description is in [STREET, DEPARTMENT STORE, CTA BUS STOP, VEHICLE NON-COMMERCIAL]  
- Domestic = 0 or 1 (both possible, but examples show 0)  
- FBI Code is in [04B, 15, 18, 06]  
- Beat is within range of [400, 1200]  
- District is within range of [2, 11]  
- Ward is within range of [3, 44]  
- Community Area is within range of [6, 46]  
- Date is within range of [01/01/2025 12:00:00 AM, 01/29/2025 11:59:59 PM] and time is between 5:00 PM and 11:59 PM (evening hours)

---DIVIDER---

Answer:  
Step 1. The relationship between each feature and the task description:

- Date: The date and time of the crime likely have minimal direct causal relationship with arrest made; however, some time periods (e.g., night vs day) might affect police presence and arrest likelihood.
- Primary Type: Certain crime types (e.g., violent crimes, narcotics, weapons violations) are more likely to result in arrests than property crimes or minor offenses.
- Description: More severe or specific descriptions (e.g., aggravated, possession) may indicate higher arrest probability.
- Location Description: Some locations (e.g., street, public places) may have higher arrest rates than private or less accessible locations.
- Domestic: Domestic violence cases may have specific protocols affecting arrest likelihood; generally, domestic violence may have a higher arrest rate.
- Beat, District, Ward, Community Area: Geographic location might influence arrest likelihood due to local policing policies or crime severity in the area.
- FBI Code: FBI crime classifications can indicate severity and arrest likelihood.
- X Coordinate, Y Coordinate, Latitude, Longitude: These are spatial proxies for location; arrest likelihood may vary by area.
- Year: Since all examples are from 2025, year likely has no effect here.

Step 2. Based on Step 1 and the examples, infer 10 different conditions per answer.

10 different conditions for class "0" (No arrest made):
- Primary Type is in [THEFT, MOTOR VEHICLE THEFT, CRIMINAL DAMAGE]
- Description is in [TO PROPERTY, THEFT / RECOVERY - AUTOMOBILE]
- Location Description is in [ALLEY, NURSING / RETIREMENT HOME, RESIDENCE, APARTMENT]
- Domestic = 0
- FBI Code is in [06, 07, 14]
- Beat is within range of [1000, 1100]
- District is in [9, 10]
- Ward is in [20, 22, 24]
- Community Area is in [29, 30, 37, 38]
- Primary Type is BATTERY and Description is AGGRAVATED - HANDGUN (example shows no arrest)

10 different conditions for class "1" (Arrest made):
- Primary Type is in [NARCOTICS, WEAPONS VIOLATION, BATTERY, THEFT]
- Description is in [POSSESS - PCP, UNLAWFUL POSSESSION - HANDGUN, SIMPLE, RETAIL THEFT]
- Location Description is in [STREET, DEPARTMENT STORE, VEHICLE NON-COMMERCIAL]
- Domestic = 0 or 1 (no example with Domestic=1 but generally domestic violence may have arrest)
- FBI Code is in [08B, 15, 18, 06]
- Beat is within range of [400, 500] or [1800, 1900]
- District is in [2, 4, 18, 19]
- Ward is in [3, 10, 42, 44]
- Community Area is in [6, 8, 25, 46]
- Primary Type is BATTERY and Description is SIMPLE (example shows arrest)

These conditions are derived from the examples and general knowledge about crime and arrest likelihood.

---DIVIDER---

Answer:  
Step 1. The relationship between each feature and the task description:

- Date: The date/time itself likely has no direct causal effect on arrest, but certain times (e.g., night vs day) might correlate with crime types or police activity.
- Primary Type: Certain crime types are more likely to lead to arrests (e.g., narcotics, weapons violations) while others (e.g., criminal damage, motor vehicle theft) may less often lead to arrests.
- Description: More severe or specific descriptions (e.g., aggravated battery) might influence arrest likelihood.
- Location Description: Some locations (e.g., street, department store) might correlate with more arrests due to police presence or nature of crime.
- Domestic: Domestic violence cases might have higher or lower arrest rates depending on policy.
- Beat, District, Ward, Community Area: Geographic location might influence arrest likelihood due to policing strategies or crime patterns.
- FBI Code: FBI crime classification codes may reflect severity or type of crime, affecting arrest probability.
- X Coordinate, Y Coordinate, Latitude, Longitude: Exact location coordinates might indirectly reflect arrest likelihood through geographic crime patterns.
- Year: Since all examples are from the same year, probably no effect.
  
From the examples:  
- Arrests (Answer=1) appear with crimes like NARCOTICS, WEAPONS VIOLATION, BATTERY (simple), THEFT (retail theft).  
- No arrests (Answer=0) appear with MOTOR VEHICLE THEFT, CRIMINAL DAMAGE, BATTERY (aggravated handgun).  
- Location Description is varied but arrests seem to happen more often on STREET or DEPARTMENT STORE.  
- Domestic is always 0 in examples; no data on domestic=1.  
- FBI Codes associated with arrests include 18 (NARCOTICS), 15 (WEAPONS VIOLATION), 08B (BATTERY SIMPLE), 06 (THEFT).  
- FBI Codes associated with no arrests include 07 (MOTOR VEHICLE THEFT), 14 (CRIMINAL DAMAGE), 04B (BATTERY AGGRAVATED).  
- Beat, District, Ward, Community Area vary widely; no obvious pattern from examples.

---

Step 2. 10 different conditions for class "0" (no arrest):  
- Primary Type is in [MOTOR VEHICLE THEFT]  
- Primary Type is in [CRIMINAL DAMAGE]  
- Description is in [TO PROPERTY]  
- Description is in [AGGRAVATED - HANDGUN]  
- FBI Code is in [07]  (MOTOR VEHICLE THEFT)  
- FBI Code is in [14]  (CRIMINAL DAMAGE)  
- FBI Code is in [04B]  (AGGRAVATED BATTERY)  
- Location Description is in [ALLEY]  
- Location Description is in [VEHICLE NON-COMMERCIAL]  
- Primary Type is in [BATTERY] and Description is in [AGGRAVATED - HANDGUN]

10 different conditions for class "1" (arrest made):  
- Primary Type is in [NARCOTICS]  
- Primary Type is in [WEAPONS VIOLATION]  
- Primary Type is in [BATTERY] and Description is in [SIMPLE]  
- Primary Type is in [THEFT] and Description is in [RETAIL THEFT]  
- FBI Code is in [18]  (NARCOTICS)  
- FBI Code is in [15]  (WEAPONS VIOLATION)  
- FBI Code is in [08B]  (BATTERY SIMPLE)  
- FBI Code is in [06]  (THEFT)  
- Location Description is in [STREET]  
- Location Description is in [DEPARTMENT STORE]

---

These conditions align with the examples and general knowledge about which crimes typically lead to arrests.

---DIVIDER---

Answer:  
Step 1. The relationship between each feature and the task description:  

- **Primary Type**: Certain crime types like BATTERY, THEFT, WEAPONS VIOLATION, NARCOTICS are more likely to result in arrests, while others like CRIMINAL DAMAGE or MOTOR VEHICLE THEFT may less frequently lead to arrests.  
- **Description**: More severe or specific descriptions (e.g., AGGRAVATED - HANDGUN, UNLAWFUL POSSESSION - HANDGUN, RETAIL THEFT) may indicate higher arrest likelihood.  
- **Location Description**: Crimes on the STREET or in public places might have higher arrest rates due to witness presence. Crimes in private or less monitored locations might have fewer arrests.  
- **Domestic**: Crimes marked as domestic violence (Domestic = 1) might have different arrest patterns, possibly higher due to protective policies.  
- **FBI Code**: Certain FBI codes (e.g., 08B - simple battery, 06 - theft, 15 - weapons violations, 18 - narcotics) are associated with arrests more often.  
- **Date/Year**: Year is fixed (2025), date/time might affect arrest likelihood due to patrol patterns but less clear.  
- **Beat/District/Ward/Community Area**: Some police districts or beats may have higher arrest rates due to enforcement intensity.  
- **Coordinates (X, Y, Latitude, Longitude)**: Spatial location might correlate with arrest likelihood indirectly via district or community area.  

From examples, arrests (Answer=1) occur mostly with Primary Types like BATTERY (simple), THEFT (retail), WEAPONS VIOLATION, NARCOTICS, and locations like STREET, DEPARTMENT STORE. No arrests (Answer=0) occur with CRIMINAL DAMAGE, MOTOR VEHICLE THEFT, or AGGRAVATED BATTERY with handgun in VEHICLE NON