Answer:  
Step 1. The relationship between each feature and the task description:

- Temperature: High temperature often indicates overheating, which can increase the risk of machine failure. Thus, higher temperature values likely correlate with higher risk.
- Vibration: Elevated vibration levels usually suggest mechanical issues or wear, increasing failure risk.
- Power_Usage: Abnormal power usage (either too high or too low compared to normal operation) can indicate malfunction or inefficiency, signaling risk.
- Humidity: High humidity can cause corrosion or electrical faults, raising failure risk.
- Machine_Type: Different machine types have different operating norms and failure modes; some may be more prone to failure under certain conditions.

Step 2. Based on the examples and Step 1, infer 10 different conditions per answer:

10 different conditions for class "0" (No risk of failure):
- Temperature is within range of [50, 72]
- Vibration is within range of [49, 56]
- Power_Usage is within range of [7.5, 11]
- Humidity is within range of [20, 33]
- Machine_Type is in [Drill, Lathe]
- Temperature < 80
- Power_Usage <= 10.5
- Vibration >= 50
- Humidity <= 33
- Machine_Type is in [Lathe, Drill]

10 different conditions for class "1" (At risk of failure):
- Temperature is within range of [72, 80]
- Vibration is within range of [47, 56]
- Power_Usage is within range of [8.4, 12.2]
- Humidity is within range of [26, 38]
- Machine_Type is in [Mill]
- Temperature >= 72
- Power_Usage > 9.8
- Vibration <= 52
- Humidity >= 27
- Machine_Type is in [Mill, Lathe]

---

Explanation:  
- Class 0 examples mostly show temperatures below ~72, with power usage generally below or around 10, and humidity below ~33.  
- Class 1 examples show temperatures above ~72, power usage often higher than 9.8, and humidity above 26, mostly for Mill machines or occasionally Lathe and Drill at higher thresholds.  
- Vibration ranges overlap but class 1 examples tend to have vibration slightly lower or similar but combined with higher temperature and power usage.  
- Machine_Type "Mill" is strongly associated with risk (class 1).  
- Lathe and Drill machines are mostly class 0 unless other features cross thresholds.

---DIVIDER---

Answer:  
Step 1. The relationship between each feature and the task description:

- Temperature: Higher temperature generally indicates overheating, which can increase the risk of machine failure. So, higher temperature → higher risk.
- Vibration: Excessive vibration usually signals mechanical issues or imbalance, indicating higher failure risk. So, higher vibration → higher risk.
- Power_Usage: Unexpectedly high or low power usage can indicate malfunction or inefficiency. Possibly, higher power usage correlates with risk.
- Humidity: High humidity can cause corrosion or electrical issues, increasing failure risk. So, higher humidity → higher risk.
- Machine_Type: Different machine types may have different baseline operating conditions and failure modes; some types might be more prone to failure under certain conditions.

Step 2. Based on examples and Step 1, infer 10 different conditions per answer class:

10 different conditions for class "0" (No risk):
- Temperature < 70
- Vibration is within range of [50, 55]
- Power_Usage < 10
- Humidity < 30
- Machine_Type is in [Lathe, Drill]
- Temperature <= 65
- Vibration <= 53
- Power_Usage is within range of [7.5, 10]
- Humidity is within range of [20, 30]
- Machine_Type is Drill and Temperature < 70

10 different conditions for class "1" (At risk):
- Temperature >= 70
- Vibration < 50
- Power_Usage > 10
- Humidity > 30
- Machine_Type is Mill
- Temperature > 75
- Vibration >= 50 and Vibration <= 56
- Power_Usage is within range of [10, 12.5]
- Humidity is within range of [30, 40]
- Machine_Type is Lathe and Temperature >= 75

---DIVIDER---

Answer:  
Step 1. The relationship between each feature and the task description:

- Temperature: Higher temperature generally indicates more stress or overheating, which can increase the risk of machine failure. So, higher temperature → higher risk (class 1).  
- Vibration: Increased vibration usually signals mechanical issues, so higher vibration may indicate higher failure risk. However, from examples vibration is not strongly differentiating.  
- Power_Usage: Abnormal power usage (either too high or too low) can indicate malfunction or inefficiency. From examples, higher power usage sometimes correlates with risk.  
- Humidity: High humidity can cause corrosion or electrical issues, increasing failure risk.  
- Machine_Type: Different machine types may have different failure thresholds or behaviors. From examples, Mills appear more often in class 1 (risk) than Lathes or Drills.

---

Step 2. Based on Step 1 and the examples, inferred conditions:

10 different conditions for class "0":  
- Temperature < 75  
- Vibration is within range of [49, 56]  
- Power_Usage < 10  
- Humidity < 32  
- Machine_Type is in [Lathe, Drill]  
- Temperature <= 70  
- Power_Usage <= 9.5  
- Vibration >= 50  
- Humidity <= 30  
- Machine_Type is in [Lathe]

10 different conditions for class "1":  
- Temperature >= 72  
- Power_Usage > 10  
- Machine_Type is in [Mill]  
- Humidity > 30  
- Temperature >= 75  
- Vibration < 50  
- Power_Usage >= 8.4  
- Humidity >= 27  
- Machine_Type is in [Mill, Lathe]  
- Temperature is within range of [52, 79]

---

Explanation:  
- Class 0 ("No risk") examples mostly have temperature below 75, moderate vibration, power usage less than 10, and humidity less than ~32, mostly Lathe or Drill machines.  
- Class 1 ("At risk") examples show higher temperature (>=72), higher power usage (>10 often), humidity above 30, and mostly Mill machines, sometimes Lathe with higher temperature and power usage. Vibration tends to be lower (<50) or moderate.

These conditions capture the main tendencies and differentiate the classes reasonably well.

---DIVIDER---

Answer:  
Step 1. The relationship between each feature and the task description:  
- Temperature: Higher temperatures generally increase the risk of machine failure due to overheating and stress on components.  
- Vibration: Higher vibration levels often indicate mechanical issues and can increase failure risk.  
- Power_Usage: Abnormal power usage (either too high or too low) may signal malfunction or inefficiency, thus increasing failure risk.  
- Humidity: High humidity can cause corrosion or electrical issues, potentially increasing failure risk.  
- Machine_Type: Different machine types may have different thresholds or susceptibilities to failure based on their design and operation.

---

Step 2. Based on the examples and Step 1, infer 10 different conditions per answer class:

10 different conditions for class "0":  
- Temperature < 70  
- Vibration is within range of [49, 56]  
- Power_Usage is within range of [7.5, 11]  
- Humidity is within range of [20, 33]  
- Machine_Type is in [Drill, Lathe] and Temperature < 70  
- Machine_Type is Drill and Power_Usage < 10  
- Machine_Type is Lathe and Vibration < 56  
- Temperature is within range of [57, 66] and Humidity < 30  
- Power_Usage < 11 and Temperature < 72  
- Vibration < 56 and Humidity < 33  

10 different conditions for class "1":  
- Temperature >= 70  
- Machine_Type is Mill and Temperature >= 64  
- Power_Usage > 10  
- Humidity >= 26  
- Vibration is within range of [47, 53] and Temperature >= 70  
- Machine_Type is Mill and Power_Usage > 10  
- Machine_Type is Lathe and Temperature >= 70  
- Machine_Type is Drill and Temperature >= 75  
- Temperature >= 72 and Humidity >= 27  
- Power_Usage >= 9 and Temperature >= 70  

---

These conditions summarize the tendencies observed in the data and general knowledge about failure risk factors in industrial machines.

---DIVIDER---

Answer:  
Step 1. The relationship between each feature and the task description:

- Temperature: Higher temperature generally indicates higher stress or overheating, which can increase risk of failure. So, higher temperature → higher risk.
- Vibration: Higher vibration often signals mechanical imbalance or wear, increasing failure risk. So, higher vibration → higher risk.
- Power_Usage: Abnormal power usage (too high or too low) might indicate malfunction or inefficiency; moderate or normal usage likely means no failure risk. So, unusual power usage → higher risk.
- Humidity: High humidity can cause corrosion or electrical issues, increasing failure risk. So, higher humidity → higher risk.
- Machine_Type: Different machines may have different baseline operating conditions and failure modes; some types may be more prone to failure under certain conditions.

---

Step 2. Based on the examples and Step 1, infer 10 different conditions per answer class:

10 different conditions for class "0" (No risk of failure):
- Temperature <= 72
- Vibration is within range of [47, 56]
- Power_Usage is within range of [7.5, 11]
- Humidity <= 32
- Machine_Type is in [Lathe, Drill]
- Temperature is within range of [57, 70]
- Vibration <= 55
- Power_Usage < 11
- Humidity is within range of [20, 32]
- Machine_Type is Lathe and Temperature <= 85

10 different conditions for class "1" (At risk of failure):
- Temperature > 72
- Vibration is within range of [49, 56]
- Power_Usage >= 9
- Humidity >= 30
- Machine_Type is Mill
- Temperature is within range of [64, 79]
- Vibration >= 49
- Power_Usage > 10
- Humidity is within range of [30, 38]
- Machine_Type is in [Mill, Lathe, Drill] and Temperature > 70

---

These conditions reflect the trends observed: higher temperature and humidity, often combined with Mill machine type and moderate to high power usage, correspond to risk of failure (class 1). Lower temperature and humidity, and machine types Lathe or Drill, generally correspond to no risk (class 0).