Step 1. The relationship between each feature and the task description:

- Gender: Likely no strong direct influence on whether a student reads academic books most of the time.
- Age: Older undergraduates might read more academic books as they progress in their studies.
- Department: Students in technical or scientific departments (e.g., CSE, SWE, Pharmacy, EEE, Civil) tend to read academic books more often than those in non-technical or humanities departments.
- Amount of time spent reading books per day: More time spent reading correlates positively with reading academic books most of the time.
- Reason for reading books: If the reason is "Academic Purpose," it strongly indicates reading academic books most of the time.
- How to manage books for reading: Methods like "Used-all" or "Buy" might indicate a serious approach to reading academic books, while "Others" or "Borrow" might be less indicative.
- Number of e-books read last two years: Higher numbers (e.g., 11-15, 16-20, More than 20) suggest frequent reading, possibly academic.
- Number of printed books read last two years: Similarly, higher numbers indicate more reading activity.
- Favorite books for leisure time: If leisure reading is mostly "Non-Fiction" or "Biography," it may indicate a tendency toward academic reading; "Fiction" or "Politics" might indicate less academic focus.
- What is the change felt after reading books: "Increase Academic Performance" suggests academic reading.
- Who influenced you to read books: "Self-Decision" may indicate intrinsic motivation for academic reading.
- Which language books do you like to read: Preference for English or native language might have minor influence.
- Where do you read printed books: Reading at home or library might indicate more academic reading.
- Do you read Newspaper: May not strongly correlate.
- The format used for reading books: Using "Both" (printed and e-books) may indicate more serious reading habits.
- Frequency of reading books: "On everyday basis" strongly indicates reading academic books most of the time.

---

Step 2. Based on the above and example, infer 10 different conditions per answer class.

10 different conditions for class "0" (Does NOT read academic books most of the time):
- Reason for reading books is in [Entertainment Purpose, To increase my English vocabulary knowledge, Keep me informative]
- Amount of time spent reading books per day < 1
- Frequency of reading books is in [Rarely, Occasionally]
- Number of printed books you read last two years is in [1-5, nan]
- Number of e-books you read last two years is in [1-5, nan]
- Favorite books for reading to spend leisure time is in [Fiction, Politics, Others]
- What is the change that you felt after reading books is not "Increase Academic Performance"
- Department is in [English, BBA, JMC, Textile, NFE]
- How to manage books for reading is in [Borrow, Others]
- The format that you used for reading books is in [Printed, E-books]

10 different conditions for class "1" (Reads academic books most of the time):
- Reason for reading books is "Academic Purpose"
- Amount of time spent reading books per day >= 2
- Frequency of reading books is "On everyday basis"
- Number of printed books you read last two years is in [6-10, 11-15, 16-20, More than 20]
- Number of e-books you read last two years is in [6-10, 11-15, 16-20, More than 20]
- What is the change that you felt after reading books is "Increase Academic Performance"
- Department is in [CSE, SWE, Pharmacy, EEE, Civil, CIS, MCT]
- How to manage books for reading is in [Used-all, Buy]
- The format that you used for reading books is "Both"
- Favorite books for reading to spend leisure time is in [Non-Fiction, Biography]

---

These conditions align with typical patterns of academic reading behavior and the given example.

---DIVIDER---

Answer:  
Step 1. The relationship between each feature and the task description:  

- Gender: Likely no direct causation, but some studies suggest females might read more academic books than males on average, though this is weak and not deterministic.  
- Age: Within typical undergraduate age range (18-24), older students might be more serious about academics and read more academic books.  
- Department: Students from departments with heavy academic reading (e.g., CSE, SWE, Pharmacy, EEE, Civil) are more likely to read academic books most of the time than those from departments with less academic reading focus (e.g., BBA, English might vary).  
- Amount of time spent reading books per day: More hours spent reading books per day correlates positively with reading academic books most of the time.  
- Reason for reading books: If the reason is "Academic Purpose," it strongly indicates reading academic books most of the time. Other reasons like "Entertainment Purpose" or "Keep me informative" are less likely to indicate academic book reading.  
- How to manage books for reading: Borrowing, buying, or using e-books might indicate a higher engagement with academic reading; "Others" might be ambiguous.  
- Number of e-books read last two years: Higher numbers indicate more reading, possibly academic if combined with other factors.  
- Number of printed books read last two years: Similarly, higher numbers indicate more reading, possibly academic.  
- Favorite books for reading to spend leisure time: If leisure reading is mostly "Non-Fiction" or "Biography," it may correlate with academic reading; "Fiction" or "Politics" may indicate less academic reading.  
- What is the change that you felt after reading books: "Increase Academic Performance" strongly indicates reading academic books. Other emotional changes are less indicative.  
- Who influenced you to read books: Self-decision might indicate intrinsic motivation towards academic reading.  
- Which language books do you like to read: English is often the language of academic books, so preference for English may correlate with academic reading.  
- Where do you read printed books: Library or home might be more common for academic reading than other places.  
- Do you read Newspaper: Reading newspapers may indicate general reading habits but not necessarily academic book reading.  
- The format that you used for reading books: E-books might be more common for academic reading.  
- Frequency of reading books: Higher frequency (everyday or a few times a week) correlates with reading academic books most of the time.  

---

Step 2. Conditions for each answer class based on Step 1 and given examples:  

10 different conditions for class "0" (Does NOT read academic books most of the time):  
- Reason for reading books is in [Entertainment Purpose, Keep me informative, To increase my English vocabulary knowledge]  
- Amount of time spent reading books per day < 1  
- Frequency of reading books is in [Once a week, Rarely, Never]  
- Number of printed books you read last two years is in [1-5, nan]  
- Number of e-books you read last two years is in [1-5, nan]  
- Favorite books for reading to spend leisure time is in [Fiction, Politics]  
- What is the change that you felt after reading books is not "Increase Academic Performance"  
- Department is in [BBA, English, JMC, Others] and Reason for reading books is not "Academic Purpose"  
- How to manage books for reading is "Others" and Frequency of reading books is "Rarely" or "Once a week"  
- Amount of time spent reading books per day <= 0.5 and Frequency of reading books is not "On everyday basis"  

10 different conditions for class "1" (Reads academic books most of the time):  
- Reason for reading books is "Academic Purpose"  
- Amount of time spent reading books per day >= 1  
- Frequency of reading books is in [On everyday basis, A few times a week]  
- Number of printed books you read last two years is in [6-10, 11-15, 16-20, More than 20]  
- Number of e-books you read last two years is in [6-10, 11-15, 16-20, More than 20]  
- What is the change that you felt after reading books is "Increase Academic Performance"  
- Department is in [CSE, SWE, Pharmacy, EEE, Civil, MCT, CIS] and Reason for reading books is "Academic Purpose"  
- How to manage books for reading is in [E-books, Borrow, Buy, Used-all]  
- Favorite books for reading to spend leisure time is in [Non-Fiction, Biography] and Reason for reading books is "Academic Purpose"  
- Amount of time spent reading books per day >= 1 and Frequency of reading books is "On everyday basis"  

---

These conditions capture the tendencies and make sense given the features and the nature of the task.

---DIVIDER---

Answer:  
Step 1. The relationship between each feature and the task description:

- Gender: Generally, gender does not directly influence whether a student reads academic books most of the time; it might have little or no effect.
- Age: Older students may have developed more academic habits, possibly reading academic books more regularly.
- Department: Students from technical or science departments (e.g., CSE, SWE, Pharmacy, EEE, Civil) are more likely to read academic books most of the time compared to students from non-technical or arts departments (e.g., English, BBA, JMC).
- Amount of time spent reading books per day: More time spent reading books per day likely correlates with reading academic books if the reason is academic.
- Reason for reading books: If the reason is "Academic Purpose," the student is more likely to read academic books most of the time.
- How to manage books for reading: Methods like borrowing, buying, or using e-books may indicate active engagement with academic materials.
- Number of e-books read last two years: Higher numbers suggest more reading activity, possibly academic.
- Number of printed books read last two years: Similarly, higher numbers suggest more reading, likely academic if combined with other features.
- Favorite books for leisure time: Preference for Non-Fiction or Biography may indicate academic interest; Fiction and Politics might be less academic.
- What is the change felt after reading books: If the change is related to academic performance or skills (e.g., Increase Academic Performance, Increase Problem Solving Skill), it indicates academic reading.
- Who influenced you to read books: Self-decision may indicate intrinsic motivation aligned with academic reading.
- Which language books do you like to read: English books might be related to academic reading depending on context.
- Where do you read printed books: Reading at home or library may indicate academic study habits.
- Do you read Newspaper: May not strongly correlate with academic book reading.
- The format used for reading books: Printed or Both (printed and e-book) might indicate academic reading habits.
- Frequency of reading books: Reading on an everyday basis or several times a week indicates a higher chance of academic reading.

---

Step 2.  
10 different conditions for class "0" (Does NOT read academic books most of the time):

- Reason for reading books is in [Entertainment Purpose, To increase my English vocabulary knowledge]
- Department is in [English, BBA, JMC, Others]
- Amount of time spent reading books per day < 1
- Number of printed books you read last two years is in [1-5, nan]
- Number of e-books you read last two years is in [1-5, nan]
- Favorite books for reading to spend leisure time is in [Fiction, Politics]
- Frequency of reading books is in [A few times a week, Occasionally, Rarely]
- What is the change that you felt after reading books is not in [Increase Academic Performance, Increase Problem Solving Skill]
- How to manage books for reading is in [Others]
- The format that you used for reading books is in [E-books]

---

10 different conditions for class "1" (Reads academic books most of the time):

- Reason for reading books is Academic Purpose
- Department is in [CSE, SWE, Pharmacy, EEE, Civil, MCT, CIS]
- Amount of time spent reading books per day >= 1
- Number of printed books you read last two years is in [6-10, 11-15, 16-20, More than 20]
- Number of e-books you read last two years is in [6-10, 11-15, 16-20, More than 20]
- Frequency of reading books is in [On everyday basis, Several times a week]
- What is the change that you felt after reading books is in [Increase Academic Performance, Increase Problem Solving Skill]
- How to manage books for reading is in [Borrow, Buy, Used-all]
- The format that you used for reading books is in [Printed, Both]
- Favorite books for reading to spend leisure time is in [Non-Fiction, Biography]

---

These conditions reflect reasonable and interpretable rules for classifying whether an undergraduate student reads academic books most of the time or not.

---DIVIDER---

Step 1. The relationship between each feature and the task description:

- Gender: Generally no direct causal relationship with reading academic books most of the time; both genders can read academic books.
- Age: Older undergraduate students might read more academic books due to increased academic pressure or advanced courses.
- Department: Students from technical or science departments (e.g., CSE, SWE, Pharmacy, EEE, Civil) are more likely to read academic books most of the time compared to those from non-technical or arts departments (e.g., English, BBA, JMC).
- Amount of time spent reading books per day: More time spent reading books per day likely indicates reading academic books most of the time.
- Reason for reading books: If the reason is "Academic Purpose," it strongly indicates reading academic books most of the time.
- How to manage books for reading: Methods like "Borrow," "Buy," or "E-books" may indicate active academic reading habits.
- Number of e-books read last two years: Higher numbers suggest greater engagement with academic reading.
- Number of printed books read last two years: Similarly, higher numbers suggest more academic reading.
- Favorite books for leisure time: If favorite leisure books are Non-Fiction or Biography, it may correlate with academic reading habits, but Fiction or Politics might indicate less academic reading.
- What is the change that you felt after reading books: If the change is "Increase Academic Performance," it strongly correlates with academic reading.
- Who influenced you to read books: Influence by teachers or academic figures may increase academic reading.
- Which language books do you like to read: Preference for English or academic languages may indicate academic reading.
- Where do you read printed books: Reading in the library may suggest academic reading.
- Do you read Newspaper: May not strongly correlate with academic reading.
- The format used for reading books: Use of both printed and e-books may indicate diverse academic reading habits.
- Frequency of reading books: Reading on an everyday basis strongly correlates with reading academic books most of the time.

---

Step 2. 10 different conditions for class "0" (Does NOT read academic books most of the time):

- Reason for reading books is in [Entertainment Purpose, To increase my English vocabulary knowledge]
- Department is in [English, BBA, JMC, Others]
- Amount of time spent reading books per day < 1
- Number of e-books you read last two years is in [nan, 1-5]
- Number of printed books you read last two years is in [nan, 1-5]
- Frequency of reading books is in [Once a week, Occasionally, Rarely]
- Favorite books for reading to spend leisure time is in [Fiction, Politics, Others]
- How to manage books for reading is in [Others, Used-all]
- What is the change that you felt after reading books is not "Increase Academic Performance"
- Where do you read printed books is in [Home, Outside, Cafe]

---

10 different conditions for class "1" (Reads academic books most of the time):

- Reason for reading books is Academic Purpose
- Amount of time spent reading books per day >= 2
- Frequency of reading books is On everyday basis
- Department is in [CSE, SWE, Pharmacy, EEE, Civil, Textile, MCT, CIS]
- Number of e-books you read last two years is in [6-10, 11-15, 16-20, More than 20]
- Number of printed books you read last two years is in [6-10, 11-15, 16-20, More than 20]
- What is the change that you felt after reading books is Increase Academic Performance
- Who influenced you to read books is Teachers
- Where do you read printed books is Library
- The format that you used for reading books is in [E-books, Both]

---

These conditions are consistent with the example provided and general knowledge about academic reading habits.

---DIVIDER---

Step 1. The relationship between each feature and the task description:

- Gender: Generally, gender itself does not directly determine reading academic books most of the time.
- Age: Older undergraduates might have more academic responsibilities, possibly reading more academic books.
- Department: Students in technical or science departments (e.g., CSE, SWE, Pharmacy, EEE, Civil) are more likely to read academic books most of the time than students in non-technical departments (e.g., BBA, English, JMC).
- Amount of time spent reading books per day: More time spent reading books per day likely indicates reading academic books more frequently.
- Reason for reading books: If the reason is "Academic Purpose," it strongly indicates reading academic books most of the time.
- How to manage books for reading: Methods like "Borrow," "Buy," or "Used-all" might indicate active engagement with academic books, while "E-books" or "Others" is less conclusive.
- Number of e-books read last two years: Higher numbers (e.g., More than 20, 16-20) may indicate more academic reading.
- Number of printed books read last two years: Similarly, higher numbers likely indicate more academic reading.
- Favorite books for leisure time: Preference for "Non-Fiction" or "Politics" may correlate with academic reading habits, while "Fiction" or "Biography" may not.
- What is the change felt after reading books: Changes like "Increase Academic Performance" or "Increase Creative Thinking" may indicate academic reading.
- Who influenced you to read books: Influence by "Teachers" or "Parents" might correlate with academic reading habits.
- Which language books do you like to read: Preference for English might correlate with academic reading, especially in technical departments.
- Where do you read printed books: Reading in "Library" suggests academic reading.
- Do you read Newspaper: Reading newspapers is less directly related to academic book reading.
- The format used for reading books: Using "Both" or "Printed" might indicate diverse and possibly academic reading.
- Frequency of reading books: Higher frequency (e.g., "On everyday basis") indicates reading academic books most of the time.

---

Step 2. Based on the above analysis and the example, here are 10 different conditions per answer class:

10 different conditions for class "0" (Does NOT read academic books most of the time):
- Frequency of reading books is in [Less than once a year, Once a year]
- Reason for reading books is in [Entertainment Purpose, To increase my English vocabulary knowledge]
- Amount of time spent reading books per day <= 0.5
- Number of e-books you read last two years is in [1-5, nan]
- Number of printed books you read last two years is in [1-5, nan]
- Favorite books for reading to spend leisure time is in [Fiction, Biography, Others]
- Where do you read printed books is in [Home, Others]
- Department is in [BBA, English, JMC, NFE, Others]
- Frequency of reading books is in [Less than once a year, Once a year]
- How to manage books for reading is in [E-books, Others]

10 different conditions for class "1" (Reads academic books most of the time):
- Reason for reading books is Academic Purpose
- Frequency of reading books is in [On everyday basis, Once a week, Once a month]
- Amount of time spent reading books per day >= 1
- Number of e-books you read last two years is in [6-10, 11-15, 16-20, More than 20]
- Number of printed books you read last two years is in [6-10, 11-15, 16-20, More than 20]
- Department is in [CSE, SWE, Pharmacy, EEE, Civil, Textile, CIS, MCT]
- Where do you read printed books is Library
- What is the change that you felt after reading books is in [Increase Academic Performance, Increase Creative Thinking]
- Who influenced you to read books is Teachers
- The format that you used for reading books is in [Printed, Both]

---

These conditions are consistent with general knowledge and the provided example.

---DIVIDER---

Step 1. The relationship between each feature and the task description:

- Gender: Generally not strongly related to whether a student reads academic books most of the time.
- Age: Older undergraduates might be more focused on academic reading due to advanced courses.
- Department: Students in technical or science departments (CSE, SWE, Pharmacy, EEE, Civil, Textile, MCT, CIS) are more likely to read academic books most of the time than those in non-technical or business departments (BBA, English, JMC, NFE, Others).
- Amount of time spent reading books per day: Higher time spent reading books correlates positively with reading academic books most of the time.
- Reason for reading books: Academic Purpose strongly indicates reading academic books most of the time; other reasons like Entertainment Purpose or Vocabulary improvement less so.
- How to manage books for reading: Borrowing or buying books may indicate academic reading, while "Others" or "Used-all" less clear.
- Number of e-books read last two years: Higher numbers of e-books read correlates with academic reading.
- Number of printed books read last two years: Similarly, higher numbers correlate with academic reading.
- Favorite books for leisure: Non-academic genres (Fiction, Biography, Politics) indicate less likelihood of academic reading most of the time.
- What is the change felt after reading books: Increase Academic Performance or Increase Creative Thinking may indicate academic reading focus.
- Who influenced to read books: Teachers or family influence may suggest academic reading habits.
- Which language books like to read: English or native language may not strongly correlate.
- Where do you read printed books: Library or home may indicate academic reading.
- Do you read Newspaper: May not be strongly related.
- Format used for reading books: E-books or Both formats may indicate academic reading.
- Frequency of reading books: More frequent reading (everyday or a few times a week) correlates with academic reading.

---

Step 2. 10 different conditions for class "0" (Does NOT read academic books most of the time):

- Reason for reading books is in [Entertainment Purpose, To increase my English vocabulary knowledge]
- Department is in [English, BBA, JMC, NFE, Others]
- Amount of time spent reading books per day < 1
- Number of printed books you read last two years is in [1-5, nan]
- Number of e-books you read last two years is in [1-5, nan]
- Favorite books for reading to spend leisure time is in [Fiction, Biography, Politics]
- Frequency of reading books is in [A few times a week, Occasionally, Rarely]
- What is the change that you felt after reading books is in [Increase Vocabulary Knowledge, Increase Knowledge]
- How to manage books for reading is in [Others, Used-all]
- Format that you used for reading books is in [Printed books]

10 different conditions for class "1" (Reads academic books most of the time):

- Reason for reading books is Academic Purpose
- Amount of time spent reading books per day >= 2
- Department is in [CSE, SWE, Pharmacy, EEE, Civil, Textile, MCT, CIS]
- Number of printed books you read last two years is in [6-10, 11-15, 16-20, More than 20]
- Number of e-books you read last two years is in [6-10, 11-15, 16-20, More than 20]
- Frequency of reading books is in [On everyday basis]
- What is the change that you felt after reading books is Increase Academic Performance
- Who influenced you to read books is in [Teachers, Family]
- Where do you read printed books is Library
- Format that you used for reading books is in [E-books, Both]

---

This set of conditions can help classify if an undergraduate student reads academic books most of the time (1) or not (0).

---DIVIDER---

Step 1. The relationship between each feature and the task description:

- Gender: Likely no strong direct influence on whether the student reads academic books most of the time.
- Age: Older undergraduates might be more focused on academics and thus read academic books more often.
- Department: Students from academic or technical departments (e.g., CSE, SWE, Pharmacy, Textile) are more likely to read academic books; students from non-technical or less academic-focused departments (e.g., BBA, English, JMC) might read less academic books.
- Amount of time spent reading books per day: More time spent reading correlates positively with reading academic books most of the time.
- Reason for reading books: If the reason is "Academic Purpose," the student likely reads academic books most of the time.
- How to manage books for reading: Not strongly indicative, but students who borrow or buy books might have more academic reading.
- Number of e-books read last two years: Higher numbers indicate more academic reading if the e-books are academic.
- Number of printed books read last two years: Similarly, higher numbers indicate more academic reading.
- Favorite books for reading to spend leisure time: If the favorite books are non-academic (e.g., Fiction, Biography), less likely to read academic books most of the time.
- What is the change that you feel after reading books: If the change is related to academic improvement or creative thinking, more likely to read academic books.
- Who influenced you to read books: Influence by teachers or academic figures increases likelihood of academic reading.
- Which language books do you like to read: If English or academic language, more likely academic reading.
- Where do you read printed books: Reading in library or study places may indicate academic reading.
- Do you read Newspaper: Not strongly related.
- The format that you used for reading books: E-books or printed may not strongly affect academic reading.
- Frequency of reading books: Higher frequency (daily or almost daily) indicates more academic reading.

---

Step 2. Based on Step 1 and the example, infer 10 different conditions per answer class.

10 different conditions for class "0" (Does NOT read academic books most of the time):

- Reason for reading books is in [Entertainment Purpose, To increase my English vocabulary knowledge, Keep me informative]
- Department is in [BBA, English, JMC, NFE, Others]
- Amount of time spent reading books per day < 1
- Number of e-books you read last two years is in [nan, 1-5]
- Number of printed books you read last two years is in [nan, 1-5]
- Favorite books for reading to spend leisure time is in [Fiction, Biography, Politics, Others]
- Frequency of reading books is in [A few times a week, Once a week, Less than once a week]
- What is the change that you felt after reading books is not in [Increase Academic Performance, Increase Creative Thinking]
- How to manage books for reading is in [Others, Used-all]
- Where do you read printed books is in [Home, Others]

10 different conditions for class "1" (Reads academic books most of the time):

- Reason for reading books is Academic Purpose
- Amount of time spent reading books per day >= 2
- Department is in [CSE, SWE, Pharmacy, Textile, EEE, Civil, CIS, MCT]
- Number of e-books you read last two years is in [6-10, 11-15, 16-20, More than 20]
- Number of printed books you read last two years is in [6-10, 11-15, 16-20, More than 20]
- Frequency of reading books is in [On everyday basis, Almost every day]
- What is the change that you felt after reading books is in [Increase Academic Performance, Increase Creative Thinking]
- Who influenced you to read books is Teachers
- Where do you read printed books is Library
- The format that you used for reading books is E-books or Printed (indicating serious reading habit)

---

This set of conditions can be used to classify whether an undergraduate student reads academic books most of the time.

---DIVIDER---

Answer:

Step 1. The relationship between each feature and the task description:

- Gender: Likely no strong direct impact on reading academic books most of the time.
- Age: Older undergraduates might read more academic books as they progress in studies.
- Department: Students from technical/scientific departments (e.g., CSE, Pharmacy, EEE) tend to read academic books more often than those from humanities or business.
- Amount of time spent reading books per day: More time reading books correlates positively with reading academic books most of the time.
- Reason for reading books: "Academic Purpose" strongly correlates with reading academic books most of the time; other reasons less so.
- How to manage books for reading: Borrowing or buying physical books may indicate more serious academic reading habits.
- Number of e-books read last two years: Higher numbers may indicate more academic reading if combined with other factors.
- Number of printed books read last two years: Higher numbers likely indicate more academic reading.
- Favorite books for leisure reading: Preference for Non-Fiction or Biography may correlate with academic reading; Fiction and Politics less so.
- What is the change felt after reading books: "Increase Academic Performance" suggests academic reading.
- Who influenced you to read books: Influence by parents or teachers may correlate with academic reading.
- Which language books do you like to read: Preference for English or native academic language may correlate with academic reading.
- Where do you read printed books: Reading at home or library might indicate academic reading habits.
- Do you read Newspaper: Reading newspapers may not strongly correlate with academic book reading.
- Format used for reading books: Printed or E-books format may vary; E-books might indicate more academic reading.
- Frequency of reading books: Higher frequency (daily or almost daily) correlates positively with academic reading.

---

Step 2. Based on Step 1 and the example, infer 10 different conditions per answer class:

10 different conditions for class "0" (Does NOT read academic books most of the time):

- Reason for reading books is in [Entertainment Purpose, To increase my English vocabulary knowledge]
- Amount of time spent reading books per day < 1
- Frequency of reading books is in [Rarely, Once a week]
- Number of printed books you read last two years is in [1-5, nan]
- Number of e-books you read last two years is in [1-5, nan]
- Favorite books for reading to spend leisure time is in [Fiction, Politics]
- What is the change that you felt after reading books is not "Increase Academic Performance"
- Department is in [BBA, English, JMC, Others]
- How to manage books for reading is in [Others, Used-all] (indicating less formal acquisition)
- Format that you used for reading books is in [Others] or not in [Printed, E-books]

10 different conditions for class "1" (Reads academic books most of the time):

- Reason for reading books is Academic Purpose
- Amount of time spent reading books per day >= 1
- Frequency of reading books is in [Daily, Almost daily, A few times a week]
- Number of printed books you read last two years is in [6-10, 11-15, 16-20, More than 20]
- Number of e-books you read last two years is in [6-10, 11-15, 16-20, More than 20]
- Favorite books for reading to spend leisure time is in [Non-Fiction, Biography]
- What is the change that you felt after reading books is Increase Academic Performance
- Department is in [CSE, Pharmacy, EEE, SWE, CIS]
- How to manage books for reading is in [Buy, Borrow, E-books]
- Format that you used for reading books is in [Printed, E-books]

---

These conditions reflect the tendencies and causal relationships between features and whether the student reads academic books most of the time or not.

---DIVIDER---

Step 1. The relationship between each feature and the task description:

- Gender: Likely no strong causal relationship; reading habits are generally independent of gender.
- Age: Older undergraduates might read more academic books due to advanced courses, but overall age range is narrow, so limited impact.
- Department: Students in technical or academic-intensive departments (e.g., CSE, Pharmacy, EEE) are more likely to read academic books most of the time compared to departments like BBA or English where leisure or other reading might dominate.
- Amount of time spent reading books per day: More time spent reading strongly correlates with reading academic books most of the time.
- Reason for reading books: If the reason is "Academic Purpose," it strongly indicates reading academic books most of the time.
- How to manage books for reading: Students who buy or use e-books might be more engaged in academic reading; borrowing or others might indicate casual or leisure reading.
- Number of e-books read last two years: Higher numbers suggest more academic reading, especially if combined with other features.
- Number of printed books read last two years: Similarly, a high number indicates more academic reading.
- Favorite books for reading to spend leisure time: Preference for Fiction or Politics may indicate less academic reading most of the time; Preference for Non-Fiction or Biography might be more academic or informative.
- What is the change that you felt after reading books: If the change is "Increase Academic Performance" or "Increase Creative Thinking," it suggests academic reading.
- Who influenced you to read books: Self-decision or academic influence may indicate more academic reading.
- Which language books do you like to read: English or academic languages might correlate with academic reading.
- Where do you read printed books: Reading at home or library might indicate academic reading; reading elsewhere might be less academic.
- Do you read Newspaper: Reading newspapers might indicate more general interest reading, less academic focus.
- The format used for reading books: Both printed and e-books might indicate academic reading.
- Frequency of reading books: Higher frequency (everyday or a few times a week) correlates with reading academic books most of the time.

---

Step 2. 10 different conditions for class "0" (Does NOT read academic books most of the time):

- Reason for reading books is in [Entertainment Purpose, To increase my English vocabulary knowledge]
- Department is in [BBA, English, JMC, Textile, Others]
- Amount of time spent reading books per day < 1
- Favorite books for reading to spend leisure time is in [Fiction, Politics]
- Frequency of reading books is in [Rarely, Once a week]
- Number of printed books you read last two years is in [1-5, nan]
- Number of e-books you read last two years is in [1-5, nan]
- What is the change that you felt after reading books is not in [Increase Academic Performance, Increase Creative Thinking]
- How to manage books for reading is in [Borrow, Others]
- Do you read Newspaper is No

10 different conditions for class "1" (Reads academic books most of the time):

- Reason for reading books is Academic Purpose
- Department is in [CSE, SWE, Pharmacy, EEE, CIS, Civil, MCT]
- Amount of time spent reading books per day >= 1
- Frequency of reading books is in [On everyday basis, A few times a week]
- Number of printed books you read last two years is in [6-10, 11-15, 16-20, More than 20]
- Number of e-books you read last two years is in [6-10, 11-15, 16-20, More than 20]
- What is the change that you felt after reading books is in [Increase Academic Performance, Increase Creative Thinking]
- How to manage books for reading is in [Buy, E-books, Used-all]
- The format that you used for reading books is Both or E-books or Printed
- Who influenced you to read books is Self-Decision or Academic Influence

---

This set of conditions reflects common sense and the example given, helping to classify whether an undergraduate student reads academic books most of the time (class "1") or not (class "0").

---DIVIDER---

Step 1. The relationship between each feature and the task description:

- Gender: Generally, gender itself does not strongly determine reading academic books most of the time; however, some cultural or departmental trends may exist.
- Age: Older undergraduates might be more focused on academic reading due to advanced coursework.
- Department: Students in technical or science departments (e.g., CSE, SWE, Pharmacy, EEE, Civil) are more likely to read academic books most of the time compared to those in non-technical or humanities departments.
- Amount of time spent reading books per day: More time spent reading books per day likely correlates with reading academic books most of the time.
- Reason for reading books: If the reason is "Academic Purpose," it strongly suggests academic reading.
- How to manage books for reading: Managing books through borrowing, buying, or using e-books may reflect the seriousness of reading habits but is less direct.
- Number of e-books read last two years: Higher numbers suggest more engagement with academic or serious reading.
- Number of printed books read last two years: Similarly, higher numbers suggest frequent reading, possibly academic.
- Favorite books for leisure: Preference for Non-Fiction or Biography might correlate with academic reading; Fiction or Politics might indicate less academic focus.
- What is the change felt after reading books: Feeling an increase in academic performance or creative thinking indicates academic reading.
- Who influenced to read books: Influence by teachers may correlate with academic reading.
- Language of books: Preference for English books might correlate with academic reading, especially in technical departments.
- Where do you read printed books: Reading in libraries suggests academic reading.
- Do you read Newspaper: Less directly related but may indicate general reading habits.
- Format used for reading books: Use of e-books or both formats might suggest more academic reading.
- Frequency of reading books: Higher frequency (e.g., everyday basis) strongly correlates with reading academic books most of the time.

---

Step 2. 10 different conditions for each class:

10 different conditions for class "0" (Does NOT read academic books most of the time):
- Frequency of reading books is Less than once a year
- Reason for reading books is in [Entertainment Purpose, Keep me informative]
- Amount of time spent reading books per day < 0.5
- Number of e-books you read last two years is in [1-5, nan]
- Number of printed books you read last two years is in [1-5, nan]
- Favorite books for reading to spend leisure time is in [Fiction, Politics, Others]
- Where do you read printed books is Home
- Who influenced you to read books is Friends or Family (if available)
- Department is in [BBA, English, JMC, Textile, Others]
- Format that you used for reading books is in [E-books, Others]

10 different conditions for class "1" (Reads academic books most of the time):
- Reason for reading books is Academic Purpose
- Frequency of reading books is On everyday basis or Weekly basis
- Amount of time spent reading books per day >= 1
- Number of e-books you read last two years is in [6-10, 11-15, 16-20, More than 20]
- Number of printed books you read last two years is in [6-10, 11-15, 16-20, More than 20]
- Department is in [CSE, SWE, Pharmacy, EEE, Civil, CIS, MCT]
- Where do you read printed books is Library
- What is the change that you felt after reading books is Increase Academic Performance or Increase Creative Thinking
- Format that you used for reading books is Both
- Gender is Male or Female (neutral but included for completeness)

---

These conditions represent tendencies and typical profiles for students who do or do not read academic books most of the time, based on the features and common sense.