Answer:  
Step 1. The relationship between each feature and the task description:

- Gender: May have minor influence; satisfaction may not strongly depend on gender.  
- Age: Younger clients might be more critical or less satisfied; older clients might have different expectations.  
- Education: Higher education might correlate with higher expectations or better understanding, affecting satisfaction.  
- Nationality: Cultural or service expectations might vary by nationality, affecting satisfaction.  
- Marital_Status: Possibly minor effect; no strong direct link to satisfaction.  
- Governorate: Regional service quality or accessibility might affect satisfaction.  
- Aware_151: Awareness of the service might correlate positively with satisfaction.  
- Call_151: Whether the client has called the service might indicate engagement and influence satisfaction.  
- The_reason_of_the_call: Complaints likely correlate with dissatisfaction; inquiries or vaccination calls might correlate with higher satisfaction.  
- Call_center_employee_communication_skills_evaluation: Higher scores likely correlate with higher satisfaction.  
- Satisfaction_with_the_doctors_response: Directly related to satisfaction; higher scores mean higher satisfaction.  
- How_often_do_you_receive_call_center_news: More frequent updates might improve satisfaction.

---

Step 2.  
10 different conditions for class "0" (Not satisfied):  
- Call_center_employee_communication_skills_evaluation < 3.0  
- Satisfaction_with_the_doctors_response < 3.0  
- The_reason_of_the_call is in [Complaints]  
- Call_151 is Yes  
- Aware_151 is Yes  
- Age is in [18-24, 30-39]  
- Education is in [Bachelor, Diploma]  
- Governorate is in [Mubarak AlKabir, Jahra]  
- How_often_do_you_receive_call_center_news < 3.0  
- Gender is Male  

10 different conditions for class "1" (Satisfied):  
- Call_center_employee_communication_skills_evaluation >= 3.0  
- Satisfaction_with_the_doctors_response >= 3.0  
- The_reason_of_the_call is in [Inquiries, Inquiries_COVID19, Vaccination]  
- Call_151 is No  
- Aware_151 is No  
- Age is in [18-24]  
- Education is in [Bachelor, High school]  
- Governorate is in [Farwaniya, Capital, AlAhmadi]  
- How_often_do_you_receive_call_center_news >= 2.5  
- Gender is Female

---DIVIDER---

Answer:  
Step 1. The relationship between each feature and the task description:

- Gender: Likely no strong direct impact on satisfaction, but may influence communication style preferences.
- Age: Younger clients (18-24) may have different expectations and satisfaction levels than older groups.
- Education: Higher education might correlate with higher expectations or better understanding of service.
- Nationality: Local (Kuwaiti) vs. other nationality may influence satisfaction due to language or cultural familiarity.
- Marital_Status: Possibly minor effect; single vs. married may reflect different stress or expectations.
- Governorate: Regional differences may affect service quality or accessibility, influencing satisfaction.
- Aware_151: Awareness of the service might correlate with satisfaction, as informed clients may have realistic expectations.
- Call_151: Whether the client actually called the service likely impacts satisfaction reporting.
- The_reason_of_the_call: Complaints likely associate with dissatisfaction; inquiries or consultations may associate with higher satisfaction.
- Call_center_employee_communication_skills_evaluation: Higher scores likely correlate with higher satisfaction.
- Satisfaction_with_the_doctors_response: Higher satisfaction scores with doctors likely correlate with overall satisfaction.
- How_often_do_you_receive_call_center_news: More frequent updates might improve satisfaction or reflect engagement.

Step 2.  
10 different conditions for class "0" (client NOT satisfied):

- Call_center_employee_communication_skills_evaluation <= 3.0  
- Satisfaction_with_the_doctors_response < 3.0  
- The_reason_of_the_call is in [Complaints]  
- Call_151 is Yes  
- Aware_151 is Yes  
- Age is in [30-39, 40-49, 50-59, 60 and above]  
- Education is in [Bachelor, Master, Diploma]  
- How_often_do_you_receive_call_center_news < 3.0  
- Gender is in [Male]  
- Nationality is Kuwaiti  

10 different conditions for class "1" (client satisfied):

- Call_center_employee_communication_skills_evaluation > 3.0  
- Satisfaction_with_the_doctors_response >= 3.0  
- The_reason_of_the_call is in [Inquiries, Inquiries_COVID19, Vaccination]  
- Call_151 is No  
- Aware_151 is No  
- Age is in [18-24, 25-29]  
- Education is in [High school, Bachelor]  
- How_often_do_you_receive_call_center_news >= 2.5  
- Gender is in [Female]  
- Nationality is in [Other nationality, Unspecified]

---DIVIDER---

Answer:  
Step 1. The relationship between each feature and the task description:

- Gender: Likely no strong direct effect on satisfaction; satisfaction depends more on service quality.  
- Age: Younger clients (especially 18-24) might be more critical or more satisfied depending on expectations.  
- Education: Higher education might correlate with higher expectations and thus lower satisfaction if expectations not met.  
- Nationality: Possibly some differences in satisfaction due to cultural or service differences, but unclear.  
- Marital_Status: Probably little direct effect on satisfaction.  
- Governorate: Satisfaction may vary by region due to service quality differences.  
- Aware_151: Awareness of the service might increase satisfaction as expectations align better.  
- Call_151: Those who actually called might have stronger opinions; satisfaction may relate to call experience.  
- The_reason_of_the_call: Complaints likely correlate with dissatisfaction; inquiries or vaccination might correlate with higher satisfaction.  
- Call_center_employee_communication_skills_evaluation: Higher scores likely correlate positively with satisfaction.  
- Satisfaction_with_the_doctors_response: Directly related to satisfaction; higher scores mean more satisfied.  
- How_often_do_you_receive_call_center_news: More frequent updates might correlate positively with satisfaction.  

---

Step 2.  
10 different conditions for class "0" (client NOT satisfied):

- Satisfaction_with_the_doctors_response is within range [1.0, 3.0]  
- Call_center_employee_communication_skills_evaluation is within range [1.5, 3.0]  
- The_reason_of_the_call is in [Complaints]  
- Call_151 is Yes  
- Aware_151 is Yes  
- How_often_do_you_receive_call_center_news is within range [1.7, 3.7]  
- Age is in [18-24, 30-39]  
- Education is in [Bachelor, Diploma, High school]  
- Gender is in [Male]  
- Marital_Status is in [Married, Single]  

10 different conditions for class "1" (client satisfied):

- Satisfaction_with_the_doctors_response is within range [3.0, 5.0]  
- Call_center_employee_communication_skills_evaluation is within range [3.0, 4.5]  
- The_reason_of_the_call is in [Inquiries, Inquiries_COVID19, Vaccination]  
- Call_151 is No or Yes (both possible but mostly No in examples)  
- Aware_151 is Yes or No (both possible but often Yes)  
- How_often_do_you_receive_call_center_news is within range [2.0, 4.0]  
- Age is in [18-24]  
- Education is in [Bachelor, High school]  
- Gender is in [Female, Male]  
- Marital_Status is in [Single]  

---

Explanation:  
The key differentiators are the satisfaction scores, communication skills ratings, and reason of the call. Complaints tend to correlate with dissatisfaction unless satisfaction scores are high. Higher ratings on doctor response and communication skills strongly correlate with satisfaction. Age group 18-24 appears in both classes but with different satisfaction scores.

---DIVIDER---

Answer:  
Step 1. The relationship between each feature and the task description:

- Gender: Unlikely to have a direct causal relationship with satisfaction, but may show some demographic trends.
- Age: Younger clients might be more critical or have different expectations; older clients may differ in satisfaction.
- Education: Higher education might correlate with higher expectations or better understanding of services.
- Nationality: Local vs. other nationality might affect satisfaction due to language or cultural differences.
- Marital_Status: May influence satisfaction indirectly through social support or communication style.
- Governorate: Regional differences might affect service quality or accessibility, influencing satisfaction.
- Aware_151: Awareness of the service might correlate with expectations and satisfaction.
- Call_151: Whether the client actually called the service might influence their satisfaction (direct experience).
- The_reason_of_the_call: Complaints likely correlate with dissatisfaction; inquiries or vaccination might correlate with neutral or positive satisfaction.
- Call_center_employee_communication_skills_evaluation: Higher scores likely indicate better communication and higher satisfaction.
- Satisfaction_with_the_doctors_response: Higher scores directly indicate higher satisfaction.
- How_often_do_you_receive_call_center_news: Frequent updates might increase satisfaction by keeping clients informed.

---

Step 2.  
10 different conditions for class "0" (Client NOT satisfied):

- Call_center_employee_communication_skills_evaluation <= 3.0  
- Satisfaction_with_the_doctors_response < 3.0  
- The_reason_of_the_call is in [Complaints]  
- Call_151 is Yes  
- Aware_151 is Yes  
- Age is in [25-29, 30-39, 40-49, 50-59, 60 and above]  
- Education is in [Bachelor, Master, Diploma]  
- How_often_do_you_receive_call_center_news <= 3.0  
- Gender is in [Female, Male] (no clear distinction, but included for completeness)  
- Nationality is Kuwaiti  

10 different conditions for class "1" (Client satisfied):

- Call_center_employee_communication_skills_evaluation >= 3.0  
- Satisfaction_with_the_doctors_response >= 3.0  
- The_reason_of_the_call is in [Inquiries, Inquiries_COVID19, Vaccination] or Complaints but no call made (Call_151 is No)  
- Call_151 is No  
- Aware_151 is No or Yes (less clear, but some satisfied clients unaware)  
- Age is in [18-24, Under 18]  
- Education is in [High school, Bachelor]  
- How_often_do_you_receive_call_center_news > 2.0  
- Marital_Status is Single or Widow  
- Nationality is in [Other nationality, Unspecified]  

---

Summary:  
Dissatisfied clients tend to have lower scores on communication and doctor satisfaction, call for complaints, are aware and called the service, and tend to be older or more educated.  
Satisfied clients tend to have higher scores, call less often or not for complaints, are younger, sometimes less aware, and have different nationalities or marital status.

---DIVIDER---

Answer:  
Step 1. The relationship between each feature and the task description:

- Gender: Generally, gender itself has no direct causal effect on satisfaction, but it might correlate with communication preferences or expectations.
- Age: Younger clients might have different expectations or tolerance levels than older clients, possibly affecting satisfaction.
- Education: Higher education might lead to higher expectations and thus lower satisfaction if expectations are unmet.
- Nationality: Cultural background or language proficiency might affect satisfaction with call center services.
- Marital_Status: May indirectly relate to satisfaction through stress levels or communication needs.
- Governorate: Regional differences might affect service quality or client expectations.
- Aware_151: Awareness of the service might increase satisfaction due to better understanding.
- Call_151: Having called the service might influence satisfaction positively or negatively depending on experience.
- The_reason_of_the_call: Complaints likely correlate with dissatisfaction; inquiries or consultations might correlate with higher satisfaction.
- Call_center_employee_communication_skills_evaluation: Higher scores likely correlate with higher satisfaction.
- Satisfaction_with_the_doctors_response: Higher scores directly indicate higher satisfaction.
- How_often_do_you_receive_call_center_news: More frequent updates might correlate with higher satisfaction due to feeling informed.

---

Step 2.  
10 different conditions for class "0" (Not satisfied):  
- Satisfaction_with_the_doctors_response <= 3.143  
- Call_center_employee_communication_skills_evaluation < 3.0  
- The_reason_of_the_call is in [Complaints]  
- Call_151 is Yes  
- Aware_151 is Yes  
- Age is in [18-24, 30-39, 40-49]  
- Education is in [Bachelor, Diploma, Master]  
- How_often_do_you_receive_call_center_news <= 3.0  
- Gender is in [Male, Female] (neutral, but mostly male in examples)  
- Nationality is in [Kuwaiti, Other nationality]

10 different conditions for class "1" (Satisfied):  
- Satisfaction_with_the_doctors_response >= 3.0  
- Call_center_employee_communication_skills_evaluation >= 3.0  
- The_reason_of_the_call is in [Complaints, Inquiries, Inquiries_COVID19] (complaints with higher scores)  
- Call_151 is No  
- Aware_151 is No or Yes (mixed but often No in examples)  
- Age is in [18-24]  
- Education is in [High school, Bachelor]  
- How_often_do_you_receive_call_center_news > 2.5  
- Marital_Status is in [Single]  
- Nationality is in [Kuwaiti, Unspecified]

---

These conditions are inferred from the examples and general tendencies observed: dissatisfaction is strongly linked to low satisfaction scores and complaints calls, while satisfaction is linked to higher scores even if the reason is complaints, and often when the client has not called the service or is younger.