Answer:  
Step 1. The relationship between each feature and the task description:

- Temperature: Higher temperatures during operation can indicate overheating or stress, increasing the risk of failure.  
- Vibration: Elevated vibration levels often signal mechanical issues or imbalance, increasing failure risk.  
- Power_Usage: Abnormal power consumption (either too high or too low) may indicate malfunction or inefficiency, increasing failure risk.  
- Humidity: High humidity can promote corrosion or electrical issues, potentially increasing failure risk.  
- Machine_Type: Different machine types may have varying baseline tolerances and failure modes; some machines may be more prone to failure under certain conditions.

---

Step 2. Based on the examples and Step 1, infer 10 different conditions per answer class:

10 different conditions for class "0" (No risk of failure):  
- Temperature < 75  
- Vibration ≤ 52  
- Power_Usage is within range of [8, 11]  
- Humidity < 31  
- Machine_Type is in [Lathe]  
- Temperature is within range of [57, 72]  
- Vibration is within range of [48, 52]  
- Power_Usage < 11  
- Humidity is within range of [23, 31]  
- Machine_Type is in [Lathe, Mill] and Temperature < 73 and Vibration ≤ 52  

10 different conditions for class "1" (At risk of failure):  
- Temperature ≥ 73  
- Vibration > 52  
- Power_Usage < 9  
- Power_Usage > 11  
- Humidity ≥ 30  
- Machine_Type is in [Mill]  
- Temperature is within range of [72, 75] and Vibration is within range of [49, 58]  
- Humidity is within range of [30, 36]  
- Machine_Type is Mill and Temperature ≥ 72 and Power_Usage ≥ 9.8  
- Vibration ≥ 50 and Power_Usage < 6  

---

These conditions align with the given data examples and general knowledge about machine failure risks.

---DIVIDER---

Answer:  
Step 1. The relationship between each feature and the task description:

- Temperature: Higher temperatures often indicate overheating or stress on the machine, which can increase the risk of failure.  
- Vibration: Elevated vibration levels usually signal mechanical issues or imbalance, increasing failure risk.  
- Power_Usage: Abnormal power usage (either too high or too low) might indicate inefficiency or malfunction.  
- Humidity: Higher humidity can cause corrosion or electrical issues, increasing failure risk.  
- Machine_Type: Different machines have different operational thresholds and failure modes; some types may be more prone to failure under certain conditions.

---

Step 2. Based on the examples and Step 1, here are 10 different conditions per class:

10 different conditions for class "0" (No risk of failure):  
- Temperature < 75  
- Temperature is within range of [55, 75)  
- Vibration < 52  
- Vibration is within range of [48, 52)  
- Power_Usage > 8  
- Power_Usage is within range of [8, 12.5)  
- Humidity < 33  
- Humidity is within range of [23, 33)  
- Machine_Type is in [Lathe]  
- Machine_Type is in [Mill, Lathe] and Temperature < 75

10 different conditions for class "1" (At risk of failure):  
- Temperature >= 72  
- Temperature is within range of [72, 80]  
- Vibration >= 50  
- Vibration is within range of [50, 60]  
- Power_Usage < 11.5  
- Power_Usage <= 10  
- Power_Usage is within range of [5, 11.5)  
- Humidity >= 30  
- Humidity is within range of [30, 36]  
- Machine_Type is in [Mill] and Temperature >= 72

---

These conditions reflect the observed patterns: failures (class 1) occur mostly on Mill machines with higher temperature, vibration, humidity, and somewhat lower power usage, while non-failure (class 0) examples show lower or moderate values on these features and include Lathe machines.

---DIVIDER---

Answer:  
Step 1. The relationship between each feature and the task description:

- Temperature: Higher temperature often indicates overheating, which can increase the risk of machine failure.  
- Vibration: Higher vibration levels usually suggest mechanical issues or imbalance, raising failure risk.  
- Power_Usage: Abnormal power consumption (too high or too low) may indicate malfunction or inefficiency, potentially signaling failure risk.  
- Humidity: High humidity can cause corrosion or electrical issues, increasing failure risk.  
- Machine_Type: Different machine types may have different baseline risk levels or thresholds for failure indicators.  

Step 2. Based on the examples and Step 1, infer 10 different conditions per answer:

10 different conditions for class "0":  
- Temperature < 73  
- Vibration < 53  
- Power_Usage >= 8  
- Power_Usage <= 13  
- Humidity is within range of [23, 35]  
- Machine_Type is in [Lathe, Mill]  
- Temperature is within range of [57, 73]  
- Vibration is within range of [48, 52]  
- Power_Usage is within range of [8, 12]  
- Humidity <= 35  

10 different conditions for class "1":  
- Temperature >= 72  
- Vibration >= 49  
- Power_Usage < 10.5  
- Humidity >= 30  
- Machine_Type is Mill  
- Temperature is within range of [57, 75]  
- Vibration is within range of [49, 58]  
- Power_Usage is within range of [5.5, 11.5]  
- Humidity is within range of [30, 36]  
- Temperature > 70  

These conditions reflect the patterns seen in the examples, where higher temperature (>= ~72), moderate to high vibration (~49+), lower power usage (< ~10.5), and Mill machines are associated with risk of failure (class 1), while lower temperature and power usage with Lathe or Mill machines generally indicate no failure risk (class 0).

---DIVIDER---

Answer:  
Step 1. The relationship between each feature and the task description:

- Temperature: Higher temperatures often indicate overheating or stress, which can increase the risk of machine failure.  
- Vibration: Elevated vibration levels typically signal mechanical issues or imbalance, increasing failure risk.  
- Power_Usage: Abnormal power consumption (either too low or too high) can indicate malfunction or inefficiency, potentially leading to failure.  
- Humidity: High humidity can cause corrosion or electrical issues, raising failure risk.  
- Machine_Type: Different machine types have different operational tolerances and failure modes; e.g., Mills might be more prone to certain failures under specific conditions than Lathes or Drills.

Step 2. Based on examples and Step 1:

10 different conditions for class "0" (machine NOT at risk of failure):  
- Temperature < 75  
- Vibration is within range of [48, 53]  
- Power_Usage is within range of [8, 12]  
- Humidity < 33  
- Machine_Type is in [Lathe, Drill]  
- Temperature is within range of [55, 72]  
- Vibration < 55  
- Power_Usage >= 8  
- Humidity is within range of [23, 32]  
- Machine_Type is Lathe and Temperature < 75  

10 different conditions for class "1" (machine AT risk of failure):  
- Temperature >= 72  
- Vibration >= 50  
- Power_Usage < 10  
- Humidity >= 30  
- Machine_Type is Mill  
- Temperature is within range of [70, 75]  
- Vibration is within range of [49, 59]  
- Power_Usage is within range of [5, 10]  
- Humidity is within range of [30, 36]  
- Machine_Type is Mill and Temperature >= 72  

These conditions align with the data examples and the causal reasoning about risk factors for failure.

---DIVIDER---

Answer:  
Step 1. The relationship between each feature and the task description:

- Temperature: Higher temperatures often indicate overheating or stress on the machine, which can increase the risk of failure.  
- Vibration: High vibration levels usually signal mechanical issues or imbalance, increasing failure risk.  
- Power_Usage: Abnormal power usage (either too high or too low) can indicate inefficiency or malfunction, raising failure risk.  
- Humidity: High humidity can cause corrosion or electrical issues, increasing failure risk.  
- Machine_Type: Different machine types may have different baseline tolerances and failure modes; some types may be more prone to failure under similar conditions.

---

Step 2. Based on the examples and Step 1, infer 10 different conditions per answer class:

10 different conditions for class "0" (No risk of failure):
- Temperature < 75  
- Vibration is within range of [48, 53]  
- Power_Usage is within range of [8, 12]  
- Humidity < 33  
- Machine_Type is in [Lathe]  
- Temperature <= 72 and Vibration <= 52  
- Power_Usage >= 9 and Power_Usage <= 11  
- Humidity is within range of [23, 32]  
- Machine_Type is in [Lathe, Drill] and Temperature < 70  
- Vibration < 52 and Humidity < 31  

10 different conditions for class "1" (At risk of failure):
- Temperature >= 72  
- Vibration > 50  
- Power_Usage < 9  
- Humidity > 30  
- Machine_Type is in [Mill]  
- Temperature > 70 and Vibration >= 49  
- Power_Usage < 6 and Humidity > 30  
- Temperature is within range of [72, 75] and Power_Usage > 10  
- Machine_Type is Mill and Vibration > 50  
- Temperature >= 72 and Humidity >= 30  

---

These conditions align with the examples given and the general knowledge of machine failure risk factors.