Answer:  
Step 1. The relationship between each feature and the task description:

- Date: Time of day or specific dates may influence arrest likelihood (e.g., night crimes might have more arrests), but no strong direct causal link without more info.  
- Primary Type: Certain crime types (e.g., narcotics, weapons violations) are more likely to result in arrests. Property crimes like theft or criminal damage less likely.  
- Description: More severe or specific descriptions (e.g., aggravated, unlawful possession) might correlate with arrests.  
- Location Description: Some locations (e.g., street, bar) may have more police presence and arrests; private residences less likely.  
- Domestic: Domestic crimes may have different arrest patterns; often lower arrest rates in domestic battery cases.  
- Beat, District, Ward, Community Area: Geographic location may influence arrest rates due to policing policies or crime patterns.  
- FBI Code: Codes related to violent or controlled substance crimes likely have higher arrest rates.  
- Coordinates (X, Y, Latitude, Longitude): Reflect location; indirectly related to arrest likelihood through area crime rates.  
- Year: All examples are from 2025, no variation to analyze.  

Summary: Arrests are more likely for narcotics, weapons violations, and certain types of theft or assault, especially in public or commercial locations. Arrests are less likely for property damage, simple battery, or theft under $500 in residences or alleys.

---

Step 2.  
10 different conditions for class "0" (No arrest made):  
- Primary Type is in [THEFT, CRIMINAL DAMAGE, BATTERY, BURGLARY, MOTOR VEHICLE THEFT]  
- Description is in [SIMPLE, $500 AND UNDER, TO PROPERTY, FORCIBLE ENTRY, AGGRAVATED - HANDGUN, DOMESTIC BATTERY SIMPLE]  
- Location Description is in [RESIDENCE - PORCH / HALLWAY, ALLEY, APARTMENT, RESIDENCE - GARAGE, STREET]  
- Domestic = 1 (domestic violence cases)  
- FBI Code is in [06, 14, 08B, 05, 07]  
- Beat is within range of [1000, 1800]  
- District is within range of [10, 17]  
- Ward is within range of [20, 40]  
- Community Area is within range of [10, 40]  
- Date is within range of [01/01/2025 12:00:00 AM, 01/29/2025 11:59:59 PM] (no strong time pattern, but all examples)  

10 different conditions for class "1" (Arrest made):  
- Primary Type is in [NARCOTICS, WEAPONS VIOLATION, DECEPTIVE PRACTICE, ASSAULT, LIQUOR LAW VIOLATION, THEFT]  
- Description is in [POSSESS - PCP, MANUFACTURE / DELIVER - COCAINE, UNLAWFUL POSSESSION - HANDGUN, THEFT OF LOST / MISLAID PROPERTY, SIMPLE, RETAIL THEFT, LIQUOR LICENSE VIOLATION]  
- Location Description is in [STREET, DEPARTMENT STORE, SIDEWALK, BAR OR TAVERN]  
- Domestic = 0 (non-domestic cases)  
- FBI Code is in [18, 15, 11, 08A, 22, 06]  
- Beat is within range of [300, 1700]  
- District is within range of [3, 24]  
- Ward is within range of [1, 38]  
- Community Area is within range of [1, 76]  
- Date is within range of [01/01/2025 12:00:00 AM, 01/29/2025 11:59:59 PM] (all examples)  

---

These conditions reflect the patterns observed in the examples and align with general knowledge about crime and arrest likelihood in Chicago.

---DIVIDER---

Answer:  
Step 1. The relationship between each feature and the task description:

- Date: The specific date/time may not have a direct causal effect on arrest, but some times (e.g., nighttime) might correlate with certain crimes or police activity.  
- Primary Type: Certain crime types are more likely to result in an arrest (e.g., narcotics, weapons violations) while others (e.g., property damage, theft under a certain amount) often do not.  
- Description: More serious or specific descriptions (e.g., aggravated battery, unlawful possession) tend to have higher arrest likelihood.  
- Location Description: Crimes in public places (streets, department stores) may have higher arrest rates due to witnesses or immediate police response compared to private places (residences).  
- Domestic: Domestic crimes may have different arrest patterns; some domestic battery examples show no arrest.  
- Beat, District, Ward, Community Area: Geographic location may influence arrest likelihood due to police resources or crime rates; however, no clear pattern from examples alone.  
- FBI Code: Certain FBI codes correspond to crimes with higher arrest likelihood (e.g., narcotics 18, weapons 15) versus others (e.g., criminal damage 14).  
- Coordinates (X, Y, Latitude, Longitude): Spatial data corresponds to location; may indirectly relate to arrest likelihood via area crime patterns.  
- Year: All examples are from 2025, so no variation here.  

Step 2. Based on Step 1 and examples, 10 different conditions per answer class:

10 different conditions for class "0" (No arrest):  
- Primary Type is in [BURGLARY, CRIMINAL DAMAGE, THEFT (non-retail), BATTERY (non-aggravated), MOTOR VEHICLE THEFT]  
- Description is in [FORCIBLE ENTRY, TO PROPERTY, $500 AND UNDER, DOMESTIC BATTERY SIMPLE, AGGRAVATED - HANDGUN (example shows 0 but might be exception), THEFT / RECOVERY - AUTOMOBILE]  
- Location Description is in [RESIDENCE - GARAGE, ALLEY, RESIDENCE - PORCH / HALLWAY, APARTMENT, VEHICLE NON-COMMERCIAL, STREET]  
- Domestic = 1 and Primary Type is BATTERY (domestic battery simple)  
- FBI Code is in [05, 14, 06, 08B, 04B, 07]  
- Beat is within range [1000, 1800] (based on examples mostly in these beats)  
- District is in [10, 17, 2, 9] (based on examples)  
- Ward is in [22, 33, 39, 20, 24]  
- Community Area is in [14, 16, 30, 37]  
- Date is within range of [01/01/2025 00:00:00 AM, 01/20/2025 11:59:59 PM] (most no arrest examples are early to mid Jan)  

10 different conditions for class "1" (Arrest made):  
- Primary Type is in [THEFT (retail), NARCOTICS, WEAPONS VIOLATION, ASSAULT, LIQUOR LAW VIOLATION, DECEPTIVE PRACTICE]  
- Description is in [RETAIL THEFT, POSSESS - PCP, UNLAWFUL POSSESSION - HANDGUN, MANUFACTURE / DELIVER - COCAINE, SIMPLE (assault), LIQUOR LICENSE VIOLATION, THEFT OF LOST / MISLAID PROPERTY]  
- Location Description is in [DEPARTMENT STORE, STREET, SIDEWALK, BAR OR TAVERN, RESIDENCE - YARD (FRONT / BACK)]  
- Domestic = 0 (all arrest examples have Domestic=0)  
- FBI Code is in [06, 18, 15, 08A, 22, 11]  
- Beat is within range [300, 1700] (based on examples)  
- District is in [3, 4, 9, 11, 14, 16, 24]  
- Ward is in [1, 5, 10, 15, 20, 38, 49]  
- Community Area is in [1, 22, 25, 38, 42, 46, 61, 69, 76]  
- Date is within range of [01/21/2025 00:00:00 AM, 01/29/2025 11:59:59 PM] (most arrests are late Jan)

---DIVIDER---

Answer:  
Step 1. The relationship between each feature and the task description:

- Date: The specific date/time likely does not directly cause an arrest, but some crime types may be more likely to result in arrest depending on the time of day or day of week. However, no direct causal link is evident.  
- Primary Type: Certain crime types (e.g., weapons violations, narcotics offenses, theft) are more likely to result in arrest, while others (e.g., criminal damage, motor vehicle theft) less so.  
- Description: More specific descriptions (e.g., aggravated battery with a weapon) might influence arrest likelihood; some detailed crime descriptors imply severity or direct evidence leading to arrest.  
- Location Description: Some locations (e.g., department stores, bars) might be associated with crimes that result in arrests more often than others (e.g., alleys, streets).  
- Domestic: Domestic violence crimes (Domestic=1) might have different arrest rates; however, examples show domestic battery with no arrest, so the relationship is not strong or direct.  
- Beat, District, Ward, Community Area: Geographic location may influence arrest likelihood due to policing intensity or crime types common in the area, but no direct causal relationship is obvious from examples.  
- FBI Code: FBI crime classification codes correspond to crime severity/type and likely influence arrest likelihood. Codes related to violent or controlled substance crimes may have higher arrest rates.  
- X Coordinate, Y Coordinate, Latitude, Longitude: Like geographical identifiers, these may correlate with arrest likelihood but do not cause arrest directly.  
- Year: All examples are from 2025, so no variation or causal inference possible here.

Summary: The strongest causal predictors for arrest appear to be Primary Type, Description, FBI Code, and Location Description, with Domestic possibly influencing. Geographic and temporal features have weaker or no direct causal influence.

---

Step 2. 10 different conditions for class "0" (No Arrest):

- Primary Type is in [CRIMINAL DAMAGE, MOTOR VEHICLE THEFT, BURGLARY, BATTERY (non-aggravated), THEFT (under $500)]
- Description is in [TO VEHICLE, TO PROPERTY, FORCIBLE ENTRY, DOMESTIC BATTERY SIMPLE, $500 AND UNDER]
- Location Description is in [STREET, ALLEY, RESIDENCE - GARAGE, APARTMENT, RESIDENCE - PORCH / HALLWAY]
- Domestic is 1 and Primary Type is BATTERY and Description is DOMESTIC BATTERY SIMPLE
- FBI Code is in [14 (Criminal Damage), 08B (Battery Simple), 05 (Burglary), 07 (Motor Vehicle Theft), 06 (Theft)]
- Primary Type is CRIMINAL DAMAGE and Description is TO PROPERTY
- Primary Type is BATTERY and Description is AGGRAVATED - HANDGUN but Domestic is 0 (example shows no arrest)
- Date is within range of [01/01/2025, 01/31/2025] but Primary Type is not in arrest-prone categories
- Location Description is in [ALLEY, STREET] and Primary Type is CRIMINAL DAMAGE
- Description is TO PROPERTY and Location Description is ALLEY or STREET

10 different conditions for class "1" (Arrest Made):

- Primary Type is in [NARCOTICS, WEAPONS VIOLATION, THEFT (RETAIL THEFT), ASSAULT, DECEPTIVE PRACTICE, LIQUOR LAW VIOLATION]
- Description is

---DIVIDER---

Answer:  
Step 1. The relationship between each feature and the task description:

- Date: The specific date/time itself likely has no direct causal effect on whether an arrest was made, but some time frames (e.g., late night) might correlate with certain crime types or arrest likelihood.
- Primary Type: Different crime types have different arrest probabilities; for example, narcotics and weapons violations are more likely to lead to arrests than property crimes.
- Description: More serious or specific descriptions (e.g., aggravated, unlawful possession) may indicate higher arrest likelihood.
- Location Description: Crimes at certain locations (e.g., bars, streets) might have higher arrest rates compared to private residences or alleys.
- Domestic: Domestic crimes might have different arrest patterns; from examples, domestic battery was answered no arrest.
- Beat, District, Ward, Community Area: Geographic location might influence arrest rates due to policing intensity or crime severity in those areas.
- FBI Code: FBI classification codes correspond to crime types and severity, affecting arrest likelihood.
- X Coordinate, Y Coordinate, Latitude, Longitude: Geographic coordinates correlate with location; indirectly related to arrest likelihood.
- Year: All examples are from 2025, so no variation for inference.
  
Summary: Arrests are more likely for crimes involving narcotics, weapons violations, liquor law violations, assaults, and thefts labeled as retail theft or deceptive practice, and in locations like department stores, bars, or streets. Arrests are less likely for property damage, simple theft, domestic battery, and burglary with forcible entry.

---

Step 2. Based on Step 1 and examples, 10 different conditions for each answer class:

10 different conditions for class "0" (No arrest made):

- Primary Type is in [BURGLARY, THEFT, BATTERY, MOTOR VEHICLE THEFT, CRIMINAL DAMAGE]
- Description is in [FORCIBLE ENTRY, DOMESTIC BATTERY SIMPLE, $500 AND UNDER, AGGRAVATED - HANDGUN, TO PROPERTY, TO VEHICLE]
- Location Description is in [RESIDENCE - GARAGE, APARTMENT, VEHICLE NON-COMMERCIAL, STREET, ALLEY]
- Domestic is 1 (domestic violence)
- FBI Code is in [05, 06, 08B, 14, 04B, 07]
- Primary Type is BATTERY and Description is DOMESTIC BATTERY SIMPLE
- Primary Type is THEFT and Description is $500 AND UNDER
- Location Description is in [RESIDENCE - PORCH / HALLWAY, ALLEY]
- Beat is within range [800, 1100] (lower arrest beats in examples)
- District is in [8, 9, 10, 17]

10 different conditions for class "1" (Arrest made):

- Primary Type is in [NARCOTICS, LIQUOR LAW VIOLATION, WEAPONS VIOLATION, ASSAULT, DECEPTIVE PRACTICE, THEFT]
- Description is in [MANUFACTURE / DELIVER - COCAINE, LIQUOR LICENSE VIOLATION, UNLAWFUL POSSESSION - HANDGUN, SIMPLE, THEFT OF LOST / MISLAID PROPERTY, RETAIL THEFT, POSSESS - PCP]
- Location Description is in [SIDEWALK, BAR OR TAVERN, STREET, DEPARTMENT STORE, RESIDENCE - YARD (FRONT / BACK)]
- Domestic is 0 (non-domestic violence)
- FBI Code is in [18, 22, 15, 08A, 11, 06]
- Primary Type is WEAPONS VIOLATION and Description is UNLAWFUL POSSESSION - HANDGUN
- Primary Type is NARCOTICS and Description is POSSESS - PCP
- Location Description is DEPARTMENT STORE and Primary Type is THEFT or ASSAULT
- Beat is within range [300, 1500] (higher arrest beats in examples)
- District is in [3, 4, 9, 11, 14, 16, 24]

---

These conditions collectively capture the tendencies observed in the examples and align with general knowledge about crime and arrest likelihood.

---DIVIDER---

Answer:  
Step 1. The relationship between each feature and the task description:

- Date: The date/time itself may not directly cause an arrest but certain times (e.g., late night) might correlate with arrests due to crime patterns or police activity.
- Primary Type: Certain crime types are more likely to result in arrest (e.g., weapons violations, narcotics, assault) while others (e.g., criminal damage, theft under certain amounts) less so.
- Description: More severe or specific descriptions (e.g., aggravated battery, unlawful possession) imply higher arrest likelihood.
- Location Description: Crimes in public or controlled places (streets, bars, department stores) might have higher arrest rates versus private or less monitored places.
- Domestic: Domestic crimes might have different arrest patterns; often arrests may be less frequent or more complex.
- Beat, District, Ward, Community Area: Geographic areas may have different policing levels or arrest tendencies.
- FBI Code: Codes related to violent or controlled substance crimes likely correlate with arrests.
- X Coordinate, Y Coordinate, Latitude, Longitude: Location coordinates indirectly relate to geography and policing patterns.
- Year: Likely constant in examples, less predictive here.

Step 2. Based on the above and examples, infer 10 different conditions per answer class:

10 different conditions for class "0" (No arrest made):  
- Primary Type is in [CRIMINAL DAMAGE]  
- Primary Type is in [THEFT] and Description is in [$500 AND UNDER, THEFT OF LOST / MISLAID PROPERTY]  
- Primary Type is in [BATTERY] and Description is DOMESTIC BATTERY SIMPLE and Domestic is 1  
- Primary Type is in [BURGLARY]  
- Primary Type is in [MOTOR VEHICLE THEFT]  
- Primary Type is in [BATTERY] and Description is AGGRAVATED - HANDGUN but Location Description is VEHICLE NON-COMMERCIAL  
- FBI Code is 14 (related to property damage)  
- Location Description is in [ALLEY, RESIDENCE - PORCH / HALLWAY, RESIDENCE - GARAGE]  
- Domestic is 1 and Primary Type is BATTERY  
- Date is within range of [01/01/2025, 01/29/2025] and Primary Type is CRIMINAL DAMAGE and Description is TO PROPERTY  

10 different conditions for class "1" (Arrest made):  
- Primary Type is in [WEAPONS VIOLATION] and Description is UNLAWFUL POSSESSION - HANDGUN  
- Primary Type is in [NARCOTICS]  
- Primary Type is in [ASSAULT] and Description is SIMPLE  
- Primary Type is in [DECEPTIVE PRACTICE] and Description is THEFT OF LOST / MISLAID PROPERTY  
- Primary Type is in [THEFT] and Description is RETAIL THEFT  
- Primary Type is in [LIQUOR LAW VIOLATION]  
- FBI Code is in [15, 18, 08A, 11, 22] (codes related to weapons, narcotics, assault, deceptive practice, liquor law)  
- Location Description is in [STREET, DEPARTMENT STORE, SIDEWALK, BAR OR TAVERN]  
- Domestic is 0 and Primary Type is WEAPONS VIOLATION  
- Beat is within range of [300, 1700] and Primary Type is NARCOTICS  

These conditions are consistent with the examples and intuitive understanding of crime and arrest likelihood in Chicago.