Answer:  
Step 1. The relationship between each feature and the task description:

- Gender: Likely no strong direct relationship; reading habits may not differ significantly by gender for academic books.  
- Age: Older students might read more academic books as they progress in their studies.  
- Department: Students in technical or science departments (e.g., CSE, Pharmacy, EEE) are more likely to read academic books most of the time than those in non-technical or business departments (e.g., BBA, English).  
- Amount of time spent reading books per day: More time spent reading likely correlates with reading academic books most of the time.  
- Reason for reading books: If the reason is "Academic Purpose," the student likely reads academic books most of the time.  
- How to manage books for reading: This might have less direct impact but those who "Buy" or "Used-all" might be more engaged in academic reading.  
- Number of e-books read last two years: Higher numbers may indicate more academic reading, especially if combined with other indicators.  
- Number of printed books read last two years: Similarly, a higher number suggests more academic reading.  
- Favorite books for leisure: If leisure reading is mostly "Fiction" or "Biography," less likely to read academic books most of the time.  
- What is the change felt after reading books: "Increase Academic Performance" suggests academic reading.  
- Who influenced you to read books: "Teachers" or "Parents" might indicate academic motivation.  
- Which language books you like to read: English might correlate with academic reading depending on context; Bangla or Others might be less so.  
- Where do you read printed books: "Library" might suggest academic reading, "Home" or "During Travel" less so.  
- Do you read Newspaper: No strong relation.  
- The format used for reading books: "Both" or "E-books" might be common among academic readers.  
- Frequency of reading books: "On everyday basis" or "A few times a week" suggests more academic reading.

---

Step 2.  
10 different conditions for class "0" (Does NOT read academic books most of the time):  
- Reason for reading books is in [Keep me informative, Entertainment Purpose, To increase my English vocabulary knowledge]  
- Frequency of reading books is in [A few times a month, Less than once a year, Once or twice a year]  
- Amount of time spent reading books per day < 2  
- Favorite books for reading to spend leisure time is in [Fiction, Biography, Politics]  
- Number of printed books you read last two years is in [1-5, 6-10, nan]  
- Number of e-books you read last two years is in [1-5, 6-10, nan]  
- Department is in [Textile, BBA, English, JMC, Others]  
- The format that you used for reading books is in [Printed]  
- Who influenced you to read books is in [Self-Decision, Friends]  
- What is the change that you felt after reading books is in [Feel Relax, Increase Creative Thinking]

10 different conditions for class "1" (Reads academic books most of the time):  
- Reason for reading books is Academic Purpose  
- Frequency of reading books is in [On everyday basis, A few times a week]  
- Amount of time spent reading books per day >= 2  
- Number of printed books you read last two years is in [More than 20, 16-20]  
- Number of e-books you read last two years is in [More than 20, 16-20, 11-15]  
- Department is in [Pharmacy, CSE, SWE, EEE, CIS, MCT]  
- What is the change that you felt after reading books is Increase Academic Performance  
- Who influenced you to read books is Teachers or Parents  
- The format that you used for reading books is in [Both, E-books]  
- Where do you read printed books is Library or Home (focus on Library more)

---

These conditions are inferred to differentiate students who primarily read academic books from those who do not, based on the given examples and general knowledge.

---DIVIDER---

Answer:  
Step 1. The relationship between each feature and the task description:

- Gender: Likely no strong direct influence on whether a student reads academic books most of the time.  
- Age: Older undergraduates might read more academic books as they progress in their study.  
- Department: Students from more technical or academic-heavy departments (e.g., Pharmacy, CSE, Textile) may read academic books more often than those from less technical or business departments (e.g., BBA).  
- Amount of time spent reading books per day: More time generally indicates more reading, possibly academic.  
- Reason for reading books: If the reason is "Academic Purpose," the student likely reads academic books most of the time.  
- How to manage books for reading: May not strongly affect academic reading, but "Buy" or "Used-all" might indicate more serious reading habits.  
- Number of e-books read last two years: Higher numbers suggest more reading, potentially academic.  
- Number of printed books read last two years: Higher numbers suggest more reading, potentially academic.  
- Favorite books for leisure time: If mostly "Biography," "Non-Fiction," or "Politics," might correlate with academic interest; "Fiction" or "Others" less so.  
- What is the change felt after reading books: "Increase Academic Performance" or "Increase Problem Solving Skill" suggests academic reading.  
- Who influenced you to read books: "Teachers" or "Parents" may indicate academic motivation; "Self-Decision" or "Friends" might be more casual.  
- Which language books do you like to read: Preference for "English" might correlate with academic reading, but not definitive.  
- Where do you read printed books: "Library" suggests academic reading; "Home" or "During Travel" less definitive.  
- Do you read Newspaper: May not strongly influence academic book reading.  
- The format used for reading books: "Printed" or "Both" might be more academic; "E-books" only less so but not definitive.  
- Frequency of reading books: "On everyday basis" or "A few times a week" suggests more consistent academic reading; less frequent reading suggests otherwise.  

---

Step 2.  
10 different conditions for class "0" (Does NOT read academic books most of the time):  
- Reason for reading books is in [Keep me informative, Entertainment Purpose, To increase my English vocabulary knowledge]  
- Frequency of reading books is in [A few times a month, Less than once a year, Once or twice a year]  
- Amount of time spent reading books per day < 2  
- Favorite books for reading to spend leisure time is in [Fiction, Others]  
- Number of printed books you read last two years is in [1-5, 6-10, nan]  
- Number of e-books you read last two years is in [1-5, 6-10, nan]  
- What is the change that you felt after reading books is in [Feel Relax, Increase Creative Thinking]  
- Who influenced you to read books is in [Self-Decision, Friends]  
- Frequency of reading books is in [A few times a month, Less than once a year]  
- The format that you used for reading books is in [E-books]  

10 different conditions for class "1" (Reads academic books most of the time):  
- Reason for reading books is Academic Purpose  
- Frequency of reading books is in [On everyday basis, A few times a week]  
- Amount of time spent reading books per day >= 2  
- Number of printed books you read last two years is in [More than 20, 16-20, 11-15]  
- What is the change that you felt after reading books is in [Increase Academic Performance, Increase Problem Solving Skill]  
- Who influenced you to read books is in [Teachers, Parents]  
- Department is in [Pharmacy, CSE, Textile, SWE, CIS, Civil]  
- The format that you used for reading books is in [Printed, Both]  
- Where do you read printed books is Library  
- Favorite books for reading to spend leisure time is in [Biography, Non-Fiction, Politics]

---DIVIDER---

Step 1. The relationship between each feature and the task description:

- Gender: No strong direct relationship expected with reading academic books most of the time; reading habits may not differ significantly by gender.
- Age: Older students might read more academic books as they progress in their studies.
- Department: Students in technical or science departments (e.g., CSE, SWE, Pharmacy, EEE, Civil) are more likely to read academic books most of the time compared to those in non-technical or general departments (e.g., BBA, English, JMC).
- Amount of time spent reading books per day: Higher time spent reading likely correlates with reading academic books most of the time.
- Reason for reading books: If the reason is "Academic Purpose," it strongly indicates reading academic books most of the time.
- How to manage books for reading: Method may have weak or no direct influence.
- Number of e-books read last two years: Higher numbers suggest more reading activity, possibly academic.
- Number of printed books read last two years: Similarly, higher numbers suggest more reading activity.
- Favorite books for reading leisure time: If leisure reading is mostly Fiction or Politics, less likely to read academic books most of the time.
- What is the change felt after reading books: "Increase Academic Performance" suggests academic reading; others may indicate leisure or general reading.
- Who influenced you to read books: Influence by Teachers or Self-Decision might indicate a stronger academic focus.
- Which language books do you like to read: Preference for English may correlate with academic reading, but not definitive.
- Where do you read printed books: Reading in Library or Home may be more academic; "During Travel" may be leisure.
- Do you read Newspaper: Reading newspapers may indicate general reading habit but not necessarily academic reading.
- The format used for reading books: Using "Both" or "Printed" formats may indicate more serious reading habits.
- Frequency of reading books: "On everyday basis" or "A few times a week" likely indicates reading academic books most of the time.

---

Step 2. Based on the above and the examples, here are 10 different conditions per class:

10 different conditions for class "0" (Does NOT read academic books most of the time):

- Reason for reading books is in [Keep me informative, Entertainment Purpose, To increase my English vocabulary knowledge]
- Frequency of reading books is in [A few times a month, Less than once a year, Once or twice a year]
- Favorite books for reading to spend leisure time is in [Fiction, Politics, Others]
- Amount of time spent reading books per day < 2
- Number of printed books you read last two years is in [1-5, 6-10, nan]
- Department is in [BBA, English, JMC, NFE, Others]
- What is the change that you felt after reading books is in [Feel Relax, Increase Creative Thinking]
- The format that you used for reading books is in [E-books, Printed]
- Who influenced you to read books is in [Friends, Parents]
- Where do you read printed books is in [During Travel]

10 different conditions for class "1" (Reads academic books most of the time):

- Reason for reading books is Academic Purpose
- Frequency of reading books is in [On everyday basis, A few times a week]
- Department is in [CSE, SWE, Pharmacy, EEE, Civil, Textile, MCT, CIS]
- Amount of time spent reading books per day >= 2
- Number of printed books you read last two years is in [More than 20, 16-20, 11-15]
- What is the change that you felt after reading books is Increase Academic Performance
- Who influenced you to read books is in [Teachers, Self-Decision]
- The format that you used for reading books is Both
- Favorite books for reading to spend leisure time is Biography or Non-Fiction
- Where do you read printed books is in [Home, Library]

---

These conditions align with the examples given and general intuition about academic reading habits.

---DIVIDER---

Step 1. The relationship between each feature and the task description:

- Gender: unlikely to have a strong causal relationship with reading academic books most of the time.
- Age: possibly older students might read more academically, but weak correlation.
- Department: students from technical or academic-heavy departments (e.g., CSE, SWE, Pharmacy, EEE, Civil) more likely to read academic books most of the time.
- Amount of time spent reading books per day: more time spent reading generally indicates more reading of academic books.
- Reason for reading books: "Academic Purpose" strongly suggests reading academic books most of the time.
- How to manage books for reading: method itself may not strongly influence academic reading, but "Used-all" or "Buy" could indicate serious reading habits.
- Number of e-books read last two years: higher numbers may indicate more academic reading if combined with other features.
- Number of printed books read last two years: similarly, a higher number suggests more academic reading.
- Favorite books for reading to spend leisure time: if favorite books are "Biography," "Non-Fiction," or "Politics," may indicate academic inclination; "Fiction" and "Others" likely less academic.
- What is the change felt after reading books: "Increase Academic Performance" or "Increase Problem Solving Skill" suggests academic reading.
- Who influenced you to read books: "Teachers" or "Self-Decision" may correlate with academic reading.
- Which language books you like to read: "English" might be more academic, but "Bangla" or "Others" could also be academic depending on context.
- Where do you read printed books: "Library" or "Home" could be indicative; "During Travel" less likely for academic reading.
- Do you read Newspaper: might indicate general reading habit but not necessarily academic.
- The format used for reading books: "Printed" or "Both" might indicate academic reading more than only "E-books."
- Frequency of reading books: "On everyday basis" or "A few times a week" strongly correlates with reading academic books most of the time.

---

Step 2. 10 different conditions for each class:

10 different conditions for class "0" (Does NOT read academic books most of the time):

- Frequency of reading books is in [A few times a month, Less than once a year, Once or twice a year]
- Reason for reading books is in [Entertainment Purpose, Keep me informative, To increase my English vocabulary knowledge]
- Amount of time spent reading books per day < 2
- Favorite books for reading to spend leisure time is in [Fiction, Others]
- Number of printed books you read last two years is in [1-5, nan]
- Number of e-books you read last two years is in [1-5, nan]
- Department is in [BBA, English, JMC, NFE, Others]
- The format that you used for reading books is E-books
- Where do you read printed books is During Travel
- What is the change that you felt after reading books is Feel Relax

10 different conditions for class "1" (Reads academic books most of the time):

- Reason for reading books is Academic Purpose
- Frequency of reading books is in [On everyday basis, A few times a week]
- Amount of time spent reading books per day >= 2
- Number of printed books you read last two years is in [6-10, 11-15, 16-20, More than 20]
- Number of e-books you read last two years is in [6-10, 11-15, 16-20, More than 20]
- Department is in [CSE, SWE, Pharmacy, EEE, Civil, MCT, CIS]
- Favorite books for reading to spend leisure time is in [Biography, Non-Fiction, Politics]
- What is the change that you felt after reading books is in [Increase Academic Performance, Increase Problem Solving Skill]
- Who influenced you to read books is in [Teachers, Self-Decision]
- The format that you used for reading books is in [Printed, Both]

---

This set of conditions aligns with the given examples and general reasoning about academic reading habits.

---DIVIDER---

Answer:  
Step 1. The relationship between each feature and the task description:  

- Gender: No strong direct causal relationship expected with reading academic books most of the time.  
- Age: Older students might read more academic books due to advanced studies, but effect might be subtle.  
- Department: Students in technical or science departments (e.g., Pharmacy, CSE, Textile) may read academic books more frequently than those in non-technical or general departments (e.g., BBA, English).  
- Amount of time spent reading books per day: More time spent reading books likely correlates positively with reading academic books most of the time.  
- Reason for reading books: "Academic Purpose" strongly suggests reading academic books most of the time; other reasons less so.  
- How to manage books for reading: Method less likely directly related to academic reading, but "Buy" or "Used-all" may indicate serious readers.  
- Number of e-books read last two years: Higher numbers may indicate more academic reading if combined with other factors.  
- Number of printed books read last two years: Higher numbers suggest more reading, potentially academic.  
- Favorite books for leisure time: If leisure reading is mostly fiction or non-academic genres, less likely the student reads academic books most of the time.  
- Change felt after reading books: "Increase Academic Performance" or "Increase Problem Solving Skill" suggests academic reading.  
- Who influenced you to read books: "Teachers" or "Self-Decision" may indicate academic motivation.  
- Which language books do you like to read: English or Bangla may not strongly distinguish academic reading; depends on context.  
- Where do you read printed books: Reading in the library may suggest academic reading more than reading at home or during travel.  
- Do you read Newspaper: Probably unrelated or weakly related.  
- Format used for reading books: Reading "Printed" or "Both" might correlate with academic reading, as academic books are often printed.  
- Frequency of reading: "On everyday basis" or "A few times a week" suggests higher likelihood of reading academic books most of the time.  

---

Step 2. Based on above and given examples, infer 10 different conditions per class.

10 different conditions for class "0" (Does NOT read academic books most of the time):  
- Frequency of reading books is in [A few times a month, Less than once a year, Once or twice a year]  
- Reason for reading books is in [Keep me informative, Entertainment Purpose, To increase my English vocabulary knowledge]  
- Amount of time spent reading books per day < 2  
- Favorite books for reading to spend leisure time is in [Fiction, Politics, Others]  
- Number of printed books you read last two years is in [1-5, 6-10, nan]  
- Number of e-books you read last two years is in [1-5, 6-10, nan]  
- Department is in [BBA, English, JMC, CIS, Others]  
- The format that you used for reading books is in [E-books]  
- Where do you read printed books is in [Home, During Travel]  
- What is the change that you fell after reading books is in [Feel Relax, Increase Creative Thinking]  

10 different conditions for class "1" (Reads academic books most of the time):  
- Frequency of reading books is in [On everyday basis, A few times a week]  
- Reason for reading books is Academic Purpose  
- Amount of time spent reading books per day >= 2  
- Number of printed books you read last two years is in [More than 20, 16-20, 11-15]  
- Number of e-books you read last two years is in [More than 20, 16-20, 11-15]  
- Department is in [Pharmacy, CSE, Textile, SWE, Civil, MCT, EEE]  
- What is the change that you fell after reading books is in [Increase Academic Performance, Increase Problem Solving Skill]  
- The format that you used for reading books is in [Printed, Both]  
- Who influenced you to read books is in [Teachers, Parents, Self-Decision]  
- Where do you read printed books is Library  

---

These conditions capture the tendencies from examples and general knowledge to distinguish students who read academic books most of the time (class 1) versus those who do not (class 0).