Answer:  
Step 1. The relationship between each feature and the task description:

- Date: The date/time itself may not directly influence arrest likelihood, but certain times (e.g., night vs day) might correlate with types of crimes more or less likely to have arrests.
- Primary Type: Certain crime types (e.g., violent crimes, weapons violations) are more likely to lead to arrests than others (e.g., minor thefts, public peace violations).
- Description: More severe or specific descriptions (e.g., aggravated, possession) may indicate higher arrest probability.
- Location Description: Some locations (e.g., department stores, streets) may have different policing intensity affecting arrest likelihood.
- Domestic: Domestic crimes might have different arrest rates due to reporting and investigation nuances.
- Beat, District, Ward, Community Area: Geographic location could affect arrest rates due to policing policies or crime prevalence.
- FBI Code: FBI classification can indicate severity or type of crime, influencing arrest likelihood.
- X Coordinate, Y Coordinate, Latitude, Longitude: Geospatial data correlates with policing zones and crime hot spots.
- Year: Year itself may not vary much here but could reflect policy changes over time.

Step 2. 10 different conditions for class "0" (No arrest made):

- Primary Type is in [THEFT, OTHER OFFENSE, PUBLIC PEACE VIOLATION]
- Description is in [OVER $500, HARASSMENT BY TELEPHONE, VEHICLE TITLE / REGISTRATION OFFENSE, TIRE DEFLATION DEVICE DEPLOYMENT]
- Location Description is in [APARTMENT, STREET]
- Domestic = 0
- FBI Code is in [06, 24, 26]
- Beat is within range [1000, 2000]
- District is within range [10, 19]
- Ward is within range [28, 44]
- Community Area is within range [6, 29]
- Date is within range [01/01/2025 12:00:00 AM, 01/15/2025 11:59:59 PM]

10 different conditions for class "1" (Arrest made):

- Primary Type is in [THEFT, MOTOR VEHICLE THEFT, CRIMINAL DAMAGE, WEAPONS VIOLATION]
- Description is in [RETAIL THEFT, THEFT / RECOVERY - AUTOMOBILE, TO VEHICLE, UNLAWFUL POSSESSION - HANDGUN]
- Location Description is in [DEPARTMENT STORE, APARTMENT, STREET]
- Domestic = 1 or 0 (both appear, but presence of 1 may increase arrest likelihood)
- FBI Code is in [06, 07, 14, 15]
- Beat is within range [400, 1900]
- District is within range [4, 18]
- Ward is within range [10, 42]
- Community Area is within range [8, 46]
- Date is within range [01/01/2025 12:00:00 AM, 01/30/2025 11:59:59 PM]

---

These conditions reflect observed patterns from examples and general crime/arrest knowledge.

---DIVIDER---

Answer:  
Step 1. The relationship between each feature and the task description:

- Date: The date/time itself likely has little direct causal relationship with arrest, but certain times (e.g., nighttime) might correlate with types of crimes more or less likely to result in arrest. However, this may be weak.
- Primary Type: The type of crime strongly influences arrest likelihood. Violent or serious crimes (e.g., WEAPONS VIOLATION, MOTOR VEHICLE THEFT) are more likely to result in arrest than minor offenses (e.g., OTHER OFFENSE, PUBLIC PEACE VIOLATION).
- Description: More specific crime descriptions can indicate severity or nature, influencing arrest probability (e.g., UNLAWFUL POSSESSION likely leads to arrest).
- Location Description: Certain locations (e.g., STREET, APARTMENT) might have different arrest likelihoods depending on crime type and police presence.
- Domestic: Domestic crimes may have different arrest rates; often domestic violence cases have higher arrest likelihood.
- Beat, District, Ward, Community Area: Geographic location might influence arrest likelihood due to policing policies or crime prevalence.
- FBI Code: FBI Code categorizes the crime type and severity, affecting arrest probability.
- Coordinates (X, Y, Latitude, Longitude): Spatial data may correlate with arrest likelihood via neighborhood crime patterns.
- Year: Since all examples are from the same year (2025), this is unlikely to affect arrest likelihood here.

Step 2. Based on the above and given examples, the following conditions are inferred:

10 different conditions for class "0" (No arrest made):  
- Primary Type is in [OTHER OFFENSE, PUBLIC PEACE VIOLATION, BATTERY, NARCOTICS]  
- Description is in [VEHICLE TITLE / REGISTRATION OFFENSE, HARASSMENT BY TELEPHONE, SIMPLE, TIRE DEFLATION DEVICE DEPLOYMENT]  
- Location Description is in [STREET, APARTMENT, SIDEWALK]  
- Domestic = 0  
- FBI Code is in [24, 26, 08B]  
- Primary Type is THEFT and Description is OVER $500  
- Beat is within range [1200, 1300]  
- District is within range [1, 5]  
- Ward is within range [28, 36]  
- Community Area is within range [6, 30]  

10 different conditions for class "1" (Arrest made):  
- Primary Type is in [WEAPONS VIOLATION, THEFT, MOTOR VEHICLE THEFT, CRIMINAL DAMAGE]  
- Description is in [UNLAWFUL POSSESSION - HANDGUN, RETAIL THEFT, THEFT / RECOVERY - AUTOMOBILE, TO VEHICLE]  
- Location Description is in [STREET, APARTMENT, DEPARTMENT STORE]  
- Domestic = 1  
- FBI Code is in [06, 07, 14, 15]  
- Beat is within range [1500, 1900]  
- District is within range [10, 25]  
- Ward is within range [10, 44]  
- Community Area is within range [8, 46]  
- Primary Type is THEFT and Description is RETAIL THEFT  

These conditions reflect the tendencies seen in the examples, where serious crimes, domestic cases, and certain locations and FBI codes correspond to arrests, while minor offenses and other categories correspond to no arrests.

---DIVIDER---

Answer:  
Step 1. The relationship between each feature and the task description:

- **Date**: The date/time itself likely has no direct causal effect on arrest, but certain times (e.g., night vs. day) might correlate with different crime types or arrest likelihood.
- **Primary Type**: Strongly related; some crime types are more likely to result in arrests (e.g., WEAPONS VIOLATION, MOTOR VEHICLE THEFT) while others less so (e.g., PUBLIC PEACE VIOLATION).
- **Description**: More detailed than Primary Type; certain descriptions imply severity or evidence strength, influencing arrest likelihood.
- **Location Description**: Some locations (e.g., STREET) might have higher arrest rates due to visibility and police presence, while private locations (e.g., APARTMENT) might differ.
- **Domestic**: Crimes marked as domestic violence may have different arrest protocols and likelihood.
- **Beat, District, Ward, Community Area**: Geographical variables that may correlate with arrest rates due to local policing policies or crime severity.
- **FBI Code**: A standardized crime classification that can indicate crime severity and arrest likelihood.
- **X Coordinate, Y Coordinate, Latitude, Longitude**: Geospatial data reflecting location, potentially correlating with arrest likelihood.
- **Year**: Since all examples are from 2025, year likely no effect here.

Summary: Arrest likelihood depends mostly on the crime type (Primary Type, Description, FBI Code), location type, domestic flag, and possibly geographic area.

---

Step 2.  
10 different conditions for class "0" (No arrest made):

- Primary Type is in [OTHER OFFENSE, PUBLIC PEACE VIOLATION, THEFT]
- Description is in [HARASSMENT BY TELEPHONE, TIRE DEFLATION DEVICE DEPLOYMENT, VEHICLE TITLE / REGISTRATION OFFENSE, OVER $500]
- Location Description is in [APARTMENT, STREET]
- Domestic is 1
- FBI Code is in [24, 26, 06]
- Beat is within range [1800, 2600]
- District is in [18, 19, 25]
- Ward is in [28, 36, 42, 44]
- Community Area is in [6, 8, 19, 28]
- Date is within range [01/01/2025 12:00:00 AM, 01/15/2025 11:59:59 PM]

10 different conditions for class "1" (Arrest made):

- Primary Type is in [WEAPONS VIOLATION, CRIMINAL DAMAGE, THEFT, MOTOR VEHICLE THEFT]
- Description is in [UNLAWFUL POSSESSION - HANDGUN, TO VEHICLE, RETAIL THEFT, THEFT / RECOVERY - AUTOMOBILE]
- Location Description is in [STREET, APARTMENT, DEPARTMENT STORE]
- Domestic is 0 or 1 (both appear, so no strict condition here)
- FBI Code is in [07, 14, 15, 06]
- Beat is within range [400, 2000]
- District is in [4, 10, 15, 18]
- Ward is in [10, 25, 29, 42]
- Community Area is in [6, 8, 25, 29, 46]
- Date is within range [01/01/2025 12:00:00 AM, 01/31/2025 11:59:59 PM]

---

**Note:** The conditions for "1" include some overlap with "0" in terms of Primary Type and Description (e.g., THEFT appears in both), indicating that arrest depends on more detailed features such as Description or Location. Conditions are inferred to separate typical "no arrest" vs "arrest" examples.

---DIVIDER---

Answer:  
Step 1. The relationship between each feature and the task description:

- Date: The time of the crime may influence arrest likelihood (e.g., crimes at night might have different arrest rates), but no strong direct causal link.  
- Primary Type: Certain crime types (e.g., violent crimes, weapons violations) are more likely to result in arrest than minor offenses.  
- Description: More severe or specific descriptions (e.g., aggravated, possession) tend to correlate with arrests.  
- Location Description: Some locations (e.g., street, department store) may have higher arrest rates due to police presence or surveillance.  
- Domestic: Domestic violence cases may have higher arrest rates due to mandatory arrest policies.  
- Beat / District / Ward / Community Area: Geographic areas may have varying arrest rates due to policing strategies or crime severity.  
- FBI Code: Different FBI crime codes correspond to different crime categories; some codes correlate with higher arrest rates.  
- X Coordinate / Y Coordinate / Latitude / Longitude: Geographic coordinates relate to location; indirectly related to arrest likelihood via area crime patterns.  
- Year: The year is constant in examples (2025); no variation to analyze.  

Step 2. Based on Step 1 and examples, infer 10 different conditions per answer class:

10 different conditions for class "0" (No arrest made):  
- Primary Type is in [PUBLIC PEACE VIOLATION, OTHER OFFENSE, THEFT]  
- Description is in [HARASSMENT BY TELEPHONE, VEHICLE TITLE / REGISTRATION OFFENSE, SIMPLE]  
- Location Description is in [APARTMENT, STREET]  
- Domestic = 0  
- FBI Code is in [24, 26, 06]  
- Beat is within range of [1000, 2000]  
- District is in [1, 18, 19]  
- Ward is in [28, 36, 42, 44]  
- Community Area is in [6, 8, 19, 28]  
- Date is within range of [01/01/2025 12:00:00 AM, 01/15/2025 11:59:59 PM]  

10 different conditions for class "1" (Arrest made):  
- Primary Type is in [WEAPONS VIOLATION, CRIMINAL DAMAGE, MOTOR VEHICLE THEFT, THEFT]  
- Description is in [UNLAWFUL POSSESSION - HANDGUN, TO VEHICLE, THEFT / RECOVERY - AUTOMOBILE, RETAIL THEFT]  
- Location Description is in [STREET, APARTMENT, DEPARTMENT STORE]  
- Domestic = 1 or 0 (both seen, but domestic=1 appears in some arrest cases)  
- FBI Code is in [15, 14, 07, 06]  
- Beat is within range of [400, 2000]  
- District is in [4, 10, 15, 18]  
- Ward is in [10, 25, 29, 42]  
- Community Area is in [8, 25, 29, 46]  
- Date is within range of [01/01/2025 12:00:00 AM, 01/31/2025 11:59:59 PM]  

These conditions reflect tendencies from the examples and general knowledge about crime and arrest likelihood.

---DIVIDER---

Answer:  
Step 1. The relationship between each feature and the task description:

- Date: The date/time itself likely has no direct causal effect on arrest, but certain times/days might correlate with types of crimes or police activity.  
- Primary Type: Certain crime types (e.g., violent crimes, weapons violations) are more likely to result in arrests than minor offenses or regulatory violations.  
- Description: More serious or specific descriptions (e.g., aggravated assault, unlawful possession) likely increase arrest probability.  
- Location Description: Crimes in public or high-police-presence areas (streets, department stores) might have higher arrest chances than private residences or ambiguous locations.  
- Domestic: Domestic crimes may have different arrest likelihoods; often police respond strongly to domestic violence.  
- Beat, District, Ward, Community Area: These geographic variables might reflect policing intensity or crime rates, influencing arrest likelihood.  
- FBI Code: Codes representing serious crimes (e.g., weapons violations, assault) likely correlate with arrests more than minor offenses.  
- Coordinates (X, Y, Latitude, Longitude): Similar to geographic variables, might indicate areas with different policing or crime patterns.  
- Year: Since all examples are from 2025, little variation expected.  

Step 2.  
10 different conditions for class "0" (No Arrest):  
- Primary Type is in [OTHER OFFENSE, PUBLIC PEACE VIOLATION, NARCOTICS, LIQUOR LAW VIOLATION]  
- Description is in [HARASSMENT BY TELEPHONE, VEHICLE TITLE / REGISTRATION OFFENSE, SIMPLE, TIRE DEFLATION DEVICE DEPLOYMENT]  
- Location Description is in [APARTMENT, STREET, RESIDENCE]  
- Domestic = 0  
- FBI Code is in [24, 26]  
- Primary Type is THEFT and Description is in [OVER $500, $500 AND UNDER]  
- Beat is within range [1800, 1900] and Location Description is DEPARTMENT STORE  
- District is in [18, 25] and Primary Type is OTHER OFFENSE  
- Ward is within range [36, 44] and Description is VEHICLE TITLE / REGISTRATION OFFENSE  
- Community Area is within range [6, 19] and Primary Type is THEFT  

10 different conditions for class "1" (Arrest Made):  
- Primary Type is in [THEFT, MOTOR VEHICLE THEFT, CRIMINAL DAMAGE, WEAPONS VIOLATION]  
- Description is in [RETAIL THEFT, THEFT / RECOVERY - AUTOMOBILE, TO VEHICLE, UNLAWFUL POSSESSION - HANDGUN]  
- Location Description is in [APARTMENT, DEPARTMENT STORE, STREET]  
- Domestic = 1  
- FBI Code is in [06, 07, 14, 15]  
- Beat is within range [1000, 1600] and Primary Type is CRIMINAL DAMAGE or MOTOR VEHICLE THEFT  
- District is in [4, 10, 15, 18] and Primary Type is WEAPONS VIOLATION or THEFT  
- Ward is within range [10, 29] and Description is UNLAWFUL POSSESSION - HANDGUN or RETAIL THEFT  
- Community Area is within range [8, 29] and Primary Type is THEFT or CRIMINAL DAMAGE  
- Year = 2025 and Primary Type is in [THEFT, MOTOR VEHICLE THEFT, CRIMINAL DAMAGE, WEAPONS VIOLATION]  

These conditions are inferred from the examples and general knowledge about crime and arrests in Chicago.