Answer:  
Step 1. The relationship between each feature and the task description:

- **Date**: Certain times or dates might correlate with higher arrest rates, e.g., crimes reported late at night might have different arrest likelihoods.
- **Primary Type**: Some crime types (e.g., violent crimes like BATTERY, ASSAULT) are more likely to result in arrests than non-violent crimes (e.g., THEFT, LIQUOR LAW VIOLATION).
- **Description**: More severe descriptions (e.g., AGGRAVATED) may be associated with arrests.
- **Location Description**: Crimes in public or monitored areas (STREET, CTA BUS STOP) might have higher arrest rates due to witnesses or police presence.
- **Domestic**: Domestic violence cases might have higher arrest rates due to mandatory arrest policies.
- **Beat/District/Ward/Community Area**: Some areas might have higher arrest rates due to policing intensity or crime severity.
- **FBI Code**: Certain FBI codes correspond to crimes with higher arrest likelihood.
- **X Coordinate / Y Coordinate / Latitude / Longitude**: Geographical location may correlate with arrest likelihood depending on neighborhood crime and policing.
- **Year**: Changes over years may affect arrest rates (e.g., policy changes).
  
Step 2. Based on the above analysis and examples, here are 10 different conditions per answer class:

10 different conditions for class "0" (No arrest made):  
- Primary Type is in [THEFT, MOTOR VEHICLE THEFT, NARCOTICS, LIQUOR LAW VIOLATION]  
- Description is in [OVER $500, UNDER $500]  
- Location Description is in [RESIDENCE, APARTMENT, NURSING / RETIREMENT HOME]  
- Domestic = 0  
- FBI Code is in [06 (Theft), 23 (Narcotics)]  
- Year <= 2023  
- Beat is within range [100, 200]  
- Ward is within range [10, 20]  
- Date is in [01/04/2025 10:00:00 PM, 01/05/2025 11:00:00 PM]  
- Latitude <= 41.85  

10 different conditions for class "1" (Arrest made):  
- Primary Type is in [BATTERY, ASSAULT, CRIM SEXUAL ASSAULT, ROBBERY]  
- Description is in [AGGRAVATED P.O. - HANDS, FISTS, FEET, SERIOUS INJURY, SIMPLE]  
- Location Description is in [STREET, CTA BUS STOP, ALLEY]  
- Domestic = 1  
- FBI Code is in [08B (Aggravated Assault), 04 (Robbery)]  
- Year >= 2024  
- Beat is within range [200, 300]  
- Ward is within range [30, 40]  
- Date is in [01/22/2025 09:50:00 PM, 01/29/2025 01:41:00 AM]  
- Latitude >= 41.87

---DIVIDER---

Answer:  
Step 1. The relationship between each feature and the task description:

- Date: The time or date might correlate weakly with arrest likelihood, e.g., crimes reported late at night or on weekends might have different arrest rates due to police staffing or crime types.
- Primary Type: Certain crime types (e.g., violent crimes like BATTERY, ASSAULT, or ROBBERY) are more likely to result in arrests than non-violent crimes (e.g., THEFT, LIQUOR LAW VIOLATION).
- Description: More severe or specific descriptions (e.g., AGGRAVATED, or involving weapons) might increase arrest likelihood.
- Location Description: Crimes in public or monitored places (e.g., STREET, CTA BUS STOP) might have higher arrest rates than private or less monitored locations.
- Domestic: Domestic violence cases (Domestic = 1) might have higher arrest rates due to mandatory arrest policies.
- Beat, District, Ward, Community Area: Some areas might have higher arrest rates due to policing strategies or crime prevalence.
- FBI Code: Certain FBI crime codes (e.g., violent crimes) have higher arrest likelihood.
- X Coordinate, Y Coordinate, Latitude, Longitude: Geographical location might correlate with arrest likelihood due to neighborhood policing.
- Year: Arrest policies or crime trends might change over years, but here only one year is given (2025).
  
Step 2. Based on the above and the examples, infer 10 different conditions per answer class:

10 different conditions for class "0" (No arrest made):  
- Primary Type is in [THEFT, MOTOR VEHICLE THEFT, BATTERY]  
- Description is in [OVER $500, SIMPLE]  
- Location Description is in [NURSING / RETIREMENT HOME, APARTMENT, RESIDENCE]  
- Domestic = 0  
- FBI Code is in [06, 23, 11]  (e.g., non-violent or property crimes)  
- Beat <= 200  
- Ward is within range of [15, 50]  
- Date is in [01/22/2025 09:50:00 PM, 01/29/2025 01:41:00 AM] (late night hours)  
- X Coordinate is within range of [1150000, 1170000]  
- Y Coordinate < 1900000  

10 different conditions for class "1" (Arrest made):  
- Primary Type is in [BATTERY, ASSAULT, CRIM SEXUAL ASSAULT, ROBBERY]  
- Description is in [AGGRAVATED P.O. - HANDS, FISTS, FEET, SERIOUS INJURY, AGGRAVATED]  
- Location Description is in [STREET, CTA BUS STOP, ALLEY]  
- Domestic = 1  
- FBI Code is in [08B, 04, 03]  (e.g., violent crimes)  
- Beat >= 300  
- Ward is within range of [1, 14]  
- Date is in [01/04/2025 10:00:00 PM, 01/10/2025 11:59:00 PM] (evening hours)  
- Latitude is within range of [41.85, 41.90]  
- Longitude is within range of [-87.70, -87.60]

---DIVIDER---

Answer:  
Step 1. The relationship between each feature and the task description:

- **Date**: The time or date might influence arrest likelihood; for example, crimes reported late at night or on weekends might have different arrest rates due to police staffing or crime type.  
- **Primary Type**: Certain crime types (e.g., violent crimes like BATTERY or HOMICIDE) are more likely to result in arrests than others (e.g., THEFT or LIQUOR LAW VIOLATION).  
- **Description**: More severe or specific descriptions (e.g., AGGRAVATED P.O., SERIOUS INJURY) likely correlate with higher arrest rates.  
- **Location Description**: Crimes in public places (STREET, CTA BUS STOP) may have higher arrest likelihood due to witness availability; private locations (NURSING HOME) may have lower.  
- **Domestic**: Domestic violence crimes (Domestic=1) may have different arrest patterns, possibly higher due to mandatory arrest policies.  
- **Beat, District, Ward, Community Area**: Certain areas may have higher arrest rates due to policing strategies or crime severity.  
- **FBI Code**: FBI crime codes that correspond to violent or serious crimes likely have higher arrest rates.  
- **X Coordinate, Y Coordinate, Latitude, Longitude**: Spatial location may correlate with arrest likelihood due to neighborhood policing or crime patterns.  
- **Year**: Year may indicate changes in policing or reporting practices affecting arrest rates.

---

Step 2. Conditions for each answer class:

10 different conditions for class "0" (No arrest made):  
- Primary Type is in [THEFT, MOTOR VEHICLE THEFT, NARCOTICS, LIQUOR LAW VIOLATION]  
- Description is in [OVER $500, SIMPLE, POSSIBLE]  
- Location Description is in [APARTMENT, RESIDENCE, NURSING / RETIREMENT HOME]  
- Domestic = 0  
- FBI Code is in [06, 23, 35]  (codes typically related to property crimes or minor offenses)  
- Date is in [01/22/2025 09:50:00 PM, 01/29/2025 01:41:00 AM] (late night hours)  
- Beat is within range of [200, 300]  
- Ward is within range of [30, 50]  
- Year = 2025  
- X Coordinate is within range of [1150000, 1170000]

10 different conditions for class "1" (Arrest made):  
- Primary Type is in [BATTERY, ASSAULT, CRIMINAL SEXUAL ASSAULT, ROBBERY]  
- Description is in [AGGRAVATED P.O. - HANDS, FISTS, FEET, SERIOUS INJURY, AGGRAVATED]  
- Location Description is in [STREET, CTA BUS STOP, ALLEY]  
- Domestic = 1  
- FBI Code is in [08B, 04, 03] (codes typically related to violent crimes)  
- Date is in [01/04/2025 10:00:00 PM, 01/10/2025 08:30:00 PM] (early evening hours)  
- Beat is within range of [10, 100]  
- Ward is within range of [1, 20]  
- Year = 2025  
- Latitude is within range of [41.85, 41.90]

---

These conditions are based on typical crime and arrest patterns in Chicago, where violent crimes and domestic incidents have higher arrest rates, and property or minor offenses less so; location and time also influence arrest likelihood.

---DIVIDER---

Answer:  
Step 1. The relationship between each feature and the task description:

- Date: The date/time itself is unlikely to directly affect whether an arrest was made, but certain times (e.g., night vs day) may correlate with arrest likelihood due to police activity patterns.  
- Primary Type: Some crime types (e.g., violent crimes like BATTERY, ASSAULT) are more likely to result in arrests than others (e.g., minor thefts or liquor violations).  
- Description: More severe or specific descriptions (e.g., AGGRAVATED, SERIOUS INJURY) likely increase arrest probability.  
- Location Description: Crimes occurring in public places (STREET, CTA BUS STOP) may have higher arrest rates due to witness availability; private locations might have lower arrest rates.  
- Domestic: Domestic violence cases (Domestic=1) might have different arrest likelihoods depending on reporting and evidence.  
- Beat, District, Ward, Community Area: Certain areas may have higher arrest rates due to policing intensity or crime severity.  
- FBI Code: Certain FBI crime codes (e.g., violent crimes) are more likely to have arrests.  
- X Coordinate, Y Coordinate, Latitude, Longitude: Geographical location may correlate with arrest likelihood indirectly through neighborhood crime and policing patterns.  
- Year: Changes over years could reflect policing policy changes affecting arrest rates.  

Step 2. Based on Step 1 and typical patterns, 10 different conditions per answer class:

10 different conditions for class "0" (No arrest made):  
- Primary Type is in [THEFT, MOTOR VEHICLE THEFT, NARCOTICS, LIQUOR LAW VIOLATION]  
- Description is in [OVER $500, SIMPLE, POSSIBLE]  
- Location Description is in [RESIDENCE, APARTMENT, NURSING / RETIREMENT HOME, PARK PROPERTY]  
- Domestic = 0  
- FBI Code is in [06 (theft), 23 (narcotics), 22 (liquor law)]  
- Year <= 2024  
- Beat is within range of [100, 150] (areas with lower arrest rates)  
- Ward is within range of [20, 30]  
- Date is in [01/22/2025 12:00:00 AM, 01/22/2025 11:59:59 PM] (some days with fewer arrests)  
- X Coordinate is within range of [1150000, 1170000] (less policed areas)  

10 different conditions for class "1" (Arrest made):  
- Primary Type is in [BATTERY, ASSAULT, CRIMINAL DAMAGE, ROBBERY, SEX OFFENSE]  
- Description is in [AGGRAVATED P.O. - HANDS, FISTS, FEET, SERIOUS INJURY, AGGRAVATED]  
- Location Description is in [STREET, CTA BUS STOP, ALLEY, SIDEWALK]  
- Domestic = 1  
- FBI Code is in [08B (battery), 04 (assault), 03 (robbery)]  
- Year >= 2025  
- Beat is within range of [200, 250] (high arrest rate beats)  
- Ward is within range of [10, 15]  
- Date is in [01/04/2025 06:00:00 PM, 01/05/2025 06:00:00 AM] (nighttime with higher arrest likelihood)  
- X Coordinate is within range of [1180000, 1200000] (high police presence areas)

---DIVIDER---

Answer:  
Step 1. The relationship between each feature and the task description:

- Date: Certain times or dates (e.g., nighttime, weekends) might correlate with higher or lower arrest rates due to police patrol patterns or crime severity.
- Primary Type: Some crime types (e.g., violent crimes like BATTERY or HOMICIDE) are more likely to lead to arrests than others (e.g., minor thefts or liquor violations).
- Description: More severe or specific descriptions (e.g., AGGRAVATED, SERIOUS INJURY) usually increase the likelihood of arrest.
- Location Description: Crimes in public places (e.g., STREET, CTA BUS STOP) might have higher arrest rates due to witnesses, while private or institutional locations might have lower arrest rates.
- Domestic: Domestic violence crimes (Domestic=1) often have specific protocols and might have higher arrest rates.
- Beat, District, Ward, Community Area: Some police beats or districts may have higher arrest rates due to resource allocation or crime patterns.
- FBI Code: Certain FBI crime codes related to violent or serious crimes are more likely to result in arrests.
- X Coordinate, Y Coordinate, Latitude, Longitude: Geographic location might correlate with arrest likelihood due to socio-economic or policing factors.
- Year: Arrest rates may vary by year due to policy changes or crime trends.

---

Step 2. Conditions for each answer class:

10 different conditions for class "0" (No arrest made):  
- Primary Type is in [LIQUOR LAW VIOLATION, OTHER OFFENSE, NON-CRIMINAL]  
- Description is in [SIMPLE, OVER $500]  
- Location Description is in [NURSING / RETIREMENT HOME, RESIDENCE, APARTMENT]  
- Domestic = 0  
- FBI Code is in [26 (NON-CRIMINAL), 22 (LIQUOR LAW VIOLATION)]  
- Primary Type is THEFT and Description is in [OVER $500, $500 AND UNDER]  
- Date is in [weekdays between 9:00 AM and 5:00 PM] (i.e., daytime hours)  
- Beat is within range of [100, 150] (beats with historically lower arrest rates)  
- Community Area is within range of [70, 80] (areas with lower police intervention)  
- Year <= 2023 (older cases might have fewer arrests recorded)

10 different conditions for class "1" (Arrest made):  
- Primary Type is in [BATTERY, ASSAULT, HOMICIDE, ROBBERY]  
- Description is in [AGGRAVATED P.O. - HANDS, FISTS, FEET, SERIOUS INJURY, ATTEMPT ARREST, AGGRAVATED]  
- Location Description is in [STREET, CTA BUS STOP, ALLEY]  
- Domestic = 1  
- FBI Code is in [08B (BATTERY), 06 (ASSAULT), 01A (HOMICIDE)]  
- Primary Type is THEFT and Description is in [ATTEMPT ARREST, AGGRAVATED]  
- Date is in [weekends between 8:00 PM and 3:00 AM] (higher arrest likelihood during late hours)  
- Beat is within range of [010, 050] (beats with higher arrest rates)  
- Community Area is within range of [10, 30] (areas with higher police presence)  
- Year >= 2024 (recent years with potentially improved arrest recording)

---

These conditions are inferred based on typical crime and arrest patterns in Chicago and the feature descriptions provided.