Answer:  
Step 1. The relationship between each feature and the task description:

- Date: The date/time itself likely has no direct causal effect on whether an arrest was made, but some time periods might correlate with crime severity or police activity.  
- Primary Type: Certain crime types (e.g., violent crimes like BATTERY, ASSAULT, WEAPONS VIOLATION) are more likely to result in arrests, while property crimes like THEFT or CRIMINAL DAMAGE may have fewer arrests.  
- Description: More severe or specific descriptions (e.g., AGGRAVATED, HANDGUN possession) may indicate higher arrest likelihood.  
- Location Description: Crimes in public or controlled environments (STREET, APARTMENT, DEPARTMENT STORE) may have higher arrest rates due to witness presence or police patrols.  
- Domestic: Domestic violence cases (Domestic=1) may have higher arrest rates due to mandatory arrest policies.  
- Beat, District, Ward, Community Area: Some areas might have higher arrest rates due to police resources or crime severity.  
- FBI Code: FBI codes representing violent or weapon-related crimes likely correlate with arrests.  
- X Coordinate, Y Coordinate, Latitude, Longitude: Spatial coordinates may correlate with arrest likelihood due to geographic policing patterns.  
- Year: The year itself is constant (2025), so no effect seen here.

Step 2. Based on the above and examples, infer 10 different conditions per answer class.

10 different conditions for class "0" (No arrest made):  
- Primary Type is in [THEFT, CRIMINAL DAMAGE, NARCOTICS, OTHER OFFENSE]  
- Description is in [RETAIL THEFT, $500 AND UNDER, TO PROPERTY, SIMPLE]  
- Location Description is in [SMALL RETAIL STORE, OTHER (SPECIFY), STREET, SCHOOL - PUBLIC BUILDING]  
- Domestic is 0  
- FBI Code is in [06, 14, 18]  (06 = Theft, 14 = Criminal Damage, 18 = Narcotics)  
- Beat is within range of [1400, 1800]  
- District is within range of [10, 20]  
- Ward is within range of [30, 40]  
- Community Area is within range of [10, 30]  
- Date is in [01/01/2025 12:00:00 AM, 01/20/2025 11:59:59 PM] (early to mid January)

10 different conditions for class "1" (Arrest made):  
- Primary Type is in [BATTERY, ASSAULT, WEAPONS VIOLATION, SEX OFFENSE]  
- Description is in [SIMPLE (for BATTERY), AGGRAVATED - OTHER DANGEROUS WEAPON, UNLAWFUL POSSESSION - HANDGUN]  
- Location Description is in [DEPARTMENT STORE, STREET, APARTMENT, RESIDENCE]  
- Domestic is 1 or 0 (both possible, but often 1)  
- FBI Code is in [08B, 04A, 15]  (08B = Battery, 04A = Assault, 15 = Weapons Violation)  
- Beat is within range of [1000, 1300]  
- District is within range of [10, 18]  
- Ward is within range of [20, 45]  
- Community Area is within range of [8, 32]  
- Date is in [01/12/2025 12:00:00 AM, 01/31/2025 11:59:59 PM] (mid to late January)

---

These conditions summarize the patterns observed from the examples and general knowledge about crime and arrests in Chicago.

---DIVIDER---

Answer:  
Step 1. The relationship between each feature and the task description:

- Date: The date/time itself likely has no direct causal effect on whether an arrest was made, but certain times (e.g., nighttime) might correlate with crime types or arrest likelihood.
- Primary Type: Certain crime types (e.g., violent crimes, weapons violations) are more likely to result in arrests than others (e.g., minor thefts, property damage).
- Description: More severe descriptions (e.g., aggravated assault) are more likely linked to arrests.
- Location Description: Crimes in public or controlled locations (e.g., schools, stores) may have different arrest rates than those in less controlled areas.
- Domestic: Domestic crimes might have a higher or lower arrest rate depending on reporting and enforcement policies.
- Beat/District/Ward/Community Area: These geographic identifiers may reflect policing intensity or crime severity, influencing arrest likelihood.
- FBI Code: FBI crime codes categorize crimes by severity and type, affecting arrest likelihood.
- X Coordinate/Y Coordinate/Latitude/Longitude: Geographic location may correlate with arrest likelihood due to policing patterns.
- Year: Likely constant here (2025), no effect.
  
Step 2. Based on the above and examples, infer conditions for each class.

10 different conditions for class "0" (No arrest made):  
- Primary Type is in [THEFT, BATTERY, CRIMINAL DAMAGE, NARCOTICS, LIQUOR LAW VIOLATION]  
- Description is in [SIMPLE, $500 AND UNDER, TO PROPERTY, POSS: CANNABIS 30GMS OR LESS]  
- Location Description is in [SMALL RETAIL STORE, SCHOOL - PUBLIC BUILDING, OTHER (SPECIFY), SIDEWALK, RESIDENCE]  
- Domestic is 0  
- FBI Code is in [06, 08B, 14, 18]  
- Beat is within range of [1000, 2000]  
- District is within range of [10, 20]  
- Ward is within range of [20, 45]  
- Community Area is within range of [10, 50]  
- Date is within range of [01/01/2025 12:00:00 AM, 01/31/2025 11:59:59 PM] (general date range, no special effect)

10 different conditions for class "1" (Arrest made):  
- Primary Type is in [WEAPONS VIOLATION, ASSAULT, BATTERY, THEFT]  
- Description is in [UNLAWFUL POSSESSION - HANDGUN, AGGRAVATED - OTHER DANGEROUS WEAPON, RETAIL THEFT, SIMPLE]  
- Location Description is in [APARTMENT, STREET, DEPARTMENT STORE, RESIDENCE]  
- Domestic is 0 or 1 (both possible, no clear pattern)  
- FBI Code is in [04A, 06, 08B, 15]  
- Beat is within range of [1000, 1900]  
- District is within range of [10, 18]  
- Ward is within range of [1, 45]  
- Community Area is within range of [8, 32]  
- Date is within range of [01/01/2025 12:00:00 AM, 01/31/2025 11:59:59 PM]

---

**Note:** Some overlap exists in feature values between classes, but the presence of certain crime types (e.g., WEAPONS VIOLATION, AGGRAVATED ASSAULT) and descriptions strongly correlates with arrests.

---

**Summary:**  
Class 0 (No arrest) mostly involves minor thefts, simple battery, property damage, and less serious descriptions in less controlled locations.  
Class 1 (Arrest) involves weapons violations, aggravated assaults, retail thefts in department stores/apartments/streets, and more serious crime descriptions.

---DIVIDER---

Answer:  
Step 1. The relationship between each feature and the task description:

- Date: The date/time itself likely has no direct causal effect on arrest, but certain times (e.g., late night) might correlate with types of crimes or police activity.
- Primary Type: Different crime types have different probabilities of arrest; violent or weapon-related crimes tend to have higher arrest rates than property crimes like theft.
- Description: More severe or specific descriptions (e.g., aggravated assault) likely increase chances of arrest.
- Location Description: Crimes in public or monitored places (department stores, streets) may have higher arrest chances than private or less monitored locations.
- Domestic: Domestic violence cases might have different arrest rates, possibly higher due to mandatory arrest policies.
- Beat, District, Ward, Community Area: Geographic location may affect arrest likelihood due to policing intensity or community characteristics.
- FBI Code: Codes related to violent or weapon offenses likely correlate with arrests.
- Coordinates (X, Y, Latitude, Longitude): Similar to geographic features, location might correlate with arrest likelihood.
- Year: Since all examples are from 2025, year is likely not a factor here.

Step 2. Based on the above and examples, infer 10 different conditions per answer class.

10 different conditions for class "0" (No arrest made):  
- Primary Type is in [THEFT, CRIMINAL DAMAGE, BATTERY]  
- Description is in [$500 AND UNDER, SIMPLE, TO PROPERTY, RETAIL THEFT]  
- Location Description is in [SMALL RETAIL STORE, OTHER (SPECIFY), SCHOOL - PUBLIC BUILDING]  
- Domestic = 0  
- FBI Code is in [06, 08B, 14]  
- Beat is within range [1400, 1800] (some examples with no arrest have beats in this range)  
- District is in [14, 16, 17]  
- Ward is in [32, 33, 45]  
- Community Area is in [10, 14, 24, 49]  
- Date is within range of [01/01/2025 12:00:00 AM, 01/20/2025 11:59:59 PM] (earlier dates in examples are no arrest)  

10 different conditions for class "1" (Arrest made):  
- Primary Type is in [THEFT, ASSAULT, WEAPONS VIOLATION, BATTERY]  
- Description is in [RETAIL THEFT, AGGRAVATED - OTHER DANGEROUS WEAPON, UNLAWFUL POSSESSION - HANDGUN, SIMPLE]  
- Location Description is in [DEPARTMENT STORE, STREET, APARTMENT]  
- Domestic = 0  
- FBI Code is in [04A, 06, 08B, 15]  
- Beat is within range [1000, 1300] or [1800, 1900] (arrest examples show beats 1013, 1233, 1431, 1832)  
- District is in [10, 12, 14, 18]  
- Ward is in [1, 22, 25, 32, 42]  
- Community Area is in [8, 22, 30, 31]  
- Date is within range of [01/21/2025 12:00:00 AM, 01/29/2025 11:59:59 PM] (later dates in examples are arrests)  

---

These conditions reflect tendencies from the examples and general knowledge: arrests are more likely in aggravated or weapon-related crimes, certain locations like department stores or streets, and specific police beats/districts. Non-arrest cases tend to be less severe thefts or property damage in smaller retail or unspecified locations.

---DIVIDER---

Step 1. The relationship between each feature and the task description:

- Date: The specific date or time might not directly influence arrest likelihood, but crimes reported at certain times (e.g., night vs. day) might have different arrest rates.
- Primary Type: Certain crime types (e.g., violent crimes) are more likely to result in arrest than non-violent crimes.
- Description: More severe or specific descriptions (e.g., aggravated assault) likely increase arrest probability.
- Location Description: Crimes in public or monitored places (e.g., department stores, streets) might have higher arrest rates due to witnesses or surveillance.
- Domestic: Domestic violence cases might have different arrest rates, possibly higher due to mandatory arrest policies.
- Beat/District/Ward/Community Area: Certain areas might have higher arrest rates due to policing intensity or crime type prevalence.
- FBI Code: Codes that correspond to violent or serious crimes likely correlate with arrests.
- Coordinates (X, Y, Latitude, Longitude): Spatial location may correlate with arrest likelihood based on neighborhood characteristics.
- Year: Arrest policies or crime trends may vary by year, but here all data is from 2025, so limited variation.
  
Step 2. Based on examples and Step 1, infer 10 conditions per class.

10 different conditions for class "0" (No arrest made):
- Primary Type is in [THEFT, CRIMINAL DAMAGE, BATTERY] and Description is SIMPLE or $500 AND UNDER
- Primary Type is THEFT and Description is RETAIL THEFT
- Location Description is in [SCHOOL - PUBLIC BUILDING, SMALL RETAIL STORE, OTHER (SPECIFY)]
- Domestic is 0
- FBI Code is in [06 (THEFT), 14 (CRIMINAL DAMAGE)]
- Beat is within range of [1400, 1800] and District is in [14, 16, 17]
- Ward is within range of [30, 45] and Community Area is within range of [10, 24]
- Date is within range of [01/01/2025, 01/20/2025] (earlier in the month)
- Latitude is within range of [41.90, 42.00]
- Longitude is within range of [-87.80, -87.70]

10 different conditions for class "1" (Arrest made):
- Primary Type is in [BATTERY, WEAPONS VIOLATION, ASSAULT, THEFT] with more severe Description (e.g., AGGRAVATED - OTHER DANGEROUS WEAPON, UNLAWFUL POSSESSION - HANDGUN, RETAIL THEFT with arrest)
- Description is in [AGGRAVATED - OTHER DANGEROUS WEAPON, UNLAWFUL POSSESSION - HANDGUN, SIMPLE (but with arrest), RETAIL THEFT (with arrest)]
- Location Description is in [DEPARTMENT STORE, APARTMENT, STREET]
- Domestic is 0 or 1 (arrests occur in both, but examples show 0)
- FBI Code is in [08B (BATTERY), 15 (WEAPONS VIOLATION), 04A (ASSAULT), 06 (THEFT with arrest)]
- Beat is within range of [1000, 1900] with District in [10, 12, 14, 18]
- Ward is within range of [1, 42] and Community Area is within range of [8, 31]
- Date is within range of [01/10/2025, 01/29/2025] (later in the month)
- Latitude is within range of [41.85, 41.91]
- Longitude is within range of [-87.69, -87.62]

---

This set of conditions captures the tendencies and matches the examples provided.

---DIVIDER---

Answer:  
Step 1. The relationship between each feature and the task description:

- Date: The date/time itself likely has little direct causal effect on whether an arrest was made, but certain times (e.g., night) might correlate with more arrests due to police activity or crime types.
- Primary Type: Certain crime types (e.g., violent crimes, weapons violations) are more likely to result in arrest than minor offenses (e.g., petty theft).
- Description: More severe or specific crime descriptions (e.g., aggravated assault) likely correlate with arrests.
- Location Description: Crimes in public places (streets, department stores) might have higher arrest rates than in private locations.
- Domestic: Domestic violence crimes may have distinct arrest patterns.
- Beat, District, Ward, Community Area: Geographic location might correlate with arrest likelihood due to policing intensity or crime severity.
- FBI Code: FBI crime classifications correspond to crime severity and type, affecting arrest likelihood.
- X Coordinate, Y Coordinate, Latitude, Longitude: Geographic coordinates relate to location; similar to above.
- Year: All examples are from 2025, so no variation here.

Step 2. Based on Step 1 and the examples, infer 10 different conditions per answer class.

10 different conditions for class "0" (No arrest made):
- Primary Type is in [THEFT, BATTERY, CRIMINAL DAMAGE]
- Description is in [SIMPLE, $500 AND UNDER, TO PROPERTY, RETAIL THEFT]
- Location Description is in [SMALL RETAIL STORE, SCHOOL - PUBLIC BUILDING, OTHER (SPECIFY)]
- Domestic is 0
- FBI Code is in [06, 08B, 14]
- Beat is within range of [1400, 1800]
- District is in [14, 16, 5, 17]
- Ward is in [9, 32, 33, 45]
- Community Area is in [10, 14, 24, 49]
- Date is within range of [01/04/2025 10:00:00 PM, 01/29/2025 01:41:00 AM] but not associated with aggravated or weapons crimes

10 different conditions for class "1" (Arrest made):
- Primary Type is in [ASSAULT, BATTERY, THEFT, WEAPONS VIOLATION]
- Description is in [AGGRAVATED - OTHER DANGEROUS WEAPON, SIMPLE, RETAIL THEFT, UNLAWFUL POSSESSION - HANDGUN]
- Location Description is in [STREET, DEPARTMENT STORE, APARTMENT]
- Domestic is 0
- FBI Code is in [04A, 06, 08B, 15]
- Beat is within range of [1000, 1900]
- District is in [10, 12, 14, 18]
- Ward is in [1, 22, 25, 42]
- Community Area is in [8, 22, 30, 31]
- Date is within range of [01/12/2025 01:36:00 PM, 01/25/2025 10:39:00 PM] and associated with aggravated or weapons crimes

---

Summary: Arrests tend to be made for aggravated or weapons-related crimes, or when the crime occurs in certain locations like streets or department stores, even for theft or battery. No arrest is more common for simple thefts or damages in less public or less severe contexts.