Answer:  
Step 1. The relationship between each feature and the task description:

- **social_connection_frequency**: More frequent social connection (Daily, Weekly) likely indicates maintaining friendships, including long-distance ones via calls. Less frequent (Monthly, Never) suggests less maintenance.  
- **gathering_size_preference**: Preference for Small gatherings or Both might indicate closer, more intimate relationships, possibly maintained by calls. Preference for Large events may indicate more casual or less intimate connections, possibly less likely to maintain long-distance friendships by calls.  
- **valued_friendship_traits**: Valuing Support, Loyalty, Honesty, or combinations thereof suggests a person values deep, meaningful friendships, which may encourage maintaining long-distance friendships by calls.  
- **conflict_resolution_style**: Styles like "Talk it out" or "Apologize first" suggest active communication, which supports maintaining friendships via calls. Avoiding conflict or "Let time fix it" may indicate less proactive communication.  
- **family_support_level**: Having family support (Yes, Sometimes) may correlate with better social skills and motivation to maintain friendships; no support might reduce motivation to keep distant friendships.  
- **social_battery_recharge**: Preferring "Talking to someone" suggests sociability and willingness to engage in calls, supporting maintaining long-distance friendships by calls. "Alone time" or "Social media" may indicate less preference for direct calls.  
- **social_orientation_type**: Extroverts and Ambiverts are more likely to maintain friendships actively, including via calls; Introverts may be less likely.  
- **social_anxiety_level**: Being "Excited" or "Neutral" about social interaction supports maintaining calls; "Avoid it" or "Nervous" may reduce likelihood.  
- **emotional_expression_method**: Those who "Talk openly" or "Express emotion strongly" are more likely to maintain friendships through calls; "Stay silent" or "Other" may indicate less communication.  
- **primary_anger_sources**: Less directly related, but triggers like "Being interrupted" or "Unnecessary criticism" might affect communication willingness.

---

Step 2. Based on the above and examples, infer 10 different conditions per answer class.

10 different conditions for class "0":  
- social_connection_frequency is in [Weekly, Monthly, Never]  
- gathering_size_preference is in [Large events, Never]  
- valued_friendship_traits is in [Loyalty]  
- conflict_resolution_style is in [Talk it out, Apologize first]  
- family_support_level is in [Never, No]  
- social_battery_recharge is in [Social media, Alone time]  
- social_orientation_type is in [Extrovert, Introvert]  
- social_anxiety_level is in [Nervous, Avoid it]  
- emotional_expression_method is in [Stay silent, Other]  
- primary_anger_sources is in [Unnecessary criticism, Selfishness]

10 different conditions for class "1":  
- social_connection_frequency is in [Weekly, Monthly]  
- gathering_size_preference is in [Small gatherings, Both]  
- valued_friendship_traits is in [Honesty, Support, All, All the three and trust, Understanding person]  
- conflict_resolution_style is in [Let time fix it, Avoid conflict]  
- family_support_level is in [Yes, Sometimes]  
- social_battery_recharge is in [Talking to someone]  
- social_orientation_type is in [Extrovert, Ambivert]  
- social_anxiety_level is in [Excited, Neutral]  
- emotional_expression_method is in [Talk openly, Express emotion strongly]  
- primary_anger_sources is in [Being interrupted, Injustice]

---DIVIDER---

Answer:  
Step 1. The relationship between each feature and the task description (Does this person maintain long-distance friendships through calls?):

- **social_connection_frequency**: More frequent social connection (Daily, Weekly) suggests active maintenance of friendships, possibly including long-distance calls. Less frequent (Monthly, Never) suggests less maintenance.  
- **gathering_size_preference**: Preference for large events or both might indicate broader social networks, possibly including long-distance friends. Preference for small gatherings might indicate more intimate, local friendships.  
- **valued_friendship_traits**: Valuing traits like Loyalty, Support, or Honesty suggests motivation to maintain friendships, possibly including long-distance ones.  
- **conflict_resolution_style**: Active styles like "Talk it out" or "Apologize first" suggest willingness to maintain relationships, including long-distance ones. Avoidance styles might indicate less maintenance.  
- **family_support_level**: Higher family support might correlate with less need to maintain distant friendships; lower support might motivate maintaining friendships more actively.  
- **social_battery_recharge**: Recharging by "Talking to someone" suggests preference for social interaction, possibly including calls with distant friends. "Alone time" or "Social media" might indicate less direct communication.  
- **social_orientation_type**: Extroverts and ambiverts are more likely to maintain frequent social contacts, including long-distance calls; introverts might do so less.  
- **social_anxiety_level**: Nervous or avoidant individuals might avoid calls, while excited or neutral might maintain friendships more actively.  
- **emotional_expression_method**: Those who "Talk openly" or "Express emotion strongly" may be more likely to engage in calls to maintain friendships. Those who "Stay silent" may avoid such communication.  
- **primary_anger_sources**: Not strongly related, but those sensitive to "Being interrupted" might prefer asynchronous communication rather than calls.

---

Step 2. Conditions for each answer class based on the above analysis and examples:

10 different conditions for class "0" (Does NOT maintain long-distance friendships through calls):  
- social_connection_frequency is in [Weekly, Monthly, Never] (less frequent or not daily)  
- gathering_size_preference is in [Small gatherings, Never]  
- valued_friendship_traits is in [Loyalty, Honesty] (without strong emphasis on support or all traits)  
- conflict_resolution_style is in [Apologize first, Avoid conflict, Let time fix it] (less direct or avoidant styles)  
- family_support_level is in [Never, No, Sometimes] (less family support, possibly less social motivation)  
- social_battery_recharge is in [Social media, Alone time, None of the above] (less direct social interaction)  
- social_orientation_type is in [Introvert, Not sure]  
- social_anxiety_level is in [Avoid it, Nervous]  
- emotional_expression_method is in [Stay silent, Other]  
- primary_anger_sources is in [Unnecessary criticism, Selfishness] (less related to maintaining calls)

---

10 different conditions for class "1" (Does maintain long-distance friendships through calls):  
- social_connection_frequency is in [Daily, Weekly] (frequent connection)  
- gathering_size_preference is in [Large events, Both] (broader social circles)  
- valued_friendship_traits is in [Support, All, All the three and trust, Understanding person] (strong emphasis on supportive traits)  
- conflict_resolution_style is in [Talk it out, Apologize first] (active conflict resolution)  
- family_support_level is in [Yes, Sometimes] (some family support, balanced social motivation)  
- social_battery_recharge is in [Talking to someone] (prefers direct social interaction)  
- social_orientation_type is in [Extrovert, Ambivert]  
- social_anxiety_level is in [Excited, Neutral]  
- emotional_expression_method is in [Talk openly, Express emotion strongly]  
- primary_anger_sources is in [Being interrupted, Injustice] (more sensitive to social dynamics, possibly more engaged in calls)

---

These conditions align with the given examples and general social behavior tendencies regarding long-distance friendships maintained through calls.

---DIVIDER---

Answer:  
Step 1. The relationship between each feature and the task description:

- **social_connection_frequency**: Higher frequency (Daily, Weekly) suggests more active maintenance of friendships, possibly including long-distance calls; lower frequency (Monthly, Never) may indicate less maintenance.  
- **gathering_size_preference**: Preference for small gatherings may indicate closer, more intimate friendships, possibly maintained via calls; preference for large events may indicate more casual or broad socializing, less likely long-distance calls.  
- **valued_friendship_traits**: Valuing traits like loyalty, support, honesty, and understanding suggests deeper friendships that may be maintained actively, including long-distance calls.  
- **conflict_resolution_style**: Styles involving direct communication (Talk it out, Apologize first) imply active engagement in relationships, possibly including calls; avoidance styles may indicate less active maintenance.  
- **family_support_level**: Higher family support (Yes, Sometimes) may correlate with better social support overall, possibly encouraging maintaining friendships actively.  
- **social_battery_recharge**: Preference for "Talking to someone" suggests a person who seeks social interaction actively, likely maintaining friendships including calls; "Alone time" or "Social media" may indicate less direct communication.  
- **social_orientation_type**: Extroverts and ambiverts are more likely to maintain active social ties, including calls; introverts may be less likely.  
- **social_anxiety_level**: Lower anxiety or excitement about social interaction suggests more active maintenance; nervousness or avoidance may reduce likelihood of maintaining long-distance calls.  
- **emotional_expression_method**: Those who "Talk openly" or "Express emotion strongly" are more likely to maintain active communication, including calls. Those who "Stay silent" may avoid such communication.  
- **primary_anger_sources**: Not directly related, but people sensitive to "Being interrupted" or "Unnecessary criticism" might avoid calls or prefer less direct communication.

---

Step 2.  
10 different conditions for class "0" (Does NOT maintain long-distance friendships through calls):  
- social_connection_frequency is in [Weekly, Daily] (since examples with Weekly but no calls exist)  
- gathering_size_preference is in [Large events, Both]  
- valued_friendship_traits is in [Loyalty, Honesty] (without additional supportive traits)  
- conflict_resolution_style is in [Talk it out, Apologize first]  
- family_support_level is in [Never, No]  
- social_battery_recharge is in [Social media, None of the above]  
- social_orientation_type is in [Extrovert, Ambivert] (since extroverts can socialize but not necessarily maintain long-distance calls)  
- social_anxiety_level is in [Nervous, Avoid it]  
- emotional_expression_method is in [Stay silent]  
- primary_anger_sources is in [Unnecessary criticism, Selfishness]

---

10 different conditions for class "1" (Does maintain long-distance friendships through calls):  
- social_connection_frequency is in [Monthly, Weekly] (Monthly appears in example with answer 1)  
- gathering_size_preference is in [Small gatherings, Both]  
- valued_friendship_traits is in [Support, All, All the three and trust, Understanding person]  
- conflict_resolution_style is in [Avoid conflict, Let time fix it]  
- family_support_level is in [Yes, Sometimes]  
- social_battery_recharge is in [Talking to someone]  
- social_orientation_type is in [Introvert, Ambivert]  
- social_anxiety_level is in [Excited, Neutral]  
- emotional_expression_method is in [Talk openly, Express emotion strongly]  
- primary_anger_sources is in [Being interrupted, Injustice]

---

These conditions reflect tendencies and match the given examples while making sense logically.

---DIVIDER---

Answer:  
Step 1. The relationship between each feature and the task description:

- social_connection_frequency: Higher frequency (Daily, Weekly) likely indicates maintaining friendships actively, including long-distance; lower frequency (Monthly, Never) suggests less maintenance.  
- gathering_size_preference: Preference for Large events might correlate with broader social networks, possibly including long-distance friends; Small gatherings might indicate closer, local friends.  
- valued_friendship_traits: Traits like Loyalty, Honesty, Support suggest valuing deep connections, which may motivate maintaining long-distance friendships.  
- conflict_resolution_style: Active styles (Talk it out, Apologize first) may indicate willingness to maintain relationships despite conflicts, supporting long-distance friendships. Passive styles (Avoid conflict, Let time fix it) may indicate less effort in maintaining.  
- family_support_level: High family support (Yes, Sometimes) might reduce the need to maintain distant friendships; low support (No, Never) might increase motivation to maintain friendships, including long-distance.  
- social_battery_recharge: Preferring Talking to someone suggests social engagement, which supports maintaining friendships including long-distance calls; preferring Alone time or Social media might indicate less direct contact.  
- social_orientation_type: Extroverts and Ambiverts are more likely to maintain active social contacts including long-distance; Introverts might maintain fewer or more selective contacts.  
- social_anxiety_level: Lower anxiety or Excited suggests comfort with social interaction, facilitating maintenance of long-distance friendships; Avoid it or Nervous suggests less likely.  
- emotional_expression_method: Talking openly or Express emotion strongly suggests active communication, which supports maintaining long-distance friendships; Stay silent or Other may indicate less communication.  
- primary_anger_sources: If anger triggers relate to interpersonal issues (Being interrupted, Injustice), it might affect relationship maintenance; however, no strong direct link is evident.

---

Step 2.  
10 different conditions for class "0":  
- social_connection_frequency is in [Weekly, Daily]  
- gathering_size_preference is in [Small gatherings]  
- valued_friendship_traits is in [Loyalty]  
- conflict_resolution_style is in [Apologize first, Avoid conflict]  
- family_support_level is in [Never, No]  
- social_battery_recharge is in [Social media]  
- social_orientation_type is in [Extrovert]  
- social_anxiety_level is in [Nervous]  
- emotional_expression_method is in [Stay silent]  
- primary_anger_sources is in [Unnecessary criticism]  

10 different conditions for class "1":  
- social_connection_frequency is in [Weekly, Monthly]  
- gathering_size_preference is in [Large events]  
- valued_friendship_traits is in [Honesty, Support]  
- conflict_resolution_style is in [Talk it out, Let time fix it]  
- family_support_level is in [Yes, Sometimes]  
- social_battery_recharge is in [Talking to someone]  
- social_orientation_type is in [Extrovert, Ambivert]  
- social_anxiety_level is in [Excited, Neutral]  
- emotional_expression_method is in [Express emotion strongly, Talk openly]  
- primary_anger_sources is in [Being interrupted, Injustice]

---DIVIDER---

Answer:  
Step 1. The relationship between each feature and the task description:

- **social_connection_frequency**: More frequent social connection (Daily, Weekly) likely indicates maintaining friendships actively, including long-distance ones via calls; less frequent (Monthly, Never) may indicate fewer maintained friendships.  
- **gathering_size_preference**: Preference for small gatherings or both might correlate with closer, more personal relationships, possibly including long-distance calls; preference for large events or never might indicate less intimate connections.  
- **valued_friendship_traits**: Valuing loyalty, support, honesty, or all of these suggests a person values strong, enduring friendships, which may motivate maintaining long-distance friendships.  
- **conflict_resolution_style**: Those who talk it out or apologize first may invest more in relationships, including long-distance ones; avoid conflict or let time fix it might indicate less direct maintenance.  
- **family_support_level**: Higher family support may correlate with better social skills or motivation to maintain friendships; low family support might reduce social maintenance.  
- **social_battery_recharge**: People who recharge by talking to someone or social media may be more socially active and likely to maintain long-distance friendships via calls; those who prefer alone time may be less likely.  
- **social_orientation_type**: Extroverts and ambiverts are more likely to maintain active social connections, including long-distance calls; introverts less so.  
- **social_anxiety_level**: Those excited or neutral about social situations are more likely to maintain friendships by calls; those who avoid or feel nervous may not.  
- **emotional_expression_method**: People who talk openly or express emotions strongly may maintain friendships actively, including through calls; those who stay silent may not.  
- **primary_anger_sources**: This may have less direct impact, but those irritated by interruptions or injustice might avoid calls; less relevant overall.

---

Step 2. Based on the above and examples, infer 10 different conditions per answer class.

10 different conditions for class "0" (Does NOT maintain long-distance friendships through calls):  
- social_connection_frequency is in [Weekly, Daily] (since example with Weekly and extrovert answered 0)  
- gathering_size_preference is in [Small gatherings, Never]  
- valued_friendship_traits is in [Loyalty] (only loyalty, not combined traits)  
- conflict_resolution_style is in [Apologize first, Avoid conflict]  
- family_support_level is in [Sometimes, Never]  
- social_battery_recharge is in [Social media]  
- social_orientation_type is in [Extrovert]  
- social_anxiety_level is in [Nervous]  
- emotional_expression_method is in [Stay silent]  
- primary_anger_sources is in [Unnecessary criticism, Being interrupted]

10 different conditions for class "1" (Does maintain long-distance friendships through calls):  
- social_connection_frequency is in [Monthly, Weekly] (Monthly shown in example 1)  
- gathering_size_preference is in [Large events, Both]  
- valued_friendship_traits is in [Honesty, Support, All, All the three and trust]  
- conflict_resolution_style is in [Talk it out, Let time fix it]  
- family_support_level is in [Yes]  
- social_battery_recharge is in [Talking to someone, Alone time]  
- social_orientation_type is in [Introvert, Ambivert]  
- social_anxiety_level is in [Excited, Neutral]  
- emotional_expression_method is in [Express emotion strongly, Talk openly]  
- primary_anger_sources is in [Being interrupted, Injustice]

---

These conditions reflect tendencies in the examples and general social behavior knowledge, helping to distinguish between those who maintain long-distance friendships via calls and those who do not.